Archive member included to satisfy reference by file (symbol)

build/cooja/mtype604.a(simEnvChange.o)
                              build/cooja/mtype604.o (simDontFallAsleep)
build/cooja/mtype604.a(cooja_mt.o)
                              build/cooja/mtype604.o (cooja_mt_start)
build/cooja/mtype604.a(cooja_mtarch.o)
                              build/cooja/mtype604.a(cooja_mt.o) (cooja_mtarch_start)
build/cooja/mtype604.a(rtimer-arch.o)
                              build/cooja/mtype604.o (rtimer_arch_check)
build/cooja/mtype604.a(beep.o)
                              build/cooja/mtype604.o (beep_interface)
build/cooja/mtype604.a(leds-arch.o)
                              build/cooja/mtype604.o (leds_interface)
build/cooja/mtype604.a(moteid.o)
                              build/cooja/mtype604.o (moteid_interface)
build/cooja/mtype604.a(pir-sensor.o)
                              build/cooja/mtype604.o (pir_interface)
build/cooja/mtype604.a(rs232.o)
                              build/cooja/mtype604.o (rs232_interface)
build/cooja/mtype604.a(vib-sensor.o)
                              build/cooja/mtype604.o (vib_interface)
build/cooja/mtype604.a(clock.o)
                              build/cooja/mtype604.o (clock_interface)
build/cooja/mtype604.a(cooja-log.o)
                              build/cooja/mtype604.o (simlog_interface)
build/cooja/mtype604.a(cfs-cooja.o)
                              build/cooja/mtype604.o (cfs_interface)
build/cooja/mtype604.a(cooja-radio.o)
                              build/cooja/mtype604.o (radio_interface)
build/cooja/mtype604.a(eeprom.o)
                              build/cooja/mtype604.o (eeprom_interface)
build/cooja/mtype604.a(random.o)
                              build/cooja/mtype604.a(moteid.o) (random_init)
build/cooja/mtype604.a(sensors.o)
                              build/cooja/mtype604.a(pir-sensor.o) (sensors_changed)
build/cooja/mtype604.a(leds.o)
                              build/cooja/mtype604.a(leds-arch.o) (leds_get)
build/cooja/mtype604.a(gpio-hal-arch.o)
                              build/cooja/mtype604.a(leds-arch.o) (gpio_hal_arch_register_pin_callback)
build/cooja/mtype604.a(buttons.o)
                              build/cooja/mtype604.o (button_interface)
build/cooja/mtype604.a(contiki-main.o)
                              build/cooja/mtype604.o (main)
build/cooja/mtype604.a(autostart.o)
                              build/cooja/mtype604.a(contiki-main.o) (autostart_start)
build/cooja/mtype604.a(ctimer.o)
                              build/cooja/mtype604.a(contiki-main.o) (ctimer_init)
build/cooja/mtype604.a(energest.o)
                              build/cooja/mtype604.a(contiki-main.o) (energest_init)
build/cooja/mtype604.a(etimer.o)
                              build/cooja/mtype604.a(contiki-main.o) (etimer_process)
build/cooja/mtype604.a(log.o)
                              build/cooja/mtype604.a(contiki-main.o) (curr_log_level_main)
build/cooja/mtype604.a(rtimer.o)
                              build/cooja/mtype604.a(contiki-main.o) (rtimer_init)
build/cooja/mtype604.a(node-id.o)
                              build/cooja/mtype604.a(contiki-main.o) (node_id)
build/cooja/mtype604.a(process.o)
                              build/cooja/mtype604.a(ctimer.o) (process_current)
build/cooja/mtype604.a(timer.o)
                              build/cooja/mtype604.a(etimer.o) (timer_set)
build/cooja/mtype604.a(list.o)
                              build/cooja/mtype604.a(ctimer.o) (list_init)
build/cooja/mtype604.a(button-hal.o)
                              build/cooja/mtype604.o (button_hal_init)
build/cooja/mtype604.a(serial-line.o)
                              build/cooja/mtype604.a(rs232.o) (serial_line_input_byte)
build/cooja/mtype604.a(gpio-hal.o)
                              build/cooja/mtype604.a(button-hal.o) (gpio_hal_register_handler)
build/cooja/mtype604.a(queuebuf.o)
                              build/cooja/mtype604.a(contiki-main.o) (queuebuf_init)
build/cooja/mtype604.a(packetbuf.o)
                              build/cooja/mtype604.a(cooja-radio.o) (packetbuf_clear)
build/cooja/mtype604.a(netstack.o)
                              build/cooja/mtype604.a(contiki-main.o) (netstack_init)
build/cooja/mtype604.a(linkaddr.o)
                              build/cooja/mtype604.a(contiki-main.o) (linkaddr_node_addr)
build/cooja/mtype604.a(csma.o)
                              build/cooja/mtype604.a(cooja-radio.o) (csma_driver)
build/cooja/mtype604.a(csma-output.o)
                              build/cooja/mtype604.a(csma.o) (csma_output_packet)
build/cooja/mtype604.a(uip-ds6.o)
                              build/cooja/mtype604.a(contiki-main.o) (uip_ds6_get_link_local)
build/cooja/mtype604.a(uip-udp-packet.)
                              proximity-sensor.o (uip_udp_packet_send)
build/cooja/mtype604.a(uip-ds6-route.o)
                              build/cooja/mtype604.a(uip-ds6.o) (uip_ds6_route_init)
build/cooja/mtype604.a(uip-ds6-nbr.o)
[...]
Memory Configuration

Name             Origin             Length             Attributes
*default*        0x0000000000000000 0xffffffffffffffff

Linker script and memory map

LOAD /usr/lib/gcc/i686-linux-gnu/7/../../../i386-linux-gnu/crti.o
LOAD /usr/lib/gcc/i686-linux-gnu/7/crtbeginS.o
LOAD proximity-sensor.o
LOAD build/cooja/mtype604.o
LOAD build/cooja/mtype604.a
LOAD /usr/lib/gcc/i686-linux-gnu/7/libgcc.a
LOAD /usr/lib/gcc/i686-linux-gnu/7/libgcc_s.so
START GROUP
LOAD /usr/lib/gcc/i686-linux-gnu/7/libgcc_s.so.1
LOAD /usr/lib/gcc/i686-linux-gnu/7/libgcc.a
END GROUP
LOAD /usr/lib/gcc/i686-linux-gnu/7/../../../i386-linux-gnu/libc.so
START GROUP
LOAD /lib/i386-linux-gnu/libc.so.6
LOAD /usr/lib/i386-linux-gnu/libc_nonshared.a
LOAD /lib/i386-linux-gnu/ld-linux.so.2
END GROUP
LOAD /usr/lib/gcc/i686-linux-gnu/7/libgcc.a
LOAD /usr/lib/gcc/i686-linux-gnu/7/libgcc_s.so
START GROUP
LOAD /usr/lib/gcc/i686-linux-gnu/7/libgcc_s.so.1
LOAD /usr/lib/gcc/i686-linux-gnu/7/libgcc.a
END GROUP
LOAD /usr/lib/gcc/i686-linux-gnu/7/crtendS.o
LOAD /usr/lib/gcc/i686-linux-gnu/7/../../../i386-linux-gnu/crtn.o
                0x0000000000000114                . = (SEGMENT_START ("text-segment", 0x0) + SIZEOF_HEADERS)

.note.gnu.build-id
                0x0000000000000114       0x24
 *(.note.gnu.build-id)
 .note.gnu.build-id
                0x0000000000000114       0x24 /usr/lib/gcc/i686-linux-gnu/7/../../../i386-linux-gnu/crti.o

.hash
 *(.hash)

.gnu.hash       0x0000000000000138     0x140c
 *(.gnu.hash)
 .gnu.hash      0x0000000000000138     0x140c /usr/lib/gcc/i686-linux-gnu/7/../../../i386-linux-gnu/crti.o

.dynsym         0x0000000000001544     0x2880
 *(.dynsym)
 .dynsym        0x0000000000001544     0x2880 /usr/lib/gcc/i686-linux-gnu/7/../../../i386-linux-gnu/crti.o

.dynstr         0x0000000000003dc4     0x2de4
 *(.dynstr)
 .dynstr        0x0000000000003dc4     0x2de4 /usr/lib/gcc/i686-linux-gnu/7/../../../i386-linux-gnu/crti.o

.gnu.version    0x0000000000006ba8      0x510
 *(.gnu.version)
 .gnu.version   0x0000000000006ba8      0x510 /usr/lib/gcc/i686-linux-gnu/7/../../../i386-linux-gnu/crti.o

.gnu.version_d  0x00000000000070b8        0x0
 *(.gnu.version_d)
 .gnu.version_d
                0x00000000000070b8        0x0 /usr/lib/gcc/i686-linux-gnu/7/../../../i386-linux-gnu/crti.o

.gnu.version_r  0x00000000000070b8       0x40
 *(.gnu.version_r)
 .gnu.version_r
                0x00000000000070b8       0x40 /usr/lib/gcc/i686-linux-gnu/7/../../../i386-linux-gnu/crti.o

.rel.dyn        0x00000000000070f8      0xd90
 *(.rel.init)
 .rel.init      0x00000000000070f8        0x0 /usr/lib/gcc/i686-linux-gnu/7/../../../i386-linux-gnu/crti.o
 *(.rel.text .rel.text.* .rel.gnu.linkonce.t.*)
 .rel.text      0x00000000000070f8      0x4e0 /usr/lib/gcc/i686-linux-gnu/7/../../../i386-linux-gnu/crti.o
 *(.rel.fini)
 .rel.fini      0x00000000000075d8        0x0 /usr/lib/gcc/i686-linux-gnu/7/../../../i386-linux-gnu/crti.o
 *(.rel.rodata .rel.rodata.* .rel.gnu.linkonce.r.*)
 *(.rel.data.rel.ro .rel.data.rel.ro.* .rel.gnu.linkonce.d.rel.ro.*)
 .rel.data.rel.ro.local
                0x00000000000075d8      0x208 /usr/lib/gcc/i686-linux-gnu/7/../../../i386-linux-gnu/crti.o
 .rel.data.rel.ro
                0x00000000000077e0       0xb0 /usr/lib/gcc/i686-linux-gnu/7/../../../i386-linux-gnu/crti.o
 *(.rel.data .rel.data.* .rel.gnu.linkonce.d.*)
 .rel.data.rel.local
                0x0000000000007890      0x2e0 /usr/lib/gcc/i686-linux-gnu/7/../../../i386-linux-gnu/crti.o
 .rel.data.rel  0x0000000000007b70       0x78 /usr/lib/gcc/i686-linux-gnu/7/../../../i386-linux-gnu/crti.o
 *(.rel.tdata .rel.tdata.* .rel.gnu.linkonce.td.*)
 *(.rel.tbss .rel.tbss.* .rel.gnu.linkonce.tb.*)
 *(.rel.ctors)
 *(.rel.dtors)
 *(.rel.got)
 .rel.got       0x0000000000007be8      0x290 /usr/lib/gcc/i686-linux-gnu/7/../../../i386-linux-gnu/crti.o
 *(.rel.bss .rel.bss.* .rel.gnu.linkonce.b.*)
 *(.rel.ifunc)
 .rel.ifunc     0x0000000000007e78        0x0 /usr/lib/gcc/i686-linux-gnu/7/../../../i386-linux-gnu/crti.o
 .rel.fini_array
                0x0000000000007e78        0x8 /usr/lib/gcc/i686-linux-gnu/7/../../../i386-linux-gnu/crti.o
 .rel.init_array
                0x0000000000007e80        0x8 /usr/lib/gcc/i686-linux-gnu/7/../../../i386-linux-gnu/crti.o

.rel.plt        0x0000000000007e88      0x950
 *(.rel.plt)
 .rel.plt       0x0000000000007e88      0x950 /usr/lib/gcc/i686-linux-gnu/7/../../../i386-linux-gnu/crti.o
 *(.rel.iplt)

.init           0x00000000000087d8       0x23
 *(SORT_NONE(.init))
 .init          0x00000000000087d8       0x1e /usr/lib/gcc/i686-linux-gnu/7/../../../i386-linux-gnu/crti.o
                0x00000000000087d8                _init
 .init          0x00000000000087f6        0x5 /usr/lib/gcc/i686-linux-gnu/7/../../../i386-linux-gnu/crtn.o

.plt            0x0000000000008800     0x12b0
 *(.plt)
 .plt           0x0000000000008800     0x12b0 /usr/lib/gcc/i686-linux-gnu/7/../../../i386-linux-gnu/crti.o
 *(.iplt)

.plt.got        0x0000000000009ab0       0x18
 *(.plt.got)
 .plt.got       0x0000000000009ab0       0x18 /usr/lib/gcc/i686-linux-gnu/7/../../../i386-linux-gnu/crti.o

.plt.sec
 *(.plt.sec)

.text           0x0000000000009ad0    0x17c24
 *(.text.unlikely .text.*_unlikely .text.unlikely.*)
 *(.text.exit .text.exit.*)
 *(.text.startup .text.startup.*)
 *(.text.hot .text.hot.*)
 *(.text .stub .text.* .gnu.linkonce.t.*)
 .text          0x0000000000009ad0        0x0 /usr/lib/gcc/i686-linux-gnu/7/../../../i386-linux-gnu/crti.o
 .gnu.linkonce.t.__x86.get_pc_thunk.bx
                0x0000000000009ad0        0x4 /usr/lib/gcc/i686-linux-gnu/7/../../../i386-linux-gnu/crti.o
                0x0000000000009ad0                __x86.get_pc_thunk.bx
 *fill*         0x0000000000009ad4        0xc 
 .text          0x0000000000009ae0       0xe9 /usr/lib/gcc/i686-linux-gnu/7/crtbeginS.o
 .text.__x86.get_pc_thunk.dx
                0x0000000000009bc9        0x4 /usr/lib/gcc/i686-linux-gnu/7/crtbeginS.o
                0x0000000000009bc9                __x86.get_pc_thunk.dx
 .text          0x0000000000009bcd      0x704 proximity-sensor.o
                0x0000000000009bcd                datagram_encode
                0x0000000000009c74                datagram_decode
 .text.__x86.get_pc_thunk.ax
                0x000000000000a2d1        0x4 proximity-sensor.o
                0x000000000000a2d1                __x86.get_pc_thunk.ax
 .text          0x000000000000a2d5      0x36b build/cooja/mtype604.o
                0x000000000000a387                platform_init_stage_one
                0x000000000000a3aa                platform_init_stage_two
                0x000000000000a3cd                platform_init_stage_three
                0x000000000000a3f0                platform_main_loop
                0x000000000000a496                Java_org_contikios_cooja_corecomm_Lib29_init
                0x000000000000a4e4                Java_org_contikios_cooja_corecomm_Lib29_getMemory
                0x000000000000a524                Java_org_contikios_cooja_corecomm_Lib29_setMemory
                0x000000000000a595                Java_org_contikios_cooja_corecomm_Lib29_tick
                0x000000000000a61f                Java_org_contikios_cooja_corecomm_Lib29_setReferenceAddress
 .text          0x000000000000a640       0x8d build/cooja/mtype604.a(simEnvChange.o)
                0x000000000000a640                doActionsBeforeTick
                0x000000000000a686                doActionsAfterTick
 .text          0x000000000000a6cd       0xb6 build/cooja/mtype604.a(cooja_mt.o)
                0x000000000000a6cd                cooja_mt_start
                0x000000000000a707                cooja_mt_exec
                0x000000000000a74e                cooja_mt_yield
 .text          0x000000000000a783       0xf2 build/cooja/mtype604.a(cooja_mtarch.o)
                0x000000000000a783                cooja_mtarch_start
                0x000000000000a807                cooja_sw
                0x000000000000a835                cooja_mtarch_exec
                0x000000000000a860                cooja_mtarch_yield
 .text          0x000000000000a875      0x127 build/cooja/mtype604.a(rtimer-arch.o)
                0x000000000000a875                rtimer_arch_init
                0x000000000000a8a4                rtimer_arch_schedule
                0x000000000000a8e6                rtimer_arch_next
                0x000000000000a900                rtimer_arch_pending
                0x000000000000a917                rtimer_arch_check
                0x000000000000a982                rtimer_arch_now
 .text.__x86.get_pc_thunk.cx
                0x000000000000a99c        0x4 build/cooja/mtype604.a(rtimer-arch.o)
                0x000000000000a99c                __x86.get_pc_thunk.cx
 .text          0x000000000000a9a0      0x101 build/cooja/mtype604.a(beep.o)
                0x000000000000a9a0                beep_alarm
                0x000000000000a9b9                beep_beep
                0x000000000000a9d2                beep
                0x000000000000a9eb                beep_down
                0x000000000000aa04                beep_on
                0x000000000000aa1d                beep_off
                0x000000000000aa36                beep_spinup
                0x000000000000aa4f                beep_quick
                0x000000000000aa68                beep_long
 .text          0x000000000000aaa1       0x9f build/cooja/mtype604.a(leds-arch.o)
                0x000000000000aac5                leds_arch_init
 .text          0x000000000000ab40       0x56 build/cooja/mtype604.a(moteid.o)
 .text          0x000000000000ab96      0x101 build/cooja/mtype604.a(pir-sensor.o)
 .text          0x000000000000ac97      0x1cc build/cooja/mtype604.a(rs232.o)
                0x000000000000ac97                rs232_init
                0x000000000000aca7                rs232_set_speed
                0x000000000000acc0                rs232_set_input
                0x000000000000acd9                rs232_send
                0x000000000000ad0f                rs232_print
                0x000000000000ad3d                slip_arch_writeb
 .text          0x000000000000ae63      0x101 build/cooja/mtype604.a(vib-sensor.o)
 .text          0x000000000000af64       0x7a build/cooja/mtype604.a(clock.o)
                0x000000000000af64                clock_init
                0x000000000000af74                clock_time
                0x000000000000af8b                clock_seconds
                0x000000000000afae                clock_delay
 .text          0x000000000000afde      0x2b5 build/cooja/mtype604.a(cooja-log.o)
                0x000000000000afde                simlog_char
                0x000000000000b042                simlog
                0x000000000000b0dc                log_message
                0x000000000000b12b                log_set_putchar_with_slip
                0x000000000000b144                log_putchar
                0x000000000000b1cf                log_puts
                0x000000000000b201                log_printf
 .text          0x000000000000b293      0x36c build/cooja/mtype604.a(cfs-cooja.o)
                0x000000000000b293                cfs_open
                0x000000000000b30b                cfs_close
                0x000000000000b322                cfs_read
                0x000000000000b3d6                cfs_write
                0x000000000000b4d4                cfs_seek
                0x000000000000b571                cfs_remove
                0x000000000000b5a7                cfs_opendir
                0x000000000000b5bb                cfs_readdir
                0x000000000000b5cf                cfs_closedir
 .text          0x000000000000b5ff      0x785 build/cooja/mtype604.a(cooja-radio.o)
                0x000000000000b66d                radio_set_channel
                0x000000000000b686                radio_set_txpower
                0x000000000000b6a9                radio_signal_strength_last
                0x000000000000b6be                radio_signal_strength_current
                0x000000000000b6d3                radio_LQI
 .text          0x000000000000bd84      0x130 build/cooja/mtype604.a(eeprom.o)
                0x000000000000bd84                eeprom_init
                0x000000000000bd94                eeprom_read
                0x000000000000be14                eeprom_write
 .text          0x000000000000beb4       0x4e build/cooja/mtype604.a(random.o)
                0x000000000000beb4                random_init
                0x000000000000bee4                random_rand
 .text          0x000000000000bf02      0x332 build/cooja/mtype604.a(sensors.o)
                0x000000000000bf49                sensors_first
                0x000000000000bf60                sensors_next
                0x000000000000bf8b                sensors_changed
                0x000000000000bfd8                sensors_find
 .text          0x000000000000c234      0x3fc build/cooja/mtype604.a(leds.o)
                0x000000000000c234                leds_init
                0x000000000000c28c                leds_single_on
                0x000000000000c304                leds_single_off
                0x000000000000c37c                leds_single_toggle
                0x000000000000c3c0                leds_on
                0x000000000000c458                leds_off
                0x000000000000c4f0                leds_toggle
                0x000000000000c556                leds_set
                0x000000000000c58c                leds_get
 .text          0x000000000000c630      0x401 build/cooja/mtype604.a(gpio-hal-arch.o)
                0x000000000000c630                gpio_hal_arch_register_pin_callback
                0x000000000000c6b1                gpio_hal_arch_init
                0x000000000000c70b                gpio_hal_arch_no_port_interrupt_enable
                0x000000000000c745                gpio_hal_arch_no_port_interrupt_disable
                0x000000000000c77f                gpio_hal_arch_no_port_pin_cfg_set
                0x000000000000c7ae                gpio_hal_arch_no_port_pin_cfg_get
                0x000000000000c7de                gpio_hal_arch_no_port_pin_set_input
                0x000000000000c7fa                gpio_hal_arch_no_port_pin_set_output
                0x000000000000c816                gpio_hal_arch_no_port_set_pin
                0x000000000000c841                gpio_hal_arch_no_port_clear_pin
                0x000000000000c86c                gpio_hal_arch_no_port_read_pin
                0x000000000000c89e                gpio_hal_arch_no_port_write_pin
                0x000000000000c8d2                gpio_hal_arch_no_port_set_pins
                0x000000000000c923                gpio_hal_arch_no_port_clear_pins
                0x000000000000c974                gpio_hal_arch_no_port_read_pins
                0x000000000000c9c7                gpio_hal_arch_no_port_write_pins
 .text          0x000000000000ca31       0xc6 build/cooja/mtype604.a(buttons.o)
 .text          0x000000000000caf7      0x3c1 build/cooja/mtype604.a(contiki-main.o)
                0x000000000000caf7                main
 .text          0x000000000000ceb8       0xb0 build/cooja/mtype604.a(autostart.o)
                0x000000000000ceb8                autostart_start
                0x000000000000cf11                autostart_exit
 .text          0x000000000000cf68      0x400 build/cooja/mtype604.a(ctimer.o)
                0x000000000000d0ab                ctimer_init
                0x000000000000d0f0                ctimer_set
                0x000000000000d123                ctimer_set_with_process
                0x000000000000d1ba                ctimer_reset
                0x000000000000d228                ctimer_restart
                0x000000000000d296                ctimer_stop
                0x000000000000d2f6                ctimer_expired
 .text          0x000000000000d368       0x39 build/cooja/mtype604.a(energest.o)
                0x000000000000d368                energest_init
                0x000000000000d378                energest_flush
                0x000000000000d388                energest_get_total_time
 .text          0x000000000000d3a1      0x527 build/cooja/mtype604.a(etimer.o)
                0x000000000000d5f6                etimer_request_poll
                0x000000000000d6a7                etimer_set
                0x000000000000d6e0                etimer_reset_with_new_interval
                0x000000000000d71f                etimer_reset
                0x000000000000d755                etimer_restart
                0x000000000000d78b                etimer_adjust
                0x000000000000d7b2                etimer_expired
                0x000000000000d7cf                etimer_expiration_time
                0x000000000000d7eb                etimer_start_time
                0x000000000000d7ff                etimer_pending
                0x000000000000d81c                etimer_next_expiration_time
                0x000000000000d844                etimer_stop
 .text          0x000000000000d8c8      0x4a3 build/cooja/mtype604.a(log.o)
                0x000000000000d8c8                log_6addr
                0x000000000000d92c                log_6addr_compact_snprint
                0x000000000000d9ec                log_6addr_compact
                0x000000000000da50                log_lladdr
                0x000000000000dad7                log_lladdr_compact
                0x000000000000db54                log_bytes
                0x000000000000dba8                log_set_level
                0x000000000000dc86                log_get_level
                0x000000000000dd17                log_level_to_str
 .text          0x000000000000dd6b      0x122 build/cooja/mtype604.a(rtimer.o)
                0x000000000000dd6b                rtimer_init
                0x000000000000dd8a                rtimer_set
                0x000000000000de18                rtimer_run_next
 .text          0x000000000000de8d       0x36 build/cooja/mtype604.a(node-id.o)
                0x000000000000de8d                node_id_init
 .text          0x000000000000dec3      0x5cb build/cooja/mtype604.a(process.o)
                0x000000000000dec3                process_alloc_event
                0x000000000000dee4                process_start
                0x000000000000e0e9                process_exit
                0x000000000000e111                process_init
                0x000000000000e2d9                process_run
                0x000000000000e31c                process_nevents
                0x000000000000e341                process_post
                0x000000000000e3ee                process_post_synch
                0x000000000000e434                process_poll
                0x000000000000e470                process_is_running
 .text.__x86.get_pc_thunk.si
                0x000000000000e48e        0x4 build/cooja/mtype604.a(process.o)
                0x000000000000e48e                __x86.get_pc_thunk.si
 .text          0x000000000000e492       0xf6 build/cooja/mtype604.a(timer.o)
                0x000000000000e492                timer_set
                0x000000000000e4c1                timer_reset
                0x000000000000e4f8                timer_restart
                0x000000000000e51e                timer_expired
                0x000000000000e55c                timer_remaining
 .text          0x000000000000e588      0x311 build/cooja/mtype604.a(list.o)
                0x000000000000e588                list_init
                0x000000000000e5a1                list_head
                0x000000000000e5b5                list_copy
                0x000000000000e5cf                list_tail
                0x000000000000e60f                list_add
                0x000000000000e665                list_push
                0x000000000000e69b                list_chop
                0x000000000000e70f                list_pop
                0x000000000000e741                list_remove
                0x000000000000e7b3                list_length
                0x000000000000e7eb                list_insert
                0x000000000000e83a                list_item_next
                0x000000000000e85b                list_contains
 .text          0x000000000000e899      0x566 build/cooja/mtype604.a(button-hal.o)
                0x000000000000ea8d                button_hal_get_by_id
                0x000000000000ead7                button_hal_get_by_index
                0x000000000000eb11                button_hal_get_state
                0x000000000000eb73                button_hal_init
 .text          0x000000000000edff      0x242 build/cooja/mtype604.a(serial-line.o)
                0x000000000000edff                serial_line_input_byte
                0x000000000000eff7                serial_line_init
 .text          0x000000000000f041      0x1d6 build/cooja/mtype604.a(gpio-hal.o)
                0x000000000000f041                gpio_hal_register_handler
                0x000000000000f06f                gpio_hal_event_handler
                0x000000000000f0dc                gpio_hal_init
                0x000000000000f10b                gpio_hal_arch_port_toggle_pin
                0x000000000000f156                gpio_hal_arch_port_toggle_pins
                0x000000000000f193                gpio_hal_arch_no_port_toggle_pin
                0x000000000000f1e0                gpio_hal_arch_no_port_toggle_pins
 .text          0x000000000000f217      0x3a9 build/cooja/mtype604.a(queuebuf.o)
                0x000000000000f22b                queuebuf_init
                0x000000000000f267                queuebuf_numfree
                0x000000000000f291                queuebuf_new_from_packetbuf
                0x000000000000f345                queuebuf_update_attr_from_packetbuf
                0x000000000000f389                queuebuf_update_from_packetbuf
                0x000000000000f3e8                queuebuf_free
                0x000000000000f446                queuebuf_to_packetbuf
                0x000000000000f4c3                queuebuf_dataptr
                0x000000000000f50f                queuebuf_datalen
                0x000000000000f53c                queuebuf_addr
                0x000000000000f57b                queuebuf_attr
                0x000000000000f5b0                queuebuf_debug_print
 .text          0x000000000000f5c0      0x4dd build/cooja/mtype604.a(packetbuf.o)
                0x000000000000f5c0                packetbuf_clear
                0x000000000000f5f6                packetbuf_copyfrom
                0x000000000000f656                packetbuf_copyto
                0x000000000000f6f4                packetbuf_hdralloc
                0x000000000000f784                packetbuf_hdrreduce
                0x000000000000f7d6                packetbuf_set_datalen
                0x000000000000f7fb                packetbuf_dataptr
                0x000000000000f822                packetbuf_hdrptr
                0x000000000000f837                packetbuf_datalen
                0x000000000000f84d                packetbuf_hdrlen
                0x000000000000f86c                packetbuf_totlen
                0x000000000000f88c                packetbuf_remaininglen
                0x000000000000f8a9                packetbuf_attr_clear
                0x000000000000f90f                packetbuf_attr_copyto
                0x000000000000f955                packetbuf_attr_copyfrom
                0x000000000000f99b                packetbuf_set_attr
                0x000000000000f9d1                packetbuf_attr
                0x000000000000f9f7                packetbuf_set_addr
                0x000000000000fa3f                packetbuf_addr
                0x000000000000fa69                packetbuf_holds_broadcast
 .text          0x000000000000fa9d      0x13c build/cooja/mtype604.a(netstack.o)
                0x000000000000fa9d                netstack_process_ip_callback
                0x000000000000fb3e                netstack_ip_packet_processor_add
                0x000000000000fb72                uip_ds6_ip_packet_processor_rm
                0x000000000000fba0                netstack_init
 .text          0x000000000000fbd9       0x75 build/cooja/mtype604.a(linkaddr.o)
                0x000000000000fbd9                linkaddr_copy
                0x000000000000fbf9                linkaddr_cmp
                0x000000000000fc2c                linkaddr_set_node_addr
 .text          0x000000000000fc4e      0x273 build/cooja/mtype604.a(csma.o)
 .text          0x000000000000fec1      0xa6f build/cooja/mtype604.a(csma-output.o)
                0x0000000000010633                csma_output_packet
                0x00000000000108e2                csma_output_init
 .text          0x0000000000010930      0xe47 build/cooja/mtype604.a(uip-ds6.o)
                0x0000000000010930                uip_ds6_default_prefix
                0x0000000000010945                uip_ds6_set_default_prefix
                0x000000000001097b                uip_ds6_init
                0x0000000000010c16                uip_ds6_periodic
                0x0000000000010cbe                uip_ds6_list_loop
                0x0000000000010d8d                uip_ds6_prefix_add
                0x0000000000010e54                uip_ds6_prefix_rm
                0x0000000000010e71                uip_ds6_prefix_lookup
                0x0000000000010ec4                uip_ds6_is_addr_onlink
                0x0000000000010f51                uip_ds6_addr_add
                0x0000000000011093                uip_ds6_addr_rm
                0x0000000000011152                uip_ds6_addr_lookup
                0x00000000000111a2                uip_ds6_get_link_local
                0x0000000000011240                uip_ds6_get_global
                0x00000000000112de                uip_ds6_maddr_add
                0x000000000001135a                uip_ds6_maddr_rm
                0x0000000000011377                uip_ds6_maddr_lookup
                0x00000000000113ca                uip_ds6_aaddr_add
                0x0000000000011443                uip_ds6_aaddr_rm
                0x0000000000011460                uip_ds6_aaddr_lookup
                0x00000000000114b0                uip_ds6_select_src
                0x000000000001161e                uip_ds6_set_addr_iid
                0x0000000000011653                uip_ds6_set_lladdr_from_iid
                0x0000000000011686                get_match_length
                0x0000000000011721                uip_ds6_compute_reachable_time
 .text          0x0000000000011777      0x152 build/cooja/mtype604.a(uip-udp-packet.)
                0x0000000000011777                uip_udp_packet_send
                0x00000000000117f0                uip_udp_packet_sendto
 .text          0x00000000000118c9      0x43f build/cooja/mtype604.a(uip-ds6-route.o)
                0x000000000001192b                uip_ds6_route_init
                0x0000000000011967                uip_ds6_route_nexthop
                0x000000000001197b                uip_ds6_route_head
                0x000000000001198f                uip_ds6_route_next
                0x00000000000119a3                uip_ds6_route_is_nexthop
                0x00000000000119b7                uip_ds6_route_num_routes
                0x00000000000119cb                uip_ds6_route_lookup
                0x00000000000119df                uip_ds6_route_add
                0x00000000000119fc                uip_ds6_route_rm
                0x0000000000011a0c                uip_ds6_route_rm_by_nexthop
                0x0000000000011a1c                uip_ds6_defrt_head
                0x0000000000011a46                uip_ds6_defrt_add
                0x0000000000011b06                uip_ds6_defrt_rm
                0x0000000000011b7f                uip_ds6_defrt_lookup
                0x0000000000011bf6                uip_ds6_defrt_choose
                0x0000000000011c7c                uip_ds6_defrt_periodic
 .text          0x0000000000011d08      0x43e build/cooja/mtype604.a(uip-ds6-nbr.o)
                0x0000000000011d08                uip_ds6_neighbors_init
                0x0000000000011d3e                uip_ds6_nbr_add
                0x0000000000011dd8                uip_ds6_nbr_rm
                0x0000000000011e37                uip_ds6_nbr_update_ll
                0x0000000000011f34                uip_ds6_nbr_get_ipaddr
                0x0000000000011f53                uip_ds6_nbr_get_ll
                0x0000000000011f80                uip_ds6_nbr_num
                0x0000000000011fda                uip_ds6_nbr_head
                0x0000000000012004                uip_ds6_nbr_next
                0x0000000000012031                uip_ds6_nbr_lookup
                0x0000000000012098                uip_ds6_nbr_ll_lookup
                0x00000000000120c5                uip_ds6_nbr_ipaddr_from_lladdr
                0x00000000000120f8                uip_ds6_nbr_lladdr_from_ipaddr
                0x0000000000012136                uip_ds6_link_callback
 .text          0x0000000000012146      0x870 build/cooja/mtype604.a(tcpip.o)
                0x000000000001216c                tcpip_output
                0x000000000001221b                udp_attach
                0x000000000001223d                udp_new
                0x0000000000012297                udp_broadcast_new
                0x0000000000012437                tcpip_input
                0x000000000001262d                tcpip_ipv6_output
                0x0000000000012869                tcpip_poll_udp
                0x0000000000012899                tcpip_uipcall
 .text          0x00000000000129b6     0x1520 build/cooja/mtype604.a(uip6.o)
                0x0000000000012a6f                uip_chksum
                0x0000000000012b67                uip_icmp6chksum
                0x0000000000012b86                uip_udpchksum
                0x0000000000012ba5                uip_init
                0x0000000000012c04                uip_remove_ext_hdr
                0x0000000000012cff                uip_udp_new
                0x0000000000013078                uip_process
                0x0000000000013d66                uip_htons
                0x0000000000013d92                uip_htonl
                0x0000000000013ddc                uip_send
 .text          0x0000000000013ed6      0x7d4 build/cooja/mtype604.a(uip-nd6.o)
                0x000000000001467f                uip_nd6_init
 .text          0x00000000000146aa     0x333d build/cooja/mtype604.a(sicslowpan.o)
                0x0000000000014da8                netstack_sniffer_add
                0x0000000000014dc1                netstack_sniffer_remove
                0x00000000000179a6                sicslowpan_init
                0x00000000000179d2                sicslowpan_get_last_rssi
 .text          0x00000000000179e7      0x51a build/cooja/mtype604.a(uiplib.o)
                0x00000000000179e7                uiplib_ip6addrconv
                0x0000000000017bad                uiplib_ip4addrconv
                0x0000000000017c7a                uiplib_ipaddr_print
                0x0000000000017cde                uiplib_ipaddr_snprint
 .text          0x0000000000017f01      0x610 build/cooja/mtype604.a(rpl.o)
                0x0000000000017f01                rpl_lollipop_greater_than
                0x0000000000017f64                rpl_get_global_address
                0x000000000001809a                rpl_link_callback
                0x00000000000180fd                rpl_has_joined
                0x0000000000018133                rpl_is_reachable
                0x00000000000181d6                rpl_reset_prefix
                0x0000000000018252                rpl_set_prefix_from_addr
                0x0000000000018364                rpl_set_prefix
                0x00000000000184d8                rpl_set_leaf_only
                0x00000000000184fb                rpl_get_leaf_only
 .text          0x0000000000018511     0x1491 build/cooja/mtype604.a(rpl-icmp6.o)
                0x000000000001866e                rpl_icmp6_update_nbr_table
                0x0000000000018720                rpl_icmp6_dis_output
                0x0000000000018d35                rpl_icmp6_dio_output
                0x000000000001958e                rpl_icmp6_dao_output
                0x00000000000198bb                rpl_icmp6_dao_ack_output
                0x0000000000019942                rpl_icmp6_init
 .text          0x00000000000199a2     0x11f4 build/cooja/mtype604.a(rpl-dag.o)
                0x00000000000199a2                rpl_dag_state_to_str
                0x00000000000199f0                rpl_dag_get_root_ipaddr
                0x0000000000019a40                rpl_dag_leave
                0x0000000000019af6                rpl_dag_poison_and_leave
                0x0000000000019b22                rpl_dag_periodic
                0x0000000000019be7                rpl_is_addr_in_our_dag
                0x0000000000019c46                rpl_get_default_instance
                0x0000000000019c70                rpl_get_any_dag
                0x0000000000019ce6                rpl_refresh_routes
                0x0000000000019d49                rpl_global_repair
                0x0000000000019e1a                rpl_local_repair
                0x0000000000019e7f                rpl_dag_ready_to_advertise
                0x0000000000019ed8                rpl_dag_update_state
                0x000000000001a754                rpl_process_dio
                0x000000000001a7ef                rpl_process_dis
                0x000000000001a845                rpl_process_dao
                0x000000000001a8e6                rpl_process_dao_ack
                0x000000000001a9a2                rpl_process_hbh
                0x000000000001aa02                rpl_dag_init_root
                0x000000000001ab64                rpl_dag_init
 .text          0x000000000001ab96      0x2e4 build/cooja/mtype604.a(rpl-dag-root.o)
                0x000000000001ab96                rpl_dag_root_print_links
                0x000000000001acef                rpl_dag_root_set_prefix
                0x000000000001ad2a                rpl_dag_root_start
                0x000000000001ae38                rpl_dag_root_is_root
 .text          0x000000000001ae7a       0x6b build/cooja/mtype604.a(watchdog.o)
                0x000000000001ae7a                watchdog_init
                0x000000000001ae8a                watchdog_start
                0x000000000001ae9a                watchdog_periodic
                0x000000000001aec5                watchdog_stop
                0x000000000001aed5                watchdog_reboot
 .text          0x000000000001aee5       0x75 build/cooja/mtype604.a(int-master.o)
                0x000000000001aee5                int_master_enable
                0x000000000001aeff                int_master_read_and_disable
                0x000000000001af27                int_master_status_set
                0x000000000001af40                int_master_is_enabled
 .text          0x000000000001af5a      0x11d build/cooja/mtype604.a(stimer.o)
                0x000000000001af5a                stimer_set
                0x000000000001af89                stimer_reset
                0x000000000001afc0                stimer_restart
                0x000000000001afe6                stimer_expired
                0x000000000001b022                stimer_remaining
                0x000000000001b04e                stimer_elapsed
 .text          0x000000000001b077      0x1ec build/cooja/mtype604.a(memb.o)
                0x000000000001b077                memb_init
                0x000000000001b0db                memb_alloc
                0x000000000001b148                memb_free
                0x000000000001b1c9                memb_inmemb
                0x000000000001b212                memb_numfree
 .text          0x000000000001b263       0x31 build/cooja/mtype604.a(assert.o)
                0x000000000001b263                _xassert
 .text          0x000000000001b294      0x188 build/cooja/mtype604.a(ringbuf.o)
                0x000000000001b294                ringbuf_init
                0x000000000001b2d0                ringbuf_put
                0x000000000001b358                ringbuf_get
                0x000000000001b3cf                ringbuf_size
                0x000000000001b3eb                ringbuf_elements
 .text          0x000000000001b41c      0x8d0 build/cooja/mtype604.a(nbr-table.o)
                0x000000000001b92f                nbr_table_register
                0x000000000001b9ad                nbr_table_is_registered
                0x000000000001b9f2                nbr_table_head
                0x000000000001ba5f                nbr_table_next
                0x000000000001bad1                nbr_table_add_lladdr
                0x000000000001bbc2                nbr_table_get_from_lladdr
                0x000000000001bc1f                nbr_table_remove
                0x000000000001bc6a                nbr_table_lock
                0x000000000001bc90                nbr_table_unlock
                0x000000000001bcb6                nbr_table_get_lladdr
 .text          0x000000000001bcec      0x43d build/cooja/mtype604.a(link-stats.o)
                0x000000000001bcec                link_stats_from_lladdr
                0x000000000001bd19                link_stats_get_lladdr
                0x000000000001bd46                link_stats_is_fresh
                0x000000000001bd93                guess_etx_from_rssi
                0x000000000001be19                link_stats_packet_sent
                0x000000000001bf4a                link_stats_input_callback
                0x000000000001c07e                link_stats_reset
                0x000000000001c0e0                link_stats_init
 .text          0x000000000001c129      0x1a8 build/cooja/mtype604.a(mac-sequence.o)
                0x000000000001c129                mac_sequence_is_duplicate
                0x000000000001c1e9                mac_sequence_register_seqno
 .text          0x000000000001c2d1       0x2d build/cooja/mtype604.a(mac.o)
                0x000000000001c2d1                mac_call_sent_callback
 .text          0x000000000001c2fe      0x477 build/cooja/mtype604.a(framer-802154.o)
                0x000000000001c4a1                framer_802154_setup_params
 .text          0x000000000001c775      0xc1a build/cooja/mtype604.a(frame802154.o)
                0x000000000001c7b0                frame802154_get_pan_id
                0x000000000001c7c6                frame802154_set_pan_id
                0x000000000001c7eb                frame802154_has_panid
                0x000000000001c9a4                frame802154_check_dest_panid
                0x000000000001ca36                frame802154_is_broadcast_addr
                0x000000000001ca8d                frame802154_extract_linkaddr
                0x000000000001cd16                frame802154_hdrlen
                0x000000000001cd93                frame802154_create_fcf
                0x000000000001ce55                frame802154_create
                0x000000000001cfe0                frame802154_parse_fcf
                0x000000000001d0cc                frame802154_parse
 .text          0x000000000001d38f       0x4e build/cooja/mtype604.a(csma-security.o)
                0x000000000001d38f                csma_security_create_frame
                0x000000000001d3c0                csma_security_parse_frame
 .text          0x000000000001d3dd      0x5b2 build/cooja/mtype604.a(uipbuf.o)
                0x000000000001d3dd                uipbuf_clear
                0x000000000001d414                uipbuf_add_ext_hdr
                0x000000000001d4af                uipbuf_set_len
                0x000000000001d4e9                uipbuf_set_len_field
                0x000000000001d51f                uipbuf_get_len_field
                0x000000000001d549                uipbuf_get_next_header
                0x000000000001d685                uipbuf_get_last_header
                0x000000000001d708                uipbuf_search_header
                0x000000000001d7cc                uipbuf_get_attr
                0x000000000001d7fd                uipbuf_set_attr
                0x000000000001d83e                uipbuf_set_default_attr
                0x000000000001d87f                uipbuf_clear_attr
                0x000000000001d8b3                uipbuf_set_attr_flag
                0x000000000001d8df                uipbuf_clr_attr_flag
                0x000000000001d911                uipbuf_is_attr_flag
                0x000000000001d93f                uipbuf_init
 .text          0x000000000001d98f      0x8b7 build/cooja/mtype604.a(uip-icmp6.o)
                0x000000000001da14                uip_icmp6_input
                0x000000000001da75                uip_icmp6_register_input_handler
                0x000000000001dc29                uip_icmp6_error_output
                0x000000000001df6b                uip_icmp6_send
                0x000000000001e199                uip_icmp6_echo_reply_callback_add
                0x000000000001e1dc                uip_icmp6_echo_reply_callback_rm
                0x000000000001e20a                uip_icmp6_init
 .text          0x000000000001e246      0x772 build/cooja/mtype604.a(uip-sr.o)
                0x000000000001e246                uip_sr_num_nodes
                0x000000000001e2f2                uip_sr_get_node
                0x000000000001e359                uip_sr_is_addr_reachable
                0x000000000001e416                uip_sr_expire_parent
                0x000000000001e469                uip_sr_update_node
                0x000000000001e5ad                uip_sr_init
                0x000000000001e5f3                uip_sr_node_head
                0x000000000001e61d                uip_sr_node_next
                0x000000000001e643                uip_sr_periodic
                0x000000000001e75f                uip_sr_free_all
                0x000000000001e7e4                uip_sr_link_snprint
 .text          0x000000000001e9b8      0x1a5 build/cooja/mtype604.a(uip-packetqueue)
                0x000000000001e9f8                uip_packetqueue_new
                0x000000000001ea11                uip_packetqueue_alloc
                0x000000000001ea80                uip_packetqueue_free
                0x000000000001ead8                uip_packetqueue_buf
                0x000000000001eaff                uip_packetqueue_buflen
                0x000000000001eb2a                uip_packetqueue_set_buflen
 .text          0x000000000001eb5d      0x205 build/cooja/mtype604.a(rpl-nbr-policy.)
                0x000000000001ed10                rpl_nbr_policy_find_removable
 .text          0x000000000001ed62      0xb0a build/cooja/mtype604.a(rpl-neighbor.o)
                0x000000000001edfe                rpl_neighbor_snprint
                0x000000000001f0e6                rpl_neighbor_print_list
                0x000000000001f1b9                rpl_neighbor_count
                0x000000000001f29c                rpl_neighbor_get_from_lladdr
                0x000000000001f2c9                rpl_neighbor_is_acceptable_parent
                0x000000000001f30f                rpl_neighbor_get_link_metric
                0x000000000001f355                rpl_neighbor_rank_via_nbr
                0x000000000001f39b                rpl_neighbor_get_lladdr
                0x000000000001f3c8                rpl_neighbor_get_ipaddr
                0x000000000001f3fe                rpl_neighbor_get_link_stats
                0x000000000001f434                rpl_neighbor_is_fresh
                0x000000000001f46a                rpl_neighbor_is_reachable
                0x000000000001f4c7                rpl_neighbor_is_parent
                0x000000000001f4fe                rpl_neighbor_set_preferred_parent
                0x000000000001f5b8                rpl_neighbor_remove_all
                0x000000000001f625                rpl_neighbor_get_from_ipaddr
                0x000000000001f75f                rpl_neighbor_select_best
                0x000000000001f83a                rpl_neighbor_init
 .text          0x000000000001f86c      0xd8d build/cooja/mtype604.a(rpl-timers.o)
                0x000000000001f86c                rpl_timers_schedule_periodic_dis
                0x000000000001fa16                rpl_timers_dio_reset
                0x000000000001fb8e                rpl_timers_schedule_unicast_dio
                0x000000000001fd61                rpl_timers_schedule_dao
                0x000000000001fe67                rpl_timers_schedule_dao_ack
                0x000000000001ff36                rpl_timers_notify_dao_ack
                0x000000000001ffbc                get_probing_delay
                0x0000000000020001                get_probing_target
                0x0000000000020236                rpl_schedule_probing
                0x0000000000020282                rpl_schedule_probing_now
                0x000000000002031c                rpl_timers_unschedule_leaving
                0x0000000000020376                rpl_timers_schedule_leaving
                0x00000000000203db                rpl_timers_init
                0x000000000002049d                rpl_timers_stop_dag_timers
                0x000000000002055a                rpl_timers_unschedule_state_update
                0x0000000000020596                rpl_timers_schedule_state_update
 .text          0x00000000000205f9      0xd42 build/cooja/mtype604.a(rpl-ext-header.)
                0x00000000000205f9                rpl_ext_header_srh_get_next_hop
                0x0000000000020704                rpl_ext_header_srh_update
                0x0000000000020d36                rpl_ext_header_hbh_update
                0x00000000000210b5                rpl_ext_header_update
                0x0000000000021164                rpl_ext_header_remove
 .text          0x000000000002133b      0x39b build/cooja/mtype604.a(rpl-mrhof.o)
 *fill*         0x00000000000216d6        0xa 
 .text          0x00000000000216e0       0x14 /usr/lib/i386-linux-gnu/libc_nonshared.a(stack_chk_fail_local.oS)
                0x00000000000216e0                __stack_chk_fail_local
 .text          0x00000000000216f4        0x0 /usr/lib/gcc/i686-linux-gnu/7/crtendS.o
 .text          0x00000000000216f4        0x0 /usr/lib/gcc/i686-linux-gnu/7/../../../i386-linux-gnu/crtn.o
 *(.gnu.warning)

.fini           0x00000000000216f4       0x14
 *(SORT_NONE(.fini))
 .fini          0x00000000000216f4        0xf /usr/lib/gcc/i686-linux-gnu/7/../../../i386-linux-gnu/crti.o
                0x00000000000216f4                _fini
 .fini          0x0000000000021703        0x5 /usr/lib/gcc/i686-linux-gnu/7/../../../i386-linux-gnu/crtn.o
                [!provide]                        PROVIDE (__etext = .)
                [!provide]                        PROVIDE (_etext = .)
                [!provide]                        PROVIDE (etext = .)

.rodata         0x0000000000021708      0x70c
 *(.rodata .rodata.* .gnu.linkonce.r.*)
 .rodata        0x0000000000021708      0x1b6 proximity-sensor.o
 *fill*         0x00000000000218be        0x2 
 .rodata        0x00000000000218c0        0x6 build/cooja/mtype604.a(leds-arch.o)
                0x00000000000218c0                leds_arch_leds
 .rodata        0x00000000000218c6        0x4 build/cooja/mtype604.a(pir-sensor.o)
 .rodata        0x00000000000218ca        0x6 build/cooja/mtype604.a(rs232.o)
 .rodata        0x00000000000218d0        0xa build/cooja/mtype604.a(vib-sensor.o)
 *fill*         0x00000000000218da        0x2 
 .rodata        0x00000000000218dc       0x27 build/cooja/mtype604.a(cfs-cooja.o)
 *fill*         0x0000000000021903        0x1 
 .rodata        0x0000000000021904       0x68 build/cooja/mtype604.a(cooja-radio.o)
 .rodata        0x000000000002196c        0x8 build/cooja/mtype604.a(sensors.o)
 .rodata        0x0000000000021974       0x14 build/cooja/mtype604.a(buttons.o)
                0x0000000000021980                button_hal_button_count
 .rodata        0x0000000000021988       0xfc build/cooja/mtype604.a(contiki-main.o)
 .rodata        0x0000000000021a84        0xf build/cooja/mtype604.a(ctimer.o)
 .rodata        0x0000000000021a93        0xc build/cooja/mtype604.a(etimer.o)
 *fill*         0x0000000000021a9f        0x1 
 .rodata        0x0000000000021aa0       0xc4 build/cooja/mtype604.a(log.o)
 .rodata        0x0000000000021b64       0x13 build/cooja/mtype604.a(button-hal.o)
 .rodata        0x0000000000021b77        0xe build/cooja/mtype604.a(serial-line.o)
 *fill*         0x0000000000021b85        0x3 
 .rodata        0x0000000000021b88        0x8 build/cooja/mtype604.a(linkaddr.o)
                0x0000000000021b88                linkaddr_null
 .rodata        0x0000000000021b90        0x5 build/cooja/mtype604.a(csma.o)
 *fill*         0x0000000000021b95        0x3 
 .rodata        0x0000000000021b98       0x24 build/cooja/mtype604.a(csma-output.o)
 .rodata        0x0000000000021bbc       0x4d build/cooja/mtype604.a(uip-ds6-route.o)
 .rodata        0x0000000000021c09        0xd build/cooja/mtype604.a(tcpip.o)
 *fill*         0x0000000000021c16        0x2 
 .rodata        0x0000000000021c18       0x1f build/cooja/mtype604.a(sicslowpan.o)
                0x0000000000021c18                unc_llconf
                0x0000000000021c1c                unc_ctxconf
                0x0000000000021c20                unc_mxconf
                0x0000000000021c24                llprefix
 .rodata        0x0000000000021c37       0x2d build/cooja/mtype604.a(uiplib.o)
 .rodata        0x0000000000021c64        0x9 build/cooja/mtype604.a(rpl.o)
 .rodata        0x0000000000021c6d       0xd7 build/cooja/mtype604.a(rpl-dag.o)
 .rodata        0x0000000000021d44       0x25 build/cooja/mtype604.a(assert.o)
 .rodata        0x0000000000021d69       0x44 build/cooja/mtype604.a(uip-sr.o)
 *fill*         0x0000000000021dad        0x3 
 .rodata        0x0000000000021db0       0x58 build/cooja/mtype604.a(rpl-neighbor.o)
 .rodata        0x0000000000021e08        0xc build/cooja/mtype604.a(rpl-timers.o)

.rodata1
 *(.rodata1)

.eh_frame_hdr   0x0000000000021e14     0x161c
 *(.eh_frame_hdr)
 .eh_frame_hdr  0x0000000000021e14     0x161c proximity-sensor.o
                0x0000000000021e14                __GNU_EH_FRAME_HDR
 *(.eh_frame_entry .eh_frame_entry.*)

.eh_frame       0x0000000000023430     0x5f40
 *(.eh_frame)
 .eh_frame      0x0000000000023430       0x3c /usr/lib/gcc/i686-linux-gnu/7/../../../i386-linux-gnu/crti.o
                                         0x40 (size before relaxing)
 .eh_frame      0x000000000002346c       0x14 /usr/lib/gcc/i686-linux-gnu/7/../../../i386-linux-gnu/crti.o
                                         0x2c (size before relaxing)
 .eh_frame      0x0000000000023480       0xcc proximity-sensor.o
                                         0xf8 (size before relaxing)
 .eh_frame      0x000000000002354c      0x198 build/cooja/mtype604.o
                                        0x1ec (size before relaxing)
 .eh_frame      0x00000000000236e4       0x48 build/cooja/mtype604.a(simEnvChange.o)
                                         0x74 (size before relaxing)
 .eh_frame      0x000000000002372c       0x6c build/cooja/mtype604.a(cooja_mt.o)
                                         0x98 (size before relaxing)
 .eh_frame      0x0000000000023798       0x88 build/cooja/mtype604.a(cooja_mtarch.o)
                                         0xc8 (size before relaxing)
 .eh_frame      0x0000000000023820       0xe4 build/cooja/mtype604.a(rtimer-arch.o)
                                        0x110 (size before relaxing)
 .eh_frame      0x0000000000023904      0x160 build/cooja/mtype604.a(beep.o)
                                        0x18c (size before relaxing)
 .eh_frame      0x0000000000023a64       0x88 build/cooja/mtype604.a(leds-arch.o)
                                         0xc8 (size before relaxing)
 .eh_frame      0x0000000000023aec       0x44 build/cooja/mtype604.a(moteid.o)
                                         0x70 (size before relaxing)
 .eh_frame      0x0000000000023b30       0xa4 build/cooja/mtype604.a(pir-sensor.o)
                                         0xe4 (size before relaxing)
 .eh_frame      0x0000000000023bd4      0x110 build/cooja/mtype604.a(rs232.o)
                                        0x150 (size before relaxing)
 .eh_frame      0x0000000000023ce4       0xa4 build/cooja/mtype604.a(vib-sensor.o)
                                         0xe4 (size before relaxing)
 .eh_frame      0x0000000000023d88       0xc0 build/cooja/mtype604.a(clock.o)
                                         0xec (size before relaxing)
 .eh_frame      0x0000000000023e48      0x130 build/cooja/mtype604.a(cooja-log.o)
                                        0x170 (size before relaxing)
 .eh_frame      0x0000000000023f78      0x16c build/cooja/mtype604.a(cfs-cooja.o)
                                        0x1ac (size before relaxing)
 .eh_frame      0x00000000000240e4      0x354 build/cooja/mtype604.a(cooja-radio.o)
                                        0x394 (size before relaxing)
 .eh_frame      0x0000000000024438       0xa8 build/cooja/mtype604.a(eeprom.o)
                                         0xe8 (size before relaxing)
 .eh_frame      0x00000000000244e0       0x48 build/cooja/mtype604.a(random.o)
                                         0x74 (size before relaxing)
 .eh_frame      0x0000000000024528       0xd0 build/cooja/mtype604.a(sensors.o)
                                        0x110 (size before relaxing)
 .eh_frame      0x00000000000245f8      0x140 build/cooja/mtype604.a(leds.o)
                                        0x180 (size before relaxing)
 .eh_frame      0x0000000000024738      0x228 build/cooja/mtype604.a(gpio-hal-arch.o)
                                        0x27c (size before relaxing)
 .eh_frame      0x0000000000024960       0xa4 build/cooja/mtype604.a(buttons.o)
                                         0xe4 (size before relaxing)
 .eh_frame      0x0000000000024a04       0x38 build/cooja/mtype604.a(contiki-main.o)
                                         0x64 (size before relaxing)
 .eh_frame      0x0000000000024a3c       0x48 build/cooja/mtype604.a(autostart.o)
                                         0x74 (size before relaxing)
 .eh_frame      0x0000000000024a84      0x11c build/cooja/mtype604.a(ctimer.o)
                                        0x15c (size before relaxing)
 .eh_frame      0x0000000000024ba0       0x60 build/cooja/mtype604.a(energest.o)
                                         0x8c (size before relaxing)
 .eh_frame      0x0000000000024c00      0x204 build/cooja/mtype604.a(etimer.o)
                                        0x244 (size before relaxing)
 .eh_frame      0x0000000000024e04      0x144 build/cooja/mtype604.a(log.o)
                                        0x184 (size before relaxing)
 .eh_frame      0x0000000000024f48       0x6c build/cooja/mtype604.a(rtimer.o)
                                         0xc0 (size before relaxing)
 .eh_frame      0x0000000000024fb4       0x20 build/cooja/mtype604.a(node-id.o)
                                         0x4c (size before relaxing)
 .eh_frame      0x0000000000024fd4      0x1ec build/cooja/mtype604.a(process.o)
                                        0x22c (size before relaxing)
 .eh_frame      0x00000000000251c0       0xb4 build/cooja/mtype604.a(timer.o)
                                         0xe0 (size before relaxing)
 .eh_frame      0x0000000000025274      0x1a0 build/cooja/mtype604.a(list.o)
                                        0x1cc (size before relaxing)
 .eh_frame      0x0000000000025414      0x188 build/cooja/mtype604.a(button-hal.o)
                                        0x1c8 (size before relaxing)
 .eh_frame      0x000000000002559c       0x6c build/cooja/mtype604.a(serial-line.o)
                                         0x98 (size before relaxing)
 .eh_frame      0x0000000000025608       0xfc build/cooja/mtype604.a(gpio-hal.o)
                                        0x13c (size before relaxing)
 .eh_frame      0x0000000000025704      0x1c0 build/cooja/mtype604.a(queuebuf.o)
                                        0x200 (size before relaxing)
 .eh_frame      0x00000000000258c4      0x2b0 build/cooja/mtype604.a(packetbuf.o)
                                        0x2f0 (size before relaxing)
 .eh_frame      0x0000000000025b74       0x90 build/cooja/mtype604.a(netstack.o)
                                         0xd0 (size before relaxing)
 .eh_frame      0x0000000000025c04       0x64 build/cooja/mtype604.a(linkaddr.o)
                                         0x90 (size before relaxing)
 .eh_frame      0x0000000000025c68       0xf0 build/cooja/mtype604.a(csma.o)
                                        0x130 (size before relaxing)
 .eh_frame      0x0000000000025d58      0x1f8 build/cooja/mtype604.a(csma-output.o)
                                        0x238 (size before relaxing)
 .eh_frame      0x0000000000025f50      0x364 build/cooja/mtype604.a(uip-ds6.o)
                                        0x3a4 (size before relaxing)
 .eh_frame      0x00000000000262b4       0x44 build/cooja/mtype604.a(uip-udp-packet.)
                                         0x84 (size before relaxing)
 .eh_frame      0x00000000000262f8      0x240 build/cooja/mtype604.a(uip-ds6-route.o)
                                        0x280 (size before relaxing)
 .eh_frame      0x0000000000026538      0x1e8 build/cooja/mtype604.a(uip-ds6-nbr.o)
                                        0x228 (size before relaxing)
 .eh_frame      0x0000000000026720      0x270 build/cooja/mtype604.a(tcpip.o)
                                        0x2b0 (size before relaxing)
 .eh_frame      0x0000000000026990      0x20c build/cooja/mtype604.a(uip6.o)
                                        0x24c (size before relaxing)
 .eh_frame      0x0000000000026b9c       0x8c build/cooja/mtype604.a(uip-nd6.o)
                                         0xe0 (size before relaxing)
 .eh_frame      0x0000000000026c28      0x354 build/cooja/mtype604.a(sicslowpan.o)
                                        0x3a8 (size before relaxing)
 .eh_frame      0x0000000000026f7c       0x9c build/cooja/mtype604.a(uiplib.o)
                                         0xdc (size before relaxing)
 .eh_frame      0x0000000000027018      0x1fc build/cooja/mtype604.a(rpl.o)
                                        0x23c (size before relaxing)
 .eh_frame      0x0000000000027214      0x1f0 build/cooja/mtype604.a(rpl-icmp6.o)
                                        0x230 (size before relaxing)
 .eh_frame      0x0000000000027404      0x3c0 build/cooja/mtype604.a(rpl-dag.o)
                                        0x414 (size before relaxing)
 .eh_frame      0x00000000000277c4       0xb0 build/cooja/mtype604.a(rpl-dag-root.o)
                                         0xf0 (size before relaxing)
 .eh_frame      0x0000000000027874       0xa4 build/cooja/mtype604.a(watchdog.o)
                                         0xd0 (size before relaxing)
 .eh_frame      0x0000000000027918       0x80 build/cooja/mtype604.a(int-master.o)
                                         0xac (size before relaxing)
 .eh_frame      0x0000000000027998       0xd8 build/cooja/mtype604.a(stimer.o)
                                        0x104 (size before relaxing)
 .eh_frame      0x0000000000027a70       0xa4 build/cooja/mtype604.a(memb.o)
                                         0xe4 (size before relaxing)
 .eh_frame      0x0000000000027b14       0x24 build/cooja/mtype604.a(assert.o)
                                         0x50 (size before relaxing)
 .eh_frame      0x0000000000027b38       0xa0 build/cooja/mtype604.a(ringbuf.o)
                                         0xcc (size before relaxing)
 .eh_frame      0x0000000000027bd8      0x2cc build/cooja/mtype604.a(nbr-table.o)
                                        0x30c (size before relaxing)
 .eh_frame      0x0000000000027ea4      0x140 build/cooja/mtype604.a(link-stats.o)
                                        0x180 (size before relaxing)
 .eh_frame      0x0000000000027fe4       0x50 build/cooja/mtype604.a(mac-sequence.o)
                                         0x7c (size before relaxing)
 .eh_frame      0x0000000000028034       0x20 build/cooja/mtype604.a(mac.o)
                                         0x4c (size before relaxing)
 .eh_frame      0x0000000000028054       0xb4 build/cooja/mtype604.a(framer-802154.o)
                                         0xf4 (size before relaxing)
 .eh_frame      0x0000000000028108      0x1b0 build/cooja/mtype604.a(frame802154.o)
                                        0x1f0 (size before relaxing)
 .eh_frame      0x00000000000282b8       0x44 build/cooja/mtype604.a(csma-security.o)
                                         0x84 (size before relaxing)
 .eh_frame      0x00000000000282fc      0x204 build/cooja/mtype604.a(uipbuf.o)
                                        0x230 (size before relaxing)
 .eh_frame      0x0000000000028500      0x170 build/cooja/mtype604.a(uip-icmp6.o)
                                        0x1b0 (size before relaxing)
 .eh_frame      0x0000000000028670      0x1ac build/cooja/mtype604.a(uip-sr.o)
                                        0x1ec (size before relaxing)
 .eh_frame      0x000000000002881c       0xec build/cooja/mtype604.a(uip-packetqueue)
                                        0x12c (size before relaxing)
 .eh_frame      0x0000000000028908       0x8c build/cooja/mtype604.a(rpl-nbr-policy.)
                                         0xcc (size before relaxing)
 .eh_frame      0x0000000000028994      0x310 build/cooja/mtype604.a(rpl-neighbor.o)
                                        0x364 (size before relaxing)
 .eh_frame      0x0000000000028ca4      0x418 build/cooja/mtype604.a(rpl-timers.o)
                                        0x458 (size before relaxing)
 .eh_frame      0x00000000000290bc      0x144 build/cooja/mtype604.a(rpl-ext-header.)
                                        0x184 (size before relaxing)
 .eh_frame      0x0000000000029200      0x150 build/cooja/mtype604.a(rpl-mrhof.o)
                                        0x190 (size before relaxing)
 .eh_frame      0x0000000000029350       0x1c /usr/lib/i386-linux-gnu/libc_nonshared.a(stack_chk_fail_local.oS)
                                         0x48 (size before relaxing)
 .eh_frame      0x000000000002936c        0x4 /usr/lib/gcc/i686-linux-gnu/7/crtendS.o
 *(.eh_frame.*)

.gcc_except_table
 *(.gcc_except_table .gcc_except_table.*)

.gnu_extab
 *(.gnu_extab*)

.exception_ranges
 *(.exception_ranges .exception_ranges*)
                0x000000000002ac18                . = DATA_SEGMENT_ALIGN (CONSTANT (MAXPAGESIZE), CONSTANT (COMMONPAGESIZE))

.eh_frame
 *(.eh_frame)
 *(.eh_frame.*)

.gnu_extab
 *(.gnu_extab)

.gcc_except_table
 *(.gcc_except_table .gcc_except_table.*)

.exception_ranges
 *(.exception_ranges .exception_ranges*)

.tdata
 *(.tdata .tdata.* .gnu.linkonce.td.*)

.tbss
 *(.tbss .tbss.* .gnu.linkonce.tb.*)
 *(.tcommon)

.preinit_array
 *(.preinit_array)

.init_array     0x000000000002ac18        0x4
 *(SORT_BY_INIT_PRIORITY(.init_array.*) SORT_BY_INIT_PRIORITY(.ctors.*))
 *(.init_array EXCLUDE_FILE(*crtend?.o *crtend.o *crtbegin?.o *crtbegin.o) .ctors)
 .init_array    0x000000000002ac18        0x4 /usr/lib/gcc/i686-linux-gnu/7/crtbeginS.o

.fini_array     0x000000000002ac1c        0x4
 *(SORT_BY_INIT_PRIORITY(.fini_array.*) SORT_BY_INIT_PRIORITY(.dtors.*))
 *(.fini_array EXCLUDE_FILE(*crtend?.o *crtend.o *crtbegin?.o *crtbegin.o) .dtors)
 .fini_array    0x000000000002ac1c        0x4 /usr/lib/gcc/i686-linux-gnu/7/crtbeginS.o

.ctors
 *crtbegin.o(.ctors)
 *crtbegin?.o(.ctors)
 *(EXCLUDE_FILE(*crtend?.o *crtend.o) .ctors)
 *(SORT_BY_NAME(.ctors.*))
 *(.ctors)

.dtors
 *crtbegin.o(.dtors)
 *crtbegin?.o(.dtors)
 *(EXCLUDE_FILE(*crtend?.o *crtend.o) .dtors)
 *(SORT_BY_NAME(.dtors.*))
 *(.dtors)

.jcr
 *(.jcr)

.data.rel.ro    0x000000000002ac20      0x198
 *(.data.rel.ro.local* .gnu.linkonce.d.rel.ro.local.*)
 .data.rel.ro.local
                0x000000000002ac20        0x8 proximity-sensor.o
                0x000000000002ac20                autostart_processes
 .data.rel.ro.local
                0x000000000002ac28        0x8 build/cooja/mtype604.a(beep.o)
                0x000000000002ac28                beep_interface
 .data.rel.ro.local
                0x000000000002ac30        0x8 build/cooja/mtype604.a(leds-arch.o)
                0x000000000002ac30                leds_interface
 .data.rel.ro.local
                0x000000000002ac38        0x8 build/cooja/mtype604.a(moteid.o)
                0x000000000002ac38                moteid_interface
 .data.rel.ro.local
                0x000000000002ac40       0x18 build/cooja/mtype604.a(pir-sensor.o)
                0x000000000002ac40                pir_interface
                0x000000000002ac48                pir_sensor
 .data.rel.ro.local
                0x000000000002ac58        0x8 build/cooja/mtype604.a(rs232.o)
                0x000000000002ac58                rs232_interface
 .data.rel.ro.local
                0x000000000002ac60       0x18 build/cooja/mtype604.a(vib-sensor.o)
                0x000000000002ac60                vib_interface
                0x000000000002ac68                vib_sensor
 .data.rel.ro.local
                0x000000000002ac78        0x8 build/cooja/mtype604.a(clock.o)
                0x000000000002ac78                clock_interface
 .data.rel.ro.local
                0x000000000002ac80        0x8 build/cooja/mtype604.a(cooja-log.o)
                0x000000000002ac80                simlog_interface
 .data.rel.ro.local
                0x000000000002ac88        0x8 build/cooja/mtype604.a(cfs-cooja.o)
                0x000000000002ac88                cfs_interface
 *fill*         0x000000000002ac90       0x10 
 .data.rel.ro.local
                0x000000000002aca0       0x58 build/cooja/mtype604.a(cooja-radio.o)
                0x000000000002aca0                radio_interface
                0x000000000002acc0                cooja_radio_driver
 .data.rel.ro.local
                0x000000000002acf8        0x8 build/cooja/mtype604.a(eeprom.o)
                0x000000000002acf8                eeprom_interface
 .data.rel.ro.local
                0x000000000002ad00       0x18 build/cooja/mtype604.a(buttons.o)
                0x000000000002ad00                button_interface
                0x000000000002ad08                button_sensor
 .data.rel.ro.local
                0x000000000002ad18       0x1c build/cooja/mtype604.a(csma.o)
                0x000000000002ad18                csma_driver
 .data.rel.ro.local
                0x000000000002ad34       0x10 build/cooja/mtype604.a(sicslowpan.o)
                0x000000000002ad34                sicslowpan_driver
 .data.rel.ro.local
                0x000000000002ad44        0xc build/cooja/mtype604.a(framer-802154.o)
                0x000000000002ad44                framer_802154
 *(.data.rel.ro .data.rel.ro.* .gnu.linkonce.d.rel.ro.*)
 .data.rel.ro   0x000000000002ad50        0x0 /usr/lib/gcc/i686-linux-gnu/7/../../../i386-linux-gnu/crti.o
 *fill*         0x000000000002ad50       0x10 
 .data.rel.ro   0x000000000002ad60       0x54 build/cooja/mtype604.a(rpl.o)
                0x000000000002ad60                rpl_lite_driver
 .data.rel.ro   0x000000000002adb4        0x4 build/cooja/mtype604.a(rpl-dag.o)

.dynamic        0x000000000002adb8       0xf0
 *(.dynamic)
 .dynamic       0x000000000002adb8       0xf0 /usr/lib/gcc/i686-linux-gnu/7/../../../i386-linux-gnu/crti.o
                0x000000000002adb8                _DYNAMIC

.got            0x000000000002aea8      0x148
 *(.got)
 .got           0x000000000002aea8      0x148 /usr/lib/gcc/i686-linux-gnu/7/../../../i386-linux-gnu/crti.o
 *(.igot)
                0x000000000002aff4                . = DATA_SEGMENT_RELRO_END (., (SIZEOF (.got.plt) >= 0xc)?0xc:0x0)

.got.plt        0x000000000002b000      0x4b4
 *(.got.plt)
 .got.plt       0x000000000002b000      0x4b4 /usr/lib/gcc/i686-linux-gnu/7/../../../i386-linux-gnu/crti.o
                0x000000000002b000                _GLOBAL_OFFSET_TABLE_
 *(.igot.plt)

.data           0x000000000002b4c0      0x364
 *(.data .data.* .gnu.linkonce.d.*)
 .data          0x000000000002b4c0        0x0 /usr/lib/gcc/i686-linux-gnu/7/../../../i386-linux-gnu/crti.o
 .data          0x000000000002b4c0        0x0 /usr/lib/gcc/i686-linux-gnu/7/crtbeginS.o
 .data.rel.local
                0x000000000002b4c0        0x4 /usr/lib/gcc/i686-linux-gnu/7/crtbeginS.o
                0x000000000002b4c0                __dso_handle
 .data          0x000000000002b4c4        0x0 proximity-sensor.o
 .data.rel.local
                0x000000000002b4c4       0x10 proximity-sensor.o
                0x000000000002b4c4                udp_server_process
 .data          0x000000000002b4d4        0x0 build/cooja/mtype604.o
 *fill*         0x000000000002b4d4        0xc 
 .data.rel      0x000000000002b4e0       0x44 build/cooja/mtype604.o
                0x000000000002b4e0                simInterfaces
                0x000000000002b514                sensors
 .data          0x000000000002b524        0x0 build/cooja/mtype604.a(simEnvChange.o)
 .data          0x000000000002b524        0x0 build/cooja/mtype604.a(cooja_mt.o)
 .data          0x000000000002b524        0x0 build/cooja/mtype604.a(cooja_mtarch.o)
 .data          0x000000000002b524        0x0 build/cooja/mtype604.a(rtimer-arch.o)
 .data          0x000000000002b524        0x0 build/cooja/mtype604.a(beep.o)
 .data          0x000000000002b524        0x0 build/cooja/mtype604.a(leds-arch.o)
 .data          0x000000000002b524        0x0 build/cooja/mtype604.a(moteid.o)
 .data          0x000000000002b524        0x0 build/cooja/mtype604.a(pir-sensor.o)
 .data          0x000000000002b524        0x0 build/cooja/mtype604.a(rs232.o)
 .data          0x000000000002b524        0x0 build/cooja/mtype604.a(vib-sensor.o)
 .data          0x000000000002b524        0x0 build/cooja/mtype604.a(clock.o)
 .data          0x000000000002b524        0x0 build/cooja/mtype604.a(cooja-log.o)
 .data          0x000000000002b524        0x0 build/cooja/mtype604.a(cfs-cooja.o)
 .data          0x000000000002b524       0x1c build/cooja/mtype604.a(cooja-radio.o)
                0x000000000002b524                simRadioHWOn
                0x000000000002b528                simSignalStrength
                0x000000000002b52c                simLastSignalStrength
                0x000000000002b530                simPower
                0x000000000002b534                simRadioChannel
                0x000000000002b538                simLQI
 .data.rel.local
                0x000000000002b540       0x10 build/cooja/mtype604.a(cooja-radio.o)
                0x000000000002b540                cooja_radio_process
 .data          0x000000000002b550        0x0 build/cooja/mtype604.a(eeprom.o)
 .data          0x000000000002b550        0x0 build/cooja/mtype604.a(random.o)
 .data          0x000000000002b550        0x0 build/cooja/mtype604.a(sensors.o)
 .data.rel.local
                0x000000000002b550       0x10 build/cooja/mtype604.a(sensors.o)
                0x000000000002b550                sensors_process
 .data          0x000000000002b560        0x0 build/cooja/mtype604.a(leds.o)
 .data          0x000000000002b560        0x0 build/cooja/mtype604.a(gpio-hal-arch.o)
 .data          0x000000000002b560        0x1 build/cooja/mtype604.a(buttons.o)
                0x000000000002b560                simButtonIsActive
 *fill*         0x000000000002b561       0x1f 
 .data.rel.local
                0x000000000002b580       0x58 build/cooja/mtype604.a(buttons.o)
                0x000000000002b5d0                button_hal_buttons
 .data          0x000000000002b5d8        0x0 build/cooja/mtype604.a(contiki-main.o)
 .data          0x000000000002b5d8        0x0 build/cooja/mtype604.a(autostart.o)
 .data          0x000000000002b5d8        0x0 build/cooja/mtype604.a(ctimer.o)
 .data.rel.local
                0x000000000002b5d8       0x14 build/cooja/mtype604.a(ctimer.o)
                0x000000000002b5dc                ctimer_process
 .data          0x000000000002b5ec        0x0 build/cooja/mtype604.a(energest.o)
 .data          0x000000000002b5ec        0x0 build/cooja/mtype604.a(etimer.o)
 .data.rel.local
                0x000000000002b5ec       0x10 build/cooja/mtype604.a(etimer.o)
                0x000000000002b5ec                etimer_process
 .data          0x000000000002b5fc        0x4 build/cooja/mtype604.a(log.o)
                0x000000000002b5fc                curr_log_level_main
 .data.rel.local
                0x000000000002b600       0x9c build/cooja/mtype604.a(log.o)
                0x000000000002b600                all_modules
 .data          0x000000000002b69c        0x0 build/cooja/mtype604.a(rtimer.o)
 .data          0x000000000002b69c        0x0 build/cooja/mtype604.a(node-id.o)
 .data          0x000000000002b69c        0x0 build/cooja/mtype604.a(process.o)
 .data          0x000000000002b69c        0x0 build/cooja/mtype604.a(timer.o)
 .data          0x000000000002b69c        0x0 build/cooja/mtype604.a(list.o)
 .data          0x000000000002b69c        0x0 build/cooja/mtype604.a(button-hal.o)
 .data.rel.local
                0x000000000002b69c       0x10 build/cooja/mtype604.a(button-hal.o)
                0x000000000002b69c                button_hal_process
 .data          0x000000000002b6ac        0x0 build/cooja/mtype604.a(serial-line.o)
 .data.rel.local
                0x000000000002b6ac       0x10 build/cooja/mtype604.a(serial-line.o)
                0x000000000002b6ac                serial_line_process
 .data          0x000000000002b6bc        0x0 build/cooja/mtype604.a(gpio-hal.o)
 .data.rel.local
                0x000000000002b6bc        0x4 build/cooja/mtype604.a(gpio-hal.o)
 .data          0x000000000002b6c0        0x0 build/cooja/mtype604.a(queuebuf.o)
 .data.rel.local
                0x000000000002b6c0       0x18 build/cooja/mtype604.a(queuebuf.o)
 .data          0x000000000002b6d8        0x0 build/cooja/mtype604.a(packetbuf.o)
 .data.rel.local
                0x000000000002b6d8        0x4 build/cooja/mtype604.a(packetbuf.o)
 .data          0x000000000002b6dc        0x0 build/cooja/mtype604.a(netstack.o)
 .data.rel.local
                0x000000000002b6dc        0x4 build/cooja/mtype604.a(netstack.o)
 .data          0x000000000002b6e0        0x0 build/cooja/mtype604.a(linkaddr.o)
 .data          0x000000000002b6e0        0x0 build/cooja/mtype604.a(csma.o)
 .data          0x000000000002b6e0        0x0 build/cooja/mtype604.a(csma-output.o)
 .data.rel.local
                0x000000000002b6e0       0x28 build/cooja/mtype604.a(csma-output.o)
 .data          0x000000000002b708        0x0 build/cooja/mtype604.a(uip-ds6.o)
 .data          0x000000000002b708        0x0 build/cooja/mtype604.a(uip-udp-packet.)
 .data          0x000000000002b708        0x0 build/cooja/mtype604.a(uip-ds6-route.o)
 .data.rel.local
                0x000000000002b708       0x10 build/cooja/mtype604.a(uip-ds6-route.o)
 .data          0x000000000002b718        0x0 build/cooja/mtype604.a(uip-ds6-nbr.o)
 .data.rel.local
                0x000000000002b718       0x14 build/cooja/mtype604.a(uip-ds6-nbr.o)
 .data          0x000000000002b72c        0x0 build/cooja/mtype604.a(tcpip.o)
 .data.rel.local
                0x000000000002b72c       0x10 build/cooja/mtype604.a(tcpip.o)
                0x000000000002b72c                tcpip_process
 .data          0x000000000002b73c        0x0 build/cooja/mtype604.a(uip6.o)
 .data          0x000000000002b73c        0x0 build/cooja/mtype604.a(uip-nd6.o)
 .data.rel.local
                0x000000000002b73c        0xc build/cooja/mtype604.a(uip-nd6.o)
 .data          0x000000000002b748        0x0 build/cooja/mtype604.a(sicslowpan.o)
 .data          0x000000000002b748        0x0 build/cooja/mtype604.a(uiplib.o)
 .data          0x000000000002b748        0x0 build/cooja/mtype604.a(rpl.o)
 .data          0x000000000002b748        0x0 build/cooja/mtype604.a(rpl-icmp6.o)
 .data.rel.local
                0x000000000002b748       0x30 build/cooja/mtype604.a(rpl-icmp6.o)
 .data          0x000000000002b778        0x0 build/cooja/mtype604.a(rpl-dag.o)
 .data          0x000000000002b778        0x0 build/cooja/mtype604.a(rpl-dag-root.o)
 .data          0x000000000002b778        0x0 build/cooja/mtype604.a(watchdog.o)
 .data          0x000000000002b778        0x0 build/cooja/mtype604.a(int-master.o)
 .data          0x000000000002b778        0x0 build/cooja/mtype604.a(stimer.o)
 .data          0x000000000002b778        0x0 build/cooja/mtype604.a(memb.o)
 .data          0x000000000002b778        0x0 build/cooja/mtype604.a(assert.o)
 .data          0x000000000002b778        0x0 build/cooja/mtype604.a(ringbuf.o)
 .data          0x000000000002b778        0x0 build/cooja/mtype604.a(nbr-table.o)
 .data.rel.local
                0x000000000002b778       0x10 build/cooja/mtype604.a(nbr-table.o)
 .data          0x000000000002b788        0x0 build/cooja/mtype604.a(link-stats.o)
 .data.rel.local
                0x000000000002b788       0x14 build/cooja/mtype604.a(link-stats.o)
 .data          0x000000000002b79c        0x0 build/cooja/mtype604.a(mac-sequence.o)
 .data          0x000000000002b79c        0x0 build/cooja/mtype604.a(mac.o)
 .data          0x000000000002b79c        0x0 build/cooja/mtype604.a(framer-802154.o)
 .data          0x000000000002b79c        0x2 build/cooja/mtype604.a(frame802154.o)
 .data          0x000000000002b79e        0x0 build/cooja/mtype604.a(csma-security.o)
 .data          0x000000000002b79e        0x0 build/cooja/mtype604.a(uipbuf.o)
 .data          0x000000000002b79e        0x0 build/cooja/mtype604.a(uip-icmp6.o)
 *fill*         0x000000000002b79e        0x2 
 .data.rel.local
                0x000000000002b7a0       0x20 build/cooja/mtype604.a(uip-icmp6.o)
 .data          0x000000000002b7c0        0x0 build/cooja/mtype604.a(uip-sr.o)
 .data.rel.local
                0x000000000002b7c0       0x10 build/cooja/mtype604.a(uip-sr.o)
 .data          0x000000000002b7d0        0x0 build/cooja/mtype604.a(uip-packetqueue)
 .data.rel.local
                0x000000000002b7d0        0xc build/cooja/mtype604.a(uip-packetqueue)
 .data          0x000000000002b7dc        0x0 build/cooja/mtype604.a(rpl-nbr-policy.)
 .data          0x000000000002b7dc        0x0 build/cooja/mtype604.a(rpl-neighbor.o)
 .data.rel.local
                0x000000000002b7dc       0x14 build/cooja/mtype604.a(rpl-neighbor.o)
                0x000000000002b7ec                rpl_neighbors
 .data          0x000000000002b7f0        0x0 build/cooja/mtype604.a(rpl-timers.o)
 .data          0x000000000002b7f0        0x0 build/cooja/mtype604.a(rpl-ext-header.)
 .data          0x000000000002b7f0        0x0 build/cooja/mtype604.a(rpl-mrhof.o)
 *fill*         0x000000000002b7f0       0x10 
 .data.rel.local
                0x000000000002b800       0x24 build/cooja/mtype604.a(rpl-mrhof.o)
                0x000000000002b800                rpl_mrhof
 .data          0x000000000002b824        0x0 /usr/lib/i386-linux-gnu/libc_nonshared.a(stack_chk_fail_local.oS)
 .data          0x000000000002b824        0x0 /usr/lib/gcc/i686-linux-gnu/7/crtendS.o
 .data          0x000000000002b824        0x0 /usr/lib/gcc/i686-linux-gnu/7/../../../i386-linux-gnu/crtn.o

.tm_clone_table
                0x000000000002b824        0x0
 .tm_clone_table
                0x000000000002b824        0x0 /usr/lib/gcc/i686-linux-gnu/7/crtbeginS.o
 .tm_clone_table
                0x000000000002b824        0x0 /usr/lib/gcc/i686-linux-gnu/7/crtendS.o

.data1
 *(.data1)
                0x000000000002b824                _edata = .
                [!provide]                        PROVIDE (edata = .)
                0x000000000002b824                . = .
                0x000000000002b824                __bss_start = .

.bss            0x000000000002b840    0x13800
 *(.dynbss)
 .dynbss        0x000000000002b840        0x0 /usr/lib/gcc/i686-linux-gnu/7/../../../i386-linux-gnu/crti.o
 *(.bss .bss.* .gnu.linkonce.b.*)
 .bss           0x000000000002b840        0x0 /usr/lib/gcc/i686-linux-gnu/7/../../../i386-linux-gnu/crti.o
 .bss           0x000000000002b840        0x1 /usr/lib/gcc/i686-linux-gnu/7/crtbeginS.o
 *fill*         0x000000000002b841        0x3 
 .bss           0x000000000002b844       0x2b proximity-sensor.o
 *fill*         0x000000000002b86f       0x11 
 .bss           0x000000000002b880     0x2030 build/cooja/mtype604.o
 .bss           0x000000000002d8b0        0x1 build/cooja/mtype604.a(simEnvChange.o)
                0x000000000002d8b0                simDontFallAsleep
 *fill*         0x000000000002d8b1        0x3 
 .bss           0x000000000002d8b4        0x4 build/cooja/mtype604.a(cooja_mt.o)
 .bss           0x000000000002d8b8        0x4 build/cooja/mtype604.a(cooja_mtarch.o)
 .bss           0x000000000002d8bc        0x0 build/cooja/mtype604.a(rtimer-arch.o)
 .bss           0x000000000002d8bc        0x0 build/cooja/mtype604.a(beep.o)
 .bss           0x000000000002d8bc        0x1 build/cooja/mtype604.a(leds-arch.o)
                0x000000000002d8bc                simLedsValue
 .bss           0x000000000002d8bd        0x0 build/cooja/mtype604.a(moteid.o)
 .bss           0x000000000002d8bd        0x1 build/cooja/mtype604.a(pir-sensor.o)
                0x000000000002d8bd                simPirValue
 *fill*         0x000000000002d8be        0x2 
 .bss           0x000000000002d8c0        0x4 build/cooja/mtype604.a(rs232.o)
 .bss           0x000000000002d8c4        0x1 build/cooja/mtype604.a(vib-sensor.o)
                0x000000000002d8c4                simVibValue
 .bss           0x000000000002d8c5        0x0 build/cooja/mtype604.a(clock.o)
 *fill*         0x000000000002d8c5       0x1b 
 .bss           0x000000000002d8e0     0x2020 build/cooja/mtype604.a(cooja-log.o)
 .bss           0x000000000002f900      0xfc0 build/cooja/mtype604.a(cfs-cooja.o)
                0x000000000002f900                simCFSData
                0x00000000000308a0                simCFSSize
                0x00000000000308a4                simCFSChanged
                0x00000000000308a8                simCFSRead
                0x00000000000308ac                simCFSWritten
 .bss           0x00000000000308c0       0x24 build/cooja/mtype604.a(cooja-radio.o)
                0x00000000000308c0                simReceiving
                0x00000000000308c4                simInSize
                0x00000000000308c8                simLastPacketTimestamp
                0x00000000000308d0                simOutSize
 .bss           0x00000000000308e4        0xc build/cooja/mtype604.a(eeprom.o)
                0x00000000000308e4                simEEPROMChanged
                0x00000000000308e8                simEEPROMRead
                0x00000000000308ec                simEEPROMWritten
 .bss           0x00000000000308f0        0x0 build/cooja/mtype604.a(random.o)
 .bss           0x00000000000308f0        0xc build/cooja/mtype604.a(sensors.o)
 .bss           0x00000000000308fc        0x0 build/cooja/mtype604.a(leds.o)
 .bss           0x00000000000308fc       0x24 build/cooja/mtype604.a(gpio-hal-arch.o)
 .bss           0x0000000000030920        0x0 build/cooja/mtype604.a(buttons.o)
 .bss           0x0000000000030920        0x0 build/cooja/mtype604.a(contiki-main.o)
 .bss           0x0000000000030920        0x0 build/cooja/mtype604.a(autostart.o)
 .bss           0x0000000000030920        0x5 build/cooja/mtype604.a(ctimer.o)
 .bss           0x0000000000030925        0x0 build/cooja/mtype604.a(energest.o)
 *fill*         0x0000000000030925        0x3 
 .bss           0x0000000000030928        0x8 build/cooja/mtype604.a(etimer.o)
 .bss           0x0000000000030930       0x2c build/cooja/mtype604.a(log.o)
                0x0000000000030930                curr_log_level_rpl
                0x0000000000030934                curr_log_level_tcpip
                0x0000000000030938                curr_log_level_ipv6
                0x000000000003093c                curr_log_level_6lowpan
                0x0000000000030940                curr_log_level_nullnet
                0x0000000000030944                curr_log_level_mac
                0x0000000000030948                curr_log_level_framer
                0x000000000003094c                curr_log_level_6top
                0x0000000000030950                curr_log_level_coap
                0x0000000000030954                curr_log_level_snmp
                0x0000000000030958                curr_log_level_lwm2m
 .bss           0x000000000003095c        0x4 build/cooja/mtype604.a(rtimer.o)
 .bss           0x0000000000030960        0x2 build/cooja/mtype604.a(node-id.o)
                0x0000000000030960                node_id
 *fill*         0x0000000000030962       0x1e 
 .bss           0x0000000000030980      0x1a1 build/cooja/mtype604.a(process.o)
                0x0000000000030980                process_list
                0x0000000000030984                process_current
 .bss           0x0000000000030b21        0x0 build/cooja/mtype604.a(timer.o)
 .bss           0x0000000000030b21        0x0 build/cooja/mtype604.a(list.o)
 *fill*         0x0000000000030b21        0x3 
 .bss           0x0000000000030b24       0x10 build/cooja/mtype604.a(button-hal.o)
 *fill*         0x0000000000030b34        0xc 
 .bss           0x0000000000030b40      0x140 build/cooja/mtype604.a(serial-line.o)
 .bss           0x0000000000030c80        0x4 build/cooja/mtype604.a(gpio-hal.o)
 *fill*         0x0000000000030c84       0x1c 
 .bss           0x0000000000030ca0     0x2c80 build/cooja/mtype604.a(queuebuf.o)
 .bss           0x0000000000033920       0xa0 build/cooja/mtype604.a(packetbuf.o)
 .bss           0x00000000000339c0        0x4 build/cooja/mtype604.a(netstack.o)
 .bss           0x00000000000339c4        0x0 build/cooja/mtype604.a(linkaddr.o)
 .bss           0x00000000000339c4        0x0 build/cooja/mtype604.a(csma.o)
 *fill*         0x00000000000339c4       0x1c 
 .bss           0x00000000000339e0      0x726 build/cooja/mtype604.a(csma-output.o)
 *fill*         0x0000000000034106        0x2 
 .bss           0x0000000000034108       0x30 build/cooja/mtype604.a(uip-ds6.o)
 .bss           0x0000000000034138        0x0 build/cooja/mtype604.a(uip-udp-packet.)
 *fill*         0x0000000000034138        0x8 
 .bss           0x0000000000034140       0x60 build/cooja/mtype604.a(uip-ds6-route.o)
 .bss           0x00000000000341a0     0x1c20 build/cooja/mtype604.a(uip-ds6-nbr.o)
 .bss           0x0000000000035dc0       0x10 build/cooja/mtype604.a(tcpip.o)
 .bss           0x0000000000035dd0        0x8 build/cooja/mtype604.a(uip6.o)
                0x0000000000035dd0                uip_ext_bitmap
                0x0000000000035dd2                uip_ext_len
                0x0000000000035dd4                uip_last_proto
 .bss           0x0000000000035dd8       0x10 build/cooja/mtype604.a(uip-nd6.o)
 *fill*         0x0000000000035de8       0x18 
 .bss           0x0000000000035e00      0x724 build/cooja/mtype604.a(sicslowpan.o)
 .bss           0x0000000000036524        0x0 build/cooja/mtype604.a(uiplib.o)
 .bss           0x0000000000036524        0x1 build/cooja/mtype604.a(rpl.o)
 .bss           0x0000000000036525        0x0 build/cooja/mtype604.a(rpl-icmp6.o)
 .bss           0x0000000000036525        0x0 build/cooja/mtype604.a(rpl-dag.o)
 *fill*         0x0000000000036525        0x3 
 .bss           0x0000000000036528       0x11 build/cooja/mtype604.a(rpl-dag-root.o)
 .bss           0x0000000000036539        0x0 build/cooja/mtype604.a(watchdog.o)
 *fill*         0x0000000000036539        0x3 
 .bss           0x000000000003653c        0x4 build/cooja/mtype604.a(int-master.o)
 .bss           0x0000000000036540        0x0 build/cooja/mtype604.a(stimer.o)
 .bss           0x0000000000036540        0x0 build/cooja/mtype604.a(memb.o)
 .bss           0x0000000000036540        0x0 build/cooja/mtype604.a(assert.o)
 .bss           0x0000000000036540        0x0 build/cooja/mtype604.a(ringbuf.o)
 .bss           0x0000000000036540     0x1214 build/cooja/mtype604.a(nbr-table.o)
 *fill*         0x0000000000037754        0xc 
 .bss           0x0000000000037760      0xe10 build/cooja/mtype604.a(link-stats.o)
 *fill*         0x0000000000038570       0x10 
 .bss           0x0000000000038580      0x100 build/cooja/mtype604.a(mac-sequence.o)
 .bss           0x0000000000038680        0x0 build/cooja/mtype604.a(mac.o)
 .bss           0x0000000000038680        0x2 build/cooja/mtype604.a(framer-802154.o)
 .bss           0x0000000000038682        0x0 build/cooja/mtype604.a(frame802154.o)
 .bss           0x0000000000038682        0x0 build/cooja/mtype604.a(csma-security.o)
 *fill*         0x0000000000038682        0x2 
 .bss           0x0000000000038684       0x18 build/cooja/mtype604.a(uipbuf.o)
 .bss           0x000000000003869c       0x18 build/cooja/mtype604.a(uip-icmp6.o)
 *fill*         0x00000000000386b4        0xc 
 .bss           0x00000000000386c0     0x1d80 build/cooja/mtype604.a(uip-sr.o)
 .bss           0x000000000003a440      0xa78 build/cooja/mtype604.a(uip-packetqueue)
 .bss           0x000000000003aeb8        0xe build/cooja/mtype604.a(rpl-nbr-policy.)
 *fill*         0x000000000003aec6       0x1a 
 .bss           0x000000000003aee0      0x960 build/cooja/mtype604.a(rpl-neighbor.o)
 .bss           0x000000000003b840       0x40 build/cooja/mtype604.a(rpl-timers.o)
 .bss           0x000000000003b880        0x0 build/cooja/mtype604.a(rpl-ext-header.)
 .bss           0x000000000003b880        0x0 build/cooja/mtype604.a(rpl-mrhof.o)
 .bss           0x000000000003b880        0x0 /usr/lib/i386-linux-gnu/libc_nonshared.a(stack_chk_fail_local.oS)
 .bss           0x000000000003b880        0x0 /usr/lib/gcc/i686-linux-gnu/7/crtendS.o
 .bss           0x000000000003b880        0x0 /usr/lib/gcc/i686-linux-gnu/7/../../../i386-linux-gnu/crtn.o
 *(COMMON)
 COMMON         0x000000000003b880        0x8 build/cooja/mtype604.o
                0x000000000003b880                referenceVar
                0x000000000003b884                sensors_flags
 COMMON         0x000000000003b888        0xc build/cooja/mtype604.a(simEnvChange.o)
                0x000000000003b888                simEtimerPending
                0x000000000003b88c                simProcessRunValue
                0x000000000003b890                simEtimerNextExpirationTime
 *fill*         0x000000000003b894        0x4 
 COMMON         0x000000000003b898       0x18 build/cooja/mtype604.a(rtimer-arch.o)
                0x000000000003b898                simRtimerPending
                0x000000000003b8a0                simRtimerCurrentTicks
                0x000000000003b8a8                simRtimerNextExpirationTime
 COMMON         0x000000000003b8b0        0x1 build/cooja/mtype604.a(beep.o)
                0x000000000003b8b0                simBeeped
 *fill*         0x000000000003b8b1        0x3 
 COMMON         0x000000000003b8b4        0xc build/cooja/mtype604.a(moteid.o)
                0x000000000003b8b4                simRandomSeed
                0x000000000003b8b8                simMoteIDChanged
                0x000000000003b8bc                simMoteID
 COMMON         0x000000000003b8c0        0x2 build/cooja/mtype604.a(pir-sensor.o)
                0x000000000003b8c0                simPirIsActive
                0x000000000003b8c1                simPirChanged
 *fill*         0x000000000003b8c2       0x1e 
 COMMON         0x000000000003b8e0      0x820 build/cooja/mtype604.a(rs232.o)
                0x000000000003b8e0                simSerialReceivingFlag
                0x000000000003b8e4                simSerialReceivingLength
                0x000000000003b900                simSerialReceivingData
 COMMON         0x000000000003c100        0x2 build/cooja/mtype604.a(vib-sensor.o)
                0x000000000003c100                simVibChanged
                0x000000000003c101                simVibIsActive
 *fill*         0x000000000003c102        0x2 
 COMMON         0x000000000003c104        0x4 build/cooja/mtype604.a(clock.o)
                0x000000000003c104                simCurrentTime
 *fill*         0x000000000003c108       0x18 
 COMMON         0x000000000003c120     0x2020 build/cooja/mtype604.a(cooja-log.o)
                0x000000000003c120                simLoggedLength
                0x000000000003c124                simLoggedFlag
                0x000000000003c140                simLoggedData
 COMMON         0x000000000003e140       0xfd build/cooja/mtype604.a(cooja-radio.o)
                0x000000000003e140                simOutDataBuffer
                0x000000000003e1c0                simInDataBuffer
 *fill*         0x000000000003e23d        0x3 
 COMMON         0x000000000003e240      0x400 build/cooja/mtype604.a(eeprom.o)
                0x000000000003e240                simEEPROMData
 COMMON         0x000000000003e640        0x1 build/cooja/mtype604.a(sensors.o)
                0x000000000003e640                sensors_event
 COMMON         0x000000000003e641        0x2 build/cooja/mtype604.a(buttons.o)
                0x000000000003e641                simButtonIsDown
                0x000000000003e642                simButtonChanged
 COMMON         0x000000000003e643        0x3 build/cooja/mtype604.a(button-hal.o)
                0x000000000003e643                button_hal_periodic_event
                0x000000000003e644                button_hal_press_event
                0x000000000003e645                button_hal_release_event
 COMMON         0x000000000003e646        0x1 build/cooja/mtype604.a(serial-line.o)
                0x000000000003e646                serial_line_event_message
 *fill*         0x000000000003e647        0x1 
 COMMON         0x000000000003e648       0x2c build/cooja/mtype604.a(packetbuf.o)
                0x000000000003e648                packetbuf_attrs
                0x000000000003e664                packetbuf_addrs
 COMMON         0x000000000003e674        0x8 build/cooja/mtype604.a(linkaddr.o)
                0x000000000003e674                linkaddr_node_addr
 *fill*         0x000000000003e67c        0x4 