Archive member included to satisfy reference by file (symbol)

build/cooja/mtype702.a(simEnvChange.o)
                              build/cooja/mtype702.o (simDontFallAsleep)
build/cooja/mtype702.a(cooja_mt.o)
                              build/cooja/mtype702.o (cooja_mt_start)
build/cooja/mtype702.a(cooja_mtarch.o)
                              build/cooja/mtype702.a(cooja_mt.o) (cooja_mtarch_start)
build/cooja/mtype702.a(rtimer-arch.o)
                              build/cooja/mtype702.o (rtimer_arch_check)
build/cooja/mtype702.a(beep.o)
                              build/cooja/mtype702.o (beep_interface)
build/cooja/mtype702.a(leds-arch.o)
                              build/cooja/mtype702.o (leds_interface)
build/cooja/mtype702.a(moteid.o)
                              build/cooja/mtype702.o (moteid_interface)
build/cooja/mtype702.a(pir-sensor.o)
                              build/cooja/mtype702.o (pir_interface)
build/cooja/mtype702.a(rs232.o)
                              build/cooja/mtype702.o (rs232_interface)
build/cooja/mtype702.a(vib-sensor.o)
                              build/cooja/mtype702.o (vib_interface)
build/cooja/mtype702.a(clock.o)
                              build/cooja/mtype702.o (clock_interface)
build/cooja/mtype702.a(cooja-log.o)
                              build/cooja/mtype702.o (simlog_interface)
build/cooja/mtype702.a(cfs-cooja.o)
                              build/cooja/mtype702.o (cfs_interface)
build/cooja/mtype702.a(cooja-radio.o)
                              build/cooja/mtype702.o (radio_interface)
build/cooja/mtype702.a(eeprom.o)
                              build/cooja/mtype702.o (eeprom_interface)
build/cooja/mtype702.a(random.o)
                              build/cooja/mtype702.a(moteid.o) (random_init)
build/cooja/mtype702.a(sensors.o)
                              build/cooja/mtype702.a(pir-sensor.o) (sensors_changed)
build/cooja/mtype702.a(leds.o)
                              build/cooja/mtype702.a(leds-arch.o) (leds_get)
build/cooja/mtype702.a(gpio-hal-arch.o)
                              build/cooja/mtype702.a(leds-arch.o) (gpio_hal_arch_register_pin_callback)
build/cooja/mtype702.a(buttons.o)
                              build/cooja/mtype702.o (button_interface)
build/cooja/mtype702.a(contiki-main.o)
                              build/cooja/mtype702.o (main)
build/cooja/mtype702.a(autostart.o)
                              build/cooja/mtype702.a(contiki-main.o) (autostart_start)
build/cooja/mtype702.a(ctimer.o)
                              build/cooja/mtype702.a(contiki-main.o) (ctimer_init)
build/cooja/mtype702.a(energest.o)
                              build/cooja/mtype702.a(contiki-main.o) (energest_init)
build/cooja/mtype702.a(etimer.o)
                              build/cooja/mtype702.a(contiki-main.o) (etimer_process)
build/cooja/mtype702.a(log.o)
                              build/cooja/mtype702.a(contiki-main.o) (curr_log_level_main)
build/cooja/mtype702.a(rtimer.o)
                              build/cooja/mtype702.a(contiki-main.o) (rtimer_init)
build/cooja/mtype702.a(node-id.o)
                              build/cooja/mtype702.a(contiki-main.o) (node_id)
build/cooja/mtype702.a(process.o)
                              build/cooja/mtype702.a(ctimer.o) (process_current)
build/cooja/mtype702.a(timer.o)
                              build/cooja/mtype702.a(etimer.o) (timer_set)
build/cooja/mtype702.a(list.o)
                              build/cooja/mtype702.a(ctimer.o) (list_init)
build/cooja/mtype702.a(button-hal.o)
                              build/cooja/mtype702.o (button_hal_init)
build/cooja/mtype702.a(serial-line.o)
                              build/cooja/mtype702.a(rs232.o) (serial_line_input_byte)
build/cooja/mtype702.a(gpio-hal.o)
                              build/cooja/mtype702.a(button-hal.o) (gpio_hal_register_handler)
build/cooja/mtype702.a(queuebuf.o)
                              build/cooja/mtype702.a(contiki-main.o) (queuebuf_init)
build/cooja/mtype702.a(packetbuf.o)
                              build/cooja/mtype702.a(cooja-radio.o) (packetbuf_clear)
build/cooja/mtype702.a(netstack.o)
                              build/cooja/mtype702.a(contiki-main.o) (netstack_init)
build/cooja/mtype702.a(linkaddr.o)
                              build/cooja/mtype702.a(contiki-main.o) (linkaddr_node_addr)
build/cooja/mtype702.a(csma.o)
                              build/cooja/mtype702.a(cooja-radio.o) (csma_driver)
build/cooja/mtype702.a(csma-output.o)
                              build/cooja/mtype702.a(csma.o) (csma_output_packet)
build/cooja/mtype702.a(uip-ds6.o)
                              build/cooja/mtype702.a(contiki-main.o) (uip_ds6_get_link_local)
build/cooja/mtype702.a(uip-udp-packet.)
                              door.o (uip_udp_packet_send)
build/cooja/mtype702.a(uip-ds6-route.o)
                              build/cooja/mtype702.a(uip-ds6.o) (uip_ds6_route_init)
build/cooja/mtype702.a(uip-ds6-nbr.o)
[...]
Memory Configuration

Name             Origin             Length             Attributes
*default*        0x0000000000000000 0xffffffffffffffff

Linker script and memory map

LOAD /usr/lib/gcc/i686-linux-gnu/7/../../../i386-linux-gnu/crti.o
LOAD /usr/lib/gcc/i686-linux-gnu/7/crtbeginS.o
LOAD door.o
LOAD build/cooja/mtype702.o
LOAD build/cooja/mtype702.a
LOAD /usr/lib/gcc/i686-linux-gnu/7/libgcc.a
LOAD /usr/lib/gcc/i686-linux-gnu/7/libgcc_s.so
START GROUP
LOAD /usr/lib/gcc/i686-linux-gnu/7/libgcc_s.so.1
LOAD /usr/lib/gcc/i686-linux-gnu/7/libgcc.a
END GROUP
LOAD /usr/lib/gcc/i686-linux-gnu/7/../../../i386-linux-gnu/libc.so
START GROUP
LOAD /lib/i386-linux-gnu/libc.so.6
LOAD /usr/lib/i386-linux-gnu/libc_nonshared.a
LOAD /lib/i386-linux-gnu/ld-linux.so.2
END GROUP
LOAD /usr/lib/gcc/i686-linux-gnu/7/libgcc.a
LOAD /usr/lib/gcc/i686-linux-gnu/7/libgcc_s.so
START GROUP
LOAD /usr/lib/gcc/i686-linux-gnu/7/libgcc_s.so.1
LOAD /usr/lib/gcc/i686-linux-gnu/7/libgcc.a
END GROUP
LOAD /usr/lib/gcc/i686-linux-gnu/7/crtendS.o
LOAD /usr/lib/gcc/i686-linux-gnu/7/../../../i386-linux-gnu/crtn.o
                0x0000000000000114                . = (SEGMENT_START ("text-segment", 0x0) + SIZEOF_HEADERS)

.note.gnu.build-id
                0x0000000000000114       0x24
 *(.note.gnu.build-id)
 .note.gnu.build-id
                0x0000000000000114       0x24 /usr/lib/gcc/i686-linux-gnu/7/../../../i386-linux-gnu/crti.o

.hash
 *(.hash)

.gnu.hash       0x0000000000000138     0x140c
 *(.gnu.hash)
 .gnu.hash      0x0000000000000138     0x140c /usr/lib/gcc/i686-linux-gnu/7/../../../i386-linux-gnu/crti.o

.dynsym         0x0000000000001544     0x2880
 *(.dynsym)
 .dynsym        0x0000000000001544     0x2880 /usr/lib/gcc/i686-linux-gnu/7/../../../i386-linux-gnu/crti.o

.dynstr         0x0000000000003dc4     0x2ddf
 *(.dynstr)
 .dynstr        0x0000000000003dc4     0x2ddf /usr/lib/gcc/i686-linux-gnu/7/../../../i386-linux-gnu/crti.o

.gnu.version    0x0000000000006ba4      0x510
 *(.gnu.version)
 .gnu.version   0x0000000000006ba4      0x510 /usr/lib/gcc/i686-linux-gnu/7/../../../i386-linux-gnu/crti.o

.gnu.version_d  0x00000000000070b4        0x0
 *(.gnu.version_d)
 .gnu.version_d
                0x00000000000070b4        0x0 /usr/lib/gcc/i686-linux-gnu/7/../../../i386-linux-gnu/crti.o

.gnu.version_r  0x00000000000070b4       0x40
 *(.gnu.version_r)
 .gnu.version_r
                0x00000000000070b4       0x40 /usr/lib/gcc/i686-linux-gnu/7/../../../i386-linux-gnu/crti.o

.rel.dyn        0x00000000000070f4      0xd90
 *(.rel.init)
 .rel.init      0x00000000000070f4        0x0 /usr/lib/gcc/i686-linux-gnu/7/../../../i386-linux-gnu/crti.o
 *(.rel.text .rel.text.* .rel.gnu.linkonce.t.*)
 .rel.text      0x00000000000070f4      0x4e0 /usr/lib/gcc/i686-linux-gnu/7/../../../i386-linux-gnu/crti.o
 *(.rel.fini)
 .rel.fini      0x00000000000075d4        0x0 /usr/lib/gcc/i686-linux-gnu/7/../../../i386-linux-gnu/crti.o
 *(.rel.rodata .rel.rodata.* .rel.gnu.linkonce.r.*)
 *(.rel.data.rel.ro .rel.data.rel.ro.* .rel.gnu.linkonce.d.rel.ro.*)
 .rel.data.rel.ro.local
                0x00000000000075d4      0x208 /usr/lib/gcc/i686-linux-gnu/7/../../../i386-linux-gnu/crti.o
 .rel.data.rel.ro
                0x00000000000077dc       0xb0 /usr/lib/gcc/i686-linux-gnu/7/../../../i386-linux-gnu/crti.o
 *(.rel.data .rel.data.* .rel.gnu.linkonce.d.*)
 .rel.data.rel.local
                0x000000000000788c      0x2e0 /usr/lib/gcc/i686-linux-gnu/7/../../../i386-linux-gnu/crti.o
 .rel.data.rel  0x0000000000007b6c       0x78 /usr/lib/gcc/i686-linux-gnu/7/../../../i386-linux-gnu/crti.o
 *(.rel.tdata .rel.tdata.* .rel.gnu.linkonce.td.*)
 *(.rel.tbss .rel.tbss.* .rel.gnu.linkonce.tb.*)
 *(.rel.ctors)
 *(.rel.dtors)
 *(.rel.got)
 .rel.got       0x0000000000007be4      0x290 /usr/lib/gcc/i686-linux-gnu/7/../../../i386-linux-gnu/crti.o
 *(.rel.bss .rel.bss.* .rel.gnu.linkonce.b.*)
 *(.rel.ifunc)
 .rel.ifunc     0x0000000000007e74        0x0 /usr/lib/gcc/i686-linux-gnu/7/../../../i386-linux-gnu/crti.o
 .rel.fini_array
                0x0000000000007e74        0x8 /usr/lib/gcc/i686-linux-gnu/7/../../../i386-linux-gnu/crti.o
 .rel.init_array
                0x0000000000007e7c        0x8 /usr/lib/gcc/i686-linux-gnu/7/../../../i386-linux-gnu/crti.o

.rel.plt        0x0000000000007e84      0x950
 *(.rel.plt)
 .rel.plt       0x0000000000007e84      0x950 /usr/lib/gcc/i686-linux-gnu/7/../../../i386-linux-gnu/crti.o
 *(.rel.iplt)

.init           0x00000000000087d4       0x23
 *(SORT_NONE(.init))
 .init          0x00000000000087d4       0x1e /usr/lib/gcc/i686-linux-gnu/7/../../../i386-linux-gnu/crti.o
                0x00000000000087d4                _init
 .init          0x00000000000087f2        0x5 /usr/lib/gcc/i686-linux-gnu/7/../../../i386-linux-gnu/crtn.o

.plt            0x0000000000008800     0x12b0
 *(.plt)
 .plt           0x0000000000008800     0x12b0 /usr/lib/gcc/i686-linux-gnu/7/../../../i386-linux-gnu/crti.o
 *(.iplt)

.plt.got        0x0000000000009ab0       0x18
 *(.plt.got)
 .plt.got       0x0000000000009ab0       0x18 /usr/lib/gcc/i686-linux-gnu/7/../../../i386-linux-gnu/crti.o

.plt.sec
 *(.plt.sec)

.text           0x0000000000009ad0    0x17c04
 *(.text.unlikely .text.*_unlikely .text.unlikely.*)
 *(.text.exit .text.exit.*)
 *(.text.startup .text.startup.*)
 *(.text.hot .text.hot.*)
 *(.text .stub .text.* .gnu.linkonce.t.*)
 .text          0x0000000000009ad0        0x0 /usr/lib/gcc/i686-linux-gnu/7/../../../i386-linux-gnu/crti.o
 .gnu.linkonce.t.__x86.get_pc_thunk.bx
                0x0000000000009ad0        0x4 /usr/lib/gcc/i686-linux-gnu/7/../../../i386-linux-gnu/crti.o
                0x0000000000009ad0                __x86.get_pc_thunk.bx
 *fill*         0x0000000000009ad4        0xc 
 .text          0x0000000000009ae0       0xe9 /usr/lib/gcc/i686-linux-gnu/7/crtbeginS.o
 .text.__x86.get_pc_thunk.dx
                0x0000000000009bc9        0x4 /usr/lib/gcc/i686-linux-gnu/7/crtbeginS.o
                0x0000000000009bc9                __x86.get_pc_thunk.dx
 .text          0x0000000000009bcd      0x6ea door.o
                0x0000000000009bcd                datagram_encode
                0x0000000000009c74                datagram_decode
 .text.__x86.get_pc_thunk.ax
                0x000000000000a2b7        0x4 door.o
                0x000000000000a2b7                __x86.get_pc_thunk.ax
 .text          0x000000000000a2bb      0x36b build/cooja/mtype702.o
                0x000000000000a36d                platform_init_stage_one
                0x000000000000a390                platform_init_stage_two
                0x000000000000a3b3                platform_init_stage_three
                0x000000000000a3d6                platform_main_loop
                0x000000000000a47c                Java_org_contikios_cooja_corecomm_Lib4_init
                0x000000000000a4ca                Java_org_contikios_cooja_corecomm_Lib4_getMemory
                0x000000000000a50a                Java_org_contikios_cooja_corecomm_Lib4_setMemory
                0x000000000000a57b                Java_org_contikios_cooja_corecomm_Lib4_tick
                0x000000000000a605                Java_org_contikios_cooja_corecomm_Lib4_setReferenceAddress
 .text          0x000000000000a626       0x8d build/cooja/mtype702.a(simEnvChange.o)
                0x000000000000a626                doActionsBeforeTick
                0x000000000000a66c                doActionsAfterTick
 .text          0x000000000000a6b3       0xb6 build/cooja/mtype702.a(cooja_mt.o)
                0x000000000000a6b3                cooja_mt_start
                0x000000000000a6ed                cooja_mt_exec
                0x000000000000a734                cooja_mt_yield
 .text          0x000000000000a769       0xf2 build/cooja/mtype702.a(cooja_mtarch.o)
                0x000000000000a769                cooja_mtarch_start
                0x000000000000a7ed                cooja_sw
                0x000000000000a81b                cooja_mtarch_exec
                0x000000000000a846                cooja_mtarch_yield
 .text          0x000000000000a85b      0x127 build/cooja/mtype702.a(rtimer-arch.o)
                0x000000000000a85b                rtimer_arch_init
                0x000000000000a88a                rtimer_arch_schedule
                0x000000000000a8cc                rtimer_arch_next
                0x000000000000a8e6                rtimer_arch_pending
                0x000000000000a8fd                rtimer_arch_check
                0x000000000000a968                rtimer_arch_now
 .text.__x86.get_pc_thunk.cx
                0x000000000000a982        0x4 build/cooja/mtype702.a(rtimer-arch.o)
                0x000000000000a982                __x86.get_pc_thunk.cx
 .text          0x000000000000a986      0x101 build/cooja/mtype702.a(beep.o)
                0x000000000000a986                beep_alarm
                0x000000000000a99f                beep_beep
                0x000000000000a9b8                beep
                0x000000000000a9d1                beep_down
                0x000000000000a9ea                beep_on
                0x000000000000aa03                beep_off
                0x000000000000aa1c                beep_spinup
                0x000000000000aa35                beep_quick
                0x000000000000aa4e                beep_long
 .text          0x000000000000aa87       0x9f build/cooja/mtype702.a(leds-arch.o)
                0x000000000000aaab                leds_arch_init
 .text          0x000000000000ab26       0x56 build/cooja/mtype702.a(moteid.o)
 .text          0x000000000000ab7c      0x101 build/cooja/mtype702.a(pir-sensor.o)
 .text          0x000000000000ac7d      0x1cc build/cooja/mtype702.a(rs232.o)
                0x000000000000ac7d                rs232_init
                0x000000000000ac8d                rs232_set_speed
                0x000000000000aca6                rs232_set_input
                0x000000000000acbf                rs232_send
                0x000000000000acf5                rs232_print
                0x000000000000ad23                slip_arch_writeb
 .text          0x000000000000ae49      0x101 build/cooja/mtype702.a(vib-sensor.o)
 .text          0x000000000000af4a       0x7a build/cooja/mtype702.a(clock.o)
                0x000000000000af4a                clock_init
                0x000000000000af5a                clock_time
                0x000000000000af71                clock_seconds
                0x000000000000af94                clock_delay
 .text          0x000000000000afc4      0x2b5 build/cooja/mtype702.a(cooja-log.o)
                0x000000000000afc4                simlog_char
                0x000000000000b028                simlog
                0x000000000000b0c2                log_message
                0x000000000000b111                log_set_putchar_with_slip
                0x000000000000b12a                log_putchar
                0x000000000000b1b5                log_puts
                0x000000000000b1e7                log_printf
 .text          0x000000000000b279      0x36c build/cooja/mtype702.a(cfs-cooja.o)
                0x000000000000b279                cfs_open
                0x000000000000b2f1                cfs_close
                0x000000000000b308                cfs_read
                0x000000000000b3bc                cfs_write
                0x000000000000b4ba                cfs_seek
                0x000000000000b557                cfs_remove
                0x000000000000b58d                cfs_opendir
                0x000000000000b5a1                cfs_readdir
                0x000000000000b5b5                cfs_closedir
 .text          0x000000000000b5e5      0x785 build/cooja/mtype702.a(cooja-radio.o)
                0x000000000000b653                radio_set_channel
                0x000000000000b66c                radio_set_txpower
                0x000000000000b68f                radio_signal_strength_last
                0x000000000000b6a4                radio_signal_strength_current
                0x000000000000b6b9                radio_LQI
 .text          0x000000000000bd6a      0x130 build/cooja/mtype702.a(eeprom.o)
                0x000000000000bd6a                eeprom_init
                0x000000000000bd7a                eeprom_read
                0x000000000000bdfa                eeprom_write
 .text          0x000000000000be9a       0x4e build/cooja/mtype702.a(random.o)
                0x000000000000be9a                random_init
                0x000000000000beca                random_rand
 .text          0x000000000000bee8      0x332 build/cooja/mtype702.a(sensors.o)
                0x000000000000bf2f                sensors_first
                0x000000000000bf46                sensors_next
                0x000000000000bf71                sensors_changed
                0x000000000000bfbe                sensors_find
 .text          0x000000000000c21a      0x3fc build/cooja/mtype702.a(leds.o)
                0x000000000000c21a                leds_init
                0x000000000000c272                leds_single_on
                0x000000000000c2ea                leds_single_off
                0x000000000000c362                leds_single_toggle
                0x000000000000c3a6                leds_on
                0x000000000000c43e                leds_off
                0x000000000000c4d6                leds_toggle
                0x000000000000c53c                leds_set
                0x000000000000c572                leds_get
 .text          0x000000000000c616      0x401 build/cooja/mtype702.a(gpio-hal-arch.o)
                0x000000000000c616                gpio_hal_arch_register_pin_callback
                0x000000000000c697                gpio_hal_arch_init
                0x000000000000c6f1                gpio_hal_arch_no_port_interrupt_enable
                0x000000000000c72b                gpio_hal_arch_no_port_interrupt_disable
                0x000000000000c765                gpio_hal_arch_no_port_pin_cfg_set
                0x000000000000c794                gpio_hal_arch_no_port_pin_cfg_get
                0x000000000000c7c4                gpio_hal_arch_no_port_pin_set_input
                0x000000000000c7e0                gpio_hal_arch_no_port_pin_set_output
                0x000000000000c7fc                gpio_hal_arch_no_port_set_pin
                0x000000000000c827                gpio_hal_arch_no_port_clear_pin
                0x000000000000c852                gpio_hal_arch_no_port_read_pin
                0x000000000000c884                gpio_hal_arch_no_port_write_pin
                0x000000000000c8b8                gpio_hal_arch_no_port_set_pins
                0x000000000000c909                gpio_hal_arch_no_port_clear_pins
                0x000000000000c95a                gpio_hal_arch_no_port_read_pins
                0x000000000000c9ad                gpio_hal_arch_no_port_write_pins
 .text          0x000000000000ca17       0xc6 build/cooja/mtype702.a(buttons.o)
 .text          0x000000000000cadd      0x3c1 build/cooja/mtype702.a(contiki-main.o)
                0x000000000000cadd                main
 .text          0x000000000000ce9e       0xb0 build/cooja/mtype702.a(autostart.o)
                0x000000000000ce9e                autostart_start
                0x000000000000cef7                autostart_exit
 .text          0x000000000000cf4e      0x400 build/cooja/mtype702.a(ctimer.o)
                0x000000000000d091                ctimer_init
                0x000000000000d0d6                ctimer_set
                0x000000000000d109                ctimer_set_with_process
                0x000000000000d1a0                ctimer_reset
                0x000000000000d20e                ctimer_restart
                0x000000000000d27c                ctimer_stop
                0x000000000000d2dc                ctimer_expired
 .text          0x000000000000d34e       0x39 build/cooja/mtype702.a(energest.o)
                0x000000000000d34e                energest_init
                0x000000000000d35e                energest_flush
                0x000000000000d36e                energest_get_total_time
 .text          0x000000000000d387      0x527 build/cooja/mtype702.a(etimer.o)
                0x000000000000d5dc                etimer_request_poll
                0x000000000000d68d                etimer_set
                0x000000000000d6c6                etimer_reset_with_new_interval
                0x000000000000d705                etimer_reset
                0x000000000000d73b                etimer_restart
                0x000000000000d771                etimer_adjust
                0x000000000000d798                etimer_expired
                0x000000000000d7b5                etimer_expiration_time
                0x000000000000d7d1                etimer_start_time
                0x000000000000d7e5                etimer_pending
                0x000000000000d802                etimer_next_expiration_time
                0x000000000000d82a                etimer_stop
 .text          0x000000000000d8ae      0x4a3 build/cooja/mtype702.a(log.o)
                0x000000000000d8ae                log_6addr
                0x000000000000d912                log_6addr_compact_snprint
                0x000000000000d9d2                log_6addr_compact
                0x000000000000da36                log_lladdr
                0x000000000000dabd                log_lladdr_compact
                0x000000000000db3a                log_bytes
                0x000000000000db8e                log_set_level
                0x000000000000dc6c                log_get_level
                0x000000000000dcfd                log_level_to_str
 .text          0x000000000000dd51      0x122 build/cooja/mtype702.a(rtimer.o)
                0x000000000000dd51                rtimer_init
                0x000000000000dd70                rtimer_set
                0x000000000000ddfe                rtimer_run_next
 .text          0x000000000000de73       0x36 build/cooja/mtype702.a(node-id.o)
                0x000000000000de73                node_id_init
 .text          0x000000000000dea9      0x5cb build/cooja/mtype702.a(process.o)
                0x000000000000dea9                process_alloc_event
                0x000000000000deca                process_start
                0x000000000000e0cf                process_exit
                0x000000000000e0f7                process_init
                0x000000000000e2bf                process_run
                0x000000000000e302                process_nevents
                0x000000000000e327                process_post
                0x000000000000e3d4                process_post_synch
                0x000000000000e41a                process_poll
                0x000000000000e456                process_is_running
 .text.__x86.get_pc_thunk.si
                0x000000000000e474        0x4 build/cooja/mtype702.a(process.o)
                0x000000000000e474                __x86.get_pc_thunk.si
 .text          0x000000000000e478       0xf6 build/cooja/mtype702.a(timer.o)
                0x000000000000e478                timer_set
                0x000000000000e4a7                timer_reset
                0x000000000000e4de                timer_restart
                0x000000000000e504                timer_expired
                0x000000000000e542                timer_remaining
 .text          0x000000000000e56e      0x311 build/cooja/mtype702.a(list.o)
                0x000000000000e56e                list_init
                0x000000000000e587                list_head
                0x000000000000e59b                list_copy
                0x000000000000e5b5                list_tail
                0x000000000000e5f5                list_add
                0x000000000000e64b                list_push
                0x000000000000e681                list_chop
                0x000000000000e6f5                list_pop
                0x000000000000e727                list_remove
                0x000000000000e799                list_length
                0x000000000000e7d1                list_insert
                0x000000000000e820                list_item_next
                0x000000000000e841                list_contains
 .text          0x000000000000e87f      0x566 build/cooja/mtype702.a(button-hal.o)
                0x000000000000ea73                button_hal_get_by_id
                0x000000000000eabd                button_hal_get_by_index
                0x000000000000eaf7                button_hal_get_state
                0x000000000000eb59                button_hal_init
 .text          0x000000000000ede5      0x242 build/cooja/mtype702.a(serial-line.o)
                0x000000000000ede5                serial_line_input_byte
                0x000000000000efdd                serial_line_init
 .text          0x000000000000f027      0x1d6 build/cooja/mtype702.a(gpio-hal.o)
                0x000000000000f027                gpio_hal_register_handler
                0x000000000000f055                gpio_hal_event_handler
                0x000000000000f0c2                gpio_hal_init
                0x000000000000f0f1                gpio_hal_arch_port_toggle_pin
                0x000000000000f13c                gpio_hal_arch_port_toggle_pins
                0x000000000000f179                gpio_hal_arch_no_port_toggle_pin
                0x000000000000f1c6                gpio_hal_arch_no_port_toggle_pins
 .text          0x000000000000f1fd      0x3a9 build/cooja/mtype702.a(queuebuf.o)
                0x000000000000f211                queuebuf_init
                0x000000000000f24d                queuebuf_numfree
                0x000000000000f277                queuebuf_new_from_packetbuf
                0x000000000000f32b                queuebuf_update_attr_from_packetbuf
                0x000000000000f36f                queuebuf_update_from_packetbuf
                0x000000000000f3ce                queuebuf_free
                0x000000000000f42c                queuebuf_to_packetbuf
                0x000000000000f4a9                queuebuf_dataptr
                0x000000000000f4f5                queuebuf_datalen
                0x000000000000f522                queuebuf_addr
                0x000000000000f561                queuebuf_attr
                0x000000000000f596                queuebuf_debug_print
 .text          0x000000000000f5a6      0x4dd build/cooja/mtype702.a(packetbuf.o)
                0x000000000000f5a6                packetbuf_clear
                0x000000000000f5dc                packetbuf_copyfrom
                0x000000000000f63c                packetbuf_copyto
                0x000000000000f6da                packetbuf_hdralloc
                0x000000000000f76a                packetbuf_hdrreduce
                0x000000000000f7bc                packetbuf_set_datalen
                0x000000000000f7e1                packetbuf_dataptr
                0x000000000000f808                packetbuf_hdrptr
                0x000000000000f81d                packetbuf_datalen
                0x000000000000f833                packetbuf_hdrlen
                0x000000000000f852                packetbuf_totlen
                0x000000000000f872                packetbuf_remaininglen
                0x000000000000f88f                packetbuf_attr_clear
                0x000000000000f8f5                packetbuf_attr_copyto
                0x000000000000f93b                packetbuf_attr_copyfrom
                0x000000000000f981                packetbuf_set_attr
                0x000000000000f9b7                packetbuf_attr
                0x000000000000f9dd                packetbuf_set_addr
                0x000000000000fa25                packetbuf_addr
                0x000000000000fa4f                packetbuf_holds_broadcast
 .text          0x000000000000fa83      0x13c build/cooja/mtype702.a(netstack.o)
                0x000000000000fa83                netstack_process_ip_callback
                0x000000000000fb24                netstack_ip_packet_processor_add
                0x000000000000fb58                uip_ds6_ip_packet_processor_rm
                0x000000000000fb86                netstack_init
 .text          0x000000000000fbbf       0x75 build/cooja/mtype702.a(linkaddr.o)
                0x000000000000fbbf                linkaddr_copy
                0x000000000000fbdf                linkaddr_cmp
                0x000000000000fc12                linkaddr_set_node_addr
 .text          0x000000000000fc34      0x273 build/cooja/mtype702.a(csma.o)
 .text          0x000000000000fea7      0xa6f build/cooja/mtype702.a(csma-output.o)
                0x0000000000010619                csma_output_packet
                0x00000000000108c8                csma_output_init
 .text          0x0000000000010916      0xe47 build/cooja/mtype702.a(uip-ds6.o)
                0x0000000000010916                uip_ds6_default_prefix
                0x000000000001092b                uip_ds6_set_default_prefix
                0x0000000000010961                uip_ds6_init
                0x0000000000010bfc                uip_ds6_periodic
                0x0000000000010ca4                uip_ds6_list_loop
                0x0000000000010d73                uip_ds6_prefix_add
                0x0000000000010e3a                uip_ds6_prefix_rm
                0x0000000000010e57                uip_ds6_prefix_lookup
                0x0000000000010eaa                uip_ds6_is_addr_onlink
                0x0000000000010f37                uip_ds6_addr_add
                0x0000000000011079                uip_ds6_addr_rm
                0x0000000000011138                uip_ds6_addr_lookup
                0x0000000000011188                uip_ds6_get_link_local
                0x0000000000011226                uip_ds6_get_global
                0x00000000000112c4                uip_ds6_maddr_add
                0x0000000000011340                uip_ds6_maddr_rm
                0x000000000001135d                uip_ds6_maddr_lookup
                0x00000000000113b0                uip_ds6_aaddr_add
                0x0000000000011429                uip_ds6_aaddr_rm
                0x0000000000011446                uip_ds6_aaddr_lookup
                0x0000000000011496                uip_ds6_select_src
                0x0000000000011604                uip_ds6_set_addr_iid
                0x0000000000011639                uip_ds6_set_lladdr_from_iid
                0x000000000001166c                get_match_length
                0x0000000000011707                uip_ds6_compute_reachable_time
 .text          0x000000000001175d      0x152 build/cooja/mtype702.a(uip-udp-packet.)
                0x000000000001175d                uip_udp_packet_send
                0x00000000000117d6                uip_udp_packet_sendto
 .text          0x00000000000118af      0x43f build/cooja/mtype702.a(uip-ds6-route.o)
                0x0000000000011911                uip_ds6_route_init
                0x000000000001194d                uip_ds6_route_nexthop
                0x0000000000011961                uip_ds6_route_head
                0x0000000000011975                uip_ds6_route_next
                0x0000000000011989                uip_ds6_route_is_nexthop
                0x000000000001199d                uip_ds6_route_num_routes
                0x00000000000119b1                uip_ds6_route_lookup
                0x00000000000119c5                uip_ds6_route_add
                0x00000000000119e2                uip_ds6_route_rm
                0x00000000000119f2                uip_ds6_route_rm_by_nexthop
                0x0000000000011a02                uip_ds6_defrt_head
                0x0000000000011a2c                uip_ds6_defrt_add
                0x0000000000011aec                uip_ds6_defrt_rm
                0x0000000000011b65                uip_ds6_defrt_lookup
                0x0000000000011bdc                uip_ds6_defrt_choose
                0x0000000000011c62                uip_ds6_defrt_periodic
 .text          0x0000000000011cee      0x43e build/cooja/mtype702.a(uip-ds6-nbr.o)
                0x0000000000011cee                uip_ds6_neighbors_init
                0x0000000000011d24                uip_ds6_nbr_add
                0x0000000000011dbe                uip_ds6_nbr_rm
                0x0000000000011e1d                uip_ds6_nbr_update_ll
                0x0000000000011f1a                uip_ds6_nbr_get_ipaddr
                0x0000000000011f39                uip_ds6_nbr_get_ll
                0x0000000000011f66                uip_ds6_nbr_num
                0x0000000000011fc0                uip_ds6_nbr_head
                0x0000000000011fea                uip_ds6_nbr_next
                0x0000000000012017                uip_ds6_nbr_lookup
                0x000000000001207e                uip_ds6_nbr_ll_lookup
                0x00000000000120ab                uip_ds6_nbr_ipaddr_from_lladdr
                0x00000000000120de                uip_ds6_nbr_lladdr_from_ipaddr
                0x000000000001211c                uip_ds6_link_callback
 .text          0x000000000001212c      0x870 build/cooja/mtype702.a(tcpip.o)
                0x0000000000012152                tcpip_output
                0x0000000000012201                udp_attach
                0x0000000000012223                udp_new
                0x000000000001227d                udp_broadcast_new
                0x000000000001241d                tcpip_input
                0x0000000000012613                tcpip_ipv6_output
                0x000000000001284f                tcpip_poll_udp
                0x000000000001287f                tcpip_uipcall
 .text          0x000000000001299c     0x1520 build/cooja/mtype702.a(uip6.o)
                0x0000000000012a55                uip_chksum
                0x0000000000012b4d                uip_icmp6chksum
                0x0000000000012b6c                uip_udpchksum
                0x0000000000012b8b                uip_init
                0x0000000000012bea                uip_remove_ext_hdr
                0x0000000000012ce5                uip_udp_new
                0x000000000001305e                uip_process
                0x0000000000013d4c                uip_htons
                0x0000000000013d78                uip_htonl
                0x0000000000013dc2                uip_send
 .text          0x0000000000013ebc      0x7d4 build/cooja/mtype702.a(uip-nd6.o)
                0x0000000000014665                uip_nd6_init
 .text          0x0000000000014690     0x333d build/cooja/mtype702.a(sicslowpan.o)
                0x0000000000014d8e                netstack_sniffer_add
                0x0000000000014da7                netstack_sniffer_remove
                0x000000000001798c                sicslowpan_init
                0x00000000000179b8                sicslowpan_get_last_rssi
 .text          0x00000000000179cd      0x51a build/cooja/mtype702.a(uiplib.o)
                0x00000000000179cd                uiplib_ip6addrconv
                0x0000000000017b93                uiplib_ip4addrconv
                0x0000000000017c60                uiplib_ipaddr_print
                0x0000000000017cc4                uiplib_ipaddr_snprint
 .text          0x0000000000017ee7      0x610 build/cooja/mtype702.a(rpl.o)
                0x0000000000017ee7                rpl_lollipop_greater_than
                0x0000000000017f4a                rpl_get_global_address
                0x0000000000018080                rpl_link_callback
                0x00000000000180e3                rpl_has_joined
                0x0000000000018119                rpl_is_reachable
                0x00000000000181bc                rpl_reset_prefix
                0x0000000000018238                rpl_set_prefix_from_addr
                0x000000000001834a                rpl_set_prefix
                0x00000000000184be                rpl_set_leaf_only
                0x00000000000184e1                rpl_get_leaf_only
 .text          0x00000000000184f7     0x1491 build/cooja/mtype702.a(rpl-icmp6.o)
                0x0000000000018654                rpl_icmp6_update_nbr_table
                0x0000000000018706                rpl_icmp6_dis_output
                0x0000000000018d1b                rpl_icmp6_dio_output
                0x0000000000019574                rpl_icmp6_dao_output
                0x00000000000198a1                rpl_icmp6_dao_ack_output
                0x0000000000019928                rpl_icmp6_init
 .text          0x0000000000019988     0x11f4 build/cooja/mtype702.a(rpl-dag.o)
                0x0000000000019988                rpl_dag_state_to_str
                0x00000000000199d6                rpl_dag_get_root_ipaddr
                0x0000000000019a26                rpl_dag_leave
                0x0000000000019adc                rpl_dag_poison_and_leave
                0x0000000000019b08                rpl_dag_periodic
                0x0000000000019bcd                rpl_is_addr_in_our_dag
                0x0000000000019c2c                rpl_get_default_instance
                0x0000000000019c56                rpl_get_any_dag
                0x0000000000019ccc                rpl_refresh_routes
                0x0000000000019d2f                rpl_global_repair
                0x0000000000019e00                rpl_local_repair
                0x0000000000019e65                rpl_dag_ready_to_advertise
                0x0000000000019ebe                rpl_dag_update_state
                0x000000000001a73a                rpl_process_dio
                0x000000000001a7d5                rpl_process_dis
                0x000000000001a82b                rpl_process_dao
                0x000000000001a8cc                rpl_process_dao_ack
                0x000000000001a988                rpl_process_hbh
                0x000000000001a9e8                rpl_dag_init_root
                0x000000000001ab4a                rpl_dag_init
 .text          0x000000000001ab7c      0x2e4 build/cooja/mtype702.a(rpl-dag-root.o)
                0x000000000001ab7c                rpl_dag_root_print_links
                0x000000000001acd5                rpl_dag_root_set_prefix
                0x000000000001ad10                rpl_dag_root_start
                0x000000000001ae1e                rpl_dag_root_is_root
 .text          0x000000000001ae60       0x6b build/cooja/mtype702.a(watchdog.o)
                0x000000000001ae60                watchdog_init
                0x000000000001ae70                watchdog_start
                0x000000000001ae80                watchdog_periodic
                0x000000000001aeab                watchdog_stop
                0x000000000001aebb                watchdog_reboot
 .text          0x000000000001aecb       0x75 build/cooja/mtype702.a(int-master.o)
                0x000000000001aecb                int_master_enable
                0x000000000001aee5                int_master_read_and_disable
                0x000000000001af0d                int_master_status_set
                0x000000000001af26                int_master_is_enabled
 .text          0x000000000001af40      0x11d build/cooja/mtype702.a(stimer.o)
                0x000000000001af40                stimer_set
                0x000000000001af6f                stimer_reset
                0x000000000001afa6                stimer_restart
                0x000000000001afcc                stimer_expired
                0x000000000001b008                stimer_remaining
                0x000000000001b034                stimer_elapsed
 .text          0x000000000001b05d      0x1ec build/cooja/mtype702.a(memb.o)
                0x000000000001b05d                memb_init
                0x000000000001b0c1                memb_alloc
                0x000000000001b12e                memb_free
                0x000000000001b1af                memb_inmemb
                0x000000000001b1f8                memb_numfree
 .text          0x000000000001b249       0x31 build/cooja/mtype702.a(assert.o)
                0x000000000001b249                _xassert
 .text          0x000000000001b27a      0x188 build/cooja/mtype702.a(ringbuf.o)
                0x000000000001b27a                ringbuf_init
                0x000000000001b2b6                ringbuf_put
                0x000000000001b33e                ringbuf_get
                0x000000000001b3b5                ringbuf_size
                0x000000000001b3d1                ringbuf_elements
 .text          0x000000000001b402      0x8d0 build/cooja/mtype702.a(nbr-table.o)
                0x000000000001b915                nbr_table_register
                0x000000000001b993                nbr_table_is_registered
                0x000000000001b9d8                nbr_table_head
                0x000000000001ba45                nbr_table_next
                0x000000000001bab7                nbr_table_add_lladdr
                0x000000000001bba8                nbr_table_get_from_lladdr
                0x000000000001bc05                nbr_table_remove
                0x000000000001bc50                nbr_table_lock
                0x000000000001bc76                nbr_table_unlock
                0x000000000001bc9c                nbr_table_get_lladdr
 .text          0x000000000001bcd2      0x43d build/cooja/mtype702.a(link-stats.o)
                0x000000000001bcd2                link_stats_from_lladdr
                0x000000000001bcff                link_stats_get_lladdr
                0x000000000001bd2c                link_stats_is_fresh
                0x000000000001bd79                guess_etx_from_rssi
                0x000000000001bdff                link_stats_packet_sent
                0x000000000001bf30                link_stats_input_callback
                0x000000000001c064                link_stats_reset
                0x000000000001c0c6                link_stats_init
 .text          0x000000000001c10f      0x1a8 build/cooja/mtype702.a(mac-sequence.o)
                0x000000000001c10f                mac_sequence_is_duplicate
                0x000000000001c1cf                mac_sequence_register_seqno
 .text          0x000000000001c2b7       0x2d build/cooja/mtype702.a(mac.o)
                0x000000000001c2b7                mac_call_sent_callback
 .text          0x000000000001c2e4      0x477 build/cooja/mtype702.a(framer-802154.o)
                0x000000000001c487                framer_802154_setup_params
 .text          0x000000000001c75b      0xc1a build/cooja/mtype702.a(frame802154.o)
                0x000000000001c796                frame802154_get_pan_id
                0x000000000001c7ac                frame802154_set_pan_id
                0x000000000001c7d1                frame802154_has_panid
                0x000000000001c98a                frame802154_check_dest_panid
                0x000000000001ca1c                frame802154_is_broadcast_addr
                0x000000000001ca73                frame802154_extract_linkaddr
                0x000000000001ccfc                frame802154_hdrlen
                0x000000000001cd79                frame802154_create_fcf
                0x000000000001ce3b                frame802154_create
                0x000000000001cfc6                frame802154_parse_fcf
                0x000000000001d0b2                frame802154_parse
 .text          0x000000000001d375       0x4e build/cooja/mtype702.a(csma-security.o)
                0x000000000001d375                csma_security_create_frame
                0x000000000001d3a6                csma_security_parse_frame
 .text          0x000000000001d3c3      0x5b2 build/cooja/mtype702.a(uipbuf.o)
                0x000000000001d3c3                uipbuf_clear
                0x000000000001d3fa                uipbuf_add_ext_hdr
                0x000000000001d495                uipbuf_set_len
                0x000000000001d4cf                uipbuf_set_len_field
                0x000000000001d505                uipbuf_get_len_field
                0x000000000001d52f                uipbuf_get_next_header
                0x000000000001d66b                uipbuf_get_last_header
                0x000000000001d6ee                uipbuf_search_header
                0x000000000001d7b2                uipbuf_get_attr
                0x000000000001d7e3                uipbuf_set_attr
                0x000000000001d824                uipbuf_set_default_attr
                0x000000000001d865                uipbuf_clear_attr
                0x000000000001d899                uipbuf_set_attr_flag
                0x000000000001d8c5                uipbuf_clr_attr_flag
                0x000000000001d8f7                uipbuf_is_attr_flag
                0x000000000001d925                uipbuf_init
 .text          0x000000000001d975      0x8b7 build/cooja/mtype702.a(uip-icmp6.o)
                0x000000000001d9fa                uip_icmp6_input
                0x000000000001da5b                uip_icmp6_register_input_handler
                0x000000000001dc0f                uip_icmp6_error_output
                0x000000000001df51                uip_icmp6_send
                0x000000000001e17f                uip_icmp6_echo_reply_callback_add
                0x000000000001e1c2                uip_icmp6_echo_reply_callback_rm
                0x000000000001e1f0                uip_icmp6_init
 .text          0x000000000001e22c      0x772 build/cooja/mtype702.a(uip-sr.o)
                0x000000000001e22c                uip_sr_num_nodes
                0x000000000001e2d8                uip_sr_get_node
                0x000000000001e33f                uip_sr_is_addr_reachable
                0x000000000001e3fc                uip_sr_expire_parent
                0x000000000001e44f                uip_sr_update_node
                0x000000000001e593                uip_sr_init
                0x000000000001e5d9                uip_sr_node_head
                0x000000000001e603                uip_sr_node_next
                0x000000000001e629                uip_sr_periodic
                0x000000000001e745                uip_sr_free_all
                0x000000000001e7ca                uip_sr_link_snprint
 .text          0x000000000001e99e      0x1a5 build/cooja/mtype702.a(uip-packetqueue)
                0x000000000001e9de                uip_packetqueue_new
                0x000000000001e9f7                uip_packetqueue_alloc
                0x000000000001ea66                uip_packetqueue_free
                0x000000000001eabe                uip_packetqueue_buf
                0x000000000001eae5                uip_packetqueue_buflen
                0x000000000001eb10                uip_packetqueue_set_buflen
 .text          0x000000000001eb43      0x205 build/cooja/mtype702.a(rpl-nbr-policy.)
                0x000000000001ecf6                rpl_nbr_policy_find_removable
 .text          0x000000000001ed48      0xb0a build/cooja/mtype702.a(rpl-neighbor.o)
                0x000000000001ede4                rpl_neighbor_snprint
                0x000000000001f0cc                rpl_neighbor_print_list
                0x000000000001f19f                rpl_neighbor_count
                0x000000000001f282                rpl_neighbor_get_from_lladdr
                0x000000000001f2af                rpl_neighbor_is_acceptable_parent
                0x000000000001f2f5                rpl_neighbor_get_link_metric
                0x000000000001f33b                rpl_neighbor_rank_via_nbr
                0x000000000001f381                rpl_neighbor_get_lladdr
                0x000000000001f3ae                rpl_neighbor_get_ipaddr
                0x000000000001f3e4                rpl_neighbor_get_link_stats
                0x000000000001f41a                rpl_neighbor_is_fresh
                0x000000000001f450                rpl_neighbor_is_reachable
                0x000000000001f4ad                rpl_neighbor_is_parent
                0x000000000001f4e4                rpl_neighbor_set_preferred_parent
                0x000000000001f59e                rpl_neighbor_remove_all
                0x000000000001f60b                rpl_neighbor_get_from_ipaddr
                0x000000000001f745                rpl_neighbor_select_best
                0x000000000001f820                rpl_neighbor_init
 .text          0x000000000001f852      0xd8d build/cooja/mtype702.a(rpl-timers.o)
                0x000000000001f852                rpl_timers_schedule_periodic_dis
                0x000000000001f9fc                rpl_timers_dio_reset
                0x000000000001fb74                rpl_timers_schedule_unicast_dio
                0x000000000001fd47                rpl_timers_schedule_dao
                0x000000000001fe4d                rpl_timers_schedule_dao_ack
                0x000000000001ff1c                rpl_timers_notify_dao_ack
                0x000000000001ffa2                get_probing_delay
                0x000000000001ffe7                get_probing_target
                0x000000000002021c                rpl_schedule_probing
                0x0000000000020268                rpl_schedule_probing_now
                0x0000000000020302                rpl_timers_unschedule_leaving
                0x000000000002035c                rpl_timers_schedule_leaving
                0x00000000000203c1                rpl_timers_init
                0x0000000000020483                rpl_timers_stop_dag_timers
                0x0000000000020540                rpl_timers_unschedule_state_update
                0x000000000002057c                rpl_timers_schedule_state_update
 .text          0x00000000000205df      0xd42 build/cooja/mtype702.a(rpl-ext-header.)
                0x00000000000205df                rpl_ext_header_srh_get_next_hop
                0x00000000000206ea                rpl_ext_header_srh_update
                0x0000000000020d1c                rpl_ext_header_hbh_update
                0x000000000002109b                rpl_ext_header_update
                0x000000000002114a                rpl_ext_header_remove
 .text          0x0000000000021321      0x39b build/cooja/mtype702.a(rpl-mrhof.o)
 *fill*         0x00000000000216bc        0x4 
 .text          0x00000000000216c0       0x14 /usr/lib/i386-linux-gnu/libc_nonshared.a(stack_chk_fail_local.oS)
                0x00000000000216c0                __stack_chk_fail_local
 .text          0x00000000000216d4        0x0 /usr/lib/gcc/i686-linux-gnu/7/crtendS.o
 .text          0x00000000000216d4        0x0 /usr/lib/gcc/i686-linux-gnu/7/../../../i386-linux-gnu/crtn.o
 *(.gnu.warning)

.fini           0x00000000000216d4       0x14
 *(SORT_NONE(.fini))
 .fini          0x00000000000216d4        0xf /usr/lib/gcc/i686-linux-gnu/7/../../../i386-linux-gnu/crti.o
                0x00000000000216d4                _fini
 .fini          0x00000000000216e3        0x5 /usr/lib/gcc/i686-linux-gnu/7/../../../i386-linux-gnu/crtn.o
                [!provide]                        PROVIDE (__etext = .)
                [!provide]                        PROVIDE (_etext = .)
                [!provide]                        PROVIDE (etext = .)

.rodata         0x00000000000216e8      0x708
 *(.rodata .rodata.* .gnu.linkonce.r.*)
 .rodata        0x00000000000216e8      0x1b2 door.o
 *fill*         0x000000000002189a        0x2 
 .rodata        0x000000000002189c        0x6 build/cooja/mtype702.a(leds-arch.o)
                0x000000000002189c                leds_arch_leds
 .rodata        0x00000000000218a2        0x4 build/cooja/mtype702.a(pir-sensor.o)
 .rodata        0x00000000000218a6        0x6 build/cooja/mtype702.a(rs232.o)
 .rodata        0x00000000000218ac        0xa build/cooja/mtype702.a(vib-sensor.o)
 *fill*         0x00000000000218b6        0x2 
 .rodata        0x00000000000218b8       0x27 build/cooja/mtype702.a(cfs-cooja.o)
 *fill*         0x00000000000218df        0x1 
 .rodata        0x00000000000218e0       0x68 build/cooja/mtype702.a(cooja-radio.o)
 .rodata        0x0000000000021948        0x8 build/cooja/mtype702.a(sensors.o)
 .rodata        0x0000000000021950       0x14 build/cooja/mtype702.a(buttons.o)
                0x000000000002195c                button_hal_button_count
 .rodata        0x0000000000021964       0xfc build/cooja/mtype702.a(contiki-main.o)
 .rodata        0x0000000000021a60        0xf build/cooja/mtype702.a(ctimer.o)
 .rodata        0x0000000000021a6f        0xc build/cooja/mtype702.a(etimer.o)
 *fill*         0x0000000000021a7b        0x1 
 .rodata        0x0000000000021a7c       0xc4 build/cooja/mtype702.a(log.o)
 .rodata        0x0000000000021b40       0x13 build/cooja/mtype702.a(button-hal.o)
 .rodata        0x0000000000021b53        0xe build/cooja/mtype702.a(serial-line.o)
 *fill*         0x0000000000021b61        0x3 
 .rodata        0x0000000000021b64        0x8 build/cooja/mtype702.a(linkaddr.o)
                0x0000000000021b64                linkaddr_null
 .rodata        0x0000000000021b6c        0x5 build/cooja/mtype702.a(csma.o)
 *fill*         0x0000000000021b71        0x3 
 .rodata        0x0000000000021b74       0x24 build/cooja/mtype702.a(csma-output.o)
 .rodata        0x0000000000021b98       0x4d build/cooja/mtype702.a(uip-ds6-route.o)
 .rodata        0x0000000000021be5        0xd build/cooja/mtype702.a(tcpip.o)
 *fill*         0x0000000000021bf2        0x2 
 .rodata        0x0000000000021bf4       0x1f build/cooja/mtype702.a(sicslowpan.o)
                0x0000000000021bf4                unc_llconf
                0x0000000000021bf8                unc_ctxconf
                0x0000000000021bfc                unc_mxconf
                0x0000000000021c00                llprefix
 .rodata        0x0000000000021c13       0x2d build/cooja/mtype702.a(uiplib.o)
 .rodata        0x0000000000021c40        0x9 build/cooja/mtype702.a(rpl.o)
 .rodata        0x0000000000021c49       0xd7 build/cooja/mtype702.a(rpl-dag.o)
 .rodata        0x0000000000021d20       0x25 build/cooja/mtype702.a(assert.o)
 .rodata        0x0000000000021d45       0x44 build/cooja/mtype702.a(uip-sr.o)
 *fill*         0x0000000000021d89        0x3 
 .rodata        0x0000000000021d8c       0x58 build/cooja/mtype702.a(rpl-neighbor.o)
 .rodata        0x0000000000021de4        0xc build/cooja/mtype702.a(rpl-timers.o)

.rodata1
 *(.rodata1)

.eh_frame_hdr   0x0000000000021df0     0x161c
 *(.eh_frame_hdr)
 .eh_frame_hdr  0x0000000000021df0     0x161c door.o
                0x0000000000021df0                __GNU_EH_FRAME_HDR
 *(.eh_frame_entry .eh_frame_entry.*)

.eh_frame       0x000000000002340c     0x5f40
 *(.eh_frame)
 .eh_frame      0x000000000002340c       0x3c /usr/lib/gcc/i686-linux-gnu/7/../../../i386-linux-gnu/crti.o
                                         0x40 (size before relaxing)
 .eh_frame      0x0000000000023448       0x14 /usr/lib/gcc/i686-linux-gnu/7/../../../i386-linux-gnu/crti.o
                                         0x2c (size before relaxing)
 .eh_frame      0x000000000002345c       0xcc door.o
                                         0xf8 (size before relaxing)
 .eh_frame      0x0000000000023528      0x198 build/cooja/mtype702.o
                                        0x1ec (size before relaxing)
 .eh_frame      0x00000000000236c0       0x48 build/cooja/mtype702.a(simEnvChange.o)
                                         0x74 (size before relaxing)
 .eh_frame      0x0000000000023708       0x6c build/cooja/mtype702.a(cooja_mt.o)
                                         0x98 (size before relaxing)
 .eh_frame      0x0000000000023774       0x88 build/cooja/mtype702.a(cooja_mtarch.o)
                                         0xc8 (size before relaxing)
 .eh_frame      0x00000000000237fc       0xe4 build/cooja/mtype702.a(rtimer-arch.o)
                                        0x110 (size before relaxing)
 .eh_frame      0x00000000000238e0      0x160 build/cooja/mtype702.a(beep.o)
                                        0x18c (size before relaxing)
 .eh_frame      0x0000000000023a40       0x88 build/cooja/mtype702.a(leds-arch.o)
                                         0xc8 (size before relaxing)
 .eh_frame      0x0000000000023ac8       0x44 build/cooja/mtype702.a(moteid.o)
                                         0x70 (size before relaxing)
 .eh_frame      0x0000000000023b0c       0xa4 build/cooja/mtype702.a(pir-sensor.o)
                                         0xe4 (size before relaxing)
 .eh_frame      0x0000000000023bb0      0x110 build/cooja/mtype702.a(rs232.o)
                                        0x150 (size before relaxing)
 .eh_frame      0x0000000000023cc0       0xa4 build/cooja/mtype702.a(vib-sensor.o)
                                         0xe4 (size before relaxing)
 .eh_frame      0x0000000000023d64       0xc0 build/cooja/mtype702.a(clock.o)
                                         0xec (size before relaxing)
 .eh_frame      0x0000000000023e24      0x130 build/cooja/mtype702.a(cooja-log.o)
                                        0x170 (size before relaxing)
 .eh_frame      0x0000000000023f54      0x16c build/cooja/mtype702.a(cfs-cooja.o)
                                        0x1ac (size before relaxing)
 .eh_frame      0x00000000000240c0      0x354 build/cooja/mtype702.a(cooja-radio.o)
                                        0x394 (size before relaxing)
 .eh_frame      0x0000000000024414       0xa8 build/cooja/mtype702.a(eeprom.o)
                                         0xe8 (size before relaxing)
 .eh_frame      0x00000000000244bc       0x48 build/cooja/mtype702.a(random.o)
                                         0x74 (size before relaxing)
 .eh_frame      0x0000000000024504       0xd0 build/cooja/mtype702.a(sensors.o)
                                        0x110 (size before relaxing)
 .eh_frame      0x00000000000245d4      0x140 build/cooja/mtype702.a(leds.o)
                                        0x180 (size before relaxing)
 .eh_frame      0x0000000000024714      0x228 build/cooja/mtype702.a(gpio-hal-arch.o)
                                        0x27c (size before relaxing)
 .eh_frame      0x000000000002493c       0xa4 build/cooja/mtype702.a(buttons.o)
                                         0xe4 (size before relaxing)
 .eh_frame      0x00000000000249e0       0x38 build/cooja/mtype702.a(contiki-main.o)
                                         0x64 (size before relaxing)
 .eh_frame      0x0000000000024a18       0x48 build/cooja/mtype702.a(autostart.o)
                                         0x74 (size before relaxing)
 .eh_frame      0x0000000000024a60      0x11c build/cooja/mtype702.a(ctimer.o)
                                        0x15c (size before relaxing)
 .eh_frame      0x0000000000024b7c       0x60 build/cooja/mtype702.a(energest.o)
                                         0x8c (size before relaxing)
 .eh_frame      0x0000000000024bdc      0x204 build/cooja/mtype702.a(etimer.o)
                                        0x244 (size before relaxing)
 .eh_frame      0x0000000000024de0      0x144 build/cooja/mtype702.a(log.o)
                                        0x184 (size before relaxing)
 .eh_frame      0x0000000000024f24       0x6c build/cooja/mtype702.a(rtimer.o)
                                         0xc0 (size before relaxing)
 .eh_frame      0x0000000000024f90       0x20 build/cooja/mtype702.a(node-id.o)
                                         0x4c (size before relaxing)
 .eh_frame      0x0000000000024fb0      0x1ec build/cooja/mtype702.a(process.o)
                                        0x22c (size before relaxing)
 .eh_frame      0x000000000002519c       0xb4 build/cooja/mtype702.a(timer.o)
                                         0xe0 (size before relaxing)
 .eh_frame      0x0000000000025250      0x1a0 build/cooja/mtype702.a(list.o)
                                        0x1cc (size before relaxing)
 .eh_frame      0x00000000000253f0      0x188 build/cooja/mtype702.a(button-hal.o)
                                        0x1c8 (size before relaxing)
 .eh_frame      0x0000000000025578       0x6c build/cooja/mtype702.a(serial-line.o)
                                         0x98 (size before relaxing)
 .eh_frame      0x00000000000255e4       0xfc build/cooja/mtype702.a(gpio-hal.o)
                                        0x13c (size before relaxing)
 .eh_frame      0x00000000000256e0      0x1c0 build/cooja/mtype702.a(queuebuf.o)
                                        0x200 (size before relaxing)
 .eh_frame      0x00000000000258a0      0x2b0 build/cooja/mtype702.a(packetbuf.o)
                                        0x2f0 (size before relaxing)
 .eh_frame      0x0000000000025b50       0x90 build/cooja/mtype702.a(netstack.o)
                                         0xd0 (size before relaxing)
 .eh_frame      0x0000000000025be0       0x64 build/cooja/mtype702.a(linkaddr.o)
                                         0x90 (size before relaxing)
 .eh_frame      0x0000000000025c44       0xf0 build/cooja/mtype702.a(csma.o)
                                        0x130 (size before relaxing)
 .eh_frame      0x0000000000025d34      0x1f8 build/cooja/mtype702.a(csma-output.o)
                                        0x238 (size before relaxing)
 .eh_frame      0x0000000000025f2c      0x364 build/cooja/mtype702.a(uip-ds6.o)
                                        0x3a4 (size before relaxing)
 .eh_frame      0x0000000000026290       0x44 build/cooja/mtype702.a(uip-udp-packet.)
                                         0x84 (size before relaxing)
 .eh_frame      0x00000000000262d4      0x240 build/cooja/mtype702.a(uip-ds6-route.o)
                                        0x280 (size before relaxing)
 .eh_frame      0x0000000000026514      0x1e8 build/cooja/mtype702.a(uip-ds6-nbr.o)
                                        0x228 (size before relaxing)
 .eh_frame      0x00000000000266fc      0x270 build/cooja/mtype702.a(tcpip.o)
                                        0x2b0 (size before relaxing)
 .eh_frame      0x000000000002696c      0x20c build/cooja/mtype702.a(uip6.o)
                                        0x24c (size before relaxing)
 .eh_frame      0x0000000000026b78       0x8c build/cooja/mtype702.a(uip-nd6.o)
                                         0xe0 (size before relaxing)
 .eh_frame      0x0000000000026c04      0x354 build/cooja/mtype702.a(sicslowpan.o)
                                        0x3a8 (size before relaxing)
 .eh_frame      0x0000000000026f58       0x9c build/cooja/mtype702.a(uiplib.o)
                                         0xdc (size before relaxing)
 .eh_frame      0x0000000000026ff4      0x1fc build/cooja/mtype702.a(rpl.o)
                                        0x23c (size before relaxing)
 .eh_frame      0x00000000000271f0      0x1f0 build/cooja/mtype702.a(rpl-icmp6.o)
                                        0x230 (size before relaxing)
 .eh_frame      0x00000000000273e0      0x3c0 build/cooja/mtype702.a(rpl-dag.o)
                                        0x414 (size before relaxing)
 .eh_frame      0x00000000000277a0       0xb0 build/cooja/mtype702.a(rpl-dag-root.o)
                                         0xf0 (size before relaxing)
 .eh_frame      0x0000000000027850       0xa4 build/cooja/mtype702.a(watchdog.o)
                                         0xd0 (size before relaxing)
 .eh_frame      0x00000000000278f4       0x80 build/cooja/mtype702.a(int-master.o)
                                         0xac (size before relaxing)
 .eh_frame      0x0000000000027974       0xd8 build/cooja/mtype702.a(stimer.o)
                                        0x104 (size before relaxing)
 .eh_frame      0x0000000000027a4c       0xa4 build/cooja/mtype702.a(memb.o)
                                         0xe4 (size before relaxing)
 .eh_frame      0x0000000000027af0       0x24 build/cooja/mtype702.a(assert.o)
                                         0x50 (size before relaxing)
 .eh_frame      0x0000000000027b14       0xa0 build/cooja/mtype702.a(ringbuf.o)
                                         0xcc (size before relaxing)
 .eh_frame      0x0000000000027bb4      0x2cc build/cooja/mtype702.a(nbr-table.o)
                                        0x30c (size before relaxing)
 .eh_frame      0x0000000000027e80      0x140 build/cooja/mtype702.a(link-stats.o)
                                        0x180 (size before relaxing)
 .eh_frame      0x0000000000027fc0       0x50 build/cooja/mtype702.a(mac-sequence.o)
                                         0x7c (size before relaxing)
 .eh_frame      0x0000000000028010       0x20 build/cooja/mtype702.a(mac.o)
                                         0x4c (size before relaxing)
 .eh_frame      0x0000000000028030       0xb4 build/cooja/mtype702.a(framer-802154.o)
                                         0xf4 (size before relaxing)
 .eh_frame      0x00000000000280e4      0x1b0 build/cooja/mtype702.a(frame802154.o)
                                        0x1f0 (size before relaxing)
 .eh_frame      0x0000000000028294       0x44 build/cooja/mtype702.a(csma-security.o)
                                         0x84 (size before relaxing)
 .eh_frame      0x00000000000282d8      0x204 build/cooja/mtype702.a(uipbuf.o)
                                        0x230 (size before relaxing)
 .eh_frame      0x00000000000284dc      0x170 build/cooja/mtype702.a(uip-icmp6.o)
                                        0x1b0 (size before relaxing)
 .eh_frame      0x000000000002864c      0x1ac build/cooja/mtype702.a(uip-sr.o)
                                        0x1ec (size before relaxing)
 .eh_frame      0x00000000000287f8       0xec build/cooja/mtype702.a(uip-packetqueue)
                                        0x12c (size before relaxing)
 .eh_frame      0x00000000000288e4       0x8c build/cooja/mtype702.a(rpl-nbr-policy.)
                                         0xcc (size before relaxing)
 .eh_frame      0x0000000000028970      0x310 build/cooja/mtype702.a(rpl-neighbor.o)
                                        0x364 (size before relaxing)
 .eh_frame      0x0000000000028c80      0x418 build/cooja/mtype702.a(rpl-timers.o)
                                        0x458 (size before relaxing)
 .eh_frame      0x0000000000029098      0x144 build/cooja/mtype702.a(rpl-ext-header.)
                                        0x184 (size before relaxing)
 .eh_frame      0x00000000000291dc      0x150 build/cooja/mtype702.a(rpl-mrhof.o)
                                        0x190 (size before relaxing)
 .eh_frame      0x000000000002932c       0x1c /usr/lib/i386-linux-gnu/libc_nonshared.a(stack_chk_fail_local.oS)
                                         0x48 (size before relaxing)
 .eh_frame      0x0000000000029348        0x4 /usr/lib/gcc/i686-linux-gnu/7/crtendS.o
 *(.eh_frame.*)

.gcc_except_table
 *(.gcc_except_table .gcc_except_table.*)

.gnu_extab
 *(.gnu_extab*)

.exception_ranges
 *(.exception_ranges .exception_ranges*)
                0x000000000002ac18                . = DATA_SEGMENT_ALIGN (CONSTANT (MAXPAGESIZE), CONSTANT (COMMONPAGESIZE))

.eh_frame
 *(.eh_frame)
 *(.eh_frame.*)

.gnu_extab
 *(.gnu_extab)

.gcc_except_table
 *(.gcc_except_table .gcc_except_table.*)

.exception_ranges
 *(.exception_ranges .exception_ranges*)

.tdata
 *(.tdata .tdata.* .gnu.linkonce.td.*)

.tbss
 *(.tbss .tbss.* .gnu.linkonce.tb.*)
 *(.tcommon)

.preinit_array
 *(.preinit_array)

.init_array     0x000000000002ac18        0x4
 *(SORT_BY_INIT_PRIORITY(.init_array.*) SORT_BY_INIT_PRIORITY(.ctors.*))
 *(.init_array EXCLUDE_FILE(*crtend?.o *crtend.o *crtbegin?.o *crtbegin.o) .ctors)
 .init_array    0x000000000002ac18        0x4 /usr/lib/gcc/i686-linux-gnu/7/crtbeginS.o

.fini_array     0x000000000002ac1c        0x4
 *(SORT_BY_INIT_PRIORITY(.fini_array.*) SORT_BY_INIT_PRIORITY(.dtors.*))
 *(.fini_array EXCLUDE_FILE(*crtend?.o *crtend.o *crtbegin?.o *crtbegin.o) .dtors)
 .fini_array    0x000000000002ac1c        0x4 /usr/lib/gcc/i686-linux-gnu/7/crtbeginS.o

.ctors
 *crtbegin.o(.ctors)
 *crtbegin?.o(.ctors)
 *(EXCLUDE_FILE(*crtend?.o *crtend.o) .ctors)
 *(SORT_BY_NAME(.ctors.*))
 *(.ctors)

.dtors
 *crtbegin.o(.dtors)
 *crtbegin?.o(.dtors)
 *(EXCLUDE_FILE(*crtend?.o *crtend.o) .dtors)
 *(SORT_BY_NAME(.dtors.*))
 *(.dtors)

.jcr
 *(.jcr)

.data.rel.ro    0x000000000002ac20      0x198
 *(.data.rel.ro.local* .gnu.linkonce.d.rel.ro.local.*)
 .data.rel.ro.local
                0x000000000002ac20        0x8 door.o
                0x000000000002ac20                autostart_processes
 .data.rel.ro.local
                0x000000000002ac28        0x8 build/cooja/mtype702.a(beep.o)
                0x000000000002ac28                beep_interface
 .data.rel.ro.local
                0x000000000002ac30        0x8 build/cooja/mtype702.a(leds-arch.o)
                0x000000000002ac30                leds_interface
 .data.rel.ro.local
                0x000000000002ac38        0x8 build/cooja/mtype702.a(moteid.o)
                0x000000000002ac38                moteid_interface
 .data.rel.ro.local
                0x000000000002ac40       0x18 build/cooja/mtype702.a(pir-sensor.o)
                0x000000000002ac40                pir_interface
                0x000000000002ac48                pir_sensor
 .data.rel.ro.local
                0x000000000002ac58        0x8 build/cooja/mtype702.a(rs232.o)
                0x000000000002ac58                rs232_interface
 .data.rel.ro.local
                0x000000000002ac60       0x18 build/cooja/mtype702.a(vib-sensor.o)
                0x000000000002ac60                vib_interface
                0x000000000002ac68                vib_sensor
 .data.rel.ro.local
                0x000000000002ac78        0x8 build/cooja/mtype702.a(clock.o)
                0x000000000002ac78                clock_interface
 .data.rel.ro.local
                0x000000000002ac80        0x8 build/cooja/mtype702.a(cooja-log.o)
                0x000000000002ac80                simlog_interface
 .data.rel.ro.local
                0x000000000002ac88        0x8 build/cooja/mtype702.a(cfs-cooja.o)
                0x000000000002ac88                cfs_interface
 *fill*         0x000000000002ac90       0x10 
 .data.rel.ro.local
                0x000000000002aca0       0x58 build/cooja/mtype702.a(cooja-radio.o)
                0x000000000002aca0                radio_interface
                0x000000000002acc0                cooja_radio_driver
 .data.rel.ro.local
                0x000000000002acf8        0x8 build/cooja/mtype702.a(eeprom.o)
                0x000000000002acf8                eeprom_interface
 .data.rel.ro.local
                0x000000000002ad00       0x18 build/cooja/mtype702.a(buttons.o)
                0x000000000002ad00                button_interface
                0x000000000002ad08                button_sensor
 .data.rel.ro.local
                0x000000000002ad18       0x1c build/cooja/mtype702.a(csma.o)
                0x000000000002ad18                csma_driver
 .data.rel.ro.local
                0x000000000002ad34       0x10 build/cooja/mtype702.a(sicslowpan.o)
                0x000000000002ad34                sicslowpan_driver
 .data.rel.ro.local
                0x000000000002ad44        0xc build/cooja/mtype702.a(framer-802154.o)
                0x000000000002ad44                framer_802154
 *(.data.rel.ro .data.rel.ro.* .gnu.linkonce.d.rel.ro.*)
 .data.rel.ro   0x000000000002ad50        0x0 /usr/lib/gcc/i686-linux-gnu/7/../../../i386-linux-gnu/crti.o
 *fill*         0x000000000002ad50       0x10 
 .data.rel.ro   0x000000000002ad60       0x54 build/cooja/mtype702.a(rpl.o)
                0x000000000002ad60                rpl_lite_driver
 .data.rel.ro   0x000000000002adb4        0x4 build/cooja/mtype702.a(rpl-dag.o)

.dynamic        0x000000000002adb8       0xf0
 *(.dynamic)
 .dynamic       0x000000000002adb8       0xf0 /usr/lib/gcc/i686-linux-gnu/7/../../../i386-linux-gnu/crti.o
                0x000000000002adb8                _DYNAMIC

.got            0x000000000002aea8      0x148
 *(.got)
 .got           0x000000000002aea8      0x148 /usr/lib/gcc/i686-linux-gnu/7/../../../i386-linux-gnu/crti.o
 *(.igot)
                0x000000000002aff4                . = DATA_SEGMENT_RELRO_END (., (SIZEOF (.got.plt) >= 0xc)?0xc:0x0)

.got.plt        0x000000000002b000      0x4b4
 *(.got.plt)
 .got.plt       0x000000000002b000      0x4b4 /usr/lib/gcc/i686-linux-gnu/7/../../../i386-linux-gnu/crti.o
                0x000000000002b000                _GLOBAL_OFFSET_TABLE_
 *(.igot.plt)

.data           0x000000000002b4c0      0x364
 *(.data .data.* .gnu.linkonce.d.*)
 .data          0x000000000002b4c0        0x0 /usr/lib/gcc/i686-linux-gnu/7/../../../i386-linux-gnu/crti.o
 .data          0x000000000002b4c0        0x0 /usr/lib/gcc/i686-linux-gnu/7/crtbeginS.o
 .data.rel.local
                0x000000000002b4c0        0x4 /usr/lib/gcc/i686-linux-gnu/7/crtbeginS.o
                0x000000000002b4c0                __dso_handle
 .data          0x000000000002b4c4        0x0 door.o
 .data.rel.local
                0x000000000002b4c4       0x10 door.o
                0x000000000002b4c4                udp_server_process
 .data          0x000000000002b4d4        0x0 build/cooja/mtype702.o
 *fill*         0x000000000002b4d4        0xc 
 .data.rel      0x000000000002b4e0       0x44 build/cooja/mtype702.o
                0x000000000002b4e0                simInterfaces
                0x000000000002b514                sensors
 .data          0x000000000002b524        0x0 build/cooja/mtype702.a(simEnvChange.o)
 .data          0x000000000002b524        0x0 build/cooja/mtype702.a(cooja_mt.o)
 .data          0x000000000002b524        0x0 build/cooja/mtype702.a(cooja_mtarch.o)
 .data          0x000000000002b524        0x0 build/cooja/mtype702.a(rtimer-arch.o)
 .data          0x000000000002b524        0x0 build/cooja/mtype702.a(beep.o)
 .data          0x000000000002b524        0x0 build/cooja/mtype702.a(leds-arch.o)
 .data          0x000000000002b524        0x0 build/cooja/mtype702.a(moteid.o)
 .data          0x000000000002b524        0x0 build/cooja/mtype702.a(pir-sensor.o)
 .data          0x000000000002b524        0x0 build/cooja/mtype702.a(rs232.o)
 .data          0x000000000002b524        0x0 build/cooja/mtype702.a(vib-sensor.o)
 .data          0x000000000002b524        0x0 build/cooja/mtype702.a(clock.o)
 .data          0x000000000002b524        0x0 build/cooja/mtype702.a(cooja-log.o)
 .data          0x000000000002b524        0x0 build/cooja/mtype702.a(cfs-cooja.o)
 .data          0x000000000002b524       0x1c build/cooja/mtype702.a(cooja-radio.o)
                0x000000000002b524                simRadioHWOn
                0x000000000002b528                simSignalStrength
                0x000000000002b52c                simLastSignalStrength
                0x000000000002b530                simPower
                0x000000000002b534                simRadioChannel
                0x000000000002b538                simLQI
 .data.rel.local
                0x000000000002b540       0x10 build/cooja/mtype702.a(cooja-radio.o)
                0x000000000002b540                cooja_radio_process
 .data          0x000000000002b550        0x0 build/cooja/mtype702.a(eeprom.o)
 .data          0x000000000002b550        0x0 build/cooja/mtype702.a(random.o)
 .data          0x000000000002b550        0x0 build/cooja/mtype702.a(sensors.o)
 .data.rel.local
                0x000000000002b550       0x10 build/cooja/mtype702.a(sensors.o)
                0x000000000002b550                sensors_process
 .data          0x000000000002b560        0x0 build/cooja/mtype702.a(leds.o)
 .data          0x000000000002b560        0x0 build/cooja/mtype702.a(gpio-hal-arch.o)
 .data          0x000000000002b560        0x1 build/cooja/mtype702.a(buttons.o)
                0x000000000002b560                simButtonIsActive
 *fill*         0x000000000002b561       0x1f 
 .data.rel.local
                0x000000000002b580       0x58 build/cooja/mtype702.a(buttons.o)
                0x000000000002b5d0                button_hal_buttons
 .data          0x000000000002b5d8        0x0 build/cooja/mtype702.a(contiki-main.o)
 .data          0x000000000002b5d8        0x0 build/cooja/mtype702.a(autostart.o)
 .data          0x000000000002b5d8        0x0 build/cooja/mtype702.a(ctimer.o)
 .data.rel.local
                0x000000000002b5d8       0x14 build/cooja/mtype702.a(ctimer.o)
                0x000000000002b5dc                ctimer_process
 .data          0x000000000002b5ec        0x0 build/cooja/mtype702.a(energest.o)
 .data          0x000000000002b5ec        0x0 build/cooja/mtype702.a(etimer.o)
 .data.rel.local
                0x000000000002b5ec       0x10 build/cooja/mtype702.a(etimer.o)
                0x000000000002b5ec                etimer_process
 .data          0x000000000002b5fc        0x4 build/cooja/mtype702.a(log.o)
                0x000000000002b5fc                curr_log_level_main
 .data.rel.local
                0x000000000002b600       0x9c build/cooja/mtype702.a(log.o)
                0x000000000002b600                all_modules
 .data          0x000000000002b69c        0x0 build/cooja/mtype702.a(rtimer.o)
 .data          0x000000000002b69c        0x0 build/cooja/mtype702.a(node-id.o)
 .data          0x000000000002b69c        0x0 build/cooja/mtype702.a(process.o)
 .data          0x000000000002b69c        0x0 build/cooja/mtype702.a(timer.o)
 .data          0x000000000002b69c        0x0 build/cooja/mtype702.a(list.o)
 .data          0x000000000002b69c        0x0 build/cooja/mtype702.a(button-hal.o)
 .data.rel.local
                0x000000000002b69c       0x10 build/cooja/mtype702.a(button-hal.o)
                0x000000000002b69c                button_hal_process
 .data          0x000000000002b6ac        0x0 build/cooja/mtype702.a(serial-line.o)
 .data.rel.local
                0x000000000002b6ac       0x10 build/cooja/mtype702.a(serial-line.o)
                0x000000000002b6ac                serial_line_process
 .data          0x000000000002b6bc        0x0 build/cooja/mtype702.a(gpio-hal.o)
 .data.rel.local
                0x000000000002b6bc        0x4 build/cooja/mtype702.a(gpio-hal.o)
 .data          0x000000000002b6c0        0x0 build/cooja/mtype702.a(queuebuf.o)
 .data.rel.local
                0x000000000002b6c0       0x18 build/cooja/mtype702.a(queuebuf.o)
 .data          0x000000000002b6d8        0x0 build/cooja/mtype702.a(packetbuf.o)
 .data.rel.local
                0x000000000002b6d8        0x4 build/cooja/mtype702.a(packetbuf.o)
 .data          0x000000000002b6dc        0x0 build/cooja/mtype702.a(netstack.o)
 .data.rel.local
                0x000000000002b6dc        0x4 build/cooja/mtype702.a(netstack.o)
 .data          0x000000000002b6e0        0x0 build/cooja/mtype702.a(linkaddr.o)
 .data          0x000000000002b6e0        0x0 build/cooja/mtype702.a(csma.o)
 .data          0x000000000002b6e0        0x0 build/cooja/mtype702.a(csma-output.o)
 .data.rel.local
                0x000000000002b6e0       0x28 build/cooja/mtype702.a(csma-output.o)
 .data          0x000000000002b708        0x0 build/cooja/mtype702.a(uip-ds6.o)
 .data          0x000000000002b708        0x0 build/cooja/mtype702.a(uip-udp-packet.)
 .data          0x000000000002b708        0x0 build/cooja/mtype702.a(uip-ds6-route.o)
 .data.rel.local
                0x000000000002b708       0x10 build/cooja/mtype702.a(uip-ds6-route.o)
 .data          0x000000000002b718        0x0 build/cooja/mtype702.a(uip-ds6-nbr.o)
 .data.rel.local
                0x000000000002b718       0x14 build/cooja/mtype702.a(uip-ds6-nbr.o)
 .data          0x000000000002b72c        0x0 build/cooja/mtype702.a(tcpip.o)
 .data.rel.local
                0x000000000002b72c       0x10 build/cooja/mtype702.a(tcpip.o)
                0x000000000002b72c                tcpip_process
 .data          0x000000000002b73c        0x0 build/cooja/mtype702.a(uip6.o)
 .data          0x000000000002b73c        0x0 build/cooja/mtype702.a(uip-nd6.o)
 .data.rel.local
                0x000000000002b73c        0xc build/cooja/mtype702.a(uip-nd6.o)
 .data          0x000000000002b748        0x0 build/cooja/mtype702.a(sicslowpan.o)
 .data          0x000000000002b748        0x0 build/cooja/mtype702.a(uiplib.o)
 .data          0x000000000002b748        0x0 build/cooja/mtype702.a(rpl.o)
 .data          0x000000000002b748        0x0 build/cooja/mtype702.a(rpl-icmp6.o)
 .data.rel.local
                0x000000000002b748       0x30 build/cooja/mtype702.a(rpl-icmp6.o)
 .data          0x000000000002b778        0x0 build/cooja/mtype702.a(rpl-dag.o)
 .data          0x000000000002b778        0x0 build/cooja/mtype702.a(rpl-dag-root.o)
 .data          0x000000000002b778        0x0 build/cooja/mtype702.a(watchdog.o)
 .data          0x000000000002b778        0x0 build/cooja/mtype702.a(int-master.o)
 .data          0x000000000002b778        0x0 build/cooja/mtype702.a(stimer.o)
 .data          0x000000000002b778        0x0 build/cooja/mtype702.a(memb.o)
 .data          0x000000000002b778        0x0 build/cooja/mtype702.a(assert.o)
 .data          0x000000000002b778        0x0 build/cooja/mtype702.a(ringbuf.o)
 .data          0x000000000002b778        0x0 build/cooja/mtype702.a(nbr-table.o)
 .data.rel.local
                0x000000000002b778       0x10 build/cooja/mtype702.a(nbr-table.o)
 .data          0x000000000002b788        0x0 build/cooja/mtype702.a(link-stats.o)
 .data.rel.local
                0x000000000002b788       0x14 build/cooja/mtype702.a(link-stats.o)
 .data          0x000000000002b79c        0x0 build/cooja/mtype702.a(mac-sequence.o)
 .data          0x000000000002b79c        0x0 build/cooja/mtype702.a(mac.o)
 .data          0x000000000002b79c        0x0 build/cooja/mtype702.a(framer-802154.o)
 .data          0x000000000002b79c        0x2 build/cooja/mtype702.a(frame802154.o)
 .data          0x000000000002b79e        0x0 build/cooja/mtype702.a(csma-security.o)
 .data          0x000000000002b79e        0x0 build/cooja/mtype702.a(uipbuf.o)
 .data          0x000000000002b79e        0x0 build/cooja/mtype702.a(uip-icmp6.o)
 *fill*         0x000000000002b79e        0x2 
 .data.rel.local
                0x000000000002b7a0       0x20 build/cooja/mtype702.a(uip-icmp6.o)
 .data          0x000000000002b7c0        0x0 build/cooja/mtype702.a(uip-sr.o)
 .data.rel.local
                0x000000000002b7c0       0x10 build/cooja/mtype702.a(uip-sr.o)
 .data          0x000000000002b7d0        0x0 build/cooja/mtype702.a(uip-packetqueue)
 .data.rel.local
                0x000000000002b7d0        0xc build/cooja/mtype702.a(uip-packetqueue)
 .data          0x000000000002b7dc        0x0 build/cooja/mtype702.a(rpl-nbr-policy.)
 .data          0x000000000002b7dc        0x0 build/cooja/mtype702.a(rpl-neighbor.o)
 .data.rel.local
                0x000000000002b7dc       0x14 build/cooja/mtype702.a(rpl-neighbor.o)
                0x000000000002b7ec                rpl_neighbors
 .data          0x000000000002b7f0        0x0 build/cooja/mtype702.a(rpl-timers.o)
 .data          0x000000000002b7f0        0x0 build/cooja/mtype702.a(rpl-ext-header.)
 .data          0x000000000002b7f0        0x0 build/cooja/mtype702.a(rpl-mrhof.o)
 *fill*         0x000000000002b7f0       0x10 
 .data.rel.local
                0x000000000002b800       0x24 build/cooja/mtype702.a(rpl-mrhof.o)
                0x000000000002b800                rpl_mrhof
 .data          0x000000000002b824        0x0 /usr/lib/i386-linux-gnu/libc_nonshared.a(stack_chk_fail_local.oS)
 .data          0x000000000002b824        0x0 /usr/lib/gcc/i686-linux-gnu/7/crtendS.o
 .data          0x000000000002b824        0x0 /usr/lib/gcc/i686-linux-gnu/7/../../../i386-linux-gnu/crtn.o

.tm_clone_table
                0x000000000002b824        0x0
 .tm_clone_table
                0x000000000002b824        0x0 /usr/lib/gcc/i686-linux-gnu/7/crtbeginS.o
 .tm_clone_table
                0x000000000002b824        0x0 /usr/lib/gcc/i686-linux-gnu/7/crtendS.o

.data1
 *(.data1)
                0x000000000002b824                _edata = .
                [!provide]                        PROVIDE (edata = .)
                0x000000000002b824                . = .
                0x000000000002b824                __bss_start = .

.bss            0x000000000002b840    0x13800
 *(.dynbss)
 .dynbss        0x000000000002b840        0x0 /usr/lib/gcc/i686-linux-gnu/7/../../../i386-linux-gnu/crti.o
 *(.bss .bss.* .gnu.linkonce.b.*)
 .bss           0x000000000002b840        0x0 /usr/lib/gcc/i686-linux-gnu/7/../../../i386-linux-gnu/crti.o
 .bss           0x000000000002b840        0x1 /usr/lib/gcc/i686-linux-gnu/7/crtbeginS.o
 *fill*         0x000000000002b841        0x3 
 .bss           0x000000000002b844       0x2f door.o
 *fill*         0x000000000002b873        0xd 
 .bss           0x000000000002b880     0x2030 build/cooja/mtype702.o
 .bss           0x000000000002d8b0        0x1 build/cooja/mtype702.a(simEnvChange.o)
                0x000000000002d8b0                simDontFallAsleep
 *fill*         0x000000000002d8b1        0x3 
 .bss           0x000000000002d8b4        0x4 build/cooja/mtype702.a(cooja_mt.o)
 .bss           0x000000000002d8b8        0x4 build/cooja/mtype702.a(cooja_mtarch.o)
 .bss           0x000000000002d8bc        0x0 build/cooja/mtype702.a(rtimer-arch.o)
 .bss           0x000000000002d8bc        0x0 build/cooja/mtype702.a(beep.o)
 .bss           0x000000000002d8bc        0x1 build/cooja/mtype702.a(leds-arch.o)
                0x000000000002d8bc                simLedsValue
 .bss           0x000000000002d8bd        0x0 build/cooja/mtype702.a(moteid.o)
 .bss           0x000000000002d8bd        0x1 build/cooja/mtype702.a(pir-sensor.o)
                0x000000000002d8bd                simPirValue
 *fill*         0x000000000002d8be        0x2 
 .bss           0x000000000002d8c0        0x4 build/cooja/mtype702.a(rs232.o)
 .bss           0x000000000002d8c4        0x1 build/cooja/mtype702.a(vib-sensor.o)
                0x000000000002d8c4                simVibValue
 .bss           0x000000000002d8c5        0x0 build/cooja/mtype702.a(clock.o)
 *fill*         0x000000000002d8c5       0x1b 
 .bss           0x000000000002d8e0     0x2020 build/cooja/mtype702.a(cooja-log.o)
 .bss           0x000000000002f900      0xfc0 build/cooja/mtype702.a(cfs-cooja.o)
                0x000000000002f900                simCFSData
                0x00000000000308a0                simCFSSize
                0x00000000000308a4                simCFSChanged
                0x00000000000308a8                simCFSRead
                0x00000000000308ac                simCFSWritten
 .bss           0x00000000000308c0       0x24 build/cooja/mtype702.a(cooja-radio.o)
                0x00000000000308c0                simReceiving
                0x00000000000308c4                simInSize
                0x00000000000308c8                simLastPacketTimestamp
                0x00000000000308d0                simOutSize
 .bss           0x00000000000308e4        0xc build/cooja/mtype702.a(eeprom.o)
                0x00000000000308e4                simEEPROMChanged
                0x00000000000308e8                simEEPROMRead
                0x00000000000308ec                simEEPROMWritten
 .bss           0x00000000000308f0        0x0 build/cooja/mtype702.a(random.o)
 .bss           0x00000000000308f0        0xc build/cooja/mtype702.a(sensors.o)
 .bss           0x00000000000308fc        0x0 build/cooja/mtype702.a(leds.o)
 .bss           0x00000000000308fc       0x24 build/cooja/mtype702.a(gpio-hal-arch.o)
 .bss           0x0000000000030920        0x0 build/cooja/mtype702.a(buttons.o)
 .bss           0x0000000000030920        0x0 build/cooja/mtype702.a(contiki-main.o)
 .bss           0x0000000000030920        0x0 build/cooja/mtype702.a(autostart.o)
 .bss           0x0000000000030920        0x5 build/cooja/mtype702.a(ctimer.o)
 .bss           0x0000000000030925        0x0 build/cooja/mtype702.a(energest.o)
 *fill*         0x0000000000030925        0x3 
 .bss           0x0000000000030928        0x8 build/cooja/mtype702.a(etimer.o)
 .bss           0x0000000000030930       0x2c build/cooja/mtype702.a(log.o)
                0x0000000000030930                curr_log_level_rpl
                0x0000000000030934                curr_log_level_tcpip
                0x0000000000030938                curr_log_level_ipv6
                0x000000000003093c                curr_log_level_6lowpan
                0x0000000000030940                curr_log_level_nullnet
                0x0000000000030944                curr_log_level_mac
                0x0000000000030948                curr_log_level_framer
                0x000000000003094c                curr_log_level_6top
                0x0000000000030950                curr_log_level_coap
                0x0000000000030954                curr_log_level_snmp
                0x0000000000030958                curr_log_level_lwm2m
 .bss           0x000000000003095c        0x4 build/cooja/mtype702.a(rtimer.o)
 .bss           0x0000000000030960        0x2 build/cooja/mtype702.a(node-id.o)
                0x0000000000030960                node_id
 *fill*         0x0000000000030962       0x1e 
 .bss           0x0000000000030980      0x1a1 build/cooja/mtype702.a(process.o)
                0x0000000000030980                process_list
                0x0000000000030984                process_current
 .bss           0x0000000000030b21        0x0 build/cooja/mtype702.a(timer.o)
 .bss           0x0000000000030b21        0x0 build/cooja/mtype702.a(list.o)
 *fill*         0x0000000000030b21        0x3 
 .bss           0x0000000000030b24       0x10 build/cooja/mtype702.a(button-hal.o)
 *fill*         0x0000000000030b34        0xc 
 .bss           0x0000000000030b40      0x140 build/cooja/mtype702.a(serial-line.o)
 .bss           0x0000000000030c80        0x4 build/cooja/mtype702.a(gpio-hal.o)
 *fill*         0x0000000000030c84       0x1c 
 .bss           0x0000000000030ca0     0x2c80 build/cooja/mtype702.a(queuebuf.o)
 .bss           0x0000000000033920       0xa0 build/cooja/mtype702.a(packetbuf.o)
 .bss           0x00000000000339c0        0x4 build/cooja/mtype702.a(netstack.o)
 .bss           0x00000000000339c4        0x0 build/cooja/mtype702.a(linkaddr.o)
 .bss           0x00000000000339c4        0x0 build/cooja/mtype702.a(csma.o)
 *fill*         0x00000000000339c4       0x1c 
 .bss           0x00000000000339e0      0x726 build/cooja/mtype702.a(csma-output.o)
 *fill*         0x0000000000034106        0x2 
 .bss           0x0000000000034108       0x30 build/cooja/mtype702.a(uip-ds6.o)
 .bss           0x0000000000034138        0x0 build/cooja/mtype702.a(uip-udp-packet.)
 *fill*         0x0000000000034138        0x8 
 .bss           0x0000000000034140       0x60 build/cooja/mtype702.a(uip-ds6-route.o)
 .bss           0x00000000000341a0     0x1c20 build/cooja/mtype702.a(uip-ds6-nbr.o)
 .bss           0x0000000000035dc0       0x10 build/cooja/mtype702.a(tcpip.o)
 .bss           0x0000000000035dd0        0x8 build/cooja/mtype702.a(uip6.o)
                0x0000000000035dd0                uip_ext_bitmap
                0x0000000000035dd2                uip_ext_len
                0x0000000000035dd4                uip_last_proto
 .bss           0x0000000000035dd8       0x10 build/cooja/mtype702.a(uip-nd6.o)
 *fill*         0x0000000000035de8       0x18 
 .bss           0x0000000000035e00      0x724 build/cooja/mtype702.a(sicslowpan.o)
 .bss           0x0000000000036524        0x0 build/cooja/mtype702.a(uiplib.o)
 .bss           0x0000000000036524        0x1 build/cooja/mtype702.a(rpl.o)
 .bss           0x0000000000036525        0x0 build/cooja/mtype702.a(rpl-icmp6.o)
 .bss           0x0000000000036525        0x0 build/cooja/mtype702.a(rpl-dag.o)
 *fill*         0x0000000000036525        0x3 
 .bss           0x0000000000036528       0x11 build/cooja/mtype702.a(rpl-dag-root.o)
 .bss           0x0000000000036539        0x0 build/cooja/mtype702.a(watchdog.o)
 *fill*         0x0000000000036539        0x3 
 .bss           0x000000000003653c        0x4 build/cooja/mtype702.a(int-master.o)
 .bss           0x0000000000036540        0x0 build/cooja/mtype702.a(stimer.o)
 .bss           0x0000000000036540        0x0 build/cooja/mtype702.a(memb.o)
 .bss           0x0000000000036540        0x0 build/cooja/mtype702.a(assert.o)
 .bss           0x0000000000036540        0x0 build/cooja/mtype702.a(ringbuf.o)
 .bss           0x0000000000036540     0x1214 build/cooja/mtype702.a(nbr-table.o)
 *fill*         0x0000000000037754        0xc 
 .bss           0x0000000000037760      0xe10 build/cooja/mtype702.a(link-stats.o)
 *fill*         0x0000000000038570       0x10 
 .bss           0x0000000000038580      0x100 build/cooja/mtype702.a(mac-sequence.o)
 .bss           0x0000000000038680        0x0 build/cooja/mtype702.a(mac.o)
 .bss           0x0000000000038680        0x2 build/cooja/mtype702.a(framer-802154.o)
 .bss           0x0000000000038682        0x0 build/cooja/mtype702.a(frame802154.o)
 .bss           0x0000000000038682        0x0 build/cooja/mtype702.a(csma-security.o)
 *fill*         0x0000000000038682        0x2 
 .bss           0x0000000000038684       0x18 build/cooja/mtype702.a(uipbuf.o)
 .bss           0x000000000003869c       0x18 build/cooja/mtype702.a(uip-icmp6.o)
 *fill*         0x00000000000386b4        0xc 
 .bss           0x00000000000386c0     0x1d80 build/cooja/mtype702.a(uip-sr.o)
 .bss           0x000000000003a440      0xa78 build/cooja/mtype702.a(uip-packetqueue)
 .bss           0x000000000003aeb8        0xe build/cooja/mtype702.a(rpl-nbr-policy.)
 *fill*         0x000000000003aec6       0x1a 
 .bss           0x000000000003aee0      0x960 build/cooja/mtype702.a(rpl-neighbor.o)
 .bss           0x000000000003b840       0x40 build/cooja/mtype702.a(rpl-timers.o)
 .bss           0x000000000003b880        0x0 build/cooja/mtype702.a(rpl-ext-header.)
 .bss           0x000000000003b880        0x0 build/cooja/mtype702.a(rpl-mrhof.o)
 .bss           0x000000000003b880        0x0 /usr/lib/i386-linux-gnu/libc_nonshared.a(stack_chk_fail_local.oS)
 .bss           0x000000000003b880        0x0 /usr/lib/gcc/i686-linux-gnu/7/crtendS.o
 .bss           0x000000000003b880        0x0 /usr/lib/gcc/i686-linux-gnu/7/../../../i386-linux-gnu/crtn.o
 *(COMMON)
 COMMON         0x000000000003b880        0x8 build/cooja/mtype702.o
                0x000000000003b880                referenceVar
                0x000000000003b884                sensors_flags
 COMMON         0x000000000003b888        0xc build/cooja/mtype702.a(simEnvChange.o)
                0x000000000003b888                simEtimerPending
                0x000000000003b88c                simProcessRunValue
                0x000000000003b890                simEtimerNextExpirationTime
 *fill*         0x000000000003b894        0x4 
 COMMON         0x000000000003b898       0x18 build/cooja/mtype702.a(rtimer-arch.o)
                0x000000000003b898                simRtimerPending
                0x000000000003b8a0                simRtimerCurrentTicks
                0x000000000003b8a8                simRtimerNextExpirationTime
 COMMON         0x000000000003b8b0        0x1 build/cooja/mtype702.a(beep.o)
                0x000000000003b8b0                simBeeped
 *fill*         0x000000000003b8b1        0x3 
 COMMON         0x000000000003b8b4        0xc build/cooja/mtype702.a(moteid.o)
                0x000000000003b8b4                simRandomSeed
                0x000000000003b8b8                simMoteIDChanged
                0x000000000003b8bc                simMoteID
 COMMON         0x000000000003b8c0        0x2 build/cooja/mtype702.a(pir-sensor.o)
                0x000000000003b8c0                simPirIsActive
                0x000000000003b8c1                simPirChanged
 *fill*         0x000000000003b8c2       0x1e 
 COMMON         0x000000000003b8e0      0x820 build/cooja/mtype702.a(rs232.o)
                0x000000000003b8e0                simSerialReceivingFlag
                0x000000000003b8e4                simSerialReceivingLength
                0x000000000003b900                simSerialReceivingData
 COMMON         0x000000000003c100        0x2 build/cooja/mtype702.a(vib-sensor.o)
                0x000000000003c100                simVibChanged
                0x000000000003c101                simVibIsActive
 *fill*         0x000000000003c102        0x2 
 COMMON         0x000000000003c104        0x4 build/cooja/mtype702.a(clock.o)
                0x000000000003c104                simCurrentTime
 *fill*         0x000000000003c108       0x18 
 COMMON         0x000000000003c120     0x2020 build/cooja/mtype702.a(cooja-log.o)
                0x000000000003c120                simLoggedLength
                0x000000000003c124                simLoggedFlag
                0x000000000003c140                simLoggedData
 COMMON         0x000000000003e140       0xfd build/cooja/mtype702.a(cooja-radio.o)
                0x000000000003e140                simOutDataBuffer
                0x000000000003e1c0                simInDataBuffer
 *fill*         0x000000000003e23d        0x3 
 COMMON         0x000000000003e240      0x400 build/cooja/mtype702.a(eeprom.o)
                0x000000000003e240                simEEPROMData
 COMMON         0x000000000003e640        0x1 build/cooja/mtype702.a(sensors.o)
                0x000000000003e640                sensors_event
 COMMON         0x000000000003e641        0x2 build/cooja/mtype702.a(buttons.o)
                0x000000000003e641                simButtonIsDown
                0x000000000003e642                simButtonChanged
 COMMON         0x000000000003e643        0x3 build/cooja/mtype702.a(button-hal.o)
                0x000000000003e643                button_hal_periodic_event
                0x000000000003e644                button_hal_press_event
                0x000000000003e645                button_hal_release_event
 COMMON         0x000000000003e646        0x1 build/cooja/mtype702.a(serial-line.o)
                0x000000000003e646                serial_line_event_message
 *fill*         0x000000000003e647        0x1 
 COMMON         0x000000000003e648       0x2c build/cooja/mtype702.a(packetbuf.o)
                0x000000000003e648                packetbuf_attrs
                0x000000000003e664                packetbuf_addrs
 COMMON         0x000000000003e674        0x8 build/cooja/mtype702.a(linkaddr.o)
                0x000000000003e674                linkaddr_node_addr
 *fill*         0x000000000003e67c        0x4 
 COMMON         0x000000000003e680      0x1a5 build/cooja/mtype702.a(uip-ds6.o)