Archive member included to satisfy reference by file (symbol)

build/cooja/mtype305.a(simEnvChange.o)
                              build/cooja/mtype305.o (simDontFallAsleep)
build/cooja/mtype305.a(cooja_mt.o)
                              build/cooja/mtype305.o (cooja_mt_start)
build/cooja/mtype305.a(cooja_mtarch.o)
                              build/cooja/mtype305.a(cooja_mt.o) (cooja_mtarch_start)
build/cooja/mtype305.a(rtimer-arch.o)
                              build/cooja/mtype305.o (rtimer_arch_check)
build/cooja/mtype305.a(beep.o)
                              build/cooja/mtype305.o (beep_interface)
build/cooja/mtype305.a(leds-arch.o)
                              build/cooja/mtype305.o (leds_interface)
build/cooja/mtype305.a(moteid.o)
                              build/cooja/mtype305.o (moteid_interface)
build/cooja/mtype305.a(pir-sensor.o)
                              build/cooja/mtype305.o (pir_interface)
build/cooja/mtype305.a(rs232.o)
                              build/cooja/mtype305.o (rs232_interface)
build/cooja/mtype305.a(vib-sensor.o)
                              build/cooja/mtype305.o (vib_interface)
build/cooja/mtype305.a(clock.o)
                              build/cooja/mtype305.o (clock_interface)
build/cooja/mtype305.a(cooja-log.o)
                              build/cooja/mtype305.o (simlog_interface)
build/cooja/mtype305.a(cfs-cooja.o)
                              build/cooja/mtype305.o (cfs_interface)
build/cooja/mtype305.a(cooja-radio.o)
                              build/cooja/mtype305.o (radio_interface)
build/cooja/mtype305.a(eeprom.o)
                              build/cooja/mtype305.o (eeprom_interface)
build/cooja/mtype305.a(random.o)
                              build/cooja/mtype305.a(moteid.o) (random_init)
build/cooja/mtype305.a(sensors.o)
                              build/cooja/mtype305.a(pir-sensor.o) (sensors_changed)
build/cooja/mtype305.a(leds.o)
                              build/cooja/mtype305.a(leds-arch.o) (leds_get)
build/cooja/mtype305.a(gpio-hal-arch.o)
                              build/cooja/mtype305.a(leds-arch.o) (gpio_hal_arch_register_pin_callback)
build/cooja/mtype305.a(buttons.o)
                              build/cooja/mtype305.o (button_interface)
build/cooja/mtype305.a(contiki-main.o)
                              build/cooja/mtype305.o (main)
build/cooja/mtype305.a(autostart.o)
                              build/cooja/mtype305.a(contiki-main.o) (autostart_start)
build/cooja/mtype305.a(ctimer.o)
                              build/cooja/mtype305.a(contiki-main.o) (ctimer_init)
build/cooja/mtype305.a(energest.o)
                              build/cooja/mtype305.a(contiki-main.o) (energest_init)
build/cooja/mtype305.a(etimer.o)
                              build/cooja/mtype305.a(contiki-main.o) (etimer_process)
build/cooja/mtype305.a(log.o)
                              build/cooja/mtype305.a(contiki-main.o) (curr_log_level_main)
build/cooja/mtype305.a(rtimer.o)
                              build/cooja/mtype305.a(contiki-main.o) (rtimer_init)
build/cooja/mtype305.a(node-id.o)
                              build/cooja/mtype305.a(contiki-main.o) (node_id)
build/cooja/mtype305.a(process.o)
                              build/cooja/mtype305.a(ctimer.o) (process_current)
build/cooja/mtype305.a(timer.o)
                              build/cooja/mtype305.a(etimer.o) (timer_set)
build/cooja/mtype305.a(list.o)
                              build/cooja/mtype305.a(ctimer.o) (list_init)
build/cooja/mtype305.a(button-hal.o)
                              build/cooja/mtype305.o (button_hal_init)
build/cooja/mtype305.a(serial-line.o)
                              build/cooja/mtype305.a(rs232.o) (serial_line_input_byte)
build/cooja/mtype305.a(gpio-hal.o)
                              build/cooja/mtype305.a(button-hal.o) (gpio_hal_register_handler)
build/cooja/mtype305.a(queuebuf.o)
                              build/cooja/mtype305.a(contiki-main.o) (queuebuf_init)
build/cooja/mtype305.a(packetbuf.o)
                              build/cooja/mtype305.a(cooja-radio.o) (packetbuf_clear)
build/cooja/mtype305.a(netstack.o)
                              build/cooja/mtype305.a(contiki-main.o) (netstack_init)
build/cooja/mtype305.a(linkaddr.o)
                              build/cooja/mtype305.a(contiki-main.o) (linkaddr_node_addr)
build/cooja/mtype305.a(csma.o)
                              build/cooja/mtype305.a(cooja-radio.o) (csma_driver)
build/cooja/mtype305.a(csma-output.o)
                              build/cooja/mtype305.a(csma.o) (csma_output_packet)
build/cooja/mtype305.a(uip-ds6.o)
                              build/cooja/mtype305.a(contiki-main.o) (uip_ds6_get_link_local)
build/cooja/mtype305.a(uip-udp-packet.)
                              temperatureSensor.o (uip_udp_packet_send)
build/cooja/mtype305.a(uip-ds6-route.o)
                              build/cooja/mtype305.a(uip-ds6.o) (uip_ds6_route_init)
[...]
Memory Configuration

Name             Origin             Length             Attributes
*default*        0x0000000000000000 0xffffffffffffffff

Linker script and memory map

LOAD /usr/lib/gcc/i686-linux-gnu/7/../../../i386-linux-gnu/crti.o
LOAD /usr/lib/gcc/i686-linux-gnu/7/crtbeginS.o
LOAD temperatureSensor.o
LOAD build/cooja/mtype305.o
LOAD build/cooja/mtype305.a
LOAD /usr/lib/gcc/i686-linux-gnu/7/libgcc.a
LOAD /usr/lib/gcc/i686-linux-gnu/7/libgcc_s.so
START GROUP
LOAD /usr/lib/gcc/i686-linux-gnu/7/libgcc_s.so.1
LOAD /usr/lib/gcc/i686-linux-gnu/7/libgcc.a
END GROUP
LOAD /usr/lib/gcc/i686-linux-gnu/7/../../../i386-linux-gnu/libc.so
START GROUP
LOAD /lib/i386-linux-gnu/libc.so.6
LOAD /usr/lib/i386-linux-gnu/libc_nonshared.a
LOAD /lib/i386-linux-gnu/ld-linux.so.2
END GROUP
LOAD /usr/lib/gcc/i686-linux-gnu/7/libgcc.a
LOAD /usr/lib/gcc/i686-linux-gnu/7/libgcc_s.so
START GROUP
LOAD /usr/lib/gcc/i686-linux-gnu/7/libgcc_s.so.1
LOAD /usr/lib/gcc/i686-linux-gnu/7/libgcc.a
END GROUP
LOAD /usr/lib/gcc/i686-linux-gnu/7/crtendS.o
LOAD /usr/lib/gcc/i686-linux-gnu/7/../../../i386-linux-gnu/crtn.o
                0x0000000000000114                . = (SEGMENT_START ("text-segment", 0x0) + SIZEOF_HEADERS)

.note.gnu.build-id
                0x0000000000000114       0x24
 *(.note.gnu.build-id)
 .note.gnu.build-id
                0x0000000000000114       0x24 /usr/lib/gcc/i686-linux-gnu/7/../../../i386-linux-gnu/crti.o

.hash
 *(.hash)

.gnu.hash       0x0000000000000138     0x1404
 *(.gnu.hash)
 .gnu.hash      0x0000000000000138     0x1404 /usr/lib/gcc/i686-linux-gnu/7/../../../i386-linux-gnu/crti.o

.dynsym         0x000000000000153c     0x2860
 *(.dynsym)
 .dynsym        0x000000000000153c     0x2860 /usr/lib/gcc/i686-linux-gnu/7/../../../i386-linux-gnu/crti.o

.dynstr         0x0000000000003d9c     0x2dc4
 *(.dynstr)
 .dynstr        0x0000000000003d9c     0x2dc4 /usr/lib/gcc/i686-linux-gnu/7/../../../i386-linux-gnu/crti.o

.gnu.version    0x0000000000006b60      0x50c
 *(.gnu.version)
 .gnu.version   0x0000000000006b60      0x50c /usr/lib/gcc/i686-linux-gnu/7/../../../i386-linux-gnu/crti.o

.gnu.version_d  0x000000000000706c        0x0
 *(.gnu.version_d)
 .gnu.version_d
                0x000000000000706c        0x0 /usr/lib/gcc/i686-linux-gnu/7/../../../i386-linux-gnu/crti.o

.gnu.version_r  0x000000000000706c       0x40
 *(.gnu.version_r)
 .gnu.version_r
                0x000000000000706c       0x40 /usr/lib/gcc/i686-linux-gnu/7/../../../i386-linux-gnu/crti.o

.rel.dyn        0x00000000000070ac      0xda8
 *(.rel.init)
 .rel.init      0x00000000000070ac        0x0 /usr/lib/gcc/i686-linux-gnu/7/../../../i386-linux-gnu/crti.o
 *(.rel.text .rel.text.* .rel.gnu.linkonce.t.*)
 .rel.text      0x00000000000070ac      0x4f0 /usr/lib/gcc/i686-linux-gnu/7/../../../i386-linux-gnu/crti.o
 *(.rel.fini)
 .rel.fini      0x000000000000759c        0x0 /usr/lib/gcc/i686-linux-gnu/7/../../../i386-linux-gnu/crti.o
 *(.rel.rodata .rel.rodata.* .rel.gnu.linkonce.r.*)
 *(.rel.data.rel.ro .rel.data.rel.ro.* .rel.gnu.linkonce.d.rel.ro.*)
 .rel.data.rel.ro.local
                0x000000000000759c      0x208 /usr/lib/gcc/i686-linux-gnu/7/../../../i386-linux-gnu/crti.o
 .rel.data.rel.ro
                0x00000000000077a4       0xb0 /usr/lib/gcc/i686-linux-gnu/7/../../../i386-linux-gnu/crti.o
 *(.rel.data .rel.data.* .rel.gnu.linkonce.d.*)
 .rel.data.rel.local
                0x0000000000007854      0x2e0 /usr/lib/gcc/i686-linux-gnu/7/../../../i386-linux-gnu/crti.o
 .rel.data.rel  0x0000000000007b34       0x78 /usr/lib/gcc/i686-linux-gnu/7/../../../i386-linux-gnu/crti.o
 *(.rel.tdata .rel.tdata.* .rel.gnu.linkonce.td.*)
 *(.rel.tbss .rel.tbss.* .rel.gnu.linkonce.tb.*)
 *(.rel.ctors)
 *(.rel.dtors)
 *(.rel.got)
 .rel.got       0x0000000000007bac      0x298 /usr/lib/gcc/i686-linux-gnu/7/../../../i386-linux-gnu/crti.o
 *(.rel.bss .rel.bss.* .rel.gnu.linkonce.b.*)
 *(.rel.ifunc)
 .rel.ifunc     0x0000000000007e44        0x0 /usr/lib/gcc/i686-linux-gnu/7/../../../i386-linux-gnu/crti.o
 .rel.fini_array
                0x0000000000007e44        0x8 /usr/lib/gcc/i686-linux-gnu/7/../../../i386-linux-gnu/crti.o
 .rel.init_array
                0x0000000000007e4c        0x8 /usr/lib/gcc/i686-linux-gnu/7/../../../i386-linux-gnu/crti.o

.rel.plt        0x0000000000007e54      0x970
 *(.rel.plt)
 .rel.plt       0x0000000000007e54      0x970 /usr/lib/gcc/i686-linux-gnu/7/../../../i386-linux-gnu/crti.o
 *(.rel.iplt)

.init           0x00000000000087c4       0x23
 *(SORT_NONE(.init))
 .init          0x00000000000087c4       0x1e /usr/lib/gcc/i686-linux-gnu/7/../../../i386-linux-gnu/crti.o
                0x00000000000087c4                _init
 .init          0x00000000000087e2        0x5 /usr/lib/gcc/i686-linux-gnu/7/../../../i386-linux-gnu/crtn.o

.plt            0x00000000000087f0     0x12f0
 *(.plt)
 .plt           0x00000000000087f0     0x12f0 /usr/lib/gcc/i686-linux-gnu/7/../../../i386-linux-gnu/crti.o
 *(.iplt)

.plt.got        0x0000000000009ae0       0x18
 *(.plt.got)
 .plt.got       0x0000000000009ae0       0x18 /usr/lib/gcc/i686-linux-gnu/7/../../../i386-linux-gnu/crti.o

.plt.sec
 *(.plt.sec)

.text           0x0000000000009b00    0x1a174
 *(.text.unlikely .text.*_unlikely .text.unlikely.*)
 *(.text.exit .text.exit.*)
 *(.text.startup .text.startup.*)
 *(.text.hot .text.hot.*)
 *(.text .stub .text.* .gnu.linkonce.t.*)
 .text          0x0000000000009b00        0x0 /usr/lib/gcc/i686-linux-gnu/7/../../../i386-linux-gnu/crti.o
 .gnu.linkonce.t.__x86.get_pc_thunk.bx
                0x0000000000009b00        0x4 /usr/lib/gcc/i686-linux-gnu/7/../../../i386-linux-gnu/crti.o
                0x0000000000009b00                __x86.get_pc_thunk.bx
 *fill*         0x0000000000009b04        0xc 
 .text          0x0000000000009b10       0xe9 /usr/lib/gcc/i686-linux-gnu/7/crtbeginS.o
 .text.__x86.get_pc_thunk.dx
                0x0000000000009bf9        0x4 /usr/lib/gcc/i686-linux-gnu/7/crtbeginS.o
                0x0000000000009bf9                __x86.get_pc_thunk.dx
 .text          0x0000000000009bfd      0x40c temperatureSensor.o
 .text          0x000000000000a009      0x36b build/cooja/mtype305.o
                0x000000000000a0bb                platform_init_stage_one
                0x000000000000a0de                platform_init_stage_two
                0x000000000000a101                platform_init_stage_three
                0x000000000000a124                platform_main_loop
                0x000000000000a1ca                Java_org_contikios_cooja_corecomm_Lib10_init
                0x000000000000a218                Java_org_contikios_cooja_corecomm_Lib10_getMemory
                0x000000000000a258                Java_org_contikios_cooja_corecomm_Lib10_setMemory
                0x000000000000a2c9                Java_org_contikios_cooja_corecomm_Lib10_tick
                0x000000000000a353                Java_org_contikios_cooja_corecomm_Lib10_setReferenceAddress
 .text.__x86.get_pc_thunk.ax
                0x000000000000a374        0x4 build/cooja/mtype305.o
                0x000000000000a374                __x86.get_pc_thunk.ax
 .text          0x000000000000a378       0x8d build/cooja/mtype305.a(simEnvChange.o)
                0x000000000000a378                doActionsBeforeTick
                0x000000000000a3be                doActionsAfterTick
 .text          0x000000000000a405       0xb6 build/cooja/mtype305.a(cooja_mt.o)
                0x000000000000a405                cooja_mt_start
                0x000000000000a43f                cooja_mt_exec
                0x000000000000a486                cooja_mt_yield
 .text          0x000000000000a4bb       0xf2 build/cooja/mtype305.a(cooja_mtarch.o)
                0x000000000000a4bb                cooja_mtarch_start
                0x000000000000a53f                cooja_sw
                0x000000000000a56d                cooja_mtarch_exec
                0x000000000000a598                cooja_mtarch_yield
 .text          0x000000000000a5ad      0x127 build/cooja/mtype305.a(rtimer-arch.o)
                0x000000000000a5ad                rtimer_arch_init
                0x000000000000a5dc                rtimer_arch_schedule
                0x000000000000a61e                rtimer_arch_next
                0x000000000000a638                rtimer_arch_pending
                0x000000000000a64f                rtimer_arch_check
                0x000000000000a6ba                rtimer_arch_now
 .text.__x86.get_pc_thunk.cx
                0x000000000000a6d4        0x4 build/cooja/mtype305.a(rtimer-arch.o)
                0x000000000000a6d4                __x86.get_pc_thunk.cx
 .text          0x000000000000a6d8      0x101 build/cooja/mtype305.a(beep.o)
                0x000000000000a6d8                beep_alarm
                0x000000000000a6f1                beep_beep
                0x000000000000a70a                beep
                0x000000000000a723                beep_down
                0x000000000000a73c                beep_on
                0x000000000000a755                beep_off
                0x000000000000a76e                beep_spinup
                0x000000000000a787                beep_quick
                0x000000000000a7a0                beep_long
 .text          0x000000000000a7d9       0x9f build/cooja/mtype305.a(leds-arch.o)
                0x000000000000a7fd                leds_arch_init
 .text          0x000000000000a878       0x56 build/cooja/mtype305.a(moteid.o)
 .text          0x000000000000a8ce      0x101 build/cooja/mtype305.a(pir-sensor.o)
 .text          0x000000000000a9cf      0x1cc build/cooja/mtype305.a(rs232.o)
                0x000000000000a9cf                rs232_init
                0x000000000000a9df                rs232_set_speed
                0x000000000000a9f8                rs232_set_input
                0x000000000000aa11                rs232_send
                0x000000000000aa47                rs232_print
                0x000000000000aa75                slip_arch_writeb
 .text          0x000000000000ab9b      0x101 build/cooja/mtype305.a(vib-sensor.o)
 .text          0x000000000000ac9c       0x7a build/cooja/mtype305.a(clock.o)
                0x000000000000ac9c                clock_init
                0x000000000000acac                clock_time
                0x000000000000acc3                clock_seconds
                0x000000000000ace6                clock_delay
 .text          0x000000000000ad16      0x2b5 build/cooja/mtype305.a(cooja-log.o)
                0x000000000000ad16                simlog_char
                0x000000000000ad7a                simlog
                0x000000000000ae14                log_message
                0x000000000000ae63                log_set_putchar_with_slip
                0x000000000000ae7c                log_putchar
                0x000000000000af07                log_puts
                0x000000000000af39                log_printf
 .text          0x000000000000afcb      0x36c build/cooja/mtype305.a(cfs-cooja.o)
                0x000000000000afcb                cfs_open
                0x000000000000b043                cfs_close
                0x000000000000b05a                cfs_read
                0x000000000000b10e                cfs_write
                0x000000000000b20c                cfs_seek
                0x000000000000b2a9                cfs_remove
                0x000000000000b2df                cfs_opendir
                0x000000000000b2f3                cfs_readdir
                0x000000000000b307                cfs_closedir
 .text          0x000000000000b337      0x785 build/cooja/mtype305.a(cooja-radio.o)
                0x000000000000b3a5                radio_set_channel
                0x000000000000b3be                radio_set_txpower
                0x000000000000b3e1                radio_signal_strength_last
                0x000000000000b3f6                radio_signal_strength_current
                0x000000000000b40b                radio_LQI
 .text          0x000000000000babc      0x130 build/cooja/mtype305.a(eeprom.o)
                0x000000000000babc                eeprom_init
                0x000000000000bacc                eeprom_read
                0x000000000000bb4c                eeprom_write
 .text          0x000000000000bbec       0x4e build/cooja/mtype305.a(random.o)
                0x000000000000bbec                random_init
                0x000000000000bc1c                random_rand
 .text          0x000000000000bc3a      0x332 build/cooja/mtype305.a(sensors.o)
                0x000000000000bc81                sensors_first
                0x000000000000bc98                sensors_next
                0x000000000000bcc3                sensors_changed
                0x000000000000bd10                sensors_find
 .text          0x000000000000bf6c      0x3fc build/cooja/mtype305.a(leds.o)
                0x000000000000bf6c                leds_init
                0x000000000000bfc4                leds_single_on
                0x000000000000c03c                leds_single_off
                0x000000000000c0b4                leds_single_toggle
                0x000000000000c0f8                leds_on
                0x000000000000c190                leds_off
                0x000000000000c228                leds_toggle
                0x000000000000c28e                leds_set
                0x000000000000c2c4                leds_get
 .text          0x000000000000c368      0x401 build/cooja/mtype305.a(gpio-hal-arch.o)
                0x000000000000c368                gpio_hal_arch_register_pin_callback
                0x000000000000c3e9                gpio_hal_arch_init
                0x000000000000c443                gpio_hal_arch_no_port_interrupt_enable
                0x000000000000c47d                gpio_hal_arch_no_port_interrupt_disable
                0x000000000000c4b7                gpio_hal_arch_no_port_pin_cfg_set
                0x000000000000c4e6                gpio_hal_arch_no_port_pin_cfg_get
                0x000000000000c516                gpio_hal_arch_no_port_pin_set_input
                0x000000000000c532                gpio_hal_arch_no_port_pin_set_output
                0x000000000000c54e                gpio_hal_arch_no_port_set_pin
                0x000000000000c579                gpio_hal_arch_no_port_clear_pin
                0x000000000000c5a4                gpio_hal_arch_no_port_read_pin
                0x000000000000c5d6                gpio_hal_arch_no_port_write_pin
                0x000000000000c60a                gpio_hal_arch_no_port_set_pins
                0x000000000000c65b                gpio_hal_arch_no_port_clear_pins
                0x000000000000c6ac                gpio_hal_arch_no_port_read_pins
                0x000000000000c6ff                gpio_hal_arch_no_port_write_pins
 .text          0x000000000000c769       0xc6 build/cooja/mtype305.a(buttons.o)
 .text          0x000000000000c82f      0x3c1 build/cooja/mtype305.a(contiki-main.o)
                0x000000000000c82f                main
 .text          0x000000000000cbf0       0xb0 build/cooja/mtype305.a(autostart.o)
                0x000000000000cbf0                autostart_start
                0x000000000000cc49                autostart_exit
 .text          0x000000000000cca0      0x400 build/cooja/mtype305.a(ctimer.o)
                0x000000000000cde3                ctimer_init
                0x000000000000ce28                ctimer_set
                0x000000000000ce5b                ctimer_set_with_process
                0x000000000000cef2                ctimer_reset
                0x000000000000cf60                ctimer_restart
                0x000000000000cfce                ctimer_stop
                0x000000000000d02e                ctimer_expired
 .text          0x000000000000d0a0       0x39 build/cooja/mtype305.a(energest.o)
                0x000000000000d0a0                energest_init
                0x000000000000d0b0                energest_flush
                0x000000000000d0c0                energest_get_total_time
 .text          0x000000000000d0d9      0x527 build/cooja/mtype305.a(etimer.o)
                0x000000000000d32e                etimer_request_poll
                0x000000000000d3df                etimer_set
                0x000000000000d418                etimer_reset_with_new_interval
                0x000000000000d457                etimer_reset
                0x000000000000d48d                etimer_restart
                0x000000000000d4c3                etimer_adjust
                0x000000000000d4ea                etimer_expired
                0x000000000000d507                etimer_expiration_time
                0x000000000000d523                etimer_start_time
                0x000000000000d537                etimer_pending
                0x000000000000d554                etimer_next_expiration_time
                0x000000000000d57c                etimer_stop
 .text          0x000000000000d600      0x4a3 build/cooja/mtype305.a(log.o)
                0x000000000000d600                log_6addr
                0x000000000000d664                log_6addr_compact_snprint
                0x000000000000d724                log_6addr_compact
                0x000000000000d788                log_lladdr
                0x000000000000d80f                log_lladdr_compact
                0x000000000000d88c                log_bytes
                0x000000000000d8e0                log_set_level
                0x000000000000d9be                log_get_level
                0x000000000000da4f                log_level_to_str
 .text          0x000000000000daa3      0x122 build/cooja/mtype305.a(rtimer.o)
                0x000000000000daa3                rtimer_init
                0x000000000000dac2                rtimer_set
                0x000000000000db50                rtimer_run_next
 .text          0x000000000000dbc5       0x36 build/cooja/mtype305.a(node-id.o)
                0x000000000000dbc5                node_id_init
 .text          0x000000000000dbfb      0x5cb build/cooja/mtype305.a(process.o)
                0x000000000000dbfb                process_alloc_event
                0x000000000000dc1c                process_start
                0x000000000000de21                process_exit
                0x000000000000de49                process_init
                0x000000000000e011                process_run
                0x000000000000e054                process_nevents
                0x000000000000e079                process_post
                0x000000000000e126                process_post_synch
                0x000000000000e16c                process_poll
                0x000000000000e1a8                process_is_running
 .text.__x86.get_pc_thunk.si
                0x000000000000e1c6        0x4 build/cooja/mtype305.a(process.o)
                0x000000000000e1c6                __x86.get_pc_thunk.si
 .text          0x000000000000e1ca       0xf6 build/cooja/mtype305.a(timer.o)
                0x000000000000e1ca                timer_set
                0x000000000000e1f9                timer_reset
                0x000000000000e230                timer_restart
                0x000000000000e256                timer_expired
                0x000000000000e294                timer_remaining
 .text          0x000000000000e2c0      0x311 build/cooja/mtype305.a(list.o)
                0x000000000000e2c0                list_init
                0x000000000000e2d9                list_head
                0x000000000000e2ed                list_copy
                0x000000000000e307                list_tail
                0x000000000000e347                list_add
                0x000000000000e39d                list_push
                0x000000000000e3d3                list_chop
                0x000000000000e447                list_pop
                0x000000000000e479                list_remove
                0x000000000000e4eb                list_length
                0x000000000000e523                list_insert
                0x000000000000e572                list_item_next
                0x000000000000e593                list_contains
 .text          0x000000000000e5d1      0x566 build/cooja/mtype305.a(button-hal.o)
                0x000000000000e7c5                button_hal_get_by_id
                0x000000000000e80f                button_hal_get_by_index
                0x000000000000e849                button_hal_get_state
                0x000000000000e8ab                button_hal_init
 .text          0x000000000000eb37      0x242 build/cooja/mtype305.a(serial-line.o)
                0x000000000000eb37                serial_line_input_byte
                0x000000000000ed2f                serial_line_init
 .text          0x000000000000ed79      0x1d6 build/cooja/mtype305.a(gpio-hal.o)
                0x000000000000ed79                gpio_hal_register_handler
                0x000000000000eda7                gpio_hal_event_handler
                0x000000000000ee14                gpio_hal_init
                0x000000000000ee43                gpio_hal_arch_port_toggle_pin
                0x000000000000ee8e                gpio_hal_arch_port_toggle_pins
                0x000000000000eecb                gpio_hal_arch_no_port_toggle_pin
                0x000000000000ef18                gpio_hal_arch_no_port_toggle_pins
 .text          0x000000000000ef4f      0x3a9 build/cooja/mtype305.a(queuebuf.o)
                0x000000000000ef63                queuebuf_init
                0x000000000000ef9f                queuebuf_numfree
                0x000000000000efc9                queuebuf_new_from_packetbuf
                0x000000000000f07d                queuebuf_update_attr_from_packetbuf
                0x000000000000f0c1                queuebuf_update_from_packetbuf
                0x000000000000f120                queuebuf_free
                0x000000000000f17e                queuebuf_to_packetbuf
                0x000000000000f1fb                queuebuf_dataptr
                0x000000000000f247                queuebuf_datalen
                0x000000000000f274                queuebuf_addr
                0x000000000000f2b3                queuebuf_attr
                0x000000000000f2e8                queuebuf_debug_print
 .text          0x000000000000f2f8      0x4dd build/cooja/mtype305.a(packetbuf.o)
                0x000000000000f2f8                packetbuf_clear
                0x000000000000f32e                packetbuf_copyfrom
                0x000000000000f38e                packetbuf_copyto
                0x000000000000f42c                packetbuf_hdralloc
                0x000000000000f4bc                packetbuf_hdrreduce
                0x000000000000f50e                packetbuf_set_datalen
                0x000000000000f533                packetbuf_dataptr
                0x000000000000f55a                packetbuf_hdrptr
                0x000000000000f56f                packetbuf_datalen
                0x000000000000f585                packetbuf_hdrlen
                0x000000000000f5a4                packetbuf_totlen
                0x000000000000f5c4                packetbuf_remaininglen
                0x000000000000f5e1                packetbuf_attr_clear
                0x000000000000f647                packetbuf_attr_copyto
                0x000000000000f68d                packetbuf_attr_copyfrom
                0x000000000000f6d3                packetbuf_set_attr
                0x000000000000f709                packetbuf_attr
                0x000000000000f72f                packetbuf_set_addr
                0x000000000000f777                packetbuf_addr
                0x000000000000f7a1                packetbuf_holds_broadcast
 .text          0x000000000000f7d5      0x13c build/cooja/mtype305.a(netstack.o)
                0x000000000000f7d5                netstack_process_ip_callback
                0x000000000000f876                netstack_ip_packet_processor_add
                0x000000000000f8aa                uip_ds6_ip_packet_processor_rm
                0x000000000000f8d8                netstack_init
 .text          0x000000000000f911       0x75 build/cooja/mtype305.a(linkaddr.o)
                0x000000000000f911                linkaddr_copy
                0x000000000000f931                linkaddr_cmp
                0x000000000000f964                linkaddr_set_node_addr
 .text          0x000000000000f986      0x273 build/cooja/mtype305.a(csma.o)
 .text          0x000000000000fbf9      0xa6f build/cooja/mtype305.a(csma-output.o)
                0x000000000001036b                csma_output_packet
                0x000000000001061a                csma_output_init
 .text          0x0000000000010668      0xe47 build/cooja/mtype305.a(uip-ds6.o)
                0x0000000000010668                uip_ds6_default_prefix
                0x000000000001067d                uip_ds6_set_default_prefix
                0x00000000000106b3                uip_ds6_init
                0x000000000001094e                uip_ds6_periodic
                0x00000000000109f6                uip_ds6_list_loop
                0x0000000000010ac5                uip_ds6_prefix_add
                0x0000000000010b8c                uip_ds6_prefix_rm
                0x0000000000010ba9                uip_ds6_prefix_lookup
                0x0000000000010bfc                uip_ds6_is_addr_onlink
                0x0000000000010c89                uip_ds6_addr_add
                0x0000000000010dcb                uip_ds6_addr_rm
                0x0000000000010e8a                uip_ds6_addr_lookup
                0x0000000000010eda                uip_ds6_get_link_local
                0x0000000000010f78                uip_ds6_get_global
                0x0000000000011016                uip_ds6_maddr_add
                0x0000000000011092                uip_ds6_maddr_rm
                0x00000000000110af                uip_ds6_maddr_lookup
                0x0000000000011102                uip_ds6_aaddr_add
                0x000000000001117b                uip_ds6_aaddr_rm
                0x0000000000011198                uip_ds6_aaddr_lookup
                0x00000000000111e8                uip_ds6_select_src
                0x0000000000011356                uip_ds6_set_addr_iid
                0x000000000001138b                uip_ds6_set_lladdr_from_iid
                0x00000000000113be                get_match_length
                0x0000000000011459                uip_ds6_compute_reachable_time
 .text          0x00000000000114af      0x152 build/cooja/mtype305.a(uip-udp-packet.)
                0x00000000000114af                uip_udp_packet_send
                0x0000000000011528                uip_udp_packet_sendto
 .text          0x0000000000011601      0x43f build/cooja/mtype305.a(uip-ds6-route.o)
                0x0000000000011663                uip_ds6_route_init
                0x000000000001169f                uip_ds6_route_nexthop
                0x00000000000116b3                uip_ds6_route_head
                0x00000000000116c7                uip_ds6_route_next
                0x00000000000116db                uip_ds6_route_is_nexthop
                0x00000000000116ef                uip_ds6_route_num_routes
                0x0000000000011703                uip_ds6_route_lookup
                0x0000000000011717                uip_ds6_route_add
                0x0000000000011734                uip_ds6_route_rm
                0x0000000000011744                uip_ds6_route_rm_by_nexthop
                0x0000000000011754                uip_ds6_defrt_head
                0x000000000001177e                uip_ds6_defrt_add
                0x000000000001183e                uip_ds6_defrt_rm
                0x00000000000118b7                uip_ds6_defrt_lookup
                0x000000000001192e                uip_ds6_defrt_choose
                0x00000000000119b4                uip_ds6_defrt_periodic
 .text          0x0000000000011a40      0x43e build/cooja/mtype305.a(uip-ds6-nbr.o)
                0x0000000000011a40                uip_ds6_neighbors_init
                0x0000000000011a76                uip_ds6_nbr_add
                0x0000000000011b10                uip_ds6_nbr_rm
                0x0000000000011b6f                uip_ds6_nbr_update_ll
                0x0000000000011c6c                uip_ds6_nbr_get_ipaddr
                0x0000000000011c8b                uip_ds6_nbr_get_ll
                0x0000000000011cb8                uip_ds6_nbr_num
                0x0000000000011d12                uip_ds6_nbr_head
                0x0000000000011d3c                uip_ds6_nbr_next
                0x0000000000011d69                uip_ds6_nbr_lookup
                0x0000000000011dd0                uip_ds6_nbr_ll_lookup
                0x0000000000011dfd                uip_ds6_nbr_ipaddr_from_lladdr
                0x0000000000011e30                uip_ds6_nbr_lladdr_from_ipaddr
                0x0000000000011e6e                uip_ds6_link_callback
 .text          0x0000000000011e7e      0x870 build/cooja/mtype305.a(tcpip.o)
                0x0000000000011ea4                tcpip_output
                0x0000000000011f53                udp_attach
                0x0000000000011f75                udp_new
                0x0000000000011fcf                udp_broadcast_new
                0x000000000001216f                tcpip_input
                0x0000000000012365                tcpip_ipv6_output
                0x00000000000125a1                tcpip_poll_udp
                0x00000000000125d1                tcpip_uipcall
 .text          0x00000000000126ee     0x1520 build/cooja/mtype305.a(uip6.o)
                0x00000000000127a7                uip_chksum
                0x000000000001289f                uip_icmp6chksum
                0x00000000000128be                uip_udpchksum
                0x00000000000128dd                uip_init
                0x000000000001293c                uip_remove_ext_hdr
                0x0000000000012a37                uip_udp_new
                0x0000000000012db0                uip_process
                0x0000000000013a9e                uip_htons
                0x0000000000013aca                uip_htonl
                0x0000000000013b14                uip_send
 .text          0x0000000000013c0e      0x7d4 build/cooja/mtype305.a(uip-nd6.o)
                0x00000000000143b7                uip_nd6_init
 .text          0x00000000000143e2     0x333d build/cooja/mtype305.a(sicslowpan.o)
                0x0000000000014ae0                netstack_sniffer_add
                0x0000000000014af9                netstack_sniffer_remove
                0x00000000000176de                sicslowpan_init
                0x000000000001770a                sicslowpan_get_last_rssi
 .text          0x000000000001771f      0x51a build/cooja/mtype305.a(uiplib.o)
                0x000000000001771f                uiplib_ip6addrconv
                0x00000000000178e5                uiplib_ip4addrconv
                0x00000000000179b2                uiplib_ipaddr_print
                0x0000000000017a16                uiplib_ipaddr_snprint
 .text          0x0000000000017c39      0x820 build/cooja/mtype305.a(rpl.o)
                0x0000000000017c39                rpl_lollipop_greater_than
                0x0000000000017c9c                rpl_get_global_address
                0x0000000000017dd2                rpl_link_callback
                0x0000000000017ecb                rpl_has_joined
                0x0000000000017f01                rpl_is_reachable
                0x0000000000017fa4                rpl_reset_prefix
                0x000000000001809e                rpl_set_prefix_from_addr
                0x000000000001826d                rpl_set_prefix
                0x0000000000018420                rpl_set_leaf_only
                0x0000000000018443                rpl_get_leaf_only
 .text          0x0000000000018459     0x205c build/cooja/mtype305.a(rpl-icmp6.o)
                0x00000000000185b6                rpl_icmp6_update_nbr_table
                0x00000000000187f7                rpl_icmp6_dis_output
                0x00000000000191ba                rpl_icmp6_dio_output
                0x0000000000019cfc                rpl_icmp6_dao_output
                0x000000000001a334                rpl_icmp6_dao_ack_output
                0x000000000001a455                rpl_icmp6_init
 .text          0x000000000001a4b5     0x1c61 build/cooja/mtype305.a(rpl-dag.o)
                0x000000000001a4b5                rpl_dag_state_to_str
                0x000000000001a503                rpl_dag_get_root_ipaddr
                0x000000000001a553                rpl_dag_leave
                0x000000000001a697                rpl_dag_poison_and_leave
                0x000000000001a6c3                rpl_dag_periodic
                0x000000000001a813                rpl_is_addr_in_our_dag
                0x000000000001a872                rpl_get_default_instance
                0x000000000001a89c                rpl_get_any_dag
                0x000000000001a912                rpl_refresh_routes
                0x000000000001a9e7                rpl_global_repair
                0x000000000001abb1                rpl_local_repair
                0x000000000001ac5c                rpl_dag_ready_to_advertise
                0x000000000001acb5                rpl_dag_update_state
                0x000000000001bb24                rpl_process_dio
                0x000000000001bc04                rpl_process_dis
                0x000000000001bc99                rpl_process_dao
                0x000000000001bd7d                rpl_process_dao_ack
                0x000000000001be86                rpl_process_hbh
                0x000000000001bee6                rpl_dag_init_root
                0x000000000001c0e4                rpl_dag_init
 .text          0x000000000001c116      0x571 build/cooja/mtype305.a(rpl-dag-root.o)
                0x000000000001c116                rpl_dag_root_print_links
                0x000000000001c47f                rpl_dag_root_set_prefix
                0x000000000001c4ba                rpl_dag_root_start
                0x000000000001c645                rpl_dag_root_is_root
 .text          0x000000000001c687       0x6b build/cooja/mtype305.a(watchdog.o)
                0x000000000001c687                watchdog_init
                0x000000000001c697                watchdog_start
                0x000000000001c6a7                watchdog_periodic
                0x000000000001c6d2                watchdog_stop
                0x000000000001c6e2                watchdog_reboot
 .text          0x000000000001c6f2       0x75 build/cooja/mtype305.a(int-master.o)
                0x000000000001c6f2                int_master_enable
                0x000000000001c70c                int_master_read_and_disable
                0x000000000001c734                int_master_status_set
                0x000000000001c74d                int_master_is_enabled
 .text          0x000000000001c767      0x11d build/cooja/mtype305.a(stimer.o)
                0x000000000001c767                stimer_set
                0x000000000001c796                stimer_reset
                0x000000000001c7cd                stimer_restart
                0x000000000001c7f3                stimer_expired
                0x000000000001c82f                stimer_remaining
                0x000000000001c85b                stimer_elapsed
 .text          0x000000000001c884      0x1ec build/cooja/mtype305.a(memb.o)
                0x000000000001c884                memb_init
                0x000000000001c8e8                memb_alloc
                0x000000000001c955                memb_free
                0x000000000001c9d6                memb_inmemb
                0x000000000001ca1f                memb_numfree
 .text          0x000000000001ca70       0x31 build/cooja/mtype305.a(assert.o)
                0x000000000001ca70                _xassert
 .text          0x000000000001caa1      0x188 build/cooja/mtype305.a(ringbuf.o)
                0x000000000001caa1                ringbuf_init
                0x000000000001cadd                ringbuf_put
                0x000000000001cb65                ringbuf_get
                0x000000000001cbdc                ringbuf_size
                0x000000000001cbf8                ringbuf_elements
 .text          0x000000000001cc29      0x8d0 build/cooja/mtype305.a(nbr-table.o)
                0x000000000001d13c                nbr_table_register
                0x000000000001d1ba                nbr_table_is_registered
                0x000000000001d1ff                nbr_table_head
                0x000000000001d26c                nbr_table_next
                0x000000000001d2de                nbr_table_add_lladdr
                0x000000000001d3cf                nbr_table_get_from_lladdr
                0x000000000001d42c                nbr_table_remove
                0x000000000001d477                nbr_table_lock
                0x000000000001d49d                nbr_table_unlock
                0x000000000001d4c3                nbr_table_get_lladdr
 .text          0x000000000001d4f9      0x43d build/cooja/mtype305.a(link-stats.o)
                0x000000000001d4f9                link_stats_from_lladdr
                0x000000000001d526                link_stats_get_lladdr
                0x000000000001d553                link_stats_is_fresh
                0x000000000001d5a0                guess_etx_from_rssi
                0x000000000001d626                link_stats_packet_sent
                0x000000000001d757                link_stats_input_callback
                0x000000000001d88b                link_stats_reset
                0x000000000001d8ed                link_stats_init
 .text          0x000000000001d936      0x1a8 build/cooja/mtype305.a(mac-sequence.o)
                0x000000000001d936                mac_sequence_is_duplicate
                0x000000000001d9f6                mac_sequence_register_seqno
 .text          0x000000000001dade       0x2d build/cooja/mtype305.a(mac.o)
                0x000000000001dade                mac_call_sent_callback
 .text          0x000000000001db0b      0x477 build/cooja/mtype305.a(framer-802154.o)
                0x000000000001dcae                framer_802154_setup_params
 .text          0x000000000001df82      0xc1a build/cooja/mtype305.a(frame802154.o)
                0x000000000001dfbd                frame802154_get_pan_id
                0x000000000001dfd3                frame802154_set_pan_id
                0x000000000001dff8                frame802154_has_panid
                0x000000000001e1b1                frame802154_check_dest_panid
                0x000000000001e243                frame802154_is_broadcast_addr
                0x000000000001e29a                frame802154_extract_linkaddr
                0x000000000001e523                frame802154_hdrlen
                0x000000000001e5a0                frame802154_create_fcf
                0x000000000001e662                frame802154_create
                0x000000000001e7ed                frame802154_parse_fcf
                0x000000000001e8d9                frame802154_parse
 .text          0x000000000001eb9c       0x4e build/cooja/mtype305.a(csma-security.o)
                0x000000000001eb9c                csma_security_create_frame
                0x000000000001ebcd                csma_security_parse_frame
 .text          0x000000000001ebea      0x5b2 build/cooja/mtype305.a(uipbuf.o)
                0x000000000001ebea                uipbuf_clear
                0x000000000001ec21                uipbuf_add_ext_hdr
                0x000000000001ecbc                uipbuf_set_len
                0x000000000001ecf6                uipbuf_set_len_field
                0x000000000001ed2c                uipbuf_get_len_field
                0x000000000001ed56                uipbuf_get_next_header
                0x000000000001ee92                uipbuf_get_last_header
                0x000000000001ef15                uipbuf_search_header
                0x000000000001efd9                uipbuf_get_attr
                0x000000000001f00a                uipbuf_set_attr
                0x000000000001f04b                uipbuf_set_default_attr
                0x000000000001f08c                uipbuf_clear_attr
                0x000000000001f0c0                uipbuf_set_attr_flag
                0x000000000001f0ec                uipbuf_clr_attr_flag
                0x000000000001f11e                uipbuf_is_attr_flag
                0x000000000001f14c                uipbuf_init
 .text          0x000000000001f19c      0x8b7 build/cooja/mtype305.a(uip-icmp6.o)
                0x000000000001f221                uip_icmp6_input
                0x000000000001f282                uip_icmp6_register_input_handler
                0x000000000001f436                uip_icmp6_error_output
                0x000000000001f778                uip_icmp6_send
                0x000000000001f9a6                uip_icmp6_echo_reply_callback_add
                0x000000000001f9e9                uip_icmp6_echo_reply_callback_rm
                0x000000000001fa17                uip_icmp6_init
 .text          0x000000000001fa53      0x772 build/cooja/mtype305.a(uip-sr.o)
                0x000000000001fa53                uip_sr_num_nodes
                0x000000000001faff                uip_sr_get_node
                0x000000000001fb66                uip_sr_is_addr_reachable
                0x000000000001fc23                uip_sr_expire_parent
                0x000000000001fc76                uip_sr_update_node
                0x000000000001fdba                uip_sr_init
                0x000000000001fe00                uip_sr_node_head
                0x000000000001fe2a                uip_sr_node_next
                0x000000000001fe50                uip_sr_periodic
                0x000000000001ff6c                uip_sr_free_all
                0x000000000001fff1                uip_sr_link_snprint
 .text          0x00000000000201c5      0x1a5 build/cooja/mtype305.a(uip-packetqueue)
                0x0000000000020205                uip_packetqueue_new
                0x000000000002021e                uip_packetqueue_alloc
                0x000000000002028d                uip_packetqueue_free
                0x00000000000202e5                uip_packetqueue_buf
                0x000000000002030c                uip_packetqueue_buflen
                0x0000000000020337                uip_packetqueue_set_buflen
 .text          0x000000000002036a      0x348 build/cooja/mtype305.a(rpl-nbr-policy.)
                0x0000000000020660                rpl_nbr_policy_find_removable
 .text          0x00000000000206b2      0xe1e build/cooja/mtype305.a(rpl-neighbor.o)
                0x000000000002074e                rpl_neighbor_snprint
                0x0000000000020a36                rpl_neighbor_print_list
                0x0000000000020c80                rpl_neighbor_count
                0x0000000000020d63                rpl_neighbor_get_from_lladdr
                0x0000000000020d90                rpl_neighbor_is_acceptable_parent
                0x0000000000020dd6                rpl_neighbor_get_link_metric
                0x0000000000020e1c                rpl_neighbor_rank_via_nbr
                0x0000000000020e62                rpl_neighbor_get_lladdr
                0x0000000000020e8f                rpl_neighbor_get_ipaddr
                0x0000000000020ec5                rpl_neighbor_get_link_stats
                0x0000000000020efb                rpl_neighbor_is_fresh
                0x0000000000020f31                rpl_neighbor_is_reachable
                0x0000000000020f8e                rpl_neighbor_is_parent
                0x0000000000020fc5                rpl_neighbor_set_preferred_parent
                0x0000000000021151                rpl_neighbor_remove_all
                0x00000000000211fd                rpl_neighbor_get_from_ipaddr
                0x0000000000021337                rpl_neighbor_select_best
                0x000000000002149e                rpl_neighbor_init
 .text          0x00000000000214d0      0xf08 build/cooja/mtype305.a(rpl-timers.o)
                0x00000000000214d0                rpl_timers_schedule_periodic_dis
                0x000000000002167a                rpl_timers_dio_reset
                0x0000000000021837                rpl_timers_schedule_unicast_dio
                0x0000000000021a0a                rpl_timers_schedule_dao
                0x0000000000021b10                rpl_timers_schedule_dao_ack
                0x0000000000021bdf                rpl_timers_notify_dao_ack
                0x0000000000021c65                get_probing_delay
                0x0000000000021caa                get_probing_target
                0x0000000000021fe4                rpl_schedule_probing
                0x0000000000022030                rpl_schedule_probing_now
                0x00000000000220ca                rpl_timers_unschedule_leaving
                0x0000000000022124                rpl_timers_schedule_leaving
                0x0000000000022189                rpl_timers_init
                0x000000000002227c                rpl_timers_stop_dag_timers
                0x0000000000022339                rpl_timers_unschedule_state_update
                0x0000000000022375                rpl_timers_schedule_state_update
 .text          0x00000000000223d8     0x14a6 build/cooja/mtype305.a(rpl-ext-header.)
                0x00000000000223d8                rpl_ext_header_srh_get_next_hop
                0x0000000000022522                rpl_ext_header_srh_update
                0x0000000000022f96                rpl_ext_header_hbh_update
                0x00000000000235f8                rpl_ext_header_update
                0x00000000000236a7                rpl_ext_header_remove
 .text          0x000000000002387e      0x3e2 build/cooja/mtype305.a(rpl-mrhof.o)
 .text          0x0000000000023c60       0x14 /usr/lib/i386-linux-gnu/libc_nonshared.a(stack_chk_fail_local.oS)
                0x0000000000023c60                __stack_chk_fail_local
 .text          0x0000000000023c74        0x0 /usr/lib/gcc/i686-linux-gnu/7/crtendS.o
 .text          0x0000000000023c74        0x0 /usr/lib/gcc/i686-linux-gnu/7/../../../i386-linux-gnu/crtn.o
 *(.gnu.warning)

.fini           0x0000000000023c74       0x14
 *(SORT_NONE(.fini))
 .fini          0x0000000000023c74        0xf /usr/lib/gcc/i686-linux-gnu/7/../../../i386-linux-gnu/crti.o
                0x0000000000023c74                _fini
 .fini          0x0000000000023c83        0x5 /usr/lib/gcc/i686-linux-gnu/7/../../../i386-linux-gnu/crtn.o
                [!provide]                        PROVIDE (__etext = .)
                [!provide]                        PROVIDE (_etext = .)
                [!provide]                        PROVIDE (etext = .)

.rodata         0x0000000000023c88     0x196b
 *(.rodata .rodata.* .gnu.linkonce.r.*)
 .rodata        0x0000000000023c88      0x14c temperatureSensor.o
 .rodata        0x0000000000023dd4        0x6 build/cooja/mtype305.a(leds-arch.o)
                0x0000000000023dd4                leds_arch_leds
 .rodata        0x0000000000023dda        0x4 build/cooja/mtype305.a(pir-sensor.o)
 .rodata        0x0000000000023dde        0x6 build/cooja/mtype305.a(rs232.o)
 .rodata        0x0000000000023de4        0xa build/cooja/mtype305.a(vib-sensor.o)
 *fill*         0x0000000000023dee        0x2 
 .rodata        0x0000000000023df0       0x27 build/cooja/mtype305.a(cfs-cooja.o)
 *fill*         0x0000000000023e17        0x1 
 .rodata        0x0000000000023e18       0x68 build/cooja/mtype305.a(cooja-radio.o)
 .rodata        0x0000000000023e80        0x8 build/cooja/mtype305.a(sensors.o)
 .rodata        0x0000000000023e88       0x14 build/cooja/mtype305.a(buttons.o)
                0x0000000000023e94                button_hal_button_count
 .rodata        0x0000000000023e9c       0xfc build/cooja/mtype305.a(contiki-main.o)
 .rodata        0x0000000000023f98        0xf build/cooja/mtype305.a(ctimer.o)
 .rodata        0x0000000000023fa7        0xc build/cooja/mtype305.a(etimer.o)
 *fill*         0x0000000000023fb3        0x1 
 .rodata        0x0000000000023fb4       0xc4 build/cooja/mtype305.a(log.o)
 .rodata        0x0000000000024078       0x13 build/cooja/mtype305.a(button-hal.o)
 .rodata        0x000000000002408b        0xe build/cooja/mtype305.a(serial-line.o)
 *fill*         0x0000000000024099        0x3 
 .rodata        0x000000000002409c        0x8 build/cooja/mtype305.a(linkaddr.o)
                0x000000000002409c                linkaddr_null
 .rodata        0x00000000000240a4        0x5 build/cooja/mtype305.a(csma.o)
 *fill*         0x00000000000240a9        0x3 
 .rodata        0x00000000000240ac       0x21 build/cooja/mtype305.a(csma-output.o)
 *fill*         0x00000000000240cd        0x3 
 .rodata        0x00000000000240d0       0x4d build/cooja/mtype305.a(uip-ds6-route.o)
 .rodata        0x000000000002411d        0xd build/cooja/mtype305.a(tcpip.o)
 *fill*         0x000000000002412a        0x2 
 .rodata        0x000000000002412c       0x1f build/cooja/mtype305.a(sicslowpan.o)
                0x000000000002412c                unc_llconf
                0x0000000000024130                unc_ctxconf
                0x0000000000024134                unc_mxconf
                0x0000000000024138                llprefix
 .rodata        0x000000000002414b       0x2d build/cooja/mtype305.a(uiplib.o)
 .rodata        0x0000000000024178       0xd4 build/cooja/mtype305.a(rpl.o)
 .rodata        0x000000000002424c      0x587 build/cooja/mtype305.a(rpl-icmp6.o)
 *fill*         0x00000000000247d3        0x1 
 .rodata        0x00000000000247d4      0x60c build/cooja/mtype305.a(rpl-dag.o)
 .rodata        0x0000000000024de0       0xc4 build/cooja/mtype305.a(rpl-dag-root.o)
 .rodata        0x0000000000024ea4       0x25 build/cooja/mtype305.a(assert.o)
 .rodata        0x0000000000024ec9       0x44 build/cooja/mtype305.a(uip-sr.o)
 *fill*         0x0000000000024f0d        0x3 
 .rodata        0x0000000000024f10       0xe3 build/cooja/mtype305.a(rpl-nbr-policy.)
 *fill*         0x0000000000024ff3        0x1 
 .rodata        0x0000000000024ff4      0x15a build/cooja/mtype305.a(rpl-neighbor.o)
 .rodata        0x000000000002514e       0x89 build/cooja/mtype305.a(rpl-timers.o)
 *fill*         0x00000000000251d7        0x1 
 .rodata        0x00000000000251d8      0x3f6 build/cooja/mtype305.a(rpl-ext-header.)
 .rodata        0x00000000000255ce       0x25 build/cooja/mtype305.a(rpl-mrhof.o)

.rodata1
 *(.rodata1)

.eh_frame_hdr   0x00000000000255f4     0x160c
 *(.eh_frame_hdr)
 .eh_frame_hdr  0x00000000000255f4     0x160c temperatureSensor.o
                0x00000000000255f4                __GNU_EH_FRAME_HDR
 *(.eh_frame_entry .eh_frame_entry.*)

.eh_frame       0x0000000000026c00     0x5f34
 *(.eh_frame)
 .eh_frame      0x0000000000026c00       0x3c /usr/lib/gcc/i686-linux-gnu/7/../../../i386-linux-gnu/crti.o
                                         0x40 (size before relaxing)
 .eh_frame      0x0000000000026c3c       0x14 /usr/lib/gcc/i686-linux-gnu/7/../../../i386-linux-gnu/crti.o
                                         0x2c (size before relaxing)
 .eh_frame      0x0000000000026c50       0x6c temperatureSensor.o
                                         0x98 (size before relaxing)
 .eh_frame      0x0000000000026cbc      0x1ac build/cooja/mtype305.o
                                        0x1ec (size before relaxing)
 .eh_frame      0x0000000000026e68       0x48 build/cooja/mtype305.a(simEnvChange.o)
                                         0x74 (size before relaxing)
 .eh_frame      0x0000000000026eb0       0x6c build/cooja/mtype305.a(cooja_mt.o)
                                         0x98 (size before relaxing)
 .eh_frame      0x0000000000026f1c       0x88 build/cooja/mtype305.a(cooja_mtarch.o)
                                         0xc8 (size before relaxing)
 .eh_frame      0x0000000000026fa4       0xe4 build/cooja/mtype305.a(rtimer-arch.o)
                                        0x110 (size before relaxing)
 .eh_frame      0x0000000000027088      0x160 build/cooja/mtype305.a(beep.o)
                                        0x18c (size before relaxing)
 .eh_frame      0x00000000000271e8       0x88 build/cooja/mtype305.a(leds-arch.o)
                                         0xc8 (size before relaxing)
 .eh_frame      0x0000000000027270       0x44 build/cooja/mtype305.a(moteid.o)
                                         0x70 (size before relaxing)
 .eh_frame      0x00000000000272b4       0xa4 build/cooja/mtype305.a(pir-sensor.o)
                                         0xe4 (size before relaxing)
 .eh_frame      0x0000000000027358      0x110 build/cooja/mtype305.a(rs232.o)
                                        0x150 (size before relaxing)
 .eh_frame      0x0000000000027468       0xa4 build/cooja/mtype305.a(vib-sensor.o)
                                         0xe4 (size before relaxing)
 .eh_frame      0x000000000002750c       0xc0 build/cooja/mtype305.a(clock.o)
                                         0xec (size before relaxing)
 .eh_frame      0x00000000000275cc      0x130 build/cooja/mtype305.a(cooja-log.o)
                                        0x170 (size before relaxing)
 .eh_frame      0x00000000000276fc      0x16c build/cooja/mtype305.a(cfs-cooja.o)
                                        0x1ac (size before relaxing)
 .eh_frame      0x0000000000027868      0x354 build/cooja/mtype305.a(cooja-radio.o)
                                        0x394 (size before relaxing)
 .eh_frame      0x0000000000027bbc       0xa8 build/cooja/mtype305.a(eeprom.o)
                                         0xe8 (size before relaxing)
 .eh_frame      0x0000000000027c64       0x48 build/cooja/mtype305.a(random.o)
                                         0x74 (size before relaxing)
 .eh_frame      0x0000000000027cac       0xd0 build/cooja/mtype305.a(sensors.o)
                                        0x110 (size before relaxing)
 .eh_frame      0x0000000000027d7c      0x140 build/cooja/mtype305.a(leds.o)
                                        0x180 (size before relaxing)
 .eh_frame      0x0000000000027ebc      0x228 build/cooja/mtype305.a(gpio-hal-arch.o)
                                        0x27c (size before relaxing)
 .eh_frame      0x00000000000280e4       0xa4 build/cooja/mtype305.a(buttons.o)
                                         0xe4 (size before relaxing)
 .eh_frame      0x0000000000028188       0x38 build/cooja/mtype305.a(contiki-main.o)
                                         0x64 (size before relaxing)
 .eh_frame      0x00000000000281c0       0x48 build/cooja/mtype305.a(autostart.o)
                                         0x74 (size before relaxing)
 .eh_frame      0x0000000000028208      0x11c build/cooja/mtype305.a(ctimer.o)
                                        0x15c (size before relaxing)
 .eh_frame      0x0000000000028324       0x60 build/cooja/mtype305.a(energest.o)
                                         0x8c (size before relaxing)
 .eh_frame      0x0000000000028384      0x204 build/cooja/mtype305.a(etimer.o)
                                        0x244 (size before relaxing)
 .eh_frame      0x0000000000028588      0x144 build/cooja/mtype305.a(log.o)
                                        0x184 (size before relaxing)
 .eh_frame      0x00000000000286cc       0x6c build/cooja/mtype305.a(rtimer.o)
                                         0xc0 (size before relaxing)
 .eh_frame      0x0000000000028738       0x20 build/cooja/mtype305.a(node-id.o)
                                         0x4c (size before relaxing)
 .eh_frame      0x0000000000028758      0x1ec build/cooja/mtype305.a(process.o)
                                        0x22c (size before relaxing)
 .eh_frame      0x0000000000028944       0xb4 build/cooja/mtype305.a(timer.o)
                                         0xe0 (size before relaxing)
 .eh_frame      0x00000000000289f8      0x1a0 build/cooja/mtype305.a(list.o)
                                        0x1cc (size before relaxing)
 .eh_frame      0x0000000000028b98      0x188 build/cooja/mtype305.a(button-hal.o)
                                        0x1c8 (size before relaxing)
 .eh_frame      0x0000000000028d20       0x6c build/cooja/mtype305.a(serial-line.o)
                                         0x98 (size before relaxing)
 .eh_frame      0x0000000000028d8c       0xfc build/cooja/mtype305.a(gpio-hal.o)
                                        0x13c (size before relaxing)
 .eh_frame      0x0000000000028e88      0x1c0 build/cooja/mtype305.a(queuebuf.o)
                                        0x200 (size before relaxing)
 .eh_frame      0x0000000000029048      0x2b0 build/cooja/mtype305.a(packetbuf.o)
                                        0x2f0 (size before relaxing)
 .eh_frame      0x00000000000292f8       0x90 build/cooja/mtype305.a(netstack.o)
                                         0xd0 (size before relaxing)
 .eh_frame      0x0000000000029388       0x64 build/cooja/mtype305.a(linkaddr.o)
                                         0x90 (size before relaxing)
 .eh_frame      0x00000000000293ec       0xf0 build/cooja/mtype305.a(csma.o)
                                        0x130 (size before relaxing)
 .eh_frame      0x00000000000294dc      0x1f8 build/cooja/mtype305.a(csma-output.o)
                                        0x238 (size before relaxing)
 .eh_frame      0x00000000000296d4      0x364 build/cooja/mtype305.a(uip-ds6.o)
                                        0x3a4 (size before relaxing)
 .eh_frame      0x0000000000029a38       0x44 build/cooja/mtype305.a(uip-udp-packet.)
                                         0x84 (size before relaxing)
 .eh_frame      0x0000000000029a7c      0x240 build/cooja/mtype305.a(uip-ds6-route.o)
                                        0x280 (size before relaxing)
 .eh_frame      0x0000000000029cbc      0x1e8 build/cooja/mtype305.a(uip-ds6-nbr.o)
                                        0x228 (size before relaxing)
 .eh_frame      0x0000000000029ea4      0x270 build/cooja/mtype305.a(tcpip.o)
                                        0x2b0 (size before relaxing)
 .eh_frame      0x000000000002a114      0x20c build/cooja/mtype305.a(uip6.o)
                                        0x24c (size before relaxing)
 .eh_frame      0x000000000002a320       0x8c build/cooja/mtype305.a(uip-nd6.o)
                                         0xe0 (size before relaxing)
 .eh_frame      0x000000000002a3ac      0x354 build/cooja/mtype305.a(sicslowpan.o)
                                        0x3a8 (size before relaxing)
 .eh_frame      0x000000000002a700       0x9c build/cooja/mtype305.a(uiplib.o)
                                         0xdc (size before relaxing)
 .eh_frame      0x000000000002a79c      0x1fc build/cooja/mtype305.a(rpl.o)
                                        0x23c (size before relaxing)
 .eh_frame      0x000000000002a998      0x204 build/cooja/mtype305.a(rpl-icmp6.o)
                                        0x244 (size before relaxing)
 .eh_frame      0x000000000002ab9c      0x3c0 build/cooja/mtype305.a(rpl-dag.o)
                                        0x414 (size before relaxing)
 .eh_frame      0x000000000002af5c       0xb0 build/cooja/mtype305.a(rpl-dag-root.o)
                                         0xf0 (size before relaxing)
 .eh_frame      0x000000000002b00c       0xa4 build/cooja/mtype305.a(watchdog.o)
                                         0xd0 (size before relaxing)
 .eh_frame      0x000000000002b0b0       0x80 build/cooja/mtype305.a(int-master.o)
                                         0xac (size before relaxing)
 .eh_frame      0x000000000002b130       0xd8 build/cooja/mtype305.a(stimer.o)
                                        0x104 (size before relaxing)
 .eh_frame      0x000000000002b208       0xa4 build/cooja/mtype305.a(memb.o)
                                         0xe4 (size before relaxing)
 .eh_frame      0x000000000002b2ac       0x24 build/cooja/mtype305.a(assert.o)
                                         0x50 (size before relaxing)
 .eh_frame      0x000000000002b2d0       0xa0 build/cooja/mtype305.a(ringbuf.o)
                                         0xcc (size before relaxing)
 .eh_frame      0x000000000002b370      0x2cc build/cooja/mtype305.a(nbr-table.o)
                                        0x30c (size before relaxing)
 .eh_frame      0x000000000002b63c      0x140 build/cooja/mtype305.a(link-stats.o)
                                        0x180 (size before relaxing)
 .eh_frame      0x000000000002b77c       0x50 build/cooja/mtype305.a(mac-sequence.o)
                                         0x7c (size before relaxing)
 .eh_frame      0x000000000002b7cc       0x20 build/cooja/mtype305.a(mac.o)
                                         0x4c (size before relaxing)
 .eh_frame      0x000000000002b7ec       0xb4 build/cooja/mtype305.a(framer-802154.o)
                                         0xf4 (size before relaxing)
 .eh_frame      0x000000000002b8a0      0x1b0 build/cooja/mtype305.a(frame802154.o)
                                        0x1f0 (size before relaxing)
 .eh_frame      0x000000000002ba50       0x44 build/cooja/mtype305.a(csma-security.o)
                                         0x84 (size before relaxing)
 .eh_frame      0x000000000002ba94      0x204 build/cooja/mtype305.a(uipbuf.o)
                                        0x230 (size before relaxing)
 .eh_frame      0x000000000002bc98      0x170 build/cooja/mtype305.a(uip-icmp6.o)
                                        0x1b0 (size before relaxing)
 .eh_frame      0x000000000002be08      0x1ac build/cooja/mtype305.a(uip-sr.o)
                                        0x1ec (size before relaxing)
 .eh_frame      0x000000000002bfb4       0xec build/cooja/mtype305.a(uip-packetqueue)
                                        0x12c (size before relaxing)
 .eh_frame      0x000000000002c0a0       0x8c build/cooja/mtype305.a(rpl-nbr-policy.)
                                         0xcc (size before relaxing)
 .eh_frame      0x000000000002c12c      0x31c build/cooja/mtype305.a(rpl-neighbor.o)
                                        0x370 (size before relaxing)
 .eh_frame      0x000000000002c448      0x418 build/cooja/mtype305.a(rpl-timers.o)
                                        0x458 (size before relaxing)
 .eh_frame      0x000000000002c860      0x160 build/cooja/mtype305.a(rpl-ext-header.)
                                        0x1a0 (size before relaxing)
 .eh_frame      0x000000000002c9c0      0x154 build/cooja/mtype305.a(rpl-mrhof.o)
                                        0x194 (size before relaxing)
 .eh_frame      0x000000000002cb14       0x1c /usr/lib/i386-linux-gnu/libc_nonshared.a(stack_chk_fail_local.oS)
                                         0x48 (size before relaxing)
 .eh_frame      0x000000000002cb30        0x4 /usr/lib/gcc/i686-linux-gnu/7/crtendS.o
 *(.eh_frame.*)

.gcc_except_table
 *(.gcc_except_table .gcc_except_table.*)

.gnu_extab
 *(.gnu_extab*)

.exception_ranges
 *(.exception_ranges .exception_ranges*)
                0x000000000002dc18                . = DATA_SEGMENT_ALIGN (CONSTANT (MAXPAGESIZE), CONSTANT (COMMONPAGESIZE))

.eh_frame
 *(.eh_frame)
 *(.eh_frame.*)

.gnu_extab
 *(.gnu_extab)

.gcc_except_table
 *(.gcc_except_table .gcc_except_table.*)

.exception_ranges
 *(.exception_ranges .exception_ranges*)

.tdata
 *(.tdata .tdata.* .gnu.linkonce.td.*)

.tbss
 *(.tbss .tbss.* .gnu.linkonce.tb.*)
 *(.tcommon)

.preinit_array
 *(.preinit_array)

.init_array     0x000000000002dc18        0x4
 *(SORT_BY_INIT_PRIORITY(.init_array.*) SORT_BY_INIT_PRIORITY(.ctors.*))
 *(.init_array EXCLUDE_FILE(*crtend?.o *crtend.o *crtbegin?.o *crtbegin.o) .ctors)
 .init_array    0x000000000002dc18        0x4 /usr/lib/gcc/i686-linux-gnu/7/crtbeginS.o

.fini_array     0x000000000002dc1c        0x4
 *(SORT_BY_INIT_PRIORITY(.fini_array.*) SORT_BY_INIT_PRIORITY(.dtors.*))
 *(.fini_array EXCLUDE_FILE(*crtend?.o *crtend.o *crtbegin?.o *crtbegin.o) .dtors)
 .fini_array    0x000000000002dc1c        0x4 /usr/lib/gcc/i686-linux-gnu/7/crtbeginS.o

.ctors
 *crtbegin.o(.ctors)
 *crtbegin?.o(.ctors)
 *(EXCLUDE_FILE(*crtend?.o *crtend.o) .ctors)
 *(SORT_BY_NAME(.ctors.*))
 *(.ctors)

.dtors
 *crtbegin.o(.dtors)
 *crtbegin?.o(.dtors)
 *(EXCLUDE_FILE(*crtend?.o *crtend.o) .dtors)
 *(SORT_BY_NAME(.dtors.*))
 *(.dtors)

.jcr
 *(.jcr)

.data.rel.ro    0x000000000002dc20      0x198
 *(.data.rel.ro.local* .gnu.linkonce.d.rel.ro.local.*)
 .data.rel.ro.local
                0x000000000002dc20        0x8 temperatureSensor.o
                0x000000000002dc20                autostart_processes
 .data.rel.ro.local
                0x000000000002dc28        0x8 build/cooja/mtype305.a(beep.o)
                0x000000000002dc28                beep_interface
 .data.rel.ro.local
                0x000000000002dc30        0x8 build/cooja/mtype305.a(leds-arch.o)
                0x000000000002dc30                leds_interface
 .data.rel.ro.local
                0x000000000002dc38        0x8 build/cooja/mtype305.a(moteid.o)
                0x000000000002dc38                moteid_interface
 .data.rel.ro.local
                0x000000000002dc40       0x18 build/cooja/mtype305.a(pir-sensor.o)
                0x000000000002dc40                pir_interface
                0x000000000002dc48                pir_sensor
 .data.rel.ro.local
                0x000000000002dc58        0x8 build/cooja/mtype305.a(rs232.o)
                0x000000000002dc58                rs232_interface
 .data.rel.ro.local
                0x000000000002dc60       0x18 build/cooja/mtype305.a(vib-sensor.o)
                0x000000000002dc60                vib_interface
                0x000000000002dc68                vib_sensor
 .data.rel.ro.local
                0x000000000002dc78        0x8 build/cooja/mtype305.a(clock.o)
                0x000000000002dc78                clock_interface
 .data.rel.ro.local
                0x000000000002dc80        0x8 build/cooja/mtype305.a(cooja-log.o)
                0x000000000002dc80                simlog_interface
 .data.rel.ro.local
                0x000000000002dc88        0x8 build/cooja/mtype305.a(cfs-cooja.o)
                0x000000000002dc88                cfs_interface
 *fill*         0x000000000002dc90       0x10 
 .data.rel.ro.local
                0x000000000002dca0       0x58 build/cooja/mtype305.a(cooja-radio.o)
                0x000000000002dca0                radio_interface
                0x000000000002dcc0                cooja_radio_driver
 .data.rel.ro.local
                0x000000000002dcf8        0x8 build/cooja/mtype305.a(eeprom.o)
                0x000000000002dcf8                eeprom_interface
 .data.rel.ro.local
                0x000000000002dd00       0x18 build/cooja/mtype305.a(buttons.o)
                0x000000000002dd00                button_interface
                0x000000000002dd08                button_sensor
 .data.rel.ro.local
                0x000000000002dd18       0x1c build/cooja/mtype305.a(csma.o)
                0x000000000002dd18                csma_driver
 .data.rel.ro.local
                0x000000000002dd34       0x10 build/cooja/mtype305.a(sicslowpan.o)
                0x000000000002dd34                sicslowpan_driver
 .data.rel.ro.local
                0x000000000002dd44        0xc build/cooja/mtype305.a(framer-802154.o)
                0x000000000002dd44                framer_802154
 *(.data.rel.ro .data.rel.ro.* .gnu.linkonce.d.rel.ro.*)
 .data.rel.ro   0x000000000002dd50        0x0 /usr/lib/gcc/i686-linux-gnu/7/../../../i386-linux-gnu/crti.o
 *fill*         0x000000000002dd50       0x10 
 .data.rel.ro   0x000000000002dd60       0x54 build/cooja/mtype305.a(rpl.o)
                0x000000000002dd60                rpl_lite_driver
 .data.rel.ro   0x000000000002ddb4        0x4 build/cooja/mtype305.a(rpl-dag.o)

.dynamic        0x000000000002ddb8       0xf0
 *(.dynamic)
 .dynamic       0x000000000002ddb8       0xf0 /usr/lib/gcc/i686-linux-gnu/7/../../../i386-linux-gnu/crti.o
                0x000000000002ddb8                _DYNAMIC

.got            0x000000000002dea8      0x14c
 *(.got)
 .got           0x000000000002dea8      0x14c /usr/lib/gcc/i686-linux-gnu/7/../../../i386-linux-gnu/crti.o
 *(.igot)
                0x000000000002dff4                . = DATA_SEGMENT_RELRO_END (., (SIZEOF (.got.plt) >= 0xc)?0xc:0x0)

.got.plt        0x000000000002e000      0x4c4
 *(.got.plt)
 .got.plt       0x000000000002e000      0x4c4 /usr/lib/gcc/i686-linux-gnu/7/../../../i386-linux-gnu/crti.o
                0x000000000002e000                _GLOBAL_OFFSET_TABLE_
 *(.igot.plt)

.data           0x000000000002e4e0      0x384
 *(.data .data.* .gnu.linkonce.d.*)
 .data          0x000000000002e4e0        0x0 /usr/lib/gcc/i686-linux-gnu/7/../../../i386-linux-gnu/crti.o
 .data          0x000000000002e4e0        0x0 /usr/lib/gcc/i686-linux-gnu/7/crtbeginS.o
 .data.rel.local
                0x000000000002e4e0        0x4 /usr/lib/gcc/i686-linux-gnu/7/crtbeginS.o
                0x000000000002e4e0                __dso_handle
 .data          0x000000000002e4e4        0x0 temperatureSensor.o
 .data.rel.local
                0x000000000002e4e4       0x10 temperatureSensor.o
                0x000000000002e4e4                udp_server_process
 .data          0x000000000002e4f4        0x0 build/cooja/mtype305.o
 *fill*         0x000000000002e4f4        0xc 
 .data.rel      0x000000000002e500       0x44 build/cooja/mtype305.o
                0x000000000002e500                simInterfaces
                0x000000000002e534                sensors
 .data          0x000000000002e544        0x0 build/cooja/mtype305.a(simEnvChange.o)
 .data          0x000000000002e544        0x0 build/cooja/mtype305.a(cooja_mt.o)
 .data          0x000000000002e544        0x0 build/cooja/mtype305.a(cooja_mtarch.o)
 .data          0x000000000002e544        0x0 build/cooja/mtype305.a(rtimer-arch.o)
 .data          0x000000000002e544        0x0 build/cooja/mtype305.a(beep.o)
 .data          0x000000000002e544        0x0 build/cooja/mtype305.a(leds-arch.o)
 .data          0x000000000002e544        0x0 build/cooja/mtype305.a(moteid.o)
 .data          0x000000000002e544        0x0 build/cooja/mtype305.a(pir-sensor.o)
 .data          0x000000000002e544        0x0 build/cooja/mtype305.a(rs232.o)
 .data          0x000000000002e544        0x0 build/cooja/mtype305.a(vib-sensor.o)
 .data          0x000000000002e544        0x0 build/cooja/mtype305.a(clock.o)
 .data          0x000000000002e544        0x0 build/cooja/mtype305.a(cooja-log.o)
 .data          0x000000000002e544        0x0 build/cooja/mtype305.a(cfs-cooja.o)
 .data          0x000000000002e544       0x1c build/cooja/mtype305.a(cooja-radio.o)
                0x000000000002e544                simRadioHWOn
                0x000000000002e548                simSignalStrength
                0x000000000002e54c                simLastSignalStrength
                0x000000000002e550                simPower
                0x000000000002e554                simRadioChannel
                0x000000000002e558                simLQI
 .data.rel.local
                0x000000000002e560       0x10 build/cooja/mtype305.a(cooja-radio.o)
                0x000000000002e560                cooja_radio_process
 .data          0x000000000002e570        0x0 build/cooja/mtype305.a(eeprom.o)
 .data          0x000000000002e570        0x0 build/cooja/mtype305.a(random.o)
 .data          0x000000000002e570        0x0 build/cooja/mtype305.a(sensors.o)
 .data.rel.local
                0x000000000002e570       0x10 build/cooja/mtype305.a(sensors.o)
                0x000000000002e570                sensors_process
 .data          0x000000000002e580        0x0 build/cooja/mtype305.a(leds.o)
 .data          0x000000000002e580        0x0 build/cooja/mtype305.a(gpio-hal-arch.o)
 .data          0x000000000002e580        0x1 build/cooja/mtype305.a(buttons.o)
                0x000000000002e580                simButtonIsActive
 *fill*         0x000000000002e581       0x1f 
 .data.rel.local
                0x000000000002e5a0       0x58 build/cooja/mtype305.a(buttons.o)
                0x000000000002e5f0                button_hal_buttons
 .data          0x000000000002e5f8        0x0 build/cooja/mtype305.a(contiki-main.o)
 .data          0x000000000002e5f8        0x0 build/cooja/mtype305.a(autostart.o)
 .data          0x000000000002e5f8        0x0 build/cooja/mtype305.a(ctimer.o)
 .data.rel.local
                0x000000000002e5f8       0x14 build/cooja/mtype305.a(ctimer.o)
                0x000000000002e5fc                ctimer_process
 .data          0x000000000002e60c        0x0 build/cooja/mtype305.a(energest.o)
 .data          0x000000000002e60c        0x0 build/cooja/mtype305.a(etimer.o)
 .data.rel.local
                0x000000000002e60c       0x10 build/cooja/mtype305.a(etimer.o)
                0x000000000002e60c                etimer_process
 .data          0x000000000002e61c        0x8 build/cooja/mtype305.a(log.o)
                0x000000000002e61c                curr_log_level_rpl
                0x000000000002e620                curr_log_level_main
 *fill*         0x000000000002e624       0x1c 
 .data.rel.local
                0x000000000002e640       0x9c build/cooja/mtype305.a(log.o)
                0x000000000002e640                all_modules
 .data          0x000000000002e6dc        0x0 build/cooja/mtype305.a(rtimer.o)
 .data          0x000000000002e6dc        0x0 build/cooja/mtype305.a(node-id.o)
 .data          0x000000000002e6dc        0x0 build/cooja/mtype305.a(process.o)
 .data          0x000000000002e6dc        0x0 build/cooja/mtype305.a(timer.o)
 .data          0x000000000002e6dc        0x0 build/cooja/mtype305.a(list.o)
 .data          0x000000000002e6dc        0x0 build/cooja/mtype305.a(button-hal.o)
 .data.rel.local
                0x000000000002e6dc       0x10 build/cooja/mtype305.a(button-hal.o)
                0x000000000002e6dc                button_hal_process
 .data          0x000000000002e6ec        0x0 build/cooja/mtype305.a(serial-line.o)
 .data.rel.local
                0x000000000002e6ec       0x10 build/cooja/mtype305.a(serial-line.o)
                0x000000000002e6ec                serial_line_process
 .data          0x000000000002e6fc        0x0 build/cooja/mtype305.a(gpio-hal.o)
 .data.rel.local
                0x000000000002e6fc        0x4 build/cooja/mtype305.a(gpio-hal.o)
 .data          0x000000000002e700        0x0 build/cooja/mtype305.a(queuebuf.o)
 .data.rel.local
                0x000000000002e700       0x18 build/cooja/mtype305.a(queuebuf.o)
 .data          0x000000000002e718        0x0 build/cooja/mtype305.a(packetbuf.o)
 .data.rel.local
                0x000000000002e718        0x4 build/cooja/mtype305.a(packetbuf.o)
 .data          0x000000000002e71c        0x0 build/cooja/mtype305.a(netstack.o)
 .data.rel.local
                0x000000000002e71c        0x4 build/cooja/mtype305.a(netstack.o)
 .data          0x000000000002e720        0x0 build/cooja/mtype305.a(linkaddr.o)
 .data          0x000000000002e720        0x0 build/cooja/mtype305.a(csma.o)
 .data          0x000000000002e720        0x0 build/cooja/mtype305.a(csma-output.o)
 .data.rel.local
                0x000000000002e720       0x28 build/cooja/mtype305.a(csma-output.o)
 .data          0x000000000002e748        0x0 build/cooja/mtype305.a(uip-ds6.o)
 .data          0x000000000002e748        0x0 build/cooja/mtype305.a(uip-udp-packet.)
 .data          0x000000000002e748        0x0 build/cooja/mtype305.a(uip-ds6-route.o)
 .data.rel.local
                0x000000000002e748       0x10 build/cooja/mtype305.a(uip-ds6-route.o)
 .data          0x000000000002e758        0x0 build/cooja/mtype305.a(uip-ds6-nbr.o)
 .data.rel.local
                0x000000000002e758       0x14 build/cooja/mtype305.a(uip-ds6-nbr.o)
 .data          0x000000000002e76c        0x0 build/cooja/mtype305.a(tcpip.o)
 .data.rel.local
                0x000000000002e76c       0x10 build/cooja/mtype305.a(tcpip.o)
                0x000000000002e76c                tcpip_process
 .data          0x000000000002e77c        0x0 build/cooja/mtype305.a(uip6.o)
 .data          0x000000000002e77c        0x0 build/cooja/mtype305.a(uip-nd6.o)
 .data.rel.local
                0x000000000002e77c        0xc build/cooja/mtype305.a(uip-nd6.o)
 .data          0x000000000002e788        0x0 build/cooja/mtype305.a(sicslowpan.o)
 .data          0x000000000002e788        0x0 build/cooja/mtype305.a(uiplib.o)
 .data          0x000000000002e788        0x0 build/cooja/mtype305.a(rpl.o)
 .data          0x000000000002e788        0x0 build/cooja/mtype305.a(rpl-icmp6.o)
 .data.rel.local
                0x000000000002e788       0x30 build/cooja/mtype305.a(rpl-icmp6.o)
 .data          0x000000000002e7b8        0x0 build/cooja/mtype305.a(rpl-dag.o)
 .data          0x000000000002e7b8        0x0 build/cooja/mtype305.a(rpl-dag-root.o)
 .data          0x000000000002e7b8        0x0 build/cooja/mtype305.a(watchdog.o)
 .data          0x000000000002e7b8        0x0 build/cooja/mtype305.a(int-master.o)
 .data          0x000000000002e7b8        0x0 build/cooja/mtype305.a(stimer.o)
 .data          0x000000000002e7b8        0x0 build/cooja/mtype305.a(memb.o)
 .data          0x000000000002e7b8        0x0 build/cooja/mtype305.a(assert.o)
 .data          0x000000000002e7b8        0x0 build/cooja/mtype305.a(ringbuf.o)
 .data          0x000000000002e7b8        0x0 build/cooja/mtype305.a(nbr-table.o)
 .data.rel.local
                0x000000000002e7b8       0x10 build/cooja/mtype305.a(nbr-table.o)
 .data          0x000000000002e7c8        0x0 build/cooja/mtype305.a(link-stats.o)
 .data.rel.local
                0x000000000002e7c8       0x14 build/cooja/mtype305.a(link-stats.o)
 .data          0x000000000002e7dc        0x0 build/cooja/mtype305.a(mac-sequence.o)
 .data          0x000000000002e7dc        0x0 build/cooja/mtype305.a(mac.o)
 .data          0x000000000002e7dc        0x0 build/cooja/mtype305.a(framer-802154.o)
 .data          0x000000000002e7dc        0x2 build/cooja/mtype305.a(frame802154.o)
 .data          0x000000000002e7de        0x0 build/cooja/mtype305.a(csma-security.o)
 .data          0x000000000002e7de        0x0 build/cooja/mtype305.a(uipbuf.o)
 .data          0x000000000002e7de        0x0 build/cooja/mtype305.a(uip-icmp6.o)
 *fill*         0x000000000002e7de        0x2 
 .data.rel.local
                0x000000000002e7e0       0x20 build/cooja/mtype305.a(uip-icmp6.o)
 .data          0x000000000002e800        0x0 build/cooja/mtype305.a(uip-sr.o)
 .data.rel.local
                0x000000000002e800       0x10 build/cooja/mtype305.a(uip-sr.o)
 .data          0x000000000002e810        0x0 build/cooja/mtype305.a(uip-packetqueue)
 .data.rel.local
                0x000000000002e810        0xc build/cooja/mtype305.a(uip-packetqueue)
 .data          0x000000000002e81c        0x0 build/cooja/mtype305.a(rpl-nbr-policy.)
 .data          0x000000000002e81c        0x0 build/cooja/mtype305.a(rpl-neighbor.o)
 .data.rel.local
                0x000000000002e81c       0x14 build/cooja/mtype305.a(rpl-neighbor.o)
                0x000000000002e82c                rpl_neighbors
 .data          0x000000000002e830        0x0 build/cooja/mtype305.a(rpl-timers.o)
 .data          0x000000000002e830        0x0 build/cooja/mtype305.a(rpl-ext-header.)
 .data          0x000000000002e830        0x0 build/cooja/mtype305.a(rpl-mrhof.o)
 *fill*         0x000000000002e830       0x10 
 .data.rel.local
                0x000000000002e840       0x24 build/cooja/mtype305.a(rpl-mrhof.o)
                0x000000000002e840                rpl_mrhof
 .data          0x000000000002e864        0x0 /usr/lib/i386-linux-gnu/libc_nonshared.a(stack_chk_fail_local.oS)
 .data          0x000000000002e864        0x0 /usr/lib/gcc/i686-linux-gnu/7/crtendS.o
 .data          0x000000000002e864        0x0 /usr/lib/gcc/i686-linux-gnu/7/../../../i386-linux-gnu/crtn.o

.tm_clone_table
                0x000000000002e864        0x0
 .tm_clone_table
                0x000000000002e864        0x0 /usr/lib/gcc/i686-linux-gnu/7/crtbeginS.o
 .tm_clone_table
                0x000000000002e864        0x0 /usr/lib/gcc/i686-linux-gnu/7/crtendS.o

.data1
 *(.data1)
                0x000000000002e864                _edata = .
                [!provide]                        PROVIDE (edata = .)
                0x000000000002e864                . = .
                0x000000000002e864                __bss_start = .

.bss            0x000000000002e880    0x13860
 *(.dynbss)
 .dynbss        0x000000000002e880        0x0 /usr/lib/gcc/i686-linux-gnu/7/../../../i386-linux-gnu/crti.o
 *(.bss .bss.* .gnu.linkonce.b.*)
 .bss           0x000000000002e880        0x0 /usr/lib/gcc/i686-linux-gnu/7/../../../i386-linux-gnu/crti.o
 .bss           0x000000000002e880        0x1 /usr/lib/gcc/i686-linux-gnu/7/crtbeginS.o
 *fill*         0x000000000002e881       0x1f 
 .bss           0x000000000002e8a0       0x9a temperatureSensor.o
 *fill*         0x000000000002e93a        0x6 
 .bss           0x000000000002e940     0x2030 build/cooja/mtype305.o
 .bss           0x0000000000030970        0x1 build/cooja/mtype305.a(simEnvChange.o)
                0x0000000000030970                simDontFallAsleep
 *fill*         0x0000000000030971        0x3 
 .bss           0x0000000000030974        0x4 build/cooja/mtype305.a(cooja_mt.o)
 .bss           0x0000000000030978        0x4 build/cooja/mtype305.a(cooja_mtarch.o)
 .bss           0x000000000003097c        0x0 build/cooja/mtype305.a(rtimer-arch.o)
 .bss           0x000000000003097c        0x0 build/cooja/mtype305.a(beep.o)
 .bss           0x000000000003097c        0x1 build/cooja/mtype305.a(leds-arch.o)
                0x000000000003097c                simLedsValue
 .bss           0x000000000003097d        0x0 build/cooja/mtype305.a(moteid.o)
 .bss           0x000000000003097d        0x1 build/cooja/mtype305.a(pir-sensor.o)
                0x000000000003097d                simPirValue
 *fill*         0x000000000003097e        0x2 
 .bss           0x0000000000030980        0x4 build/cooja/mtype305.a(rs232.o)
 .bss           0x0000000000030984        0x1 build/cooja/mtype305.a(vib-sensor.o)
                0x0000000000030984                simVibValue
 .bss           0x0000000000030985        0x0 build/cooja/mtype305.a(clock.o)
 *fill*         0x0000000000030985       0x1b 
 .bss           0x00000000000309a0     0x2020 build/cooja/mtype305.a(cooja-log.o)
 .bss           0x00000000000329c0      0xfc0 build/cooja/mtype305.a(cfs-cooja.o)
                0x00000000000329c0                simCFSData
                0x0000000000033960                simCFSSize
                0x0000000000033964                simCFSChanged
                0x0000000000033968                simCFSRead
                0x000000000003396c                simCFSWritten
 .bss           0x0000000000033980       0x24 build/cooja/mtype305.a(cooja-radio.o)
                0x0000000000033980                simReceiving
                0x0000000000033984                simInSize
                0x0000000000033988                simLastPacketTimestamp
                0x0000000000033990                simOutSize
 .bss           0x00000000000339a4        0xc build/cooja/mtype305.a(eeprom.o)
                0x00000000000339a4                simEEPROMChanged
                0x00000000000339a8                simEEPROMRead
                0x00000000000339ac                simEEPROMWritten
 .bss           0x00000000000339b0        0x0 build/cooja/mtype305.a(random.o)
 .bss           0x00000000000339b0        0xc build/cooja/mtype305.a(sensors.o)
 .bss           0x00000000000339bc        0x0 build/cooja/mtype305.a(leds.o)
 .bss           0x00000000000339bc       0x24 build/cooja/mtype305.a(gpio-hal-arch.o)
 .bss           0x00000000000339e0        0x0 build/cooja/mtype305.a(buttons.o)
 .bss           0x00000000000339e0        0x0 build/cooja/mtype305.a(contiki-main.o)
 .bss           0x00000000000339e0        0x0 build/cooja/mtype305.a(autostart.o)
 .bss           0x00000000000339e0        0x5 build/cooja/mtype305.a(ctimer.o)
 .bss           0x00000000000339e5        0x0 build/cooja/mtype305.a(energest.o)
 *fill*         0x00000000000339e5        0x3 
 .bss           0x00000000000339e8        0x8 build/cooja/mtype305.a(etimer.o)
 .bss           0x00000000000339f0       0x28 build/cooja/mtype305.a(log.o)
                0x00000000000339f0                curr_log_level_tcpip
                0x00000000000339f4                curr_log_level_ipv6
                0x00000000000339f8                curr_log_level_6lowpan
                0x00000000000339fc                curr_log_level_nullnet
                0x0000000000033a00                curr_log_level_mac
                0x0000000000033a04                curr_log_level_framer
                0x0000000000033a08                curr_log_level_6top
                0x0000000000033a0c                curr_log_level_coap
                0x0000000000033a10                curr_log_level_snmp
                0x0000000000033a14                curr_log_level_lwm2m
 .bss           0x0000000000033a18        0x4 build/cooja/mtype305.a(rtimer.o)
 .bss           0x0000000000033a1c        0x2 build/cooja/mtype305.a(node-id.o)
                0x0000000000033a1c                node_id
 *fill*         0x0000000000033a1e        0x2 
 .bss           0x0000000000033a20      0x1a1 build/cooja/mtype305.a(process.o)
                0x0000000000033a20                process_list
                0x0000000000033a24                process_current
 .bss           0x0000000000033bc1        0x0 build/cooja/mtype305.a(timer.o)
 .bss           0x0000000000033bc1        0x0 build/cooja/mtype305.a(list.o)
 *fill*         0x0000000000033bc1        0x3 
 .bss           0x0000000000033bc4       0x10 build/cooja/mtype305.a(button-hal.o)
 *fill*         0x0000000000033bd4        0xc 
 .bss           0x0000000000033be0      0x140 build/cooja/mtype305.a(serial-line.o)
 .bss           0x0000000000033d20        0x4 build/cooja/mtype305.a(gpio-hal.o)
 *fill*         0x0000000000033d24       0x1c 
 .bss           0x0000000000033d40     0x2c80 build/cooja/mtype305.a(queuebuf.o)
 .bss           0x00000000000369c0       0xa0 build/cooja/mtype305.a(packetbuf.o)
 .bss           0x0000000000036a60        0x4 build/cooja/mtype305.a(netstack.o)
 .bss           0x0000000000036a64        0x0 build/cooja/mtype305.a(linkaddr.o)
 .bss           0x0000000000036a64        0x0 build/cooja/mtype305.a(csma.o)
 *fill*         0x0000000000036a64       0x1c 
 .bss           0x0000000000036a80      0x726 build/cooja/mtype305.a(csma-output.o)
 *fill*         0x00000000000371a6        0x2 
 .bss           0x00000000000371a8       0x30 build/cooja/mtype305.a(uip-ds6.o)
 .bss           0x00000000000371d8        0x0 build/cooja/mtype305.a(uip-udp-packet.)
 *fill*         0x00000000000371d8        0x8 
 .bss           0x00000000000371e0       0x60 build/cooja/mtype305.a(uip-ds6-route.o)
 .bss           0x0000000000037240     0x1c20 build/cooja/mtype305.a(uip-ds6-nbr.o)
 .bss           0x0000000000038e60       0x10 build/cooja/mtype305.a(tcpip.o)
 .bss           0x0000000000038e70        0x8 build/cooja/mtype305.a(uip6.o)
                0x0000000000038e70                uip_ext_bitmap
                0x0000000000038e72                uip_ext_len
                0x0000000000038e74                uip_last_proto
 .bss           0x0000000000038e78       0x10 build/cooja/mtype305.a(uip-nd6.o)
 *fill*         0x0000000000038e88       0x18 
 .bss           0x0000000000038ea0      0x724 build/cooja/mtype305.a(sicslowpan.o)
 .bss           0x00000000000395c4        0x0 build/cooja/mtype305.a(uiplib.o)
 .bss           0x00000000000395c4        0x1 build/cooja/mtype305.a(rpl.o)
 .bss           0x00000000000395c5        0x0 build/cooja/mtype305.a(rpl-icmp6.o)
 .bss           0x00000000000395c5        0x0 build/cooja/mtype305.a(rpl-dag.o)
 *fill*         0x00000000000395c5        0x3 
 .bss           0x00000000000395c8       0x11 build/cooja/mtype305.a(rpl-dag-root.o)
 .bss           0x00000000000395d9        0x0 build/cooja/mtype305.a(watchdog.o)
 *fill*         0x00000000000395d9        0x3 
 .bss           0x00000000000395dc        0x4 build/cooja/mtype305.a(int-master.o)
 .bss           0x00000000000395e0        0x0 build/cooja/mtype305.a(stimer.o)
 .bss           0x00000000000395e0        0x0 build/cooja/mtype305.a(memb.o)
 .bss           0x00000000000395e0        0x0 build/cooja/mtype305.a(assert.o)
 .bss           0x00000000000395e0        0x0 build/cooja/mtype305.a(ringbuf.o)
 .bss           0x00000000000395e0     0x1214 build/cooja/mtype305.a(nbr-table.o)
 *fill*         0x000000000003a7f4        0xc 
 .bss           0x000000000003a800      0xe10 build/cooja/mtype305.a(link-stats.o)
 *fill*         0x000000000003b610       0x10 
 .bss           0x000000000003b620      0x100 build/cooja/mtype305.a(mac-sequence.o)
 .bss           0x000000000003b720        0x0 build/cooja/mtype305.a(mac.o)
 .bss           0x000000000003b720        0x2 build/cooja/mtype305.a(framer-802154.o)
 .bss           0x000000000003b722        0x0 build/cooja/mtype305.a(frame802154.o)
 .bss           0x000000000003b722        0x0 build/cooja/mtype305.a(csma-security.o)
 *fill*         0x000000000003b722        0x2 
 .bss           0x000000000003b724       0x18 build/cooja/mtype305.a(uipbuf.o)
 .bss           0x000000000003b73c       0x18 build/cooja/mtype305.a(uip-icmp6.o)
 *fill*         0x000000000003b754        0xc 
 .bss           0x000000000003b760     0x1d80 build/cooja/mtype305.a(uip-sr.o)
 .bss           0x000000000003d4e0      0xa78 build/cooja/mtype305.a(uip-packetqueue)
 .bss           0x000000000003df58        0xe build/cooja/mtype305.a(rpl-nbr-policy.)
 *fill*         0x000000000003df66       0x1a 
 .bss           0x000000000003df80      0x960 build/cooja/mtype305.a(rpl-neighbor.o)
 .bss           0x000000000003e8e0       0x40 build/cooja/mtype305.a(rpl-timers.o)
 .bss           0x000000000003e920        0x0 build/cooja/mtype305.a(rpl-ext-header.)
 .bss           0x000000000003e920        0x0 build/cooja/mtype305.a(rpl-mrhof.o)
 .bss           0x000000000003e920        0x0 /usr/lib/i386-linux-gnu/libc_nonshared.a(stack_chk_fail_local.oS)
 .bss           0x000000000003e920        0x0 /usr/lib/gcc/i686-linux-gnu/7/crtendS.o
 .bss           0x000000000003e920        0x0 /usr/lib/gcc/i686-linux-gnu/7/../../../i386-linux-gnu/crtn.o
 *(COMMON)
 COMMON         0x000000000003e920        0x8 build/cooja/mtype305.o
                0x000000000003e920                referenceVar
                0x000000000003e924                sensors_flags
 COMMON         0x000000000003e928        0xc build/cooja/mtype305.a(simEnvChange.o)
                0x000000000003e928                simEtimerPending
                0x000000000003e92c                simProcessRunValue
                0x000000000003e930                simEtimerNextExpirationTime
 *fill*         0x000000000003e934        0x4 
 COMMON         0x000000000003e938       0x18 build/cooja/mtype305.a(rtimer-arch.o)
                0x000000000003e938                simRtimerPending
                0x000000000003e940                simRtimerCurrentTicks
                0x000000000003e948                simRtimerNextExpirationTime
 COMMON         0x000000000003e950        0x1 build/cooja/mtype305.a(beep.o)
                0x000000000003e950                simBeeped
 *fill*         0x000000000003e951        0x3 
 COMMON         0x000000000003e954        0xc build/cooja/mtype305.a(moteid.o)
                0x000000000003e954                simRandomSeed
                0x000000000003e958                simMoteIDChanged
                0x000000000003e95c                simMoteID
 COMMON         0x000000000003e960        0x2 build/cooja/mtype305.a(pir-sensor.o)
                0x000000000003e960                simPirIsActive
                0x000000000003e961                simPirChanged
 *fill*         0x000000000003e962       0x1e 
 COMMON         0x000000000003e980      0x820 build/cooja/mtype305.a(rs232.o)
                0x000000000003e980                simSerialReceivingFlag
                0x000000000003e984                simSerialReceivingLength
                0x000000000003e9a0                simSerialReceivingData
 COMMON         0x000000000003f1a0        0x2 build/cooja/mtype305.a(vib-sensor.o)
                0x000000000003f1a0                simVibChanged
                0x000000000003f1a1                simVibIsActive
 *fill*         0x000000000003f1a2        0x2 
 COMMON         0x000000000003f1a4        0x4 build/cooja/mtype305.a(clock.o)
                0x000000000003f1a4                simCurrentTime
 *fill*         0x000000000003f1a8       0x18 
 COMMON         0x000000000003f1c0     0x2020 build/cooja/mtype305.a(cooja-log.o)
                0x000000000003f1c0                simLoggedLength
                0x000000000003f1c4                simLoggedFlag
                0x000000000003f1e0                simLoggedData
 COMMON         0x00000000000411e0       0xfd build/cooja/mtype305.a(cooja-radio.o)
                0x00000000000411e0                simOutDataBuffer
                0x0000000000041260                simInDataBuffer
 *fill*         0x00000000000412dd        0x3 
 COMMON         0x00000000000412e0      0x400 build/cooja/mtype305.a(eeprom.o)
                0x00000000000412e0                simEEPROMData
 COMMON         0x00000000000416e0        0x1 build/cooja/mtype305.a(sensors.o)
                0x00000000000416e0                sensors_event
 COMMON         0x00000000000416e1        0x2 build/cooja/mtype305.a(buttons.o)
                0x00000000000416e1                simButtonIsDown
                0x00000000000416e2                simButtonChanged
 COMMON         0x00000000000416e3        0x3 build/cooja/mtype305.a(button-hal.o)
                0x00000000000416e3                button_hal_periodic_event
                0x00000000000416e4                button_hal_press_event
                0x00000000000416e5                button_hal_release_event
 COMMON         0x00000000000416e6        0x1 build/cooja/mtype305.a(serial-line.o)
                0x00000000000416e6                serial_line_event_message