Archive member included to satisfy reference by file (symbol)

build/cooja/mtype917.a(simEnvChange.o)
                              build/cooja/mtype917.o (simDontFallAsleep)
build/cooja/mtype917.a(cooja_mt.o)
                              build/cooja/mtype917.o (cooja_mt_start)
build/cooja/mtype917.a(cooja_mtarch.o)
                              build/cooja/mtype917.a(cooja_mt.o) (cooja_mtarch_start)
build/cooja/mtype917.a(rtimer-arch.o)
                              build/cooja/mtype917.o (rtimer_arch_check)
build/cooja/mtype917.a(beep.o)
                              build/cooja/mtype917.o (beep_interface)
build/cooja/mtype917.a(leds-arch.o)
                              build/cooja/mtype917.o (leds_interface)
build/cooja/mtype917.a(moteid.o)
                              build/cooja/mtype917.o (moteid_interface)
build/cooja/mtype917.a(pir-sensor.o)
                              build/cooja/mtype917.o (pir_interface)
build/cooja/mtype917.a(rs232.o)
                              build/cooja/mtype917.o (rs232_interface)
build/cooja/mtype917.a(vib-sensor.o)
                              build/cooja/mtype917.o (vib_interface)
build/cooja/mtype917.a(clock.o)
                              build/cooja/mtype917.o (clock_interface)
build/cooja/mtype917.a(cooja-log.o)
                              build/cooja/mtype917.o (simlog_interface)
build/cooja/mtype917.a(cfs-cooja.o)
                              build/cooja/mtype917.o (cfs_interface)
build/cooja/mtype917.a(cooja-radio.o)
                              build/cooja/mtype917.o (radio_interface)
build/cooja/mtype917.a(eeprom.o)
                              build/cooja/mtype917.o (eeprom_interface)
build/cooja/mtype917.a(random.o)
                              build/cooja/mtype917.a(moteid.o) (random_init)
build/cooja/mtype917.a(sensors.o)
                              build/cooja/mtype917.a(pir-sensor.o) (sensors_changed)
build/cooja/mtype917.a(leds.o)
                              build/cooja/mtype917.a(leds-arch.o) (leds_get)
build/cooja/mtype917.a(gpio-hal-arch.o)
                              build/cooja/mtype917.a(leds-arch.o) (gpio_hal_arch_register_pin_callback)
build/cooja/mtype917.a(buttons.o)
                              build/cooja/mtype917.o (button_interface)
build/cooja/mtype917.a(contiki-main.o)
                              build/cooja/mtype917.o (main)
build/cooja/mtype917.a(autostart.o)
                              build/cooja/mtype917.a(contiki-main.o) (autostart_start)
build/cooja/mtype917.a(ctimer.o)
                              build/cooja/mtype917.a(contiki-main.o) (ctimer_init)
build/cooja/mtype917.a(energest.o)
                              build/cooja/mtype917.a(contiki-main.o) (energest_init)
build/cooja/mtype917.a(etimer.o)
                              build/cooja/mtype917.a(contiki-main.o) (etimer_process)
build/cooja/mtype917.a(log.o)
                              build/cooja/mtype917.a(contiki-main.o) (curr_log_level_main)
build/cooja/mtype917.a(rtimer.o)
                              build/cooja/mtype917.a(contiki-main.o) (rtimer_init)
build/cooja/mtype917.a(node-id.o)
                              build/cooja/mtype917.a(contiki-main.o) (node_id)
build/cooja/mtype917.a(process.o)
                              build/cooja/mtype917.a(ctimer.o) (process_current)
build/cooja/mtype917.a(timer.o)
                              build/cooja/mtype917.a(etimer.o) (timer_set)
build/cooja/mtype917.a(list.o)
                              build/cooja/mtype917.a(ctimer.o) (list_init)
build/cooja/mtype917.a(button-hal.o)
                              build/cooja/mtype917.o (button_hal_init)
build/cooja/mtype917.a(serial-line.o)
                              build/cooja/mtype917.a(rs232.o) (serial_line_input_byte)
build/cooja/mtype917.a(gpio-hal.o)
                              build/cooja/mtype917.a(button-hal.o) (gpio_hal_register_handler)
build/cooja/mtype917.a(queuebuf.o)
                              build/cooja/mtype917.a(contiki-main.o) (queuebuf_init)
build/cooja/mtype917.a(packetbuf.o)
                              build/cooja/mtype917.a(cooja-radio.o) (packetbuf_clear)
build/cooja/mtype917.a(netstack.o)
                              build/cooja/mtype917.a(contiki-main.o) (netstack_init)
build/cooja/mtype917.a(linkaddr.o)
                              build/cooja/mtype917.a(contiki-main.o) (linkaddr_node_addr)
build/cooja/mtype917.a(csma.o)
                              build/cooja/mtype917.a(cooja-radio.o) (csma_driver)
build/cooja/mtype917.a(csma-output.o)
                              build/cooja/mtype917.a(csma.o) (csma_output_packet)
build/cooja/mtype917.a(uip-ds6.o)
                              build/cooja/mtype917.a(contiki-main.o) (uip_ds6_get_link_local)
build/cooja/mtype917.a(uip-udp-packet.)
                              temperatureSensor.o (uip_udp_packet_send)
build/cooja/mtype917.a(uip-ds6-route.o)
                              build/cooja/mtype917.a(uip-ds6.o) (uip_ds6_route_init)
[...]
Memory Configuration

Name             Origin             Length             Attributes
*default*        0x0000000000000000 0xffffffffffffffff

Linker script and memory map

LOAD /usr/lib/gcc/i686-linux-gnu/7/../../../i386-linux-gnu/crti.o
LOAD /usr/lib/gcc/i686-linux-gnu/7/crtbeginS.o
LOAD temperatureSensor.o
LOAD build/cooja/mtype917.o
LOAD build/cooja/mtype917.a
LOAD /usr/lib/gcc/i686-linux-gnu/7/libgcc.a
LOAD /usr/lib/gcc/i686-linux-gnu/7/libgcc_s.so
START GROUP
LOAD /usr/lib/gcc/i686-linux-gnu/7/libgcc_s.so.1
LOAD /usr/lib/gcc/i686-linux-gnu/7/libgcc.a
END GROUP
LOAD /usr/lib/gcc/i686-linux-gnu/7/../../../i386-linux-gnu/libc.so
START GROUP
LOAD /lib/i386-linux-gnu/libc.so.6
LOAD /usr/lib/i386-linux-gnu/libc_nonshared.a
LOAD /lib/i386-linux-gnu/ld-linux.so.2
END GROUP
LOAD /usr/lib/gcc/i686-linux-gnu/7/libgcc.a
LOAD /usr/lib/gcc/i686-linux-gnu/7/libgcc_s.so
START GROUP
LOAD /usr/lib/gcc/i686-linux-gnu/7/libgcc_s.so.1
LOAD /usr/lib/gcc/i686-linux-gnu/7/libgcc.a
END GROUP
LOAD /usr/lib/gcc/i686-linux-gnu/7/crtendS.o
LOAD /usr/lib/gcc/i686-linux-gnu/7/../../../i386-linux-gnu/crtn.o
                0x0000000000000114                . = (SEGMENT_START ("text-segment", 0x0) + SIZEOF_HEADERS)

.note.gnu.build-id
                0x0000000000000114       0x24
 *(.note.gnu.build-id)
 .note.gnu.build-id
                0x0000000000000114       0x24 /usr/lib/gcc/i686-linux-gnu/7/../../../i386-linux-gnu/crti.o

.hash
 *(.hash)

.gnu.hash       0x0000000000000138     0x1404
 *(.gnu.hash)
 .gnu.hash      0x0000000000000138     0x1404 /usr/lib/gcc/i686-linux-gnu/7/../../../i386-linux-gnu/crti.o

.dynsym         0x000000000000153c     0x2890
 *(.dynsym)
 .dynsym        0x000000000000153c     0x2890 /usr/lib/gcc/i686-linux-gnu/7/../../../i386-linux-gnu/crti.o

.dynstr         0x0000000000003dcc     0x2dd6
 *(.dynstr)
 .dynstr        0x0000000000003dcc     0x2dd6 /usr/lib/gcc/i686-linux-gnu/7/../../../i386-linux-gnu/crti.o

.gnu.version    0x0000000000006ba2      0x512
 *(.gnu.version)
 .gnu.version   0x0000000000006ba2      0x512 /usr/lib/gcc/i686-linux-gnu/7/../../../i386-linux-gnu/crti.o

.gnu.version_d  0x00000000000070b4        0x0
 *(.gnu.version_d)
 .gnu.version_d
                0x00000000000070b4        0x0 /usr/lib/gcc/i686-linux-gnu/7/../../../i386-linux-gnu/crti.o

.gnu.version_r  0x00000000000070b4       0x40
 *(.gnu.version_r)
 .gnu.version_r
                0x00000000000070b4       0x40 /usr/lib/gcc/i686-linux-gnu/7/../../../i386-linux-gnu/crti.o

.rel.dyn        0x00000000000070f4      0xda8
 *(.rel.init)
 .rel.init      0x00000000000070f4        0x0 /usr/lib/gcc/i686-linux-gnu/7/../../../i386-linux-gnu/crti.o
 *(.rel.text .rel.text.* .rel.gnu.linkonce.t.*)
 .rel.text      0x00000000000070f4      0x4f0 /usr/lib/gcc/i686-linux-gnu/7/../../../i386-linux-gnu/crti.o
 *(.rel.fini)
 .rel.fini      0x00000000000075e4        0x0 /usr/lib/gcc/i686-linux-gnu/7/../../../i386-linux-gnu/crti.o
 *(.rel.rodata .rel.rodata.* .rel.gnu.linkonce.r.*)
 *(.rel.data.rel.ro .rel.data.rel.ro.* .rel.gnu.linkonce.d.rel.ro.*)
 .rel.data.rel.ro.local
                0x00000000000075e4      0x208 /usr/lib/gcc/i686-linux-gnu/7/../../../i386-linux-gnu/crti.o
 .rel.data.rel.ro
                0x00000000000077ec       0xb0 /usr/lib/gcc/i686-linux-gnu/7/../../../i386-linux-gnu/crti.o
 *(.rel.data .rel.data.* .rel.gnu.linkonce.d.*)
 .rel.data.rel.local
                0x000000000000789c      0x2e0 /usr/lib/gcc/i686-linux-gnu/7/../../../i386-linux-gnu/crti.o
 .rel.data.rel  0x0000000000007b7c       0x78 /usr/lib/gcc/i686-linux-gnu/7/../../../i386-linux-gnu/crti.o
 *(.rel.tdata .rel.tdata.* .rel.gnu.linkonce.td.*)
 *(.rel.tbss .rel.tbss.* .rel.gnu.linkonce.tb.*)
 *(.rel.ctors)
 *(.rel.dtors)
 *(.rel.got)
 .rel.got       0x0000000000007bf4      0x298 /usr/lib/gcc/i686-linux-gnu/7/../../../i386-linux-gnu/crti.o
 *(.rel.bss .rel.bss.* .rel.gnu.linkonce.b.*)
 *(.rel.ifunc)
 .rel.ifunc     0x0000000000007e8c        0x0 /usr/lib/gcc/i686-linux-gnu/7/../../../i386-linux-gnu/crti.o
 .rel.fini_array
                0x0000000000007e8c        0x8 /usr/lib/gcc/i686-linux-gnu/7/../../../i386-linux-gnu/crti.o
 .rel.init_array
                0x0000000000007e94        0x8 /usr/lib/gcc/i686-linux-gnu/7/../../../i386-linux-gnu/crti.o

.rel.plt        0x0000000000007e9c      0x988
 *(.rel.plt)
 .rel.plt       0x0000000000007e9c      0x988 /usr/lib/gcc/i686-linux-gnu/7/../../../i386-linux-gnu/crti.o
 *(.rel.iplt)

.init           0x0000000000008824       0x23
 *(SORT_NONE(.init))
 .init          0x0000000000008824       0x1e /usr/lib/gcc/i686-linux-gnu/7/../../../i386-linux-gnu/crti.o
                0x0000000000008824                _init
 .init          0x0000000000008842        0x5 /usr/lib/gcc/i686-linux-gnu/7/../../../i386-linux-gnu/crtn.o

.plt            0x0000000000008850     0x1320
 *(.plt)
 .plt           0x0000000000008850     0x1320 /usr/lib/gcc/i686-linux-gnu/7/../../../i386-linux-gnu/crti.o
 *(.iplt)

.plt.got        0x0000000000009b70       0x18
 *(.plt.got)
 .plt.got       0x0000000000009b70       0x18 /usr/lib/gcc/i686-linux-gnu/7/../../../i386-linux-gnu/crti.o

.plt.sec
 *(.plt.sec)

.text           0x0000000000009b90    0x1a274
 *(.text.unlikely .text.*_unlikely .text.unlikely.*)
 *(.text.exit .text.exit.*)
 *(.text.startup .text.startup.*)
 *(.text.hot .text.hot.*)
 *(.text .stub .text.* .gnu.linkonce.t.*)
 .text          0x0000000000009b90        0x0 /usr/lib/gcc/i686-linux-gnu/7/../../../i386-linux-gnu/crti.o
 .gnu.linkonce.t.__x86.get_pc_thunk.bx
                0x0000000000009b90        0x4 /usr/lib/gcc/i686-linux-gnu/7/../../../i386-linux-gnu/crti.o
                0x0000000000009b90                __x86.get_pc_thunk.bx
 *fill*         0x0000000000009b94        0xc 
 .text          0x0000000000009ba0       0xe9 /usr/lib/gcc/i686-linux-gnu/7/crtbeginS.o
 .text.__x86.get_pc_thunk.dx
                0x0000000000009c89        0x4 /usr/lib/gcc/i686-linux-gnu/7/crtbeginS.o
                0x0000000000009c89                __x86.get_pc_thunk.dx
 .text          0x0000000000009c8d      0x504 temperatureSensor.o
 .text          0x000000000000a191      0x36b build/cooja/mtype917.o
                0x000000000000a243                platform_init_stage_one
                0x000000000000a266                platform_init_stage_two
                0x000000000000a289                platform_init_stage_three
                0x000000000000a2ac                platform_main_loop
                0x000000000000a352                Java_org_contikios_cooja_corecomm_Lib1_init
                0x000000000000a3a0                Java_org_contikios_cooja_corecomm_Lib1_getMemory
                0x000000000000a3e0                Java_org_contikios_cooja_corecomm_Lib1_setMemory
                0x000000000000a451                Java_org_contikios_cooja_corecomm_Lib1_tick
                0x000000000000a4db                Java_org_contikios_cooja_corecomm_Lib1_setReferenceAddress
 .text.__x86.get_pc_thunk.ax
                0x000000000000a4fc        0x4 build/cooja/mtype917.o
                0x000000000000a4fc                __x86.get_pc_thunk.ax
 .text          0x000000000000a500       0x8d build/cooja/mtype917.a(simEnvChange.o)
                0x000000000000a500                doActionsBeforeTick
                0x000000000000a546                doActionsAfterTick
 .text          0x000000000000a58d       0xb6 build/cooja/mtype917.a(cooja_mt.o)
                0x000000000000a58d                cooja_mt_start
                0x000000000000a5c7                cooja_mt_exec
                0x000000000000a60e                cooja_mt_yield
 .text          0x000000000000a643       0xf2 build/cooja/mtype917.a(cooja_mtarch.o)
                0x000000000000a643                cooja_mtarch_start
                0x000000000000a6c7                cooja_sw
                0x000000000000a6f5                cooja_mtarch_exec
                0x000000000000a720                cooja_mtarch_yield
 .text          0x000000000000a735      0x127 build/cooja/mtype917.a(rtimer-arch.o)
                0x000000000000a735                rtimer_arch_init
                0x000000000000a764                rtimer_arch_schedule
                0x000000000000a7a6                rtimer_arch_next
                0x000000000000a7c0                rtimer_arch_pending
                0x000000000000a7d7                rtimer_arch_check
                0x000000000000a842                rtimer_arch_now
 .text.__x86.get_pc_thunk.cx
                0x000000000000a85c        0x4 build/cooja/mtype917.a(rtimer-arch.o)
                0x000000000000a85c                __x86.get_pc_thunk.cx
 .text          0x000000000000a860      0x101 build/cooja/mtype917.a(beep.o)
                0x000000000000a860                beep_alarm
                0x000000000000a879                beep_beep
                0x000000000000a892                beep
                0x000000000000a8ab                beep_down
                0x000000000000a8c4                beep_on
                0x000000000000a8dd                beep_off
                0x000000000000a8f6                beep_spinup
                0x000000000000a90f                beep_quick
                0x000000000000a928                beep_long
 .text          0x000000000000a961       0x9f build/cooja/mtype917.a(leds-arch.o)
                0x000000000000a985                leds_arch_init
 .text          0x000000000000aa00       0x56 build/cooja/mtype917.a(moteid.o)
 .text          0x000000000000aa56      0x101 build/cooja/mtype917.a(pir-sensor.o)
 .text          0x000000000000ab57      0x1cc build/cooja/mtype917.a(rs232.o)
                0x000000000000ab57                rs232_init
                0x000000000000ab67                rs232_set_speed
                0x000000000000ab80                rs232_set_input
                0x000000000000ab99                rs232_send
                0x000000000000abcf                rs232_print
                0x000000000000abfd                slip_arch_writeb
 .text          0x000000000000ad23      0x101 build/cooja/mtype917.a(vib-sensor.o)
 .text          0x000000000000ae24       0x7a build/cooja/mtype917.a(clock.o)
                0x000000000000ae24                clock_init
                0x000000000000ae34                clock_time
                0x000000000000ae4b                clock_seconds
                0x000000000000ae6e                clock_delay
 .text          0x000000000000ae9e      0x2b5 build/cooja/mtype917.a(cooja-log.o)
                0x000000000000ae9e                simlog_char
                0x000000000000af02                simlog
                0x000000000000af9c                log_message
                0x000000000000afeb                log_set_putchar_with_slip
                0x000000000000b004                log_putchar
                0x000000000000b08f                log_puts
                0x000000000000b0c1                log_printf
 .text          0x000000000000b153      0x36c build/cooja/mtype917.a(cfs-cooja.o)
                0x000000000000b153                cfs_open
                0x000000000000b1cb                cfs_close
                0x000000000000b1e2                cfs_read
                0x000000000000b296                cfs_write
                0x000000000000b394                cfs_seek
                0x000000000000b431                cfs_remove
                0x000000000000b467                cfs_opendir
                0x000000000000b47b                cfs_readdir
                0x000000000000b48f                cfs_closedir
 .text          0x000000000000b4bf      0x785 build/cooja/mtype917.a(cooja-radio.o)
                0x000000000000b52d                radio_set_channel
                0x000000000000b546                radio_set_txpower
                0x000000000000b569                radio_signal_strength_last
                0x000000000000b57e                radio_signal_strength_current
                0x000000000000b593                radio_LQI
 .text          0x000000000000bc44      0x130 build/cooja/mtype917.a(eeprom.o)
                0x000000000000bc44                eeprom_init
                0x000000000000bc54                eeprom_read
                0x000000000000bcd4                eeprom_write
 .text          0x000000000000bd74       0x4e build/cooja/mtype917.a(random.o)
                0x000000000000bd74                random_init
                0x000000000000bda4                random_rand
 .text          0x000000000000bdc2      0x332 build/cooja/mtype917.a(sensors.o)
                0x000000000000be09                sensors_first
                0x000000000000be20                sensors_next
                0x000000000000be4b                sensors_changed
                0x000000000000be98                sensors_find
 .text          0x000000000000c0f4      0x3fc build/cooja/mtype917.a(leds.o)
                0x000000000000c0f4                leds_init
                0x000000000000c14c                leds_single_on
                0x000000000000c1c4                leds_single_off
                0x000000000000c23c                leds_single_toggle
                0x000000000000c280                leds_on
                0x000000000000c318                leds_off
                0x000000000000c3b0                leds_toggle
                0x000000000000c416                leds_set
                0x000000000000c44c                leds_get
 .text          0x000000000000c4f0      0x401 build/cooja/mtype917.a(gpio-hal-arch.o)
                0x000000000000c4f0                gpio_hal_arch_register_pin_callback
                0x000000000000c571                gpio_hal_arch_init
                0x000000000000c5cb                gpio_hal_arch_no_port_interrupt_enable
                0x000000000000c605                gpio_hal_arch_no_port_interrupt_disable
                0x000000000000c63f                gpio_hal_arch_no_port_pin_cfg_set
                0x000000000000c66e                gpio_hal_arch_no_port_pin_cfg_get
                0x000000000000c69e                gpio_hal_arch_no_port_pin_set_input
                0x000000000000c6ba                gpio_hal_arch_no_port_pin_set_output
                0x000000000000c6d6                gpio_hal_arch_no_port_set_pin
                0x000000000000c701                gpio_hal_arch_no_port_clear_pin
                0x000000000000c72c                gpio_hal_arch_no_port_read_pin
                0x000000000000c75e                gpio_hal_arch_no_port_write_pin
                0x000000000000c792                gpio_hal_arch_no_port_set_pins
                0x000000000000c7e3                gpio_hal_arch_no_port_clear_pins
                0x000000000000c834                gpio_hal_arch_no_port_read_pins
                0x000000000000c887                gpio_hal_arch_no_port_write_pins
 .text          0x000000000000c8f1       0xc6 build/cooja/mtype917.a(buttons.o)
 .text          0x000000000000c9b7      0x3c1 build/cooja/mtype917.a(contiki-main.o)
                0x000000000000c9b7                main
 .text          0x000000000000cd78       0xb0 build/cooja/mtype917.a(autostart.o)
                0x000000000000cd78                autostart_start
                0x000000000000cdd1                autostart_exit
 .text          0x000000000000ce28      0x400 build/cooja/mtype917.a(ctimer.o)
                0x000000000000cf6b                ctimer_init
                0x000000000000cfb0                ctimer_set
                0x000000000000cfe3                ctimer_set_with_process
                0x000000000000d07a                ctimer_reset
                0x000000000000d0e8                ctimer_restart
                0x000000000000d156                ctimer_stop
                0x000000000000d1b6                ctimer_expired
 .text          0x000000000000d228       0x39 build/cooja/mtype917.a(energest.o)
                0x000000000000d228                energest_init
                0x000000000000d238                energest_flush
                0x000000000000d248                energest_get_total_time
 .text          0x000000000000d261      0x527 build/cooja/mtype917.a(etimer.o)
                0x000000000000d4b6                etimer_request_poll
                0x000000000000d567                etimer_set
                0x000000000000d5a0                etimer_reset_with_new_interval
                0x000000000000d5df                etimer_reset
                0x000000000000d615                etimer_restart
                0x000000000000d64b                etimer_adjust
                0x000000000000d672                etimer_expired
                0x000000000000d68f                etimer_expiration_time
                0x000000000000d6ab                etimer_start_time
                0x000000000000d6bf                etimer_pending
                0x000000000000d6dc                etimer_next_expiration_time
                0x000000000000d704                etimer_stop
 .text          0x000000000000d788      0x4a3 build/cooja/mtype917.a(log.o)
                0x000000000000d788                log_6addr
                0x000000000000d7ec                log_6addr_compact_snprint
                0x000000000000d8ac                log_6addr_compact
                0x000000000000d910                log_lladdr
                0x000000000000d997                log_lladdr_compact
                0x000000000000da14                log_bytes
                0x000000000000da68                log_set_level
                0x000000000000db46                log_get_level
                0x000000000000dbd7                log_level_to_str
 .text          0x000000000000dc2b      0x122 build/cooja/mtype917.a(rtimer.o)
                0x000000000000dc2b                rtimer_init
                0x000000000000dc4a                rtimer_set
                0x000000000000dcd8                rtimer_run_next
 .text          0x000000000000dd4d       0x36 build/cooja/mtype917.a(node-id.o)
                0x000000000000dd4d                node_id_init
 .text          0x000000000000dd83      0x5cb build/cooja/mtype917.a(process.o)
                0x000000000000dd83                process_alloc_event
                0x000000000000dda4                process_start
                0x000000000000dfa9                process_exit
                0x000000000000dfd1                process_init
                0x000000000000e199                process_run
                0x000000000000e1dc                process_nevents
                0x000000000000e201                process_post
                0x000000000000e2ae                process_post_synch
                0x000000000000e2f4                process_poll
                0x000000000000e330                process_is_running
 .text.__x86.get_pc_thunk.si
                0x000000000000e34e        0x4 build/cooja/mtype917.a(process.o)
                0x000000000000e34e                __x86.get_pc_thunk.si
 .text          0x000000000000e352       0xf6 build/cooja/mtype917.a(timer.o)
                0x000000000000e352                timer_set
                0x000000000000e381                timer_reset
                0x000000000000e3b8                timer_restart
                0x000000000000e3de                timer_expired
                0x000000000000e41c                timer_remaining
 .text          0x000000000000e448      0x311 build/cooja/mtype917.a(list.o)
                0x000000000000e448                list_init
                0x000000000000e461                list_head
                0x000000000000e475                list_copy
                0x000000000000e48f                list_tail
                0x000000000000e4cf                list_add
                0x000000000000e525                list_push
                0x000000000000e55b                list_chop
                0x000000000000e5cf                list_pop
                0x000000000000e601                list_remove
                0x000000000000e673                list_length
                0x000000000000e6ab                list_insert
                0x000000000000e6fa                list_item_next
                0x000000000000e71b                list_contains
 .text          0x000000000000e759      0x566 build/cooja/mtype917.a(button-hal.o)
                0x000000000000e94d                button_hal_get_by_id
                0x000000000000e997                button_hal_get_by_index
                0x000000000000e9d1                button_hal_get_state
                0x000000000000ea33                button_hal_init
 .text          0x000000000000ecbf      0x242 build/cooja/mtype917.a(serial-line.o)
                0x000000000000ecbf                serial_line_input_byte
                0x000000000000eeb7                serial_line_init
 .text          0x000000000000ef01      0x1d6 build/cooja/mtype917.a(gpio-hal.o)
                0x000000000000ef01                gpio_hal_register_handler
                0x000000000000ef2f                gpio_hal_event_handler
                0x000000000000ef9c                gpio_hal_init
                0x000000000000efcb                gpio_hal_arch_port_toggle_pin
                0x000000000000f016                gpio_hal_arch_port_toggle_pins
                0x000000000000f053                gpio_hal_arch_no_port_toggle_pin
                0x000000000000f0a0                gpio_hal_arch_no_port_toggle_pins
 .text          0x000000000000f0d7      0x3a9 build/cooja/mtype917.a(queuebuf.o)
                0x000000000000f0eb                queuebuf_init
                0x000000000000f127                queuebuf_numfree
                0x000000000000f151                queuebuf_new_from_packetbuf
                0x000000000000f205                queuebuf_update_attr_from_packetbuf
                0x000000000000f249                queuebuf_update_from_packetbuf
                0x000000000000f2a8                queuebuf_free
                0x000000000000f306                queuebuf_to_packetbuf
                0x000000000000f383                queuebuf_dataptr
                0x000000000000f3cf                queuebuf_datalen
                0x000000000000f3fc                queuebuf_addr
                0x000000000000f43b                queuebuf_attr
                0x000000000000f470                queuebuf_debug_print
 .text          0x000000000000f480      0x4dd build/cooja/mtype917.a(packetbuf.o)
                0x000000000000f480                packetbuf_clear
                0x000000000000f4b6                packetbuf_copyfrom
                0x000000000000f516                packetbuf_copyto
                0x000000000000f5b4                packetbuf_hdralloc
                0x000000000000f644                packetbuf_hdrreduce
                0x000000000000f696                packetbuf_set_datalen
                0x000000000000f6bb                packetbuf_dataptr
                0x000000000000f6e2                packetbuf_hdrptr
                0x000000000000f6f7                packetbuf_datalen
                0x000000000000f70d                packetbuf_hdrlen
                0x000000000000f72c                packetbuf_totlen
                0x000000000000f74c                packetbuf_remaininglen
                0x000000000000f769                packetbuf_attr_clear
                0x000000000000f7cf                packetbuf_attr_copyto
                0x000000000000f815                packetbuf_attr_copyfrom
                0x000000000000f85b                packetbuf_set_attr
                0x000000000000f891                packetbuf_attr
                0x000000000000f8b7                packetbuf_set_addr
                0x000000000000f8ff                packetbuf_addr
                0x000000000000f929                packetbuf_holds_broadcast
 .text          0x000000000000f95d      0x13c build/cooja/mtype917.a(netstack.o)
                0x000000000000f95d                netstack_process_ip_callback
                0x000000000000f9fe                netstack_ip_packet_processor_add
                0x000000000000fa32                uip_ds6_ip_packet_processor_rm
                0x000000000000fa60                netstack_init
 .text          0x000000000000fa99       0x75 build/cooja/mtype917.a(linkaddr.o)
                0x000000000000fa99                linkaddr_copy
                0x000000000000fab9                linkaddr_cmp
                0x000000000000faec                linkaddr_set_node_addr
 .text          0x000000000000fb0e      0x273 build/cooja/mtype917.a(csma.o)
 .text          0x000000000000fd81      0xa6f build/cooja/mtype917.a(csma-output.o)
                0x00000000000104f3                csma_output_packet
                0x00000000000107a2                csma_output_init
 .text          0x00000000000107f0      0xe47 build/cooja/mtype917.a(uip-ds6.o)
                0x00000000000107f0                uip_ds6_default_prefix
                0x0000000000010805                uip_ds6_set_default_prefix
                0x000000000001083b                uip_ds6_init
                0x0000000000010ad6                uip_ds6_periodic
                0x0000000000010b7e                uip_ds6_list_loop
                0x0000000000010c4d                uip_ds6_prefix_add
                0x0000000000010d14                uip_ds6_prefix_rm
                0x0000000000010d31                uip_ds6_prefix_lookup
                0x0000000000010d84                uip_ds6_is_addr_onlink
                0x0000000000010e11                uip_ds6_addr_add
                0x0000000000010f53                uip_ds6_addr_rm
                0x0000000000011012                uip_ds6_addr_lookup
                0x0000000000011062                uip_ds6_get_link_local
                0x0000000000011100                uip_ds6_get_global
                0x000000000001119e                uip_ds6_maddr_add
                0x000000000001121a                uip_ds6_maddr_rm
                0x0000000000011237                uip_ds6_maddr_lookup
                0x000000000001128a                uip_ds6_aaddr_add
                0x0000000000011303                uip_ds6_aaddr_rm
                0x0000000000011320                uip_ds6_aaddr_lookup
                0x0000000000011370                uip_ds6_select_src
                0x00000000000114de                uip_ds6_set_addr_iid
                0x0000000000011513                uip_ds6_set_lladdr_from_iid
                0x0000000000011546                get_match_length
                0x00000000000115e1                uip_ds6_compute_reachable_time
 .text          0x0000000000011637      0x152 build/cooja/mtype917.a(uip-udp-packet.)
                0x0000000000011637                uip_udp_packet_send
                0x00000000000116b0                uip_udp_packet_sendto
 .text          0x0000000000011789      0x43f build/cooja/mtype917.a(uip-ds6-route.o)
                0x00000000000117eb                uip_ds6_route_init
                0x0000000000011827                uip_ds6_route_nexthop
                0x000000000001183b                uip_ds6_route_head
                0x000000000001184f                uip_ds6_route_next
                0x0000000000011863                uip_ds6_route_is_nexthop
                0x0000000000011877                uip_ds6_route_num_routes
                0x000000000001188b                uip_ds6_route_lookup
                0x000000000001189f                uip_ds6_route_add
                0x00000000000118bc                uip_ds6_route_rm
                0x00000000000118cc                uip_ds6_route_rm_by_nexthop
                0x00000000000118dc                uip_ds6_defrt_head
                0x0000000000011906                uip_ds6_defrt_add
                0x00000000000119c6                uip_ds6_defrt_rm
                0x0000000000011a3f                uip_ds6_defrt_lookup
                0x0000000000011ab6                uip_ds6_defrt_choose
                0x0000000000011b3c                uip_ds6_defrt_periodic
 .text          0x0000000000011bc8      0x43e build/cooja/mtype917.a(uip-ds6-nbr.o)
                0x0000000000011bc8                uip_ds6_neighbors_init
                0x0000000000011bfe                uip_ds6_nbr_add
                0x0000000000011c98                uip_ds6_nbr_rm
                0x0000000000011cf7                uip_ds6_nbr_update_ll
                0x0000000000011df4                uip_ds6_nbr_get_ipaddr
                0x0000000000011e13                uip_ds6_nbr_get_ll
                0x0000000000011e40                uip_ds6_nbr_num
                0x0000000000011e9a                uip_ds6_nbr_head
                0x0000000000011ec4                uip_ds6_nbr_next
                0x0000000000011ef1                uip_ds6_nbr_lookup
                0x0000000000011f58                uip_ds6_nbr_ll_lookup
                0x0000000000011f85                uip_ds6_nbr_ipaddr_from_lladdr
                0x0000000000011fb8                uip_ds6_nbr_lladdr_from_ipaddr
                0x0000000000011ff6                uip_ds6_link_callback
 .text          0x0000000000012006      0x870 build/cooja/mtype917.a(tcpip.o)
                0x000000000001202c                tcpip_output
                0x00000000000120db                udp_attach
                0x00000000000120fd                udp_new
                0x0000000000012157                udp_broadcast_new
                0x00000000000122f7                tcpip_input
                0x00000000000124ed                tcpip_ipv6_output
                0x0000000000012729                tcpip_poll_udp
                0x0000000000012759                tcpip_uipcall
 .text          0x0000000000012876     0x1520 build/cooja/mtype917.a(uip6.o)
                0x000000000001292f                uip_chksum
                0x0000000000012a27                uip_icmp6chksum
                0x0000000000012a46                uip_udpchksum
                0x0000000000012a65                uip_init
                0x0000000000012ac4                uip_remove_ext_hdr
                0x0000000000012bbf                uip_udp_new
                0x0000000000012f38                uip_process
                0x0000000000013c26                uip_htons
                0x0000000000013c52                uip_htonl
                0x0000000000013c9c                uip_send
 .text          0x0000000000013d96      0x7d4 build/cooja/mtype917.a(uip-nd6.o)
                0x000000000001453f                uip_nd6_init
 .text          0x000000000001456a     0x333d build/cooja/mtype917.a(sicslowpan.o)
                0x0000000000014c68                netstack_sniffer_add
                0x0000000000014c81                netstack_sniffer_remove
                0x0000000000017866                sicslowpan_init
                0x0000000000017892                sicslowpan_get_last_rssi
 .text          0x00000000000178a7      0x51a build/cooja/mtype917.a(uiplib.o)
                0x00000000000178a7                uiplib_ip6addrconv
                0x0000000000017a6d                uiplib_ip4addrconv
                0x0000000000017b3a                uiplib_ipaddr_print
                0x0000000000017b9e                uiplib_ipaddr_snprint
 .text          0x0000000000017dc1      0x820 build/cooja/mtype917.a(rpl.o)
                0x0000000000017dc1                rpl_lollipop_greater_than
                0x0000000000017e24                rpl_get_global_address
                0x0000000000017f5a                rpl_link_callback
                0x0000000000018053                rpl_has_joined
                0x0000000000018089                rpl_is_reachable
                0x000000000001812c                rpl_reset_prefix
                0x0000000000018226                rpl_set_prefix_from_addr
                0x00000000000183f5                rpl_set_prefix
                0x00000000000185a8                rpl_set_leaf_only
                0x00000000000185cb                rpl_get_leaf_only
 .text          0x00000000000185e1     0x205c build/cooja/mtype917.a(rpl-icmp6.o)
                0x000000000001873e                rpl_icmp6_update_nbr_table
                0x000000000001897f                rpl_icmp6_dis_output
                0x0000000000019342                rpl_icmp6_dio_output
                0x0000000000019e84                rpl_icmp6_dao_output
                0x000000000001a4bc                rpl_icmp6_dao_ack_output
                0x000000000001a5dd                rpl_icmp6_init
 .text          0x000000000001a63d     0x1c61 build/cooja/mtype917.a(rpl-dag.o)
                0x000000000001a63d                rpl_dag_state_to_str
                0x000000000001a68b                rpl_dag_get_root_ipaddr
                0x000000000001a6db                rpl_dag_leave
                0x000000000001a81f                rpl_dag_poison_and_leave
                0x000000000001a84b                rpl_dag_periodic
                0x000000000001a99b                rpl_is_addr_in_our_dag
                0x000000000001a9fa                rpl_get_default_instance
                0x000000000001aa24                rpl_get_any_dag
                0x000000000001aa9a                rpl_refresh_routes
                0x000000000001ab6f                rpl_global_repair
                0x000000000001ad39                rpl_local_repair
                0x000000000001ade4                rpl_dag_ready_to_advertise
                0x000000000001ae3d                rpl_dag_update_state
                0x000000000001bcac                rpl_process_dio
                0x000000000001bd8c                rpl_process_dis
                0x000000000001be21                rpl_process_dao
                0x000000000001bf05                rpl_process_dao_ack
                0x000000000001c00e                rpl_process_hbh
                0x000000000001c06e                rpl_dag_init_root
                0x000000000001c26c                rpl_dag_init
 .text          0x000000000001c29e      0x571 build/cooja/mtype917.a(rpl-dag-root.o)
                0x000000000001c29e                rpl_dag_root_print_links
                0x000000000001c607                rpl_dag_root_set_prefix
                0x000000000001c642                rpl_dag_root_start
                0x000000000001c7cd                rpl_dag_root_is_root
 .text          0x000000000001c80f       0x6b build/cooja/mtype917.a(watchdog.o)
                0x000000000001c80f                watchdog_init
                0x000000000001c81f                watchdog_start
                0x000000000001c82f                watchdog_periodic
                0x000000000001c85a                watchdog_stop
                0x000000000001c86a                watchdog_reboot
 .text          0x000000000001c87a       0x75 build/cooja/mtype917.a(int-master.o)
                0x000000000001c87a                int_master_enable
                0x000000000001c894                int_master_read_and_disable
                0x000000000001c8bc                int_master_status_set
                0x000000000001c8d5                int_master_is_enabled
 .text          0x000000000001c8ef      0x11d build/cooja/mtype917.a(stimer.o)
                0x000000000001c8ef                stimer_set
                0x000000000001c91e                stimer_reset
                0x000000000001c955                stimer_restart
                0x000000000001c97b                stimer_expired
                0x000000000001c9b7                stimer_remaining
                0x000000000001c9e3                stimer_elapsed
 .text          0x000000000001ca0c      0x1ec build/cooja/mtype917.a(memb.o)
                0x000000000001ca0c                memb_init
                0x000000000001ca70                memb_alloc
                0x000000000001cadd                memb_free
                0x000000000001cb5e                memb_inmemb
                0x000000000001cba7                memb_numfree
 .text          0x000000000001cbf8       0x31 build/cooja/mtype917.a(assert.o)
                0x000000000001cbf8                _xassert
 .text          0x000000000001cc29      0x188 build/cooja/mtype917.a(ringbuf.o)
                0x000000000001cc29                ringbuf_init
                0x000000000001cc65                ringbuf_put
                0x000000000001cced                ringbuf_get
                0x000000000001cd64                ringbuf_size
                0x000000000001cd80                ringbuf_elements
 .text          0x000000000001cdb1      0x8d0 build/cooja/mtype917.a(nbr-table.o)
                0x000000000001d2c4                nbr_table_register
                0x000000000001d342                nbr_table_is_registered
                0x000000000001d387                nbr_table_head
                0x000000000001d3f4                nbr_table_next
                0x000000000001d466                nbr_table_add_lladdr
                0x000000000001d557                nbr_table_get_from_lladdr
                0x000000000001d5b4                nbr_table_remove
                0x000000000001d5ff                nbr_table_lock
                0x000000000001d625                nbr_table_unlock
                0x000000000001d64b                nbr_table_get_lladdr
 .text          0x000000000001d681      0x43d build/cooja/mtype917.a(link-stats.o)
                0x000000000001d681                link_stats_from_lladdr
                0x000000000001d6ae                link_stats_get_lladdr
                0x000000000001d6db                link_stats_is_fresh
                0x000000000001d728                guess_etx_from_rssi
                0x000000000001d7ae                link_stats_packet_sent
                0x000000000001d8df                link_stats_input_callback
                0x000000000001da13                link_stats_reset
                0x000000000001da75                link_stats_init
 .text          0x000000000001dabe      0x1a8 build/cooja/mtype917.a(mac-sequence.o)
                0x000000000001dabe                mac_sequence_is_duplicate
                0x000000000001db7e                mac_sequence_register_seqno
 .text          0x000000000001dc66       0x2d build/cooja/mtype917.a(mac.o)
                0x000000000001dc66                mac_call_sent_callback
 .text          0x000000000001dc93      0x477 build/cooja/mtype917.a(framer-802154.o)
                0x000000000001de36                framer_802154_setup_params
 .text          0x000000000001e10a      0xc1a build/cooja/mtype917.a(frame802154.o)
                0x000000000001e145                frame802154_get_pan_id
                0x000000000001e15b                frame802154_set_pan_id
                0x000000000001e180                frame802154_has_panid
                0x000000000001e339                frame802154_check_dest_panid
                0x000000000001e3cb                frame802154_is_broadcast_addr
                0x000000000001e422                frame802154_extract_linkaddr
                0x000000000001e6ab                frame802154_hdrlen
                0x000000000001e728                frame802154_create_fcf
                0x000000000001e7ea                frame802154_create
                0x000000000001e975                frame802154_parse_fcf
                0x000000000001ea61                frame802154_parse
 .text          0x000000000001ed24       0x4e build/cooja/mtype917.a(csma-security.o)
                0x000000000001ed24                csma_security_create_frame
                0x000000000001ed55                csma_security_parse_frame
 .text          0x000000000001ed72      0x5b2 build/cooja/mtype917.a(uipbuf.o)
                0x000000000001ed72                uipbuf_clear
                0x000000000001eda9                uipbuf_add_ext_hdr
                0x000000000001ee44                uipbuf_set_len
                0x000000000001ee7e                uipbuf_set_len_field
                0x000000000001eeb4                uipbuf_get_len_field
                0x000000000001eede                uipbuf_get_next_header
                0x000000000001f01a                uipbuf_get_last_header
                0x000000000001f09d                uipbuf_search_header
                0x000000000001f161                uipbuf_get_attr
                0x000000000001f192                uipbuf_set_attr
                0x000000000001f1d3                uipbuf_set_default_attr
                0x000000000001f214                uipbuf_clear_attr
                0x000000000001f248                uipbuf_set_attr_flag
                0x000000000001f274                uipbuf_clr_attr_flag
                0x000000000001f2a6                uipbuf_is_attr_flag
                0x000000000001f2d4                uipbuf_init
 .text          0x000000000001f324      0x8b7 build/cooja/mtype917.a(uip-icmp6.o)
                0x000000000001f3a9                uip_icmp6_input
                0x000000000001f40a                uip_icmp6_register_input_handler
                0x000000000001f5be                uip_icmp6_error_output
                0x000000000001f900                uip_icmp6_send
                0x000000000001fb2e                uip_icmp6_echo_reply_callback_add
                0x000000000001fb71                uip_icmp6_echo_reply_callback_rm
                0x000000000001fb9f                uip_icmp6_init
 .text          0x000000000001fbdb      0x772 build/cooja/mtype917.a(uip-sr.o)
                0x000000000001fbdb                uip_sr_num_nodes
                0x000000000001fc87                uip_sr_get_node
                0x000000000001fcee                uip_sr_is_addr_reachable
                0x000000000001fdab                uip_sr_expire_parent
                0x000000000001fdfe                uip_sr_update_node
                0x000000000001ff42                uip_sr_init
                0x000000000001ff88                uip_sr_node_head
                0x000000000001ffb2                uip_sr_node_next
                0x000000000001ffd8                uip_sr_periodic
                0x00000000000200f4                uip_sr_free_all
                0x0000000000020179                uip_sr_link_snprint
 .text          0x000000000002034d      0x1a5 build/cooja/mtype917.a(uip-packetqueue)
                0x000000000002038d                uip_packetqueue_new
                0x00000000000203a6                uip_packetqueue_alloc
                0x0000000000020415                uip_packetqueue_free
                0x000000000002046d                uip_packetqueue_buf
                0x0000000000020494                uip_packetqueue_buflen
                0x00000000000204bf                uip_packetqueue_set_buflen
 .text          0x00000000000204f2      0x348 build/cooja/mtype917.a(rpl-nbr-policy.)
                0x00000000000207e8                rpl_nbr_policy_find_removable
 .text          0x000000000002083a      0xe1e build/cooja/mtype917.a(rpl-neighbor.o)
                0x00000000000208d6                rpl_neighbor_snprint
                0x0000000000020bbe                rpl_neighbor_print_list
                0x0000000000020e08                rpl_neighbor_count
                0x0000000000020eeb                rpl_neighbor_get_from_lladdr
                0x0000000000020f18                rpl_neighbor_is_acceptable_parent
                0x0000000000020f5e                rpl_neighbor_get_link_metric
                0x0000000000020fa4                rpl_neighbor_rank_via_nbr
                0x0000000000020fea                rpl_neighbor_get_lladdr
                0x0000000000021017                rpl_neighbor_get_ipaddr
                0x000000000002104d                rpl_neighbor_get_link_stats
                0x0000000000021083                rpl_neighbor_is_fresh
                0x00000000000210b9                rpl_neighbor_is_reachable
                0x0000000000021116                rpl_neighbor_is_parent
                0x000000000002114d                rpl_neighbor_set_preferred_parent
                0x00000000000212d9                rpl_neighbor_remove_all
                0x0000000000021385                rpl_neighbor_get_from_ipaddr
                0x00000000000214bf                rpl_neighbor_select_best
                0x0000000000021626                rpl_neighbor_init
 .text          0x0000000000021658      0xf08 build/cooja/mtype917.a(rpl-timers.o)
                0x0000000000021658                rpl_timers_schedule_periodic_dis
                0x0000000000021802                rpl_timers_dio_reset
                0x00000000000219bf                rpl_timers_schedule_unicast_dio
                0x0000000000021b92                rpl_timers_schedule_dao
                0x0000000000021c98                rpl_timers_schedule_dao_ack
                0x0000000000021d67                rpl_timers_notify_dao_ack
                0x0000000000021ded                get_probing_delay
                0x0000000000021e32                get_probing_target
                0x000000000002216c                rpl_schedule_probing
                0x00000000000221b8                rpl_schedule_probing_now
                0x0000000000022252                rpl_timers_unschedule_leaving
                0x00000000000222ac                rpl_timers_schedule_leaving
                0x0000000000022311                rpl_timers_init
                0x0000000000022404                rpl_timers_stop_dag_timers
                0x00000000000224c1                rpl_timers_unschedule_state_update
                0x00000000000224fd                rpl_timers_schedule_state_update
 .text          0x0000000000022560     0x14a6 build/cooja/mtype917.a(rpl-ext-header.)
                0x0000000000022560                rpl_ext_header_srh_get_next_hop
                0x00000000000226aa                rpl_ext_header_srh_update
                0x000000000002311e                rpl_ext_header_hbh_update
                0x0000000000023780                rpl_ext_header_update
                0x000000000002382f                rpl_ext_header_remove
 .text          0x0000000000023a06      0x3e2 build/cooja/mtype917.a(rpl-mrhof.o)
 *fill*         0x0000000000023de8        0x8 
 .text          0x0000000000023df0       0x14 /usr/lib/i386-linux-gnu/libc_nonshared.a(stack_chk_fail_local.oS)
                0x0000000000023df0                __stack_chk_fail_local
 .text          0x0000000000023e04        0x0 /usr/lib/gcc/i686-linux-gnu/7/crtendS.o
 .text          0x0000000000023e04        0x0 /usr/lib/gcc/i686-linux-gnu/7/../../../i386-linux-gnu/crtn.o
 *(.gnu.warning)

.fini           0x0000000000023e04       0x14
 *(SORT_NONE(.fini))
 .fini          0x0000000000023e04        0xf /usr/lib/gcc/i686-linux-gnu/7/../../../i386-linux-gnu/crti.o
                0x0000000000023e04                _fini
 .fini          0x0000000000023e13        0x5 /usr/lib/gcc/i686-linux-gnu/7/../../../i386-linux-gnu/crtn.o
                [!provide]                        PROVIDE (__etext = .)
                [!provide]                        PROVIDE (_etext = .)
                [!provide]                        PROVIDE (etext = .)

.rodata         0x0000000000023e18     0x1967
 *(.rodata .rodata.* .gnu.linkonce.r.*)
 .rodata        0x0000000000023e18      0x148 temperatureSensor.o
 .rodata        0x0000000000023f60        0x6 build/cooja/mtype917.a(leds-arch.o)
                0x0000000000023f60                leds_arch_leds
 .rodata        0x0000000000023f66        0x4 build/cooja/mtype917.a(pir-sensor.o)
 .rodata        0x0000000000023f6a        0x6 build/cooja/mtype917.a(rs232.o)
 .rodata        0x0000000000023f70        0xa build/cooja/mtype917.a(vib-sensor.o)
 *fill*         0x0000000000023f7a        0x2 
 .rodata        0x0000000000023f7c       0x27 build/cooja/mtype917.a(cfs-cooja.o)
 *fill*         0x0000000000023fa3        0x1 
 .rodata        0x0000000000023fa4       0x68 build/cooja/mtype917.a(cooja-radio.o)
 .rodata        0x000000000002400c        0x8 build/cooja/mtype917.a(sensors.o)
 .rodata        0x0000000000024014       0x14 build/cooja/mtype917.a(buttons.o)
                0x0000000000024020                button_hal_button_count
 .rodata        0x0000000000024028       0xfc build/cooja/mtype917.a(contiki-main.o)
 .rodata        0x0000000000024124        0xf build/cooja/mtype917.a(ctimer.o)
 .rodata        0x0000000000024133        0xc build/cooja/mtype917.a(etimer.o)
 *fill*         0x000000000002413f        0x1 
 .rodata        0x0000000000024140       0xc4 build/cooja/mtype917.a(log.o)
 .rodata        0x0000000000024204       0x13 build/cooja/mtype917.a(button-hal.o)
 .rodata        0x0000000000024217        0xe build/cooja/mtype917.a(serial-line.o)
 *fill*         0x0000000000024225        0x3 
 .rodata        0x0000000000024228        0x8 build/cooja/mtype917.a(linkaddr.o)
                0x0000000000024228                linkaddr_null
 .rodata        0x0000000000024230        0x5 build/cooja/mtype917.a(csma.o)
 *fill*         0x0000000000024235        0x3 
 .rodata        0x0000000000024238       0x21 build/cooja/mtype917.a(csma-output.o)
 *fill*         0x0000000000024259        0x3 
 .rodata        0x000000000002425c       0x4d build/cooja/mtype917.a(uip-ds6-route.o)
 .rodata        0x00000000000242a9        0xd build/cooja/mtype917.a(tcpip.o)
 *fill*         0x00000000000242b6        0x2 
 .rodata        0x00000000000242b8       0x1f build/cooja/mtype917.a(sicslowpan.o)
                0x00000000000242b8                unc_llconf
                0x00000000000242bc                unc_ctxconf
                0x00000000000242c0                unc_mxconf
                0x00000000000242c4                llprefix
 .rodata        0x00000000000242d7       0x2d build/cooja/mtype917.a(uiplib.o)
 .rodata        0x0000000000024304       0xd4 build/cooja/mtype917.a(rpl.o)
 .rodata        0x00000000000243d8      0x587 build/cooja/mtype917.a(rpl-icmp6.o)
 *fill*         0x000000000002495f        0x1 
 .rodata        0x0000000000024960      0x60c build/cooja/mtype917.a(rpl-dag.o)
 .rodata        0x0000000000024f6c       0xc4 build/cooja/mtype917.a(rpl-dag-root.o)
 .rodata        0x0000000000025030       0x25 build/cooja/mtype917.a(assert.o)
 .rodata        0x0000000000025055       0x44 build/cooja/mtype917.a(uip-sr.o)
 *fill*         0x0000000000025099        0x3 
 .rodata        0x000000000002509c       0xe3 build/cooja/mtype917.a(rpl-nbr-policy.)
 *fill*         0x000000000002517f        0x1 
 .rodata        0x0000000000025180      0x15a build/cooja/mtype917.a(rpl-neighbor.o)
 .rodata        0x00000000000252da       0x89 build/cooja/mtype917.a(rpl-timers.o)
 *fill*         0x0000000000025363        0x1 
 .rodata        0x0000000000025364      0x3f6 build/cooja/mtype917.a(rpl-ext-header.)
 .rodata        0x000000000002575a       0x25 build/cooja/mtype917.a(rpl-mrhof.o)

.rodata1
 *(.rodata1)

.eh_frame_hdr   0x0000000000025780     0x1614
 *(.eh_frame_hdr)
 .eh_frame_hdr  0x0000000000025780     0x1614 temperatureSensor.o
                0x0000000000025780                __GNU_EH_FRAME_HDR
 *(.eh_frame_entry .eh_frame_entry.*)

.eh_frame       0x0000000000026d94     0x5f60
 *(.eh_frame)
 .eh_frame      0x0000000000026d94       0x3c /usr/lib/gcc/i686-linux-gnu/7/../../../i386-linux-gnu/crti.o
                                         0x40 (size before relaxing)
 .eh_frame      0x0000000000026dd0       0x14 /usr/lib/gcc/i686-linux-gnu/7/../../../i386-linux-gnu/crti.o
                                         0x2c (size before relaxing)
 .eh_frame      0x0000000000026de4       0x98 temperatureSensor.o
                                         0xc4 (size before relaxing)
 .eh_frame      0x0000000000026e7c      0x1ac build/cooja/mtype917.o
                                        0x1ec (size before relaxing)
 .eh_frame      0x0000000000027028       0x48 build/cooja/mtype917.a(simEnvChange.o)
                                         0x74 (size before relaxing)
 .eh_frame      0x0000000000027070       0x6c build/cooja/mtype917.a(cooja_mt.o)
                                         0x98 (size before relaxing)
 .eh_frame      0x00000000000270dc       0x88 build/cooja/mtype917.a(cooja_mtarch.o)
                                         0xc8 (size before relaxing)
 .eh_frame      0x0000000000027164       0xe4 build/cooja/mtype917.a(rtimer-arch.o)
                                        0x110 (size before relaxing)
 .eh_frame      0x0000000000027248      0x160 build/cooja/mtype917.a(beep.o)
                                        0x18c (size before relaxing)
 .eh_frame      0x00000000000273a8       0x88 build/cooja/mtype917.a(leds-arch.o)
                                         0xc8 (size before relaxing)
 .eh_frame      0x0000000000027430       0x44 build/cooja/mtype917.a(moteid.o)
                                         0x70 (size before relaxing)
 .eh_frame      0x0000000000027474       0xa4 build/cooja/mtype917.a(pir-sensor.o)
                                         0xe4 (size before relaxing)
 .eh_frame      0x0000000000027518      0x110 build/cooja/mtype917.a(rs232.o)
                                        0x150 (size before relaxing)
 .eh_frame      0x0000000000027628       0xa4 build/cooja/mtype917.a(vib-sensor.o)
                                         0xe4 (size before relaxing)
 .eh_frame      0x00000000000276cc       0xc0 build/cooja/mtype917.a(clock.o)
                                         0xec (size before relaxing)
 .eh_frame      0x000000000002778c      0x130 build/cooja/mtype917.a(cooja-log.o)
                                        0x170 (size before relaxing)
 .eh_frame      0x00000000000278bc      0x16c build/cooja/mtype917.a(cfs-cooja.o)
                                        0x1ac (size before relaxing)
 .eh_frame      0x0000000000027a28      0x354 build/cooja/mtype917.a(cooja-radio.o)
                                        0x394 (size before relaxing)
 .eh_frame      0x0000000000027d7c       0xa8 build/cooja/mtype917.a(eeprom.o)
                                         0xe8 (size before relaxing)
 .eh_frame      0x0000000000027e24       0x48 build/cooja/mtype917.a(random.o)
                                         0x74 (size before relaxing)
 .eh_frame      0x0000000000027e6c       0xd0 build/cooja/mtype917.a(sensors.o)
                                        0x110 (size before relaxing)
 .eh_frame      0x0000000000027f3c      0x140 build/cooja/mtype917.a(leds.o)
                                        0x180 (size before relaxing)
 .eh_frame      0x000000000002807c      0x228 build/cooja/mtype917.a(gpio-hal-arch.o)
                                        0x27c (size before relaxing)
 .eh_frame      0x00000000000282a4       0xa4 build/cooja/mtype917.a(buttons.o)
                                         0xe4 (size before relaxing)
 .eh_frame      0x0000000000028348       0x38 build/cooja/mtype917.a(contiki-main.o)
                                         0x64 (size before relaxing)
 .eh_frame      0x0000000000028380       0x48 build/cooja/mtype917.a(autostart.o)
                                         0x74 (size before relaxing)
 .eh_frame      0x00000000000283c8      0x11c build/cooja/mtype917.a(ctimer.o)
                                        0x15c (size before relaxing)
 .eh_frame      0x00000000000284e4       0x60 build/cooja/mtype917.a(energest.o)
                                         0x8c (size before relaxing)
 .eh_frame      0x0000000000028544      0x204 build/cooja/mtype917.a(etimer.o)
                                        0x244 (size before relaxing)
 .eh_frame      0x0000000000028748      0x144 build/cooja/mtype917.a(log.o)
                                        0x184 (size before relaxing)
 .eh_frame      0x000000000002888c       0x6c build/cooja/mtype917.a(rtimer.o)
                                         0xc0 (size before relaxing)
 .eh_frame      0x00000000000288f8       0x20 build/cooja/mtype917.a(node-id.o)
                                         0x4c (size before relaxing)
 .eh_frame      0x0000000000028918      0x1ec build/cooja/mtype917.a(process.o)
                                        0x22c (size before relaxing)
 .eh_frame      0x0000000000028b04       0xb4 build/cooja/mtype917.a(timer.o)
                                         0xe0 (size before relaxing)
 .eh_frame      0x0000000000028bb8      0x1a0 build/cooja/mtype917.a(list.o)
                                        0x1cc (size before relaxing)
 .eh_frame      0x0000000000028d58      0x188 build/cooja/mtype917.a(button-hal.o)
                                        0x1c8 (size before relaxing)
 .eh_frame      0x0000000000028ee0       0x6c build/cooja/mtype917.a(serial-line.o)
                                         0x98 (size before relaxing)
 .eh_frame      0x0000000000028f4c       0xfc build/cooja/mtype917.a(gpio-hal.o)
                                        0x13c (size before relaxing)
 .eh_frame      0x0000000000029048      0x1c0 build/cooja/mtype917.a(queuebuf.o)
                                        0x200 (size before relaxing)
 .eh_frame      0x0000000000029208      0x2b0 build/cooja/mtype917.a(packetbuf.o)
                                        0x2f0 (size before relaxing)
 .eh_frame      0x00000000000294b8       0x90 build/cooja/mtype917.a(netstack.o)
                                         0xd0 (size before relaxing)
 .eh_frame      0x0000000000029548       0x64 build/cooja/mtype917.a(linkaddr.o)
                                         0x90 (size before relaxing)
 .eh_frame      0x00000000000295ac       0xf0 build/cooja/mtype917.a(csma.o)
                                        0x130 (size before relaxing)
 .eh_frame      0x000000000002969c      0x1f8 build/cooja/mtype917.a(csma-output.o)
                                        0x238 (size before relaxing)
 .eh_frame      0x0000000000029894      0x364 build/cooja/mtype917.a(uip-ds6.o)
                                        0x3a4 (size before relaxing)
 .eh_frame      0x0000000000029bf8       0x44 build/cooja/mtype917.a(uip-udp-packet.)
                                         0x84 (size before relaxing)
 .eh_frame      0x0000000000029c3c      0x240 build/cooja/mtype917.a(uip-ds6-route.o)
                                        0x280 (size before relaxing)
 .eh_frame      0x0000000000029e7c      0x1e8 build/cooja/mtype917.a(uip-ds6-nbr.o)
                                        0x228 (size before relaxing)
 .eh_frame      0x000000000002a064      0x270 build/cooja/mtype917.a(tcpip.o)
                                        0x2b0 (size before relaxing)
 .eh_frame      0x000000000002a2d4      0x20c build/cooja/mtype917.a(uip6.o)
                                        0x24c (size before relaxing)
 .eh_frame      0x000000000002a4e0       0x8c build/cooja/mtype917.a(uip-nd6.o)
                                         0xe0 (size before relaxing)
 .eh_frame      0x000000000002a56c      0x354 build/cooja/mtype917.a(sicslowpan.o)
                                        0x3a8 (size before relaxing)
 .eh_frame      0x000000000002a8c0       0x9c build/cooja/mtype917.a(uiplib.o)
                                         0xdc (size before relaxing)
 .eh_frame      0x000000000002a95c      0x1fc build/cooja/mtype917.a(rpl.o)
                                        0x23c (size before relaxing)
 .eh_frame      0x000000000002ab58      0x204 build/cooja/mtype917.a(rpl-icmp6.o)
                                        0x244 (size before relaxing)
 .eh_frame      0x000000000002ad5c      0x3c0 build/cooja/mtype917.a(rpl-dag.o)
                                        0x414 (size before relaxing)
 .eh_frame      0x000000000002b11c       0xb0 build/cooja/mtype917.a(rpl-dag-root.o)
                                         0xf0 (size before relaxing)
 .eh_frame      0x000000000002b1cc       0xa4 build/cooja/mtype917.a(watchdog.o)
                                         0xd0 (size before relaxing)
 .eh_frame      0x000000000002b270       0x80 build/cooja/mtype917.a(int-master.o)
                                         0xac (size before relaxing)
 .eh_frame      0x000000000002b2f0       0xd8 build/cooja/mtype917.a(stimer.o)
                                        0x104 (size before relaxing)
 .eh_frame      0x000000000002b3c8       0xa4 build/cooja/mtype917.a(memb.o)
                                         0xe4 (size before relaxing)
 .eh_frame      0x000000000002b46c       0x24 build/cooja/mtype917.a(assert.o)
                                         0x50 (size before relaxing)
 .eh_frame      0x000000000002b490       0xa0 build/cooja/mtype917.a(ringbuf.o)
                                         0xcc (size before relaxing)
 .eh_frame      0x000000000002b530      0x2cc build/cooja/mtype917.a(nbr-table.o)
                                        0x30c (size before relaxing)
 .eh_frame      0x000000000002b7fc      0x140 build/cooja/mtype917.a(link-stats.o)
                                        0x180 (size before relaxing)
 .eh_frame      0x000000000002b93c       0x50 build/cooja/mtype917.a(mac-sequence.o)
                                         0x7c (size before relaxing)
 .eh_frame      0x000000000002b98c       0x20 build/cooja/mtype917.a(mac.o)
                                         0x4c (size before relaxing)
 .eh_frame      0x000000000002b9ac       0xb4 build/cooja/mtype917.a(framer-802154.o)
                                         0xf4 (size before relaxing)
 .eh_frame      0x000000000002ba60      0x1b0 build/cooja/mtype917.a(frame802154.o)
                                        0x1f0 (size before relaxing)
 .eh_frame      0x000000000002bc10       0x44 build/cooja/mtype917.a(csma-security.o)
                                         0x84 (size before relaxing)
 .eh_frame      0x000000000002bc54      0x204 build/cooja/mtype917.a(uipbuf.o)
                                        0x230 (size before relaxing)
 .eh_frame      0x000000000002be58      0x170 build/cooja/mtype917.a(uip-icmp6.o)
                                        0x1b0 (size before relaxing)
 .eh_frame      0x000000000002bfc8      0x1ac build/cooja/mtype917.a(uip-sr.o)
                                        0x1ec (size before relaxing)
 .eh_frame      0x000000000002c174       0xec build/cooja/mtype917.a(uip-packetqueue)
                                        0x12c (size before relaxing)
 .eh_frame      0x000000000002c260       0x8c build/cooja/mtype917.a(rpl-nbr-policy.)
                                         0xcc (size before relaxing)
 .eh_frame      0x000000000002c2ec      0x31c build/cooja/mtype917.a(rpl-neighbor.o)
                                        0x370 (size before relaxing)
 .eh_frame      0x000000000002c608      0x418 build/cooja/mtype917.a(rpl-timers.o)
                                        0x458 (size before relaxing)
 .eh_frame      0x000000000002ca20      0x160 build/cooja/mtype917.a(rpl-ext-header.)
                                        0x1a0 (size before relaxing)
 .eh_frame      0x000000000002cb80      0x154 build/cooja/mtype917.a(rpl-mrhof.o)
                                        0x194 (size before relaxing)
 .eh_frame      0x000000000002ccd4       0x1c /usr/lib/i386-linux-gnu/libc_nonshared.a(stack_chk_fail_local.oS)
                                         0x48 (size before relaxing)
 .eh_frame      0x000000000002ccf0        0x4 /usr/lib/gcc/i686-linux-gnu/7/crtendS.o
 *(.eh_frame.*)

.gcc_except_table
 *(.gcc_except_table .gcc_except_table.*)

.gnu_extab
 *(.gnu_extab*)

.exception_ranges
 *(.exception_ranges .exception_ranges*)
                0x000000000002ec18                . = DATA_SEGMENT_ALIGN (CONSTANT (MAXPAGESIZE), CONSTANT (COMMONPAGESIZE))

.eh_frame
 *(.eh_frame)
 *(.eh_frame.*)

.gnu_extab
 *(.gnu_extab)

.gcc_except_table
 *(.gcc_except_table .gcc_except_table.*)

.exception_ranges
 *(.exception_ranges .exception_ranges*)

.tdata
 *(.tdata .tdata.* .gnu.linkonce.td.*)

.tbss
 *(.tbss .tbss.* .gnu.linkonce.tb.*)
 *(.tcommon)

.preinit_array
 *(.preinit_array)

.init_array     0x000000000002ec18        0x4
 *(SORT_BY_INIT_PRIORITY(.init_array.*) SORT_BY_INIT_PRIORITY(.ctors.*))
 *(.init_array EXCLUDE_FILE(*crtend?.o *crtend.o *crtbegin?.o *crtbegin.o) .ctors)
 .init_array    0x000000000002ec18        0x4 /usr/lib/gcc/i686-linux-gnu/7/crtbeginS.o

.fini_array     0x000000000002ec1c        0x4
 *(SORT_BY_INIT_PRIORITY(.fini_array.*) SORT_BY_INIT_PRIORITY(.dtors.*))
 *(.fini_array EXCLUDE_FILE(*crtend?.o *crtend.o *crtbegin?.o *crtbegin.o) .dtors)
 .fini_array    0x000000000002ec1c        0x4 /usr/lib/gcc/i686-linux-gnu/7/crtbeginS.o

.ctors
 *crtbegin.o(.ctors)
 *crtbegin?.o(.ctors)
 *(EXCLUDE_FILE(*crtend?.o *crtend.o) .ctors)
 *(SORT_BY_NAME(.ctors.*))
 *(.ctors)

.dtors
 *crtbegin.o(.dtors)
 *crtbegin?.o(.dtors)
 *(EXCLUDE_FILE(*crtend?.o *crtend.o) .dtors)
 *(SORT_BY_NAME(.dtors.*))
 *(.dtors)

.jcr
 *(.jcr)

.data.rel.ro    0x000000000002ec20      0x198
 *(.data.rel.ro.local* .gnu.linkonce.d.rel.ro.local.*)
 .data.rel.ro.local
                0x000000000002ec20        0x8 temperatureSensor.o
                0x000000000002ec20                autostart_processes
 .data.rel.ro.local
                0x000000000002ec28        0x8 build/cooja/mtype917.a(beep.o)
                0x000000000002ec28                beep_interface
 .data.rel.ro.local
                0x000000000002ec30        0x8 build/cooja/mtype917.a(leds-arch.o)
                0x000000000002ec30                leds_interface
 .data.rel.ro.local
                0x000000000002ec38        0x8 build/cooja/mtype917.a(moteid.o)
                0x000000000002ec38                moteid_interface
 .data.rel.ro.local
                0x000000000002ec40       0x18 build/cooja/mtype917.a(pir-sensor.o)
                0x000000000002ec40                pir_interface
                0x000000000002ec48                pir_sensor
 .data.rel.ro.local
                0x000000000002ec58        0x8 build/cooja/mtype917.a(rs232.o)
                0x000000000002ec58                rs232_interface
 .data.rel.ro.local
                0x000000000002ec60       0x18 build/cooja/mtype917.a(vib-sensor.o)
                0x000000000002ec60                vib_interface
                0x000000000002ec68                vib_sensor
 .data.rel.ro.local
                0x000000000002ec78        0x8 build/cooja/mtype917.a(clock.o)
                0x000000000002ec78                clock_interface
 .data.rel.ro.local
                0x000000000002ec80        0x8 build/cooja/mtype917.a(cooja-log.o)
                0x000000000002ec80                simlog_interface
 .data.rel.ro.local
                0x000000000002ec88        0x8 build/cooja/mtype917.a(cfs-cooja.o)
                0x000000000002ec88                cfs_interface
 *fill*         0x000000000002ec90       0x10 
 .data.rel.ro.local
                0x000000000002eca0       0x58 build/cooja/mtype917.a(cooja-radio.o)
                0x000000000002eca0                radio_interface
                0x000000000002ecc0                cooja_radio_driver
 .data.rel.ro.local
                0x000000000002ecf8        0x8 build/cooja/mtype917.a(eeprom.o)
                0x000000000002ecf8                eeprom_interface
 .data.rel.ro.local
                0x000000000002ed00       0x18 build/cooja/mtype917.a(buttons.o)
                0x000000000002ed00                button_interface
                0x000000000002ed08                button_sensor
 .data.rel.ro.local
                0x000000000002ed18       0x1c build/cooja/mtype917.a(csma.o)
                0x000000000002ed18                csma_driver
 .data.rel.ro.local
                0x000000000002ed34       0x10 build/cooja/mtype917.a(sicslowpan.o)
                0x000000000002ed34                sicslowpan_driver
 .data.rel.ro.local
                0x000000000002ed44        0xc build/cooja/mtype917.a(framer-802154.o)
                0x000000000002ed44                framer_802154
 *(.data.rel.ro .data.rel.ro.* .gnu.linkonce.d.rel.ro.*)
 .data.rel.ro   0x000000000002ed50        0x0 /usr/lib/gcc/i686-linux-gnu/7/../../../i386-linux-gnu/crti.o
 *fill*         0x000000000002ed50       0x10 
 .data.rel.ro   0x000000000002ed60       0x54 build/cooja/mtype917.a(rpl.o)
                0x000000000002ed60                rpl_lite_driver
 .data.rel.ro   0x000000000002edb4        0x4 build/cooja/mtype917.a(rpl-dag.o)

.dynamic        0x000000000002edb8       0xf0
 *(.dynamic)
 .dynamic       0x000000000002edb8       0xf0 /usr/lib/gcc/i686-linux-gnu/7/../../../i386-linux-gnu/crti.o
                0x000000000002edb8                _DYNAMIC

.got            0x000000000002eea8      0x14c
 *(.got)
 .got           0x000000000002eea8      0x14c /usr/lib/gcc/i686-linux-gnu/7/../../../i386-linux-gnu/crti.o
 *(.igot)
                0x000000000002eff4                . = DATA_SEGMENT_RELRO_END (., (SIZEOF (.got.plt) >= 0xc)?0xc:0x0)

.got.plt        0x000000000002f000      0x4d0
 *(.got.plt)
 .got.plt       0x000000000002f000      0x4d0 /usr/lib/gcc/i686-linux-gnu/7/../../../i386-linux-gnu/crti.o
                0x000000000002f000                _GLOBAL_OFFSET_TABLE_
 *(.igot.plt)

.data           0x000000000002f4e0      0x384
 *(.data .data.* .gnu.linkonce.d.*)
 .data          0x000000000002f4e0        0x0 /usr/lib/gcc/i686-linux-gnu/7/../../../i386-linux-gnu/crti.o
 .data          0x000000000002f4e0        0x0 /usr/lib/gcc/i686-linux-gnu/7/crtbeginS.o
 .data.rel.local
                0x000000000002f4e0        0x4 /usr/lib/gcc/i686-linux-gnu/7/crtbeginS.o
                0x000000000002f4e0                __dso_handle
 .data          0x000000000002f4e4        0x0 temperatureSensor.o
 .data.rel.local
                0x000000000002f4e4       0x10 temperatureSensor.o
                0x000000000002f4e4                udp_server_process
 .data          0x000000000002f4f4        0x0 build/cooja/mtype917.o
 *fill*         0x000000000002f4f4        0xc 
 .data.rel      0x000000000002f500       0x44 build/cooja/mtype917.o
                0x000000000002f500                simInterfaces
                0x000000000002f534                sensors
 .data          0x000000000002f544        0x0 build/cooja/mtype917.a(simEnvChange.o)
 .data          0x000000000002f544        0x0 build/cooja/mtype917.a(cooja_mt.o)
 .data          0x000000000002f544        0x0 build/cooja/mtype917.a(cooja_mtarch.o)
 .data          0x000000000002f544        0x0 build/cooja/mtype917.a(rtimer-arch.o)
 .data          0x000000000002f544        0x0 build/cooja/mtype917.a(beep.o)
 .data          0x000000000002f544        0x0 build/cooja/mtype917.a(leds-arch.o)
 .data          0x000000000002f544        0x0 build/cooja/mtype917.a(moteid.o)
 .data          0x000000000002f544        0x0 build/cooja/mtype917.a(pir-sensor.o)
 .data          0x000000000002f544        0x0 build/cooja/mtype917.a(rs232.o)
 .data          0x000000000002f544        0x0 build/cooja/mtype917.a(vib-sensor.o)
 .data          0x000000000002f544        0x0 build/cooja/mtype917.a(clock.o)
 .data          0x000000000002f544        0x0 build/cooja/mtype917.a(cooja-log.o)
 .data          0x000000000002f544        0x0 build/cooja/mtype917.a(cfs-cooja.o)
 .data          0x000000000002f544       0x1c build/cooja/mtype917.a(cooja-radio.o)
                0x000000000002f544                simRadioHWOn
                0x000000000002f548                simSignalStrength
                0x000000000002f54c                simLastSignalStrength
                0x000000000002f550                simPower
                0x000000000002f554                simRadioChannel
                0x000000000002f558                simLQI
 .data.rel.local
                0x000000000002f560       0x10 build/cooja/mtype917.a(cooja-radio.o)
                0x000000000002f560                cooja_radio_process
 .data          0x000000000002f570        0x0 build/cooja/mtype917.a(eeprom.o)
 .data          0x000000000002f570        0x0 build/cooja/mtype917.a(random.o)
 .data          0x000000000002f570        0x0 build/cooja/mtype917.a(sensors.o)
 .data.rel.local
                0x000000000002f570       0x10 build/cooja/mtype917.a(sensors.o)
                0x000000000002f570                sensors_process
 .data          0x000000000002f580        0x0 build/cooja/mtype917.a(leds.o)
 .data          0x000000000002f580        0x0 build/cooja/mtype917.a(gpio-hal-arch.o)
 .data          0x000000000002f580        0x1 build/cooja/mtype917.a(buttons.o)
                0x000000000002f580                simButtonIsActive
 *fill*         0x000000000002f581       0x1f 
 .data.rel.local
                0x000000000002f5a0       0x58 build/cooja/mtype917.a(buttons.o)
                0x000000000002f5f0                button_hal_buttons
 .data          0x000000000002f5f8        0x0 build/cooja/mtype917.a(contiki-main.o)
 .data          0x000000000002f5f8        0x0 build/cooja/mtype917.a(autostart.o)
 .data          0x000000000002f5f8        0x0 build/cooja/mtype917.a(ctimer.o)
 .data.rel.local
                0x000000000002f5f8       0x14 build/cooja/mtype917.a(ctimer.o)
                0x000000000002f5fc                ctimer_process
 .data          0x000000000002f60c        0x0 build/cooja/mtype917.a(energest.o)
 .data          0x000000000002f60c        0x0 build/cooja/mtype917.a(etimer.o)
 .data.rel.local
                0x000000000002f60c       0x10 build/cooja/mtype917.a(etimer.o)
                0x000000000002f60c                etimer_process
 .data          0x000000000002f61c        0x8 build/cooja/mtype917.a(log.o)
                0x000000000002f61c                curr_log_level_rpl
                0x000000000002f620                curr_log_level_main
 *fill*         0x000000000002f624       0x1c 
 .data.rel.local
                0x000000000002f640       0x9c build/cooja/mtype917.a(log.o)
                0x000000000002f640                all_modules
 .data          0x000000000002f6dc        0x0 build/cooja/mtype917.a(rtimer.o)
 .data          0x000000000002f6dc        0x0 build/cooja/mtype917.a(node-id.o)
 .data          0x000000000002f6dc        0x0 build/cooja/mtype917.a(process.o)
 .data          0x000000000002f6dc        0x0 build/cooja/mtype917.a(timer.o)
 .data          0x000000000002f6dc        0x0 build/cooja/mtype917.a(list.o)
 .data          0x000000000002f6dc        0x0 build/cooja/mtype917.a(button-hal.o)
 .data.rel.local
                0x000000000002f6dc       0x10 build/cooja/mtype917.a(button-hal.o)
                0x000000000002f6dc                button_hal_process
 .data          0x000000000002f6ec        0x0 build/cooja/mtype917.a(serial-line.o)
 .data.rel.local
                0x000000000002f6ec       0x10 build/cooja/mtype917.a(serial-line.o)
                0x000000000002f6ec                serial_line_process
 .data          0x000000000002f6fc        0x0 build/cooja/mtype917.a(gpio-hal.o)
 .data.rel.local
                0x000000000002f6fc        0x4 build/cooja/mtype917.a(gpio-hal.o)
 .data          0x000000000002f700        0x0 build/cooja/mtype917.a(queuebuf.o)
 .data.rel.local
                0x000000000002f700       0x18 build/cooja/mtype917.a(queuebuf.o)
 .data          0x000000000002f718        0x0 build/cooja/mtype917.a(packetbuf.o)
 .data.rel.local
                0x000000000002f718        0x4 build/cooja/mtype917.a(packetbuf.o)
 .data          0x000000000002f71c        0x0 build/cooja/mtype917.a(netstack.o)
 .data.rel.local
                0x000000000002f71c        0x4 build/cooja/mtype917.a(netstack.o)
 .data          0x000000000002f720        0x0 build/cooja/mtype917.a(linkaddr.o)
 .data          0x000000000002f720        0x0 build/cooja/mtype917.a(csma.o)
 .data          0x000000000002f720        0x0 build/cooja/mtype917.a(csma-output.o)
 .data.rel.local
                0x000000000002f720       0x28 build/cooja/mtype917.a(csma-output.o)
 .data          0x000000000002f748        0x0 build/cooja/mtype917.a(uip-ds6.o)
 .data          0x000000000002f748        0x0 build/cooja/mtype917.a(uip-udp-packet.)
 .data          0x000000000002f748        0x0 build/cooja/mtype917.a(uip-ds6-route.o)
 .data.rel.local
                0x000000000002f748       0x10 build/cooja/mtype917.a(uip-ds6-route.o)
 .data          0x000000000002f758        0x0 build/cooja/mtype917.a(uip-ds6-nbr.o)
 .data.rel.local
                0x000000000002f758       0x14 build/cooja/mtype917.a(uip-ds6-nbr.o)
 .data          0x000000000002f76c        0x0 build/cooja/mtype917.a(tcpip.o)
 .data.rel.local
                0x000000000002f76c       0x10 build/cooja/mtype917.a(tcpip.o)
                0x000000000002f76c                tcpip_process
 .data          0x000000000002f77c        0x0 build/cooja/mtype917.a(uip6.o)
 .data          0x000000000002f77c        0x0 build/cooja/mtype917.a(uip-nd6.o)
 .data.rel.local
                0x000000000002f77c        0xc build/cooja/mtype917.a(uip-nd6.o)
 .data          0x000000000002f788        0x0 build/cooja/mtype917.a(sicslowpan.o)
 .data          0x000000000002f788        0x0 build/cooja/mtype917.a(uiplib.o)
 .data          0x000000000002f788        0x0 build/cooja/mtype917.a(rpl.o)
 .data          0x000000000002f788        0x0 build/cooja/mtype917.a(rpl-icmp6.o)
 .data.rel.local
                0x000000000002f788       0x30 build/cooja/mtype917.a(rpl-icmp6.o)
 .data          0x000000000002f7b8        0x0 build/cooja/mtype917.a(rpl-dag.o)
 .data          0x000000000002f7b8        0x0 build/cooja/mtype917.a(rpl-dag-root.o)
 .data          0x000000000002f7b8        0x0 build/cooja/mtype917.a(watchdog.o)
 .data          0x000000000002f7b8        0x0 build/cooja/mtype917.a(int-master.o)
 .data          0x000000000002f7b8        0x0 build/cooja/mtype917.a(stimer.o)
 .data          0x000000000002f7b8        0x0 build/cooja/mtype917.a(memb.o)
 .data          0x000000000002f7b8        0x0 build/cooja/mtype917.a(assert.o)
 .data          0x000000000002f7b8        0x0 build/cooja/mtype917.a(ringbuf.o)
 .data          0x000000000002f7b8        0x0 build/cooja/mtype917.a(nbr-table.o)
 .data.rel.local
                0x000000000002f7b8       0x10 build/cooja/mtype917.a(nbr-table.o)
 .data          0x000000000002f7c8        0x0 build/cooja/mtype917.a(link-stats.o)
 .data.rel.local
                0x000000000002f7c8       0x14 build/cooja/mtype917.a(link-stats.o)
 .data          0x000000000002f7dc        0x0 build/cooja/mtype917.a(mac-sequence.o)
 .data          0x000000000002f7dc        0x0 build/cooja/mtype917.a(mac.o)
 .data          0x000000000002f7dc        0x0 build/cooja/mtype917.a(framer-802154.o)
 .data          0x000000000002f7dc        0x2 build/cooja/mtype917.a(frame802154.o)
 .data          0x000000000002f7de        0x0 build/cooja/mtype917.a(csma-security.o)
 .data          0x000000000002f7de        0x0 build/cooja/mtype917.a(uipbuf.o)
 .data          0x000000000002f7de        0x0 build/cooja/mtype917.a(uip-icmp6.o)
 *fill*         0x000000000002f7de        0x2 
 .data.rel.local
                0x000000000002f7e0       0x20 build/cooja/mtype917.a(uip-icmp6.o)
 .data          0x000000000002f800        0x0 build/cooja/mtype917.a(uip-sr.o)
 .data.rel.local
                0x000000000002f800       0x10 build/cooja/mtype917.a(uip-sr.o)
 .data          0x000000000002f810        0x0 build/cooja/mtype917.a(uip-packetqueue)
 .data.rel.local
                0x000000000002f810        0xc build/cooja/mtype917.a(uip-packetqueue)
 .data          0x000000000002f81c        0x0 build/cooja/mtype917.a(rpl-nbr-policy.)
 .data          0x000000000002f81c        0x0 build/cooja/mtype917.a(rpl-neighbor.o)
 .data.rel.local
                0x000000000002f81c       0x14 build/cooja/mtype917.a(rpl-neighbor.o)
                0x000000000002f82c                rpl_neighbors
 .data          0x000000000002f830        0x0 build/cooja/mtype917.a(rpl-timers.o)
 .data          0x000000000002f830        0x0 build/cooja/mtype917.a(rpl-ext-header.)
 .data          0x000000000002f830        0x0 build/cooja/mtype917.a(rpl-mrhof.o)
 *fill*         0x000000000002f830       0x10 
 .data.rel.local
                0x000000000002f840       0x24 build/cooja/mtype917.a(rpl-mrhof.o)
                0x000000000002f840                rpl_mrhof
 .data          0x000000000002f864        0x0 /usr/lib/i386-linux-gnu/libc_nonshared.a(stack_chk_fail_local.oS)
 .data          0x000000000002f864        0x0 /usr/lib/gcc/i686-linux-gnu/7/crtendS.o
 .data          0x000000000002f864        0x0 /usr/lib/gcc/i686-linux-gnu/7/../../../i386-linux-gnu/crtn.o

.tm_clone_table
                0x000000000002f864        0x0
 .tm_clone_table
                0x000000000002f864        0x0 /usr/lib/gcc/i686-linux-gnu/7/crtbeginS.o
 .tm_clone_table
                0x000000000002f864        0x0 /usr/lib/gcc/i686-linux-gnu/7/crtendS.o

.data1
 *(.data1)
                0x000000000002f864                _edata = .
                [!provide]                        PROVIDE (edata = .)
                0x000000000002f864                . = .
                0x000000000002f864                __bss_start = .

.bss            0x000000000002f880    0x13860
 *(.dynbss)
 .dynbss        0x000000000002f880        0x0 /usr/lib/gcc/i686-linux-gnu/7/../../../i386-linux-gnu/crti.o
 *(.bss .bss.* .gnu.linkonce.b.*)
 .bss           0x000000000002f880        0x0 /usr/lib/gcc/i686-linux-gnu/7/../../../i386-linux-gnu/crti.o
 .bss           0x000000000002f880        0x1 /usr/lib/gcc/i686-linux-gnu/7/crtbeginS.o
 *fill*         0x000000000002f881       0x1f 
 .bss           0x000000000002f8a0       0x9a temperatureSensor.o
 *fill*         0x000000000002f93a        0x6 
 .bss           0x000000000002f940     0x2030 build/cooja/mtype917.o
 .bss           0x0000000000031970        0x1 build/cooja/mtype917.a(simEnvChange.o)
                0x0000000000031970                simDontFallAsleep
 *fill*         0x0000000000031971        0x3 
 .bss           0x0000000000031974        0x4 build/cooja/mtype917.a(cooja_mt.o)
 .bss           0x0000000000031978        0x4 build/cooja/mtype917.a(cooja_mtarch.o)
 .bss           0x000000000003197c        0x0 build/cooja/mtype917.a(rtimer-arch.o)
 .bss           0x000000000003197c        0x0 build/cooja/mtype917.a(beep.o)
 .bss           0x000000000003197c        0x1 build/cooja/mtype917.a(leds-arch.o)
                0x000000000003197c                simLedsValue
 .bss           0x000000000003197d        0x0 build/cooja/mtype917.a(moteid.o)
 .bss           0x000000000003197d        0x1 build/cooja/mtype917.a(pir-sensor.o)
                0x000000000003197d                simPirValue
 *fill*         0x000000000003197e        0x2 
 .bss           0x0000000000031980        0x4 build/cooja/mtype917.a(rs232.o)
 .bss           0x0000000000031984        0x1 build/cooja/mtype917.a(vib-sensor.o)
                0x0000000000031984                simVibValue
 .bss           0x0000000000031985        0x0 build/cooja/mtype917.a(clock.o)
 *fill*         0x0000000000031985       0x1b 
 .bss           0x00000000000319a0     0x2020 build/cooja/mtype917.a(cooja-log.o)
 .bss           0x00000000000339c0      0xfc0 build/cooja/mtype917.a(cfs-cooja.o)
                0x00000000000339c0                simCFSData
                0x0000000000034960                simCFSSize
                0x0000000000034964                simCFSChanged
                0x0000000000034968                simCFSRead
                0x000000000003496c                simCFSWritten
 .bss           0x0000000000034980       0x24 build/cooja/mtype917.a(cooja-radio.o)
                0x0000000000034980                simReceiving
                0x0000000000034984                simInSize
                0x0000000000034988                simLastPacketTimestamp
                0x0000000000034990                simOutSize
 .bss           0x00000000000349a4        0xc build/cooja/mtype917.a(eeprom.o)
                0x00000000000349a4                simEEPROMChanged
                0x00000000000349a8                simEEPROMRead
                0x00000000000349ac                simEEPROMWritten
 .bss           0x00000000000349b0        0x0 build/cooja/mtype917.a(random.o)
 .bss           0x00000000000349b0        0xc build/cooja/mtype917.a(sensors.o)
 .bss           0x00000000000349bc        0x0 build/cooja/mtype917.a(leds.o)
 .bss           0x00000000000349bc       0x24 build/cooja/mtype917.a(gpio-hal-arch.o)
 .bss           0x00000000000349e0        0x0 build/cooja/mtype917.a(buttons.o)
 .bss           0x00000000000349e0        0x0 build/cooja/mtype917.a(contiki-main.o)
 .bss           0x00000000000349e0        0x0 build/cooja/mtype917.a(autostart.o)
 .bss           0x00000000000349e0        0x5 build/cooja/mtype917.a(ctimer.o)
 .bss           0x00000000000349e5        0x0 build/cooja/mtype917.a(energest.o)
 *fill*         0x00000000000349e5        0x3 
 .bss           0x00000000000349e8        0x8 build/cooja/mtype917.a(etimer.o)
 .bss           0x00000000000349f0       0x28 build/cooja/mtype917.a(log.o)
                0x00000000000349f0                curr_log_level_tcpip
                0x00000000000349f4                curr_log_level_ipv6
                0x00000000000349f8                curr_log_level_6lowpan
                0x00000000000349fc                curr_log_level_nullnet
                0x0000000000034a00                curr_log_level_mac
                0x0000000000034a04                curr_log_level_framer
                0x0000000000034a08                curr_log_level_6top
                0x0000000000034a0c                curr_log_level_coap
                0x0000000000034a10                curr_log_level_snmp
                0x0000000000034a14                curr_log_level_lwm2m
 .bss           0x0000000000034a18        0x4 build/cooja/mtype917.a(rtimer.o)
 .bss           0x0000000000034a1c        0x2 build/cooja/mtype917.a(node-id.o)
                0x0000000000034a1c                node_id
 *fill*         0x0000000000034a1e        0x2 
 .bss           0x0000000000034a20      0x1a1 build/cooja/mtype917.a(process.o)
                0x0000000000034a20                process_list
                0x0000000000034a24                process_current
 .bss           0x0000000000034bc1        0x0 build/cooja/mtype917.a(timer.o)
 .bss           0x0000000000034bc1        0x0 build/cooja/mtype917.a(list.o)
 *fill*         0x0000000000034bc1        0x3 
 .bss           0x0000000000034bc4       0x10 build/cooja/mtype917.a(button-hal.o)
 *fill*         0x0000000000034bd4        0xc 
 .bss           0x0000000000034be0      0x140 build/cooja/mtype917.a(serial-line.o)
 .bss           0x0000000000034d20        0x4 build/cooja/mtype917.a(gpio-hal.o)
 *fill*         0x0000000000034d24       0x1c 
 .bss           0x0000000000034d40     0x2c80 build/cooja/mtype917.a(queuebuf.o)
 .bss           0x00000000000379c0       0xa0 build/cooja/mtype917.a(packetbuf.o)
 .bss           0x0000000000037a60        0x4 build/cooja/mtype917.a(netstack.o)
 .bss           0x0000000000037a64        0x0 build/cooja/mtype917.a(linkaddr.o)
 .bss           0x0000000000037a64        0x0 build/cooja/mtype917.a(csma.o)
 *fill*         0x0000000000037a64       0x1c 
 .bss           0x0000000000037a80      0x726 build/cooja/mtype917.a(csma-output.o)
 *fill*         0x00000000000381a6        0x2 
 .bss           0x00000000000381a8       0x30 build/cooja/mtype917.a(uip-ds6.o)
 .bss           0x00000000000381d8        0x0 build/cooja/mtype917.a(uip-udp-packet.)
 *fill*         0x00000000000381d8        0x8 
 .bss           0x00000000000381e0       0x60 build/cooja/mtype917.a(uip-ds6-route.o)
 .bss           0x0000000000038240     0x1c20 build/cooja/mtype917.a(uip-ds6-nbr.o)
 .bss           0x0000000000039e60       0x10 build/cooja/mtype917.a(tcpip.o)
 .bss           0x0000000000039e70        0x8 build/cooja/mtype917.a(uip6.o)
                0x0000000000039e70                uip_ext_bitmap
                0x0000000000039e72                uip_ext_len
                0x0000000000039e74                uip_last_proto
 .bss           0x0000000000039e78       0x10 build/cooja/mtype917.a(uip-nd6.o)
 *fill*         0x0000000000039e88       0x18 
 .bss           0x0000000000039ea0      0x724 build/cooja/mtype917.a(sicslowpan.o)
 .bss           0x000000000003a5c4        0x0 build/cooja/mtype917.a(uiplib.o)
 .bss           0x000000000003a5c4        0x1 build/cooja/mtype917.a(rpl.o)
 .bss           0x000000000003a5c5        0x0 build/cooja/mtype917.a(rpl-icmp6.o)
 .bss           0x000000000003a5c5        0x0 build/cooja/mtype917.a(rpl-dag.o)
 *fill*         0x000000000003a5c5        0x3 
 .bss           0x000000000003a5c8       0x11 build/cooja/mtype917.a(rpl-dag-root.o)
 .bss           0x000000000003a5d9        0x0 build/cooja/mtype917.a(watchdog.o)
 *fill*         0x000000000003a5d9        0x3 
 .bss           0x000000000003a5dc        0x4 build/cooja/mtype917.a(int-master.o)
 .bss           0x000000000003a5e0        0x0 build/cooja/mtype917.a(stimer.o)
 .bss           0x000000000003a5e0        0x0 build/cooja/mtype917.a(memb.o)
 .bss           0x000000000003a5e0        0x0 build/cooja/mtype917.a(assert.o)
 .bss           0x000000000003a5e0        0x0 build/cooja/mtype917.a(ringbuf.o)
 .bss           0x000000000003a5e0     0x1214 build/cooja/mtype917.a(nbr-table.o)
 *fill*         0x000000000003b7f4        0xc 
 .bss           0x000000000003b800      0xe10 build/cooja/mtype917.a(link-stats.o)
 *fill*         0x000000000003c610       0x10 
 .bss           0x000000000003c620      0x100 build/cooja/mtype917.a(mac-sequence.o)
 .bss           0x000000000003c720        0x0 build/cooja/mtype917.a(mac.o)
 .bss           0x000000000003c720        0x2 build/cooja/mtype917.a(framer-802154.o)
 .bss           0x000000000003c722        0x0 build/cooja/mtype917.a(frame802154.o)
 .bss           0x000000000003c722        0x0 build/cooja/mtype917.a(csma-security.o)
 *fill*         0x000000000003c722        0x2 
 .bss           0x000000000003c724       0x18 build/cooja/mtype917.a(uipbuf.o)
 .bss           0x000000000003c73c       0x18 build/cooja/mtype917.a(uip-icmp6.o)
 *fill*         0x000000000003c754        0xc 
 .bss           0x000000000003c760     0x1d80 build/cooja/mtype917.a(uip-sr.o)
 .bss           0x000000000003e4e0      0xa78 build/cooja/mtype917.a(uip-packetqueue)
 .bss           0x000000000003ef58        0xe build/cooja/mtype917.a(rpl-nbr-policy.)
 *fill*         0x000000000003ef66       0x1a 
 .bss           0x000000000003ef80      0x960 build/cooja/mtype917.a(rpl-neighbor.o)
 .bss           0x000000000003f8e0       0x40 build/cooja/mtype917.a(rpl-timers.o)
 .bss           0x000000000003f920        0x0 build/cooja/mtype917.a(rpl-ext-header.)
 .bss           0x000000000003f920        0x0 build/cooja/mtype917.a(rpl-mrhof.o)
 .bss           0x000000000003f920        0x0 /usr/lib/i386-linux-gnu/libc_nonshared.a(stack_chk_fail_local.oS)
 .bss           0x000000000003f920        0x0 /usr/lib/gcc/i686-linux-gnu/7/crtendS.o
 .bss           0x000000000003f920        0x0 /usr/lib/gcc/i686-linux-gnu/7/../../../i386-linux-gnu/crtn.o
 *(COMMON)
 COMMON         0x000000000003f920        0x8 build/cooja/mtype917.o
                0x000000000003f920                referenceVar
                0x000000000003f924                sensors_flags
 COMMON         0x000000000003f928        0xc build/cooja/mtype917.a(simEnvChange.o)
                0x000000000003f928                simEtimerPending
                0x000000000003f92c                simProcessRunValue
                0x000000000003f930                simEtimerNextExpirationTime
 *fill*         0x000000000003f934        0x4 
 COMMON         0x000000000003f938       0x18 build/cooja/mtype917.a(rtimer-arch.o)
                0x000000000003f938                simRtimerPending
                0x000000000003f940                simRtimerCurrentTicks
                0x000000000003f948                simRtimerNextExpirationTime
 COMMON         0x000000000003f950        0x1 build/cooja/mtype917.a(beep.o)
                0x000000000003f950                simBeeped
 *fill*         0x000000000003f951        0x3 
 COMMON         0x000000000003f954        0xc build/cooja/mtype917.a(moteid.o)
                0x000000000003f954                simRandomSeed
                0x000000000003f958                simMoteIDChanged
                0x000000000003f95c                simMoteID
 COMMON         0x000000000003f960        0x2 build/cooja/mtype917.a(pir-sensor.o)
                0x000000000003f960                simPirIsActive
                0x000000000003f961                simPirChanged
 *fill*         0x000000000003f962       0x1e 
 COMMON         0x000000000003f980      0x820 build/cooja/mtype917.a(rs232.o)
                0x000000000003f980                simSerialReceivingFlag
                0x000000000003f984                simSerialReceivingLength
                0x000000000003f9a0                simSerialReceivingData
 COMMON         0x00000000000401a0        0x2 build/cooja/mtype917.a(vib-sensor.o)
                0x00000000000401a0                simVibChanged
                0x00000000000401a1                simVibIsActive
 *fill*         0x00000000000401a2        0x2 
 COMMON         0x00000000000401a4        0x4 build/cooja/mtype917.a(clock.o)
                0x00000000000401a4                simCurrentTime
 *fill*         0x00000000000401a8       0x18 
 COMMON         0x00000000000401c0     0x2020 build/cooja/mtype917.a(cooja-log.o)
                0x00000000000401c0                simLoggedLength
                0x00000000000401c4                simLoggedFlag
                0x00000000000401e0                simLoggedData
 COMMON         0x00000000000421e0       0xfd build/cooja/mtype917.a(cooja-radio.o)
                0x00000000000421e0                simOutDataBuffer
                0x0000000000042260                simInDataBuffer
 *fill*         0x00000000000422dd        0x3 
 COMMON         0x00000000000422e0      0x400 build/cooja/mtype917.a(eeprom.o)
                0x00000000000422e0                simEEPROMData
 COMMON         0x00000000000426e0        0x1 build/cooja/mtype917.a(sensors.o)
                0x00000000000426e0                sensors_event
 COMMON         0x00000000000426e1        0x2 build/cooja/mtype917.a(buttons.o)
                0x00000000000426e1                simButtonIsDown
                0x00000000000426e2                simButtonChanged
 COMMON         0x00000000000426e3        0x3 build/cooja/mtype917.a(button-hal.o)
                0x00000000000426e3                button_hal_periodic_event
                0x00000000000426e4                button_hal_press_event
                0x00000000000426e5                button_hal_release_event
 COMMON         0x00000000000426e6        0x1 build/cooja/mtype917.a(serial-line.o)