Archive member included to satisfy reference by file (symbol)

build/cooja/mtype672.a(simEnvChange.o)
                              build/cooja/mtype672.o (simDontFallAsleep)
build/cooja/mtype672.a(cooja_mt.o)
                              build/cooja/mtype672.o (cooja_mt_start)
build/cooja/mtype672.a(cooja_mtarch.o)
                              build/cooja/mtype672.a(cooja_mt.o) (cooja_mtarch_start)
build/cooja/mtype672.a(rtimer-arch.o)
                              build/cooja/mtype672.o (rtimer_arch_check)
build/cooja/mtype672.a(beep.o)
                              build/cooja/mtype672.o (beep_interface)
build/cooja/mtype672.a(leds-arch.o)
                              build/cooja/mtype672.o (leds_interface)
build/cooja/mtype672.a(moteid.o)
                              build/cooja/mtype672.o (moteid_interface)
build/cooja/mtype672.a(pir-sensor.o)
                              build/cooja/mtype672.o (pir_interface)
build/cooja/mtype672.a(rs232.o)
                              build/cooja/mtype672.o (rs232_interface)
build/cooja/mtype672.a(vib-sensor.o)
                              build/cooja/mtype672.o (vib_interface)
build/cooja/mtype672.a(clock.o)
                              build/cooja/mtype672.o (clock_interface)
build/cooja/mtype672.a(cooja-log.o)
                              build/cooja/mtype672.o (simlog_interface)
build/cooja/mtype672.a(cfs-cooja.o)
                              build/cooja/mtype672.o (cfs_interface)
build/cooja/mtype672.a(cooja-radio.o)
                              build/cooja/mtype672.o (radio_interface)
build/cooja/mtype672.a(eeprom.o)
                              build/cooja/mtype672.o (eeprom_interface)
build/cooja/mtype672.a(random.o)
                              build/cooja/mtype672.a(moteid.o) (random_init)
build/cooja/mtype672.a(sensors.o)
                              build/cooja/mtype672.a(pir-sensor.o) (sensors_changed)
build/cooja/mtype672.a(leds.o)
                              build/cooja/mtype672.a(leds-arch.o) (leds_get)
build/cooja/mtype672.a(gpio-hal-arch.o)
                              build/cooja/mtype672.a(leds-arch.o) (gpio_hal_arch_register_pin_callback)
build/cooja/mtype672.a(buttons.o)
                              build/cooja/mtype672.o (button_interface)
build/cooja/mtype672.a(contiki-main.o)
                              build/cooja/mtype672.o (main)
build/cooja/mtype672.a(autostart.o)
                              build/cooja/mtype672.a(contiki-main.o) (autostart_start)
build/cooja/mtype672.a(ctimer.o)
                              build/cooja/mtype672.a(contiki-main.o) (ctimer_init)
build/cooja/mtype672.a(energest.o)
                              build/cooja/mtype672.a(contiki-main.o) (energest_init)
build/cooja/mtype672.a(etimer.o)
                              build/cooja/mtype672.a(contiki-main.o) (etimer_process)
build/cooja/mtype672.a(log.o)
                              build/cooja/mtype672.a(contiki-main.o) (curr_log_level_main)
build/cooja/mtype672.a(rtimer.o)
                              build/cooja/mtype672.a(contiki-main.o) (rtimer_init)
build/cooja/mtype672.a(node-id.o)
                              build/cooja/mtype672.a(contiki-main.o) (node_id)
build/cooja/mtype672.a(process.o)
                              build/cooja/mtype672.a(ctimer.o) (process_current)
build/cooja/mtype672.a(timer.o)
                              build/cooja/mtype672.a(etimer.o) (timer_set)
build/cooja/mtype672.a(list.o)
                              build/cooja/mtype672.a(ctimer.o) (list_init)
build/cooja/mtype672.a(button-hal.o)
                              build/cooja/mtype672.o (button_hal_init)
build/cooja/mtype672.a(serial-line.o)
                              build/cooja/mtype672.a(rs232.o) (serial_line_input_byte)
build/cooja/mtype672.a(gpio-hal.o)
                              build/cooja/mtype672.a(button-hal.o) (gpio_hal_register_handler)
build/cooja/mtype672.a(queuebuf.o)
                              build/cooja/mtype672.a(contiki-main.o) (queuebuf_init)
build/cooja/mtype672.a(packetbuf.o)
                              build/cooja/mtype672.a(cooja-radio.o) (packetbuf_clear)
build/cooja/mtype672.a(netstack.o)
                              build/cooja/mtype672.a(contiki-main.o) (netstack_init)
build/cooja/mtype672.a(linkaddr.o)
                              build/cooja/mtype672.a(contiki-main.o) (linkaddr_node_addr)
build/cooja/mtype672.a(csma.o)
                              build/cooja/mtype672.a(cooja-radio.o) (csma_driver)
build/cooja/mtype672.a(csma-output.o)
                              build/cooja/mtype672.a(csma.o) (csma_output_packet)
build/cooja/mtype672.a(uip-ds6.o)
                              build/cooja/mtype672.a(contiki-main.o) (uip_ds6_get_link_local)
build/cooja/mtype672.a(uip-udp-packet.)
                              proximity-sensor.o (uip_udp_packet_send)
build/cooja/mtype672.a(uip-ds6-route.o)
                              build/cooja/mtype672.a(uip-ds6.o) (uip_ds6_route_init)
build/cooja/mtype672.a(uip-ds6-nbr.o)
[...]
Memory Configuration

Name             Origin             Length             Attributes
*default*        0x0000000000000000 0xffffffffffffffff

Linker script and memory map

LOAD /usr/lib/gcc/i686-linux-gnu/7/../../../i386-linux-gnu/crti.o
LOAD /usr/lib/gcc/i686-linux-gnu/7/crtbeginS.o
LOAD proximity-sensor.o
LOAD build/cooja/mtype672.o
LOAD build/cooja/mtype672.a
LOAD /usr/lib/gcc/i686-linux-gnu/7/libgcc.a
LOAD /usr/lib/gcc/i686-linux-gnu/7/libgcc_s.so
START GROUP
LOAD /usr/lib/gcc/i686-linux-gnu/7/libgcc_s.so.1
LOAD /usr/lib/gcc/i686-linux-gnu/7/libgcc.a
END GROUP
LOAD /usr/lib/gcc/i686-linux-gnu/7/../../../i386-linux-gnu/libc.so
START GROUP
LOAD /lib/i386-linux-gnu/libc.so.6
LOAD /usr/lib/i386-linux-gnu/libc_nonshared.a
LOAD /lib/i386-linux-gnu/ld-linux.so.2
END GROUP
LOAD /usr/lib/gcc/i686-linux-gnu/7/libgcc.a
LOAD /usr/lib/gcc/i686-linux-gnu/7/libgcc_s.so
START GROUP
LOAD /usr/lib/gcc/i686-linux-gnu/7/libgcc_s.so.1
LOAD /usr/lib/gcc/i686-linux-gnu/7/libgcc.a
END GROUP
LOAD /usr/lib/gcc/i686-linux-gnu/7/crtendS.o
LOAD /usr/lib/gcc/i686-linux-gnu/7/../../../i386-linux-gnu/crtn.o
                0x0000000000000114                . = (SEGMENT_START ("text-segment", 0x0) + SIZEOF_HEADERS)

.note.gnu.build-id
                0x0000000000000114       0x24
 *(.note.gnu.build-id)
 .note.gnu.build-id
                0x0000000000000114       0x24 /usr/lib/gcc/i686-linux-gnu/7/../../../i386-linux-gnu/crti.o

.hash
 *(.hash)

.gnu.hash       0x0000000000000138     0x140c
 *(.gnu.hash)
 .gnu.hash      0x0000000000000138     0x140c /usr/lib/gcc/i686-linux-gnu/7/../../../i386-linux-gnu/crti.o

.dynsym         0x0000000000001544     0x2880
 *(.dynsym)
 .dynsym        0x0000000000001544     0x2880 /usr/lib/gcc/i686-linux-gnu/7/../../../i386-linux-gnu/crti.o

.dynstr         0x0000000000003dc4     0x2ddf
 *(.dynstr)
 .dynstr        0x0000000000003dc4     0x2ddf /usr/lib/gcc/i686-linux-gnu/7/../../../i386-linux-gnu/crti.o

.gnu.version    0x0000000000006ba4      0x510
 *(.gnu.version)
 .gnu.version   0x0000000000006ba4      0x510 /usr/lib/gcc/i686-linux-gnu/7/../../../i386-linux-gnu/crti.o

.gnu.version_d  0x00000000000070b4        0x0
 *(.gnu.version_d)
 .gnu.version_d
                0x00000000000070b4        0x0 /usr/lib/gcc/i686-linux-gnu/7/../../../i386-linux-gnu/crti.o

.gnu.version_r  0x00000000000070b4       0x40
 *(.gnu.version_r)
 .gnu.version_r
                0x00000000000070b4       0x40 /usr/lib/gcc/i686-linux-gnu/7/../../../i386-linux-gnu/crti.o

.rel.dyn        0x00000000000070f4      0xdb8
 *(.rel.init)
 .rel.init      0x00000000000070f4        0x0 /usr/lib/gcc/i686-linux-gnu/7/../../../i386-linux-gnu/crti.o
 *(.rel.text .rel.text.* .rel.gnu.linkonce.t.*)
 .rel.text      0x00000000000070f4      0x500 /usr/lib/gcc/i686-linux-gnu/7/../../../i386-linux-gnu/crti.o
 *(.rel.fini)
 .rel.fini      0x00000000000075f4        0x0 /usr/lib/gcc/i686-linux-gnu/7/../../../i386-linux-gnu/crti.o
 *(.rel.rodata .rel.rodata.* .rel.gnu.linkonce.r.*)
 *(.rel.data.rel.ro .rel.data.rel.ro.* .rel.gnu.linkonce.d.rel.ro.*)
 .rel.data.rel.ro.local
                0x00000000000075f4      0x208 /usr/lib/gcc/i686-linux-gnu/7/../../../i386-linux-gnu/crti.o
 .rel.data.rel.ro
                0x00000000000077fc       0xb0 /usr/lib/gcc/i686-linux-gnu/7/../../../i386-linux-gnu/crti.o
 *(.rel.data .rel.data.* .rel.gnu.linkonce.d.*)
 .rel.data.rel.local
                0x00000000000078ac      0x2e0 /usr/lib/gcc/i686-linux-gnu/7/../../../i386-linux-gnu/crti.o
 .rel.data.rel  0x0000000000007b8c       0x78 /usr/lib/gcc/i686-linux-gnu/7/../../../i386-linux-gnu/crti.o
 *(.rel.tdata .rel.tdata.* .rel.gnu.linkonce.td.*)
 *(.rel.tbss .rel.tbss.* .rel.gnu.linkonce.tb.*)
 *(.rel.ctors)
 *(.rel.dtors)
 *(.rel.got)
 .rel.got       0x0000000000007c04      0x298 /usr/lib/gcc/i686-linux-gnu/7/../../../i386-linux-gnu/crti.o
 *(.rel.bss .rel.bss.* .rel.gnu.linkonce.b.*)
 *(.rel.ifunc)
 .rel.ifunc     0x0000000000007e9c        0x0 /usr/lib/gcc/i686-linux-gnu/7/../../../i386-linux-gnu/crti.o
 .rel.fini_array
                0x0000000000007e9c        0x8 /usr/lib/gcc/i686-linux-gnu/7/../../../i386-linux-gnu/crti.o
 .rel.init_array
                0x0000000000007ea4        0x8 /usr/lib/gcc/i686-linux-gnu/7/../../../i386-linux-gnu/crti.o

.rel.plt        0x0000000000007eac      0x970
 *(.rel.plt)
 .rel.plt       0x0000000000007eac      0x970 /usr/lib/gcc/i686-linux-gnu/7/../../../i386-linux-gnu/crti.o
 *(.rel.iplt)

.init           0x000000000000881c       0x23
 *(SORT_NONE(.init))
 .init          0x000000000000881c       0x1e /usr/lib/gcc/i686-linux-gnu/7/../../../i386-linux-gnu/crti.o
                0x000000000000881c                _init
 .init          0x000000000000883a        0x5 /usr/lib/gcc/i686-linux-gnu/7/../../../i386-linux-gnu/crtn.o

.plt            0x0000000000008840     0x12f0
 *(.plt)
 .plt           0x0000000000008840     0x12f0 /usr/lib/gcc/i686-linux-gnu/7/../../../i386-linux-gnu/crti.o
 *(.iplt)

.plt.got        0x0000000000009b30       0x18
 *(.plt.got)
 .plt.got       0x0000000000009b30       0x18 /usr/lib/gcc/i686-linux-gnu/7/../../../i386-linux-gnu/crti.o

.plt.sec
 *(.plt.sec)

.text           0x0000000000009b50    0x1a3a4
 *(.text.unlikely .text.*_unlikely .text.unlikely.*)
 *(.text.exit .text.exit.*)
 *(.text.startup .text.startup.*)
 *(.text.hot .text.hot.*)
 *(.text .stub .text.* .gnu.linkonce.t.*)
 .text          0x0000000000009b50        0x0 /usr/lib/gcc/i686-linux-gnu/7/../../../i386-linux-gnu/crti.o
 .gnu.linkonce.t.__x86.get_pc_thunk.bx
                0x0000000000009b50        0x4 /usr/lib/gcc/i686-linux-gnu/7/../../../i386-linux-gnu/crti.o
                0x0000000000009b50                __x86.get_pc_thunk.bx
 *fill*         0x0000000000009b54        0xc 
 .text          0x0000000000009b60       0xe9 /usr/lib/gcc/i686-linux-gnu/7/crtbeginS.o
 .text.__x86.get_pc_thunk.dx
                0x0000000000009c49        0x4 /usr/lib/gcc/i686-linux-gnu/7/crtbeginS.o
                0x0000000000009c49                __x86.get_pc_thunk.dx
 .text          0x0000000000009c4d      0x636 proximity-sensor.o
                0x0000000000009c4d                datagram_encode
                0x0000000000009cf4                datagram_decode
 .text.__x86.get_pc_thunk.ax
                0x000000000000a283        0x4 proximity-sensor.o
                0x000000000000a283                __x86.get_pc_thunk.ax
 .text          0x000000000000a287      0x36b build/cooja/mtype672.o
                0x000000000000a339                platform_init_stage_one
                0x000000000000a35c                platform_init_stage_two
                0x000000000000a37f                platform_init_stage_three
                0x000000000000a3a2                platform_main_loop
                0x000000000000a448                Java_org_contikios_cooja_corecomm_Lib2_init
                0x000000000000a496                Java_org_contikios_cooja_corecomm_Lib2_getMemory
                0x000000000000a4d6                Java_org_contikios_cooja_corecomm_Lib2_setMemory
                0x000000000000a547                Java_org_contikios_cooja_corecomm_Lib2_tick
                0x000000000000a5d1                Java_org_contikios_cooja_corecomm_Lib2_setReferenceAddress
 .text          0x000000000000a5f2       0x8d build/cooja/mtype672.a(simEnvChange.o)
                0x000000000000a5f2                doActionsBeforeTick
                0x000000000000a638                doActionsAfterTick
 .text          0x000000000000a67f       0xb6 build/cooja/mtype672.a(cooja_mt.o)
                0x000000000000a67f                cooja_mt_start
                0x000000000000a6b9                cooja_mt_exec
                0x000000000000a700                cooja_mt_yield
 .text          0x000000000000a735       0xf2 build/cooja/mtype672.a(cooja_mtarch.o)
                0x000000000000a735                cooja_mtarch_start
                0x000000000000a7b9                cooja_sw
                0x000000000000a7e7                cooja_mtarch_exec
                0x000000000000a812                cooja_mtarch_yield
 .text          0x000000000000a827      0x127 build/cooja/mtype672.a(rtimer-arch.o)
                0x000000000000a827                rtimer_arch_init
                0x000000000000a856                rtimer_arch_schedule
                0x000000000000a898                rtimer_arch_next
                0x000000000000a8b2                rtimer_arch_pending
                0x000000000000a8c9                rtimer_arch_check
                0x000000000000a934                rtimer_arch_now
 .text.__x86.get_pc_thunk.cx
                0x000000000000a94e        0x4 build/cooja/mtype672.a(rtimer-arch.o)
                0x000000000000a94e                __x86.get_pc_thunk.cx
 .text          0x000000000000a952      0x101 build/cooja/mtype672.a(beep.o)
                0x000000000000a952                beep_alarm
                0x000000000000a96b                beep_beep
                0x000000000000a984                beep
                0x000000000000a99d                beep_down
                0x000000000000a9b6                beep_on
                0x000000000000a9cf                beep_off
                0x000000000000a9e8                beep_spinup
                0x000000000000aa01                beep_quick
                0x000000000000aa1a                beep_long
 .text          0x000000000000aa53       0x9f build/cooja/mtype672.a(leds-arch.o)
                0x000000000000aa77                leds_arch_init
 .text          0x000000000000aaf2       0x56 build/cooja/mtype672.a(moteid.o)
 .text          0x000000000000ab48      0x101 build/cooja/mtype672.a(pir-sensor.o)
 .text          0x000000000000ac49      0x1cc build/cooja/mtype672.a(rs232.o)
                0x000000000000ac49                rs232_init
                0x000000000000ac59                rs232_set_speed
                0x000000000000ac72                rs232_set_input
                0x000000000000ac8b                rs232_send
                0x000000000000acc1                rs232_print
                0x000000000000acef                slip_arch_writeb
 .text          0x000000000000ae15      0x101 build/cooja/mtype672.a(vib-sensor.o)
 .text          0x000000000000af16       0x7a build/cooja/mtype672.a(clock.o)
                0x000000000000af16                clock_init
                0x000000000000af26                clock_time
                0x000000000000af3d                clock_seconds
                0x000000000000af60                clock_delay
 .text          0x000000000000af90      0x2b5 build/cooja/mtype672.a(cooja-log.o)
                0x000000000000af90                simlog_char
                0x000000000000aff4                simlog
                0x000000000000b08e                log_message
                0x000000000000b0dd                log_set_putchar_with_slip
                0x000000000000b0f6                log_putchar
                0x000000000000b181                log_puts
                0x000000000000b1b3                log_printf
 .text          0x000000000000b245      0x36c build/cooja/mtype672.a(cfs-cooja.o)
                0x000000000000b245                cfs_open
                0x000000000000b2bd                cfs_close
                0x000000000000b2d4                cfs_read
                0x000000000000b388                cfs_write
                0x000000000000b486                cfs_seek
                0x000000000000b523                cfs_remove
                0x000000000000b559                cfs_opendir
                0x000000000000b56d                cfs_readdir
                0x000000000000b581                cfs_closedir
 .text          0x000000000000b5b1      0x785 build/cooja/mtype672.a(cooja-radio.o)
                0x000000000000b61f                radio_set_channel
                0x000000000000b638                radio_set_txpower
                0x000000000000b65b                radio_signal_strength_last
                0x000000000000b670                radio_signal_strength_current
                0x000000000000b685                radio_LQI
 .text          0x000000000000bd36      0x130 build/cooja/mtype672.a(eeprom.o)
                0x000000000000bd36                eeprom_init
                0x000000000000bd46                eeprom_read
                0x000000000000bdc6                eeprom_write
 .text          0x000000000000be66       0x4e build/cooja/mtype672.a(random.o)
                0x000000000000be66                random_init
                0x000000000000be96                random_rand
 .text          0x000000000000beb4      0x332 build/cooja/mtype672.a(sensors.o)
                0x000000000000befb                sensors_first
                0x000000000000bf12                sensors_next
                0x000000000000bf3d                sensors_changed
                0x000000000000bf8a                sensors_find
 .text          0x000000000000c1e6      0x3fc build/cooja/mtype672.a(leds.o)
                0x000000000000c1e6                leds_init
                0x000000000000c23e                leds_single_on
                0x000000000000c2b6                leds_single_off
                0x000000000000c32e                leds_single_toggle
                0x000000000000c372                leds_on
                0x000000000000c40a                leds_off
                0x000000000000c4a2                leds_toggle
                0x000000000000c508                leds_set
                0x000000000000c53e                leds_get
 .text          0x000000000000c5e2      0x401 build/cooja/mtype672.a(gpio-hal-arch.o)
                0x000000000000c5e2                gpio_hal_arch_register_pin_callback
                0x000000000000c663                gpio_hal_arch_init
                0x000000000000c6bd                gpio_hal_arch_no_port_interrupt_enable
                0x000000000000c6f7                gpio_hal_arch_no_port_interrupt_disable
                0x000000000000c731                gpio_hal_arch_no_port_pin_cfg_set
                0x000000000000c760                gpio_hal_arch_no_port_pin_cfg_get
                0x000000000000c790                gpio_hal_arch_no_port_pin_set_input
                0x000000000000c7ac                gpio_hal_arch_no_port_pin_set_output
                0x000000000000c7c8                gpio_hal_arch_no_port_set_pin
                0x000000000000c7f3                gpio_hal_arch_no_port_clear_pin
                0x000000000000c81e                gpio_hal_arch_no_port_read_pin
                0x000000000000c850                gpio_hal_arch_no_port_write_pin
                0x000000000000c884                gpio_hal_arch_no_port_set_pins
                0x000000000000c8d5                gpio_hal_arch_no_port_clear_pins
                0x000000000000c926                gpio_hal_arch_no_port_read_pins
                0x000000000000c979                gpio_hal_arch_no_port_write_pins
 .text          0x000000000000c9e3       0xc6 build/cooja/mtype672.a(buttons.o)
 .text          0x000000000000caa9      0x3c1 build/cooja/mtype672.a(contiki-main.o)
                0x000000000000caa9                main
 .text          0x000000000000ce6a       0xb0 build/cooja/mtype672.a(autostart.o)
                0x000000000000ce6a                autostart_start
                0x000000000000cec3                autostart_exit
 .text          0x000000000000cf1a      0x400 build/cooja/mtype672.a(ctimer.o)
                0x000000000000d05d                ctimer_init
                0x000000000000d0a2                ctimer_set
                0x000000000000d0d5                ctimer_set_with_process
                0x000000000000d16c                ctimer_reset
                0x000000000000d1da                ctimer_restart
                0x000000000000d248                ctimer_stop
                0x000000000000d2a8                ctimer_expired
 .text          0x000000000000d31a       0x39 build/cooja/mtype672.a(energest.o)
                0x000000000000d31a                energest_init
                0x000000000000d32a                energest_flush
                0x000000000000d33a                energest_get_total_time
 .text          0x000000000000d353      0x527 build/cooja/mtype672.a(etimer.o)
                0x000000000000d5a8                etimer_request_poll
                0x000000000000d659                etimer_set
                0x000000000000d692                etimer_reset_with_new_interval
                0x000000000000d6d1                etimer_reset
                0x000000000000d707                etimer_restart
                0x000000000000d73d                etimer_adjust
                0x000000000000d764                etimer_expired
                0x000000000000d781                etimer_expiration_time
                0x000000000000d79d                etimer_start_time
                0x000000000000d7b1                etimer_pending
                0x000000000000d7ce                etimer_next_expiration_time
                0x000000000000d7f6                etimer_stop
 .text          0x000000000000d87a      0x4a3 build/cooja/mtype672.a(log.o)
                0x000000000000d87a                log_6addr
                0x000000000000d8de                log_6addr_compact_snprint
                0x000000000000d99e                log_6addr_compact
                0x000000000000da02                log_lladdr
                0x000000000000da89                log_lladdr_compact
                0x000000000000db06                log_bytes
                0x000000000000db5a                log_set_level
                0x000000000000dc38                log_get_level
                0x000000000000dcc9                log_level_to_str
 .text          0x000000000000dd1d      0x122 build/cooja/mtype672.a(rtimer.o)
                0x000000000000dd1d                rtimer_init
                0x000000000000dd3c                rtimer_set
                0x000000000000ddca                rtimer_run_next
 .text          0x000000000000de3f       0x36 build/cooja/mtype672.a(node-id.o)
                0x000000000000de3f                node_id_init
 .text          0x000000000000de75      0x5cb build/cooja/mtype672.a(process.o)
                0x000000000000de75                process_alloc_event
                0x000000000000de96                process_start
                0x000000000000e09b                process_exit
                0x000000000000e0c3                process_init
                0x000000000000e28b                process_run
                0x000000000000e2ce                process_nevents
                0x000000000000e2f3                process_post
                0x000000000000e3a0                process_post_synch
                0x000000000000e3e6                process_poll
                0x000000000000e422                process_is_running
 .text.__x86.get_pc_thunk.si
                0x000000000000e440        0x4 build/cooja/mtype672.a(process.o)
                0x000000000000e440                __x86.get_pc_thunk.si
 .text          0x000000000000e444       0xf6 build/cooja/mtype672.a(timer.o)
                0x000000000000e444                timer_set
                0x000000000000e473                timer_reset
                0x000000000000e4aa                timer_restart
                0x000000000000e4d0                timer_expired
                0x000000000000e50e                timer_remaining
 .text          0x000000000000e53a      0x311 build/cooja/mtype672.a(list.o)
                0x000000000000e53a                list_init
                0x000000000000e553                list_head
                0x000000000000e567                list_copy
                0x000000000000e581                list_tail
                0x000000000000e5c1                list_add
                0x000000000000e617                list_push
                0x000000000000e64d                list_chop
                0x000000000000e6c1                list_pop
                0x000000000000e6f3                list_remove
                0x000000000000e765                list_length
                0x000000000000e79d                list_insert
                0x000000000000e7ec                list_item_next
                0x000000000000e80d                list_contains
 .text          0x000000000000e84b      0x566 build/cooja/mtype672.a(button-hal.o)
                0x000000000000ea3f                button_hal_get_by_id
                0x000000000000ea89                button_hal_get_by_index
                0x000000000000eac3                button_hal_get_state
                0x000000000000eb25                button_hal_init
 .text          0x000000000000edb1      0x242 build/cooja/mtype672.a(serial-line.o)
                0x000000000000edb1                serial_line_input_byte
                0x000000000000efa9                serial_line_init
 .text          0x000000000000eff3      0x1d6 build/cooja/mtype672.a(gpio-hal.o)
                0x000000000000eff3                gpio_hal_register_handler
                0x000000000000f021                gpio_hal_event_handler
                0x000000000000f08e                gpio_hal_init
                0x000000000000f0bd                gpio_hal_arch_port_toggle_pin
                0x000000000000f108                gpio_hal_arch_port_toggle_pins
                0x000000000000f145                gpio_hal_arch_no_port_toggle_pin
                0x000000000000f192                gpio_hal_arch_no_port_toggle_pins
 .text          0x000000000000f1c9      0x3a9 build/cooja/mtype672.a(queuebuf.o)
                0x000000000000f1dd                queuebuf_init
                0x000000000000f219                queuebuf_numfree
                0x000000000000f243                queuebuf_new_from_packetbuf
                0x000000000000f2f7                queuebuf_update_attr_from_packetbuf
                0x000000000000f33b                queuebuf_update_from_packetbuf
                0x000000000000f39a                queuebuf_free
                0x000000000000f3f8                queuebuf_to_packetbuf
                0x000000000000f475                queuebuf_dataptr
                0x000000000000f4c1                queuebuf_datalen
                0x000000000000f4ee                queuebuf_addr
                0x000000000000f52d                queuebuf_attr
                0x000000000000f562                queuebuf_debug_print
 .text          0x000000000000f572      0x4dd build/cooja/mtype672.a(packetbuf.o)
                0x000000000000f572                packetbuf_clear
                0x000000000000f5a8                packetbuf_copyfrom
                0x000000000000f608                packetbuf_copyto
                0x000000000000f6a6                packetbuf_hdralloc
                0x000000000000f736                packetbuf_hdrreduce
                0x000000000000f788                packetbuf_set_datalen
                0x000000000000f7ad                packetbuf_dataptr
                0x000000000000f7d4                packetbuf_hdrptr
                0x000000000000f7e9                packetbuf_datalen
                0x000000000000f7ff                packetbuf_hdrlen
                0x000000000000f81e                packetbuf_totlen
                0x000000000000f83e                packetbuf_remaininglen
                0x000000000000f85b                packetbuf_attr_clear
                0x000000000000f8c1                packetbuf_attr_copyto
                0x000000000000f907                packetbuf_attr_copyfrom
                0x000000000000f94d                packetbuf_set_attr
                0x000000000000f983                packetbuf_attr
                0x000000000000f9a9                packetbuf_set_addr
                0x000000000000f9f1                packetbuf_addr
                0x000000000000fa1b                packetbuf_holds_broadcast
 .text          0x000000000000fa4f      0x13c build/cooja/mtype672.a(netstack.o)
                0x000000000000fa4f                netstack_process_ip_callback
                0x000000000000faf0                netstack_ip_packet_processor_add
                0x000000000000fb24                uip_ds6_ip_packet_processor_rm
                0x000000000000fb52                netstack_init
 .text          0x000000000000fb8b       0x75 build/cooja/mtype672.a(linkaddr.o)
                0x000000000000fb8b                linkaddr_copy
                0x000000000000fbab                linkaddr_cmp
                0x000000000000fbde                linkaddr_set_node_addr
 .text          0x000000000000fc00      0x273 build/cooja/mtype672.a(csma.o)
 .text          0x000000000000fe73      0xa6f build/cooja/mtype672.a(csma-output.o)
                0x00000000000105e5                csma_output_packet
                0x0000000000010894                csma_output_init
 .text          0x00000000000108e2      0xe47 build/cooja/mtype672.a(uip-ds6.o)
                0x00000000000108e2                uip_ds6_default_prefix
                0x00000000000108f7                uip_ds6_set_default_prefix
                0x000000000001092d                uip_ds6_init
                0x0000000000010bc8                uip_ds6_periodic
                0x0000000000010c70                uip_ds6_list_loop
                0x0000000000010d3f                uip_ds6_prefix_add
                0x0000000000010e06                uip_ds6_prefix_rm
                0x0000000000010e23                uip_ds6_prefix_lookup
                0x0000000000010e76                uip_ds6_is_addr_onlink
                0x0000000000010f03                uip_ds6_addr_add
                0x0000000000011045                uip_ds6_addr_rm
                0x0000000000011104                uip_ds6_addr_lookup
                0x0000000000011154                uip_ds6_get_link_local
                0x00000000000111f2                uip_ds6_get_global
                0x0000000000011290                uip_ds6_maddr_add
                0x000000000001130c                uip_ds6_maddr_rm
                0x0000000000011329                uip_ds6_maddr_lookup
                0x000000000001137c                uip_ds6_aaddr_add
                0x00000000000113f5                uip_ds6_aaddr_rm
                0x0000000000011412                uip_ds6_aaddr_lookup
                0x0000000000011462                uip_ds6_select_src
                0x00000000000115d0                uip_ds6_set_addr_iid
                0x0000000000011605                uip_ds6_set_lladdr_from_iid
                0x0000000000011638                get_match_length
                0x00000000000116d3                uip_ds6_compute_reachable_time
 .text          0x0000000000011729      0x152 build/cooja/mtype672.a(uip-udp-packet.)
                0x0000000000011729                uip_udp_packet_send
                0x00000000000117a2                uip_udp_packet_sendto
 .text          0x000000000001187b      0x43f build/cooja/mtype672.a(uip-ds6-route.o)
                0x00000000000118dd                uip_ds6_route_init
                0x0000000000011919                uip_ds6_route_nexthop
                0x000000000001192d                uip_ds6_route_head
                0x0000000000011941                uip_ds6_route_next
                0x0000000000011955                uip_ds6_route_is_nexthop
                0x0000000000011969                uip_ds6_route_num_routes
                0x000000000001197d                uip_ds6_route_lookup
                0x0000000000011991                uip_ds6_route_add
                0x00000000000119ae                uip_ds6_route_rm
                0x00000000000119be                uip_ds6_route_rm_by_nexthop
                0x00000000000119ce                uip_ds6_defrt_head
                0x00000000000119f8                uip_ds6_defrt_add
                0x0000000000011ab8                uip_ds6_defrt_rm
                0x0000000000011b31                uip_ds6_defrt_lookup
                0x0000000000011ba8                uip_ds6_defrt_choose
                0x0000000000011c2e                uip_ds6_defrt_periodic
 .text          0x0000000000011cba      0x43e build/cooja/mtype672.a(uip-ds6-nbr.o)
                0x0000000000011cba                uip_ds6_neighbors_init
                0x0000000000011cf0                uip_ds6_nbr_add
                0x0000000000011d8a                uip_ds6_nbr_rm
                0x0000000000011de9                uip_ds6_nbr_update_ll
                0x0000000000011ee6                uip_ds6_nbr_get_ipaddr
                0x0000000000011f05                uip_ds6_nbr_get_ll
                0x0000000000011f32                uip_ds6_nbr_num
                0x0000000000011f8c                uip_ds6_nbr_head
                0x0000000000011fb6                uip_ds6_nbr_next
                0x0000000000011fe3                uip_ds6_nbr_lookup
                0x000000000001204a                uip_ds6_nbr_ll_lookup
                0x0000000000012077                uip_ds6_nbr_ipaddr_from_lladdr
                0x00000000000120aa                uip_ds6_nbr_lladdr_from_ipaddr
                0x00000000000120e8                uip_ds6_link_callback
 .text          0x00000000000120f8      0x870 build/cooja/mtype672.a(tcpip.o)
                0x000000000001211e                tcpip_output
                0x00000000000121cd                udp_attach
                0x00000000000121ef                udp_new
                0x0000000000012249                udp_broadcast_new
                0x00000000000123e9                tcpip_input
                0x00000000000125df                tcpip_ipv6_output
                0x000000000001281b                tcpip_poll_udp
                0x000000000001284b                tcpip_uipcall
 .text          0x0000000000012968     0x1520 build/cooja/mtype672.a(uip6.o)
                0x0000000000012a21                uip_chksum
                0x0000000000012b19                uip_icmp6chksum
                0x0000000000012b38                uip_udpchksum
                0x0000000000012b57                uip_init
                0x0000000000012bb6                uip_remove_ext_hdr
                0x0000000000012cb1                uip_udp_new
                0x000000000001302a                uip_process
                0x0000000000013d18                uip_htons
                0x0000000000013d44                uip_htonl
                0x0000000000013d8e                uip_send
 .text          0x0000000000013e88      0x7d4 build/cooja/mtype672.a(uip-nd6.o)
                0x0000000000014631                uip_nd6_init
 .text          0x000000000001465c     0x333d build/cooja/mtype672.a(sicslowpan.o)
                0x0000000000014d5a                netstack_sniffer_add
                0x0000000000014d73                netstack_sniffer_remove
                0x0000000000017958                sicslowpan_init
                0x0000000000017984                sicslowpan_get_last_rssi
 .text          0x0000000000017999      0x51a build/cooja/mtype672.a(uiplib.o)
                0x0000000000017999                uiplib_ip6addrconv
                0x0000000000017b5f                uiplib_ip4addrconv
                0x0000000000017c2c                uiplib_ipaddr_print
                0x0000000000017c90                uiplib_ipaddr_snprint
 .text          0x0000000000017eb3      0x820 build/cooja/mtype672.a(rpl.o)
                0x0000000000017eb3                rpl_lollipop_greater_than
                0x0000000000017f16                rpl_get_global_address
                0x000000000001804c                rpl_link_callback
                0x0000000000018145                rpl_has_joined
                0x000000000001817b                rpl_is_reachable
                0x000000000001821e                rpl_reset_prefix
                0x0000000000018318                rpl_set_prefix_from_addr
                0x00000000000184e7                rpl_set_prefix
                0x000000000001869a                rpl_set_leaf_only
                0x00000000000186bd                rpl_get_leaf_only
 .text          0x00000000000186d3     0x205c build/cooja/mtype672.a(rpl-icmp6.o)
                0x0000000000018830                rpl_icmp6_update_nbr_table
                0x0000000000018a71                rpl_icmp6_dis_output
                0x0000000000019434                rpl_icmp6_dio_output
                0x0000000000019f76                rpl_icmp6_dao_output
                0x000000000001a5ae                rpl_icmp6_dao_ack_output
                0x000000000001a6cf                rpl_icmp6_init
 .text          0x000000000001a72f     0x1c61 build/cooja/mtype672.a(rpl-dag.o)
                0x000000000001a72f                rpl_dag_state_to_str
                0x000000000001a77d                rpl_dag_get_root_ipaddr
                0x000000000001a7cd                rpl_dag_leave
                0x000000000001a911                rpl_dag_poison_and_leave
                0x000000000001a93d                rpl_dag_periodic
                0x000000000001aa8d                rpl_is_addr_in_our_dag
                0x000000000001aaec                rpl_get_default_instance
                0x000000000001ab16                rpl_get_any_dag
                0x000000000001ab8c                rpl_refresh_routes
                0x000000000001ac61                rpl_global_repair
                0x000000000001ae2b                rpl_local_repair
                0x000000000001aed6                rpl_dag_ready_to_advertise
                0x000000000001af2f                rpl_dag_update_state
                0x000000000001bd9e                rpl_process_dio
                0x000000000001be7e                rpl_process_dis
                0x000000000001bf13                rpl_process_dao
                0x000000000001bff7                rpl_process_dao_ack
                0x000000000001c100                rpl_process_hbh
                0x000000000001c160                rpl_dag_init_root
                0x000000000001c35e                rpl_dag_init
 .text          0x000000000001c390      0x571 build/cooja/mtype672.a(rpl-dag-root.o)
                0x000000000001c390                rpl_dag_root_print_links
                0x000000000001c6f9                rpl_dag_root_set_prefix
                0x000000000001c734                rpl_dag_root_start
                0x000000000001c8bf                rpl_dag_root_is_root
 .text          0x000000000001c901       0x6b build/cooja/mtype672.a(watchdog.o)
                0x000000000001c901                watchdog_init
                0x000000000001c911                watchdog_start
                0x000000000001c921                watchdog_periodic
                0x000000000001c94c                watchdog_stop
                0x000000000001c95c                watchdog_reboot
 .text          0x000000000001c96c       0x75 build/cooja/mtype672.a(int-master.o)
                0x000000000001c96c                int_master_enable
                0x000000000001c986                int_master_read_and_disable
                0x000000000001c9ae                int_master_status_set
                0x000000000001c9c7                int_master_is_enabled
 .text          0x000000000001c9e1      0x11d build/cooja/mtype672.a(stimer.o)
                0x000000000001c9e1                stimer_set
                0x000000000001ca10                stimer_reset
                0x000000000001ca47                stimer_restart
                0x000000000001ca6d                stimer_expired
                0x000000000001caa9                stimer_remaining
                0x000000000001cad5                stimer_elapsed
 .text          0x000000000001cafe      0x1ec build/cooja/mtype672.a(memb.o)
                0x000000000001cafe                memb_init
                0x000000000001cb62                memb_alloc
                0x000000000001cbcf                memb_free
                0x000000000001cc50                memb_inmemb
                0x000000000001cc99                memb_numfree
 .text          0x000000000001ccea       0x31 build/cooja/mtype672.a(assert.o)
                0x000000000001ccea                _xassert
 .text          0x000000000001cd1b      0x188 build/cooja/mtype672.a(ringbuf.o)
                0x000000000001cd1b                ringbuf_init
                0x000000000001cd57                ringbuf_put
                0x000000000001cddf                ringbuf_get
                0x000000000001ce56                ringbuf_size
                0x000000000001ce72                ringbuf_elements
 .text          0x000000000001cea3      0x8d0 build/cooja/mtype672.a(nbr-table.o)
                0x000000000001d3b6                nbr_table_register
                0x000000000001d434                nbr_table_is_registered
                0x000000000001d479                nbr_table_head
                0x000000000001d4e6                nbr_table_next
                0x000000000001d558                nbr_table_add_lladdr
                0x000000000001d649                nbr_table_get_from_lladdr
                0x000000000001d6a6                nbr_table_remove
                0x000000000001d6f1                nbr_table_lock
                0x000000000001d717                nbr_table_unlock
                0x000000000001d73d                nbr_table_get_lladdr
 .text          0x000000000001d773      0x43d build/cooja/mtype672.a(link-stats.o)
                0x000000000001d773                link_stats_from_lladdr
                0x000000000001d7a0                link_stats_get_lladdr
                0x000000000001d7cd                link_stats_is_fresh
                0x000000000001d81a                guess_etx_from_rssi
                0x000000000001d8a0                link_stats_packet_sent
                0x000000000001d9d1                link_stats_input_callback
                0x000000000001db05                link_stats_reset
                0x000000000001db67                link_stats_init
 .text          0x000000000001dbb0      0x1a8 build/cooja/mtype672.a(mac-sequence.o)
                0x000000000001dbb0                mac_sequence_is_duplicate
                0x000000000001dc70                mac_sequence_register_seqno
 .text          0x000000000001dd58       0x2d build/cooja/mtype672.a(mac.o)
                0x000000000001dd58                mac_call_sent_callback
 .text          0x000000000001dd85      0x477 build/cooja/mtype672.a(framer-802154.o)
                0x000000000001df28                framer_802154_setup_params
 .text          0x000000000001e1fc      0xc1a build/cooja/mtype672.a(frame802154.o)
                0x000000000001e237                frame802154_get_pan_id
                0x000000000001e24d                frame802154_set_pan_id
                0x000000000001e272                frame802154_has_panid
                0x000000000001e42b                frame802154_check_dest_panid
                0x000000000001e4bd                frame802154_is_broadcast_addr
                0x000000000001e514                frame802154_extract_linkaddr
                0x000000000001e79d                frame802154_hdrlen
                0x000000000001e81a                frame802154_create_fcf
                0x000000000001e8dc                frame802154_create
                0x000000000001ea67                frame802154_parse_fcf
                0x000000000001eb53                frame802154_parse
 .text          0x000000000001ee16       0x4e build/cooja/mtype672.a(csma-security.o)
                0x000000000001ee16                csma_security_create_frame
                0x000000000001ee47                csma_security_parse_frame
 .text          0x000000000001ee64      0x5b2 build/cooja/mtype672.a(uipbuf.o)
                0x000000000001ee64                uipbuf_clear
                0x000000000001ee9b                uipbuf_add_ext_hdr
                0x000000000001ef36                uipbuf_set_len
                0x000000000001ef70                uipbuf_set_len_field
                0x000000000001efa6                uipbuf_get_len_field
                0x000000000001efd0                uipbuf_get_next_header
                0x000000000001f10c                uipbuf_get_last_header
                0x000000000001f18f                uipbuf_search_header
                0x000000000001f253                uipbuf_get_attr
                0x000000000001f284                uipbuf_set_attr
                0x000000000001f2c5                uipbuf_set_default_attr
                0x000000000001f306                uipbuf_clear_attr
                0x000000000001f33a                uipbuf_set_attr_flag
                0x000000000001f366                uipbuf_clr_attr_flag
                0x000000000001f398                uipbuf_is_attr_flag
                0x000000000001f3c6                uipbuf_init
 .text          0x000000000001f416      0x8b7 build/cooja/mtype672.a(uip-icmp6.o)
                0x000000000001f49b                uip_icmp6_input
                0x000000000001f4fc                uip_icmp6_register_input_handler
                0x000000000001f6b0                uip_icmp6_error_output
                0x000000000001f9f2                uip_icmp6_send
                0x000000000001fc20                uip_icmp6_echo_reply_callback_add
                0x000000000001fc63                uip_icmp6_echo_reply_callback_rm
                0x000000000001fc91                uip_icmp6_init
 .text          0x000000000001fccd      0x772 build/cooja/mtype672.a(uip-sr.o)
                0x000000000001fccd                uip_sr_num_nodes
                0x000000000001fd79                uip_sr_get_node
                0x000000000001fde0                uip_sr_is_addr_reachable
                0x000000000001fe9d                uip_sr_expire_parent
                0x000000000001fef0                uip_sr_update_node
                0x0000000000020034                uip_sr_init
                0x000000000002007a                uip_sr_node_head
                0x00000000000200a4                uip_sr_node_next
                0x00000000000200ca                uip_sr_periodic
                0x00000000000201e6                uip_sr_free_all
                0x000000000002026b                uip_sr_link_snprint
 .text          0x000000000002043f      0x1a5 build/cooja/mtype672.a(uip-packetqueue)
                0x000000000002047f                uip_packetqueue_new
                0x0000000000020498                uip_packetqueue_alloc
                0x0000000000020507                uip_packetqueue_free
                0x000000000002055f                uip_packetqueue_buf
                0x0000000000020586                uip_packetqueue_buflen
                0x00000000000205b1                uip_packetqueue_set_buflen
 .text          0x00000000000205e4      0x348 build/cooja/mtype672.a(rpl-nbr-policy.)
                0x00000000000208da                rpl_nbr_policy_find_removable
 .text          0x000000000002092c      0xe1e build/cooja/mtype672.a(rpl-neighbor.o)
                0x00000000000209c8                rpl_neighbor_snprint
                0x0000000000020cb0                rpl_neighbor_print_list
                0x0000000000020efa                rpl_neighbor_count
                0x0000000000020fdd                rpl_neighbor_get_from_lladdr
                0x000000000002100a                rpl_neighbor_is_acceptable_parent
                0x0000000000021050                rpl_neighbor_get_link_metric
                0x0000000000021096                rpl_neighbor_rank_via_nbr
                0x00000000000210dc                rpl_neighbor_get_lladdr
                0x0000000000021109                rpl_neighbor_get_ipaddr
                0x000000000002113f                rpl_neighbor_get_link_stats
                0x0000000000021175                rpl_neighbor_is_fresh
                0x00000000000211ab                rpl_neighbor_is_reachable
                0x0000000000021208                rpl_neighbor_is_parent
                0x000000000002123f                rpl_neighbor_set_preferred_parent
                0x00000000000213cb                rpl_neighbor_remove_all
                0x0000000000021477                rpl_neighbor_get_from_ipaddr
                0x00000000000215b1                rpl_neighbor_select_best
                0x0000000000021718                rpl_neighbor_init
 .text          0x000000000002174a      0xf08 build/cooja/mtype672.a(rpl-timers.o)
                0x000000000002174a                rpl_timers_schedule_periodic_dis
                0x00000000000218f4                rpl_timers_dio_reset
                0x0000000000021ab1                rpl_timers_schedule_unicast_dio
                0x0000000000021c84                rpl_timers_schedule_dao
                0x0000000000021d8a                rpl_timers_schedule_dao_ack
                0x0000000000021e59                rpl_timers_notify_dao_ack
                0x0000000000021edf                get_probing_delay
                0x0000000000021f24                get_probing_target
                0x000000000002225e                rpl_schedule_probing
                0x00000000000222aa                rpl_schedule_probing_now
                0x0000000000022344                rpl_timers_unschedule_leaving
                0x000000000002239e                rpl_timers_schedule_leaving
                0x0000000000022403                rpl_timers_init
                0x00000000000224f6                rpl_timers_stop_dag_timers
                0x00000000000225b3                rpl_timers_unschedule_state_update
                0x00000000000225ef                rpl_timers_schedule_state_update
 .text          0x0000000000022652     0x14a6 build/cooja/mtype672.a(rpl-ext-header.)
                0x0000000000022652                rpl_ext_header_srh_get_next_hop
                0x000000000002279c                rpl_ext_header_srh_update
                0x0000000000023210                rpl_ext_header_hbh_update
                0x0000000000023872                rpl_ext_header_update
                0x0000000000023921                rpl_ext_header_remove
 .text          0x0000000000023af8      0x3e2 build/cooja/mtype672.a(rpl-mrhof.o)
 *fill*         0x0000000000023eda        0x6 
 .text          0x0000000000023ee0       0x14 /usr/lib/i386-linux-gnu/libc_nonshared.a(stack_chk_fail_local.oS)
                0x0000000000023ee0                __stack_chk_fail_local
 .text          0x0000000000023ef4        0x0 /usr/lib/gcc/i686-linux-gnu/7/crtendS.o
 .text          0x0000000000023ef4        0x0 /usr/lib/gcc/i686-linux-gnu/7/../../../i386-linux-gnu/crtn.o
 *(.gnu.warning)

.fini           0x0000000000023ef4       0x14
 *(SORT_NONE(.fini))
 .fini          0x0000000000023ef4        0xf /usr/lib/gcc/i686-linux-gnu/7/../../../i386-linux-gnu/crti.o
                0x0000000000023ef4                _fini
 .fini          0x0000000000023f03        0x5 /usr/lib/gcc/i686-linux-gnu/7/../../../i386-linux-gnu/crtn.o
                [!provide]                        PROVIDE (__etext = .)
                [!provide]                        PROVIDE (_etext = .)
                [!provide]                        PROVIDE (etext = .)

.rodata         0x0000000000023f08     0x19af
 *(.rodata .rodata.* .gnu.linkonce.r.*)
 .rodata        0x0000000000023f08      0x18e proximity-sensor.o
 *fill*         0x0000000000024096        0x2 
 .rodata        0x0000000000024098        0x6 build/cooja/mtype672.a(leds-arch.o)
                0x0000000000024098                leds_arch_leds
 .rodata        0x000000000002409e        0x4 build/cooja/mtype672.a(pir-sensor.o)
 .rodata        0x00000000000240a2        0x6 build/cooja/mtype672.a(rs232.o)
 .rodata        0x00000000000240a8        0xa build/cooja/mtype672.a(vib-sensor.o)
 *fill*         0x00000000000240b2        0x2 
 .rodata        0x00000000000240b4       0x27 build/cooja/mtype672.a(cfs-cooja.o)
 *fill*         0x00000000000240db        0x1 
 .rodata        0x00000000000240dc       0x68 build/cooja/mtype672.a(cooja-radio.o)
 .rodata        0x0000000000024144        0x8 build/cooja/mtype672.a(sensors.o)
 .rodata        0x000000000002414c       0x14 build/cooja/mtype672.a(buttons.o)
                0x0000000000024158                button_hal_button_count
 .rodata        0x0000000000024160       0xfc build/cooja/mtype672.a(contiki-main.o)
 .rodata        0x000000000002425c        0xf build/cooja/mtype672.a(ctimer.o)
 .rodata        0x000000000002426b        0xc build/cooja/mtype672.a(etimer.o)
 *fill*         0x0000000000024277        0x1 
 .rodata        0x0000000000024278       0xc4 build/cooja/mtype672.a(log.o)
 .rodata        0x000000000002433c       0x13 build/cooja/mtype672.a(button-hal.o)
 .rodata        0x000000000002434f        0xe build/cooja/mtype672.a(serial-line.o)
 *fill*         0x000000000002435d        0x3 
 .rodata        0x0000000000024360        0x8 build/cooja/mtype672.a(linkaddr.o)
                0x0000000000024360                linkaddr_null
 .rodata        0x0000000000024368        0x5 build/cooja/mtype672.a(csma.o)
 *fill*         0x000000000002436d        0x3 
 .rodata        0x0000000000024370       0x21 build/cooja/mtype672.a(csma-output.o)
 *fill*         0x0000000000024391        0x3 
 .rodata        0x0000000000024394       0x4d build/cooja/mtype672.a(uip-ds6-route.o)
 .rodata        0x00000000000243e1        0xd build/cooja/mtype672.a(tcpip.o)
 *fill*         0x00000000000243ee        0x2 
 .rodata        0x00000000000243f0       0x1f build/cooja/mtype672.a(sicslowpan.o)
                0x00000000000243f0                unc_llconf
                0x00000000000243f4                unc_ctxconf
                0x00000000000243f8                unc_mxconf
                0x00000000000243fc                llprefix
 .rodata        0x000000000002440f       0x2d build/cooja/mtype672.a(uiplib.o)
 .rodata        0x000000000002443c       0xd4 build/cooja/mtype672.a(rpl.o)
 .rodata        0x0000000000024510      0x587 build/cooja/mtype672.a(rpl-icmp6.o)
 *fill*         0x0000000000024a97        0x1 
 .rodata        0x0000000000024a98      0x60c build/cooja/mtype672.a(rpl-dag.o)
 .rodata        0x00000000000250a4       0xc4 build/cooja/mtype672.a(rpl-dag-root.o)
 .rodata        0x0000000000025168       0x25 build/cooja/mtype672.a(assert.o)
 .rodata        0x000000000002518d       0x44 build/cooja/mtype672.a(uip-sr.o)
 *fill*         0x00000000000251d1        0x3 
 .rodata        0x00000000000251d4       0xe3 build/cooja/mtype672.a(rpl-nbr-policy.)
 *fill*         0x00000000000252b7        0x1 
 .rodata        0x00000000000252b8      0x15a build/cooja/mtype672.a(rpl-neighbor.o)
 .rodata        0x0000000000025412       0x89 build/cooja/mtype672.a(rpl-timers.o)
 *fill*         0x000000000002549b        0x1 
 .rodata        0x000000000002549c      0x3f6 build/cooja/mtype672.a(rpl-ext-header.)
 .rodata        0x0000000000025892       0x25 build/cooja/mtype672.a(rpl-mrhof.o)

.rodata1
 *(.rodata1)

.eh_frame_hdr   0x00000000000258b8     0x161c
 *(.eh_frame_hdr)
 .eh_frame_hdr  0x00000000000258b8     0x161c proximity-sensor.o
                0x00000000000258b8                __GNU_EH_FRAME_HDR
 *(.eh_frame_entry .eh_frame_entry.*)

.eh_frame       0x0000000000026ed4     0x5f74
 *(.eh_frame)
 .eh_frame      0x0000000000026ed4       0x3c /usr/lib/gcc/i686-linux-gnu/7/../../../i386-linux-gnu/crti.o
                                         0x40 (size before relaxing)
 .eh_frame      0x0000000000026f10       0x14 /usr/lib/gcc/i686-linux-gnu/7/../../../i386-linux-gnu/crti.o
                                         0x2c (size before relaxing)
 .eh_frame      0x0000000000026f24       0xc0 proximity-sensor.o
                                         0xec (size before relaxing)
 .eh_frame      0x0000000000026fe4      0x198 build/cooja/mtype672.o
                                        0x1ec (size before relaxing)
 .eh_frame      0x000000000002717c       0x48 build/cooja/mtype672.a(simEnvChange.o)
                                         0x74 (size before relaxing)
 .eh_frame      0x00000000000271c4       0x6c build/cooja/mtype672.a(cooja_mt.o)
                                         0x98 (size before relaxing)
 .eh_frame      0x0000000000027230       0x88 build/cooja/mtype672.a(cooja_mtarch.o)
                                         0xc8 (size before relaxing)
 .eh_frame      0x00000000000272b8       0xe4 build/cooja/mtype672.a(rtimer-arch.o)
                                        0x110 (size before relaxing)
 .eh_frame      0x000000000002739c      0x160 build/cooja/mtype672.a(beep.o)
                                        0x18c (size before relaxing)
 .eh_frame      0x00000000000274fc       0x88 build/cooja/mtype672.a(leds-arch.o)
                                         0xc8 (size before relaxing)
 .eh_frame      0x0000000000027584       0x44 build/cooja/mtype672.a(moteid.o)
                                         0x70 (size before relaxing)
 .eh_frame      0x00000000000275c8       0xa4 build/cooja/mtype672.a(pir-sensor.o)
                                         0xe4 (size before relaxing)
 .eh_frame      0x000000000002766c      0x110 build/cooja/mtype672.a(rs232.o)
                                        0x150 (size before relaxing)
 .eh_frame      0x000000000002777c       0xa4 build/cooja/mtype672.a(vib-sensor.o)
                                         0xe4 (size before relaxing)
 .eh_frame      0x0000000000027820       0xc0 build/cooja/mtype672.a(clock.o)
                                         0xec (size before relaxing)
 .eh_frame      0x00000000000278e0      0x130 build/cooja/mtype672.a(cooja-log.o)
                                        0x170 (size before relaxing)
 .eh_frame      0x0000000000027a10      0x16c build/cooja/mtype672.a(cfs-cooja.o)
                                        0x1ac (size before relaxing)
 .eh_frame      0x0000000000027b7c      0x354 build/cooja/mtype672.a(cooja-radio.o)
                                        0x394 (size before relaxing)
 .eh_frame      0x0000000000027ed0       0xa8 build/cooja/mtype672.a(eeprom.o)
                                         0xe8 (size before relaxing)
 .eh_frame      0x0000000000027f78       0x48 build/cooja/mtype672.a(random.o)
                                         0x74 (size before relaxing)
 .eh_frame      0x0000000000027fc0       0xd0 build/cooja/mtype672.a(sensors.o)
                                        0x110 (size before relaxing)
 .eh_frame      0x0000000000028090      0x140 build/cooja/mtype672.a(leds.o)
                                        0x180 (size before relaxing)
 .eh_frame      0x00000000000281d0      0x228 build/cooja/mtype672.a(gpio-hal-arch.o)
                                        0x27c (size before relaxing)
 .eh_frame      0x00000000000283f8       0xa4 build/cooja/mtype672.a(buttons.o)
                                         0xe4 (size before relaxing)
 .eh_frame      0x000000000002849c       0x38 build/cooja/mtype672.a(contiki-main.o)
                                         0x64 (size before relaxing)
 .eh_frame      0x00000000000284d4       0x48 build/cooja/mtype672.a(autostart.o)
                                         0x74 (size before relaxing)
 .eh_frame      0x000000000002851c      0x11c build/cooja/mtype672.a(ctimer.o)
                                        0x15c (size before relaxing)
 .eh_frame      0x0000000000028638       0x60 build/cooja/mtype672.a(energest.o)
                                         0x8c (size before relaxing)
 .eh_frame      0x0000000000028698      0x204 build/cooja/mtype672.a(etimer.o)
                                        0x244 (size before relaxing)
 .eh_frame      0x000000000002889c      0x144 build/cooja/mtype672.a(log.o)
                                        0x184 (size before relaxing)
 .eh_frame      0x00000000000289e0       0x6c build/cooja/mtype672.a(rtimer.o)
                                         0xc0 (size before relaxing)
 .eh_frame      0x0000000000028a4c       0x20 build/cooja/mtype672.a(node-id.o)
                                         0x4c (size before relaxing)
 .eh_frame      0x0000000000028a6c      0x1ec build/cooja/mtype672.a(process.o)
                                        0x22c (size before relaxing)
 .eh_frame      0x0000000000028c58       0xb4 build/cooja/mtype672.a(timer.o)
                                         0xe0 (size before relaxing)
 .eh_frame      0x0000000000028d0c      0x1a0 build/cooja/mtype672.a(list.o)
                                        0x1cc (size before relaxing)
 .eh_frame      0x0000000000028eac      0x188 build/cooja/mtype672.a(button-hal.o)
                                        0x1c8 (size before relaxing)
 .eh_frame      0x0000000000029034       0x6c build/cooja/mtype672.a(serial-line.o)
                                         0x98 (size before relaxing)
 .eh_frame      0x00000000000290a0       0xfc build/cooja/mtype672.a(gpio-hal.o)
                                        0x13c (size before relaxing)
 .eh_frame      0x000000000002919c      0x1c0 build/cooja/mtype672.a(queuebuf.o)
                                        0x200 (size before relaxing)
 .eh_frame      0x000000000002935c      0x2b0 build/cooja/mtype672.a(packetbuf.o)
                                        0x2f0 (size before relaxing)
 .eh_frame      0x000000000002960c       0x90 build/cooja/mtype672.a(netstack.o)
                                         0xd0 (size before relaxing)
 .eh_frame      0x000000000002969c       0x64 build/cooja/mtype672.a(linkaddr.o)
                                         0x90 (size before relaxing)
 .eh_frame      0x0000000000029700       0xf0 build/cooja/mtype672.a(csma.o)
                                        0x130 (size before relaxing)
 .eh_frame      0x00000000000297f0      0x1f8 build/cooja/mtype672.a(csma-output.o)
                                        0x238 (size before relaxing)
 .eh_frame      0x00000000000299e8      0x364 build/cooja/mtype672.a(uip-ds6.o)
                                        0x3a4 (size before relaxing)
 .eh_frame      0x0000000000029d4c       0x44 build/cooja/mtype672.a(uip-udp-packet.)
                                         0x84 (size before relaxing)
 .eh_frame      0x0000000000029d90      0x240 build/cooja/mtype672.a(uip-ds6-route.o)
                                        0x280 (size before relaxing)
 .eh_frame      0x0000000000029fd0      0x1e8 build/cooja/mtype672.a(uip-ds6-nbr.o)
                                        0x228 (size before relaxing)
 .eh_frame      0x000000000002a1b8      0x270 build/cooja/mtype672.a(tcpip.o)
                                        0x2b0 (size before relaxing)
 .eh_frame      0x000000000002a428      0x20c build/cooja/mtype672.a(uip6.o)
                                        0x24c (size before relaxing)
 .eh_frame      0x000000000002a634       0x8c build/cooja/mtype672.a(uip-nd6.o)
                                         0xe0 (size before relaxing)
 .eh_frame      0x000000000002a6c0      0x354 build/cooja/mtype672.a(sicslowpan.o)
                                        0x3a8 (size before relaxing)
 .eh_frame      0x000000000002aa14       0x9c build/cooja/mtype672.a(uiplib.o)
                                         0xdc (size before relaxing)
 .eh_frame      0x000000000002aab0      0x1fc build/cooja/mtype672.a(rpl.o)
                                        0x23c (size before relaxing)
 .eh_frame      0x000000000002acac      0x204 build/cooja/mtype672.a(rpl-icmp6.o)
                                        0x244 (size before relaxing)
 .eh_frame      0x000000000002aeb0      0x3c0 build/cooja/mtype672.a(rpl-dag.o)
                                        0x414 (size before relaxing)
 .eh_frame      0x000000000002b270       0xb0 build/cooja/mtype672.a(rpl-dag-root.o)
                                         0xf0 (size before relaxing)
 .eh_frame      0x000000000002b320       0xa4 build/cooja/mtype672.a(watchdog.o)
                                         0xd0 (size before relaxing)
 .eh_frame      0x000000000002b3c4       0x80 build/cooja/mtype672.a(int-master.o)
                                         0xac (size before relaxing)
 .eh_frame      0x000000000002b444       0xd8 build/cooja/mtype672.a(stimer.o)
                                        0x104 (size before relaxing)
 .eh_frame      0x000000000002b51c       0xa4 build/cooja/mtype672.a(memb.o)
                                         0xe4 (size before relaxing)
 .eh_frame      0x000000000002b5c0       0x24 build/cooja/mtype672.a(assert.o)
                                         0x50 (size before relaxing)
 .eh_frame      0x000000000002b5e4       0xa0 build/cooja/mtype672.a(ringbuf.o)
                                         0xcc (size before relaxing)
 .eh_frame      0x000000000002b684      0x2cc build/cooja/mtype672.a(nbr-table.o)
                                        0x30c (size before relaxing)
 .eh_frame      0x000000000002b950      0x140 build/cooja/mtype672.a(link-stats.o)
                                        0x180 (size before relaxing)
 .eh_frame      0x000000000002ba90       0x50 build/cooja/mtype672.a(mac-sequence.o)
                                         0x7c (size before relaxing)
 .eh_frame      0x000000000002bae0       0x20 build/cooja/mtype672.a(mac.o)
                                         0x4c (size before relaxing)
 .eh_frame      0x000000000002bb00       0xb4 build/cooja/mtype672.a(framer-802154.o)
                                         0xf4 (size before relaxing)
 .eh_frame      0x000000000002bbb4      0x1b0 build/cooja/mtype672.a(frame802154.o)
                                        0x1f0 (size before relaxing)
 .eh_frame      0x000000000002bd64       0x44 build/cooja/mtype672.a(csma-security.o)
                                         0x84 (size before relaxing)
 .eh_frame      0x000000000002bda8      0x204 build/cooja/mtype672.a(uipbuf.o)
                                        0x230 (size before relaxing)
 .eh_frame      0x000000000002bfac      0x170 build/cooja/mtype672.a(uip-icmp6.o)
                                        0x1b0 (size before relaxing)
 .eh_frame      0x000000000002c11c      0x1ac build/cooja/mtype672.a(uip-sr.o)
                                        0x1ec (size before relaxing)
 .eh_frame      0x000000000002c2c8       0xec build/cooja/mtype672.a(uip-packetqueue)
                                        0x12c (size before relaxing)
 .eh_frame      0x000000000002c3b4       0x8c build/cooja/mtype672.a(rpl-nbr-policy.)
                                         0xcc (size before relaxing)
 .eh_frame      0x000000000002c440      0x31c build/cooja/mtype672.a(rpl-neighbor.o)
                                        0x370 (size before relaxing)
 .eh_frame      0x000000000002c75c      0x418 build/cooja/mtype672.a(rpl-timers.o)
                                        0x458 (size before relaxing)
 .eh_frame      0x000000000002cb74      0x160 build/cooja/mtype672.a(rpl-ext-header.)
                                        0x1a0 (size before relaxing)
 .eh_frame      0x000000000002ccd4      0x154 build/cooja/mtype672.a(rpl-mrhof.o)
                                        0x194 (size before relaxing)
 .eh_frame      0x000000000002ce28       0x1c /usr/lib/i386-linux-gnu/libc_nonshared.a(stack_chk_fail_local.oS)
                                         0x48 (size before relaxing)
 .eh_frame      0x000000000002ce44        0x4 /usr/lib/gcc/i686-linux-gnu/7/crtendS.o
 *(.eh_frame.*)

.gcc_except_table
 *(.gcc_except_table .gcc_except_table.*)

.gnu_extab
 *(.gnu_extab*)

.exception_ranges
 *(.exception_ranges .exception_ranges*)
                0x000000000002ec18                . = DATA_SEGMENT_ALIGN (CONSTANT (MAXPAGESIZE), CONSTANT (COMMONPAGESIZE))

.eh_frame
 *(.eh_frame)
 *(.eh_frame.*)

.gnu_extab
 *(.gnu_extab)

.gcc_except_table
 *(.gcc_except_table .gcc_except_table.*)

.exception_ranges
 *(.exception_ranges .exception_ranges*)

.tdata
 *(.tdata .tdata.* .gnu.linkonce.td.*)

.tbss
 *(.tbss .tbss.* .gnu.linkonce.tb.*)
 *(.tcommon)

.preinit_array
 *(.preinit_array)

.init_array     0x000000000002ec18        0x4
 *(SORT_BY_INIT_PRIORITY(.init_array.*) SORT_BY_INIT_PRIORITY(.ctors.*))
 *(.init_array EXCLUDE_FILE(*crtend?.o *crtend.o *crtbegin?.o *crtbegin.o) .ctors)
 .init_array    0x000000000002ec18        0x4 /usr/lib/gcc/i686-linux-gnu/7/crtbeginS.o

.fini_array     0x000000000002ec1c        0x4
 *(SORT_BY_INIT_PRIORITY(.fini_array.*) SORT_BY_INIT_PRIORITY(.dtors.*))
 *(.fini_array EXCLUDE_FILE(*crtend?.o *crtend.o *crtbegin?.o *crtbegin.o) .dtors)
 .fini_array    0x000000000002ec1c        0x4 /usr/lib/gcc/i686-linux-gnu/7/crtbeginS.o

.ctors
 *crtbegin.o(.ctors)
 *crtbegin?.o(.ctors)
 *(EXCLUDE_FILE(*crtend?.o *crtend.o) .ctors)
 *(SORT_BY_NAME(.ctors.*))
 *(.ctors)

.dtors
 *crtbegin.o(.dtors)
 *crtbegin?.o(.dtors)
 *(EXCLUDE_FILE(*crtend?.o *crtend.o) .dtors)
 *(SORT_BY_NAME(.dtors.*))
 *(.dtors)

.jcr
 *(.jcr)

.data.rel.ro    0x000000000002ec20      0x198
 *(.data.rel.ro.local* .gnu.linkonce.d.rel.ro.local.*)
 .data.rel.ro.local
                0x000000000002ec20        0x8 proximity-sensor.o
                0x000000000002ec20                autostart_processes
 .data.rel.ro.local
                0x000000000002ec28        0x8 build/cooja/mtype672.a(beep.o)
                0x000000000002ec28                beep_interface
 .data.rel.ro.local
                0x000000000002ec30        0x8 build/cooja/mtype672.a(leds-arch.o)
                0x000000000002ec30                leds_interface
 .data.rel.ro.local
                0x000000000002ec38        0x8 build/cooja/mtype672.a(moteid.o)
                0x000000000002ec38                moteid_interface
 .data.rel.ro.local
                0x000000000002ec40       0x18 build/cooja/mtype672.a(pir-sensor.o)
                0x000000000002ec40                pir_interface
                0x000000000002ec48                pir_sensor
 .data.rel.ro.local
                0x000000000002ec58        0x8 build/cooja/mtype672.a(rs232.o)
                0x000000000002ec58                rs232_interface
 .data.rel.ro.local
                0x000000000002ec60       0x18 build/cooja/mtype672.a(vib-sensor.o)
                0x000000000002ec60                vib_interface
                0x000000000002ec68                vib_sensor
 .data.rel.ro.local
                0x000000000002ec78        0x8 build/cooja/mtype672.a(clock.o)
                0x000000000002ec78                clock_interface
 .data.rel.ro.local
                0x000000000002ec80        0x8 build/cooja/mtype672.a(cooja-log.o)
                0x000000000002ec80                simlog_interface
 .data.rel.ro.local
                0x000000000002ec88        0x8 build/cooja/mtype672.a(cfs-cooja.o)
                0x000000000002ec88                cfs_interface
 *fill*         0x000000000002ec90       0x10 
 .data.rel.ro.local
                0x000000000002eca0       0x58 build/cooja/mtype672.a(cooja-radio.o)
                0x000000000002eca0                radio_interface
                0x000000000002ecc0                cooja_radio_driver
 .data.rel.ro.local
                0x000000000002ecf8        0x8 build/cooja/mtype672.a(eeprom.o)
                0x000000000002ecf8                eeprom_interface
 .data.rel.ro.local
                0x000000000002ed00       0x18 build/cooja/mtype672.a(buttons.o)
                0x000000000002ed00                button_interface
                0x000000000002ed08                button_sensor
 .data.rel.ro.local
                0x000000000002ed18       0x1c build/cooja/mtype672.a(csma.o)
                0x000000000002ed18                csma_driver
 .data.rel.ro.local
                0x000000000002ed34       0x10 build/cooja/mtype672.a(sicslowpan.o)
                0x000000000002ed34                sicslowpan_driver
 .data.rel.ro.local
                0x000000000002ed44        0xc build/cooja/mtype672.a(framer-802154.o)
                0x000000000002ed44                framer_802154
 *(.data.rel.ro .data.rel.ro.* .gnu.linkonce.d.rel.ro.*)
 .data.rel.ro   0x000000000002ed50        0x0 /usr/lib/gcc/i686-linux-gnu/7/../../../i386-linux-gnu/crti.o
 *fill*         0x000000000002ed50       0x10 
 .data.rel.ro   0x000000000002ed60       0x54 build/cooja/mtype672.a(rpl.o)
                0x000000000002ed60                rpl_lite_driver
 .data.rel.ro   0x000000000002edb4        0x4 build/cooja/mtype672.a(rpl-dag.o)

.dynamic        0x000000000002edb8       0xf0
 *(.dynamic)
 .dynamic       0x000000000002edb8       0xf0 /usr/lib/gcc/i686-linux-gnu/7/../../../i386-linux-gnu/crti.o
                0x000000000002edb8                _DYNAMIC

.got            0x000000000002eea8      0x14c
 *(.got)
 .got           0x000000000002eea8      0x14c /usr/lib/gcc/i686-linux-gnu/7/../../../i386-linux-gnu/crti.o
 *(.igot)
                0x000000000002eff4                . = DATA_SEGMENT_RELRO_END (., (SIZEOF (.got.plt) >= 0xc)?0xc:0x0)

.got.plt        0x000000000002f000      0x4c4
 *(.got.plt)
 .got.plt       0x000000000002f000      0x4c4 /usr/lib/gcc/i686-linux-gnu/7/../../../i386-linux-gnu/crti.o
                0x000000000002f000                _GLOBAL_OFFSET_TABLE_
 *(.igot.plt)

.data           0x000000000002f4e0      0x384
 *(.data .data.* .gnu.linkonce.d.*)
 .data          0x000000000002f4e0        0x0 /usr/lib/gcc/i686-linux-gnu/7/../../../i386-linux-gnu/crti.o
 .data          0x000000000002f4e0        0x0 /usr/lib/gcc/i686-linux-gnu/7/crtbeginS.o
 .data.rel.local
                0x000000000002f4e0        0x4 /usr/lib/gcc/i686-linux-gnu/7/crtbeginS.o
                0x000000000002f4e0                __dso_handle
 .data          0x000000000002f4e4        0x0 proximity-sensor.o
 .data.rel.local
                0x000000000002f4e4       0x10 proximity-sensor.o
                0x000000000002f4e4                udp_server_process
 .data          0x000000000002f4f4        0x0 build/cooja/mtype672.o
 *fill*         0x000000000002f4f4        0xc 
 .data.rel      0x000000000002f500       0x44 build/cooja/mtype672.o
                0x000000000002f500                simInterfaces
                0x000000000002f534                sensors
 .data          0x000000000002f544        0x0 build/cooja/mtype672.a(simEnvChange.o)
 .data          0x000000000002f544        0x0 build/cooja/mtype672.a(cooja_mt.o)
 .data          0x000000000002f544        0x0 build/cooja/mtype672.a(cooja_mtarch.o)
 .data          0x000000000002f544        0x0 build/cooja/mtype672.a(rtimer-arch.o)
 .data          0x000000000002f544        0x0 build/cooja/mtype672.a(beep.o)
 .data          0x000000000002f544        0x0 build/cooja/mtype672.a(leds-arch.o)
 .data          0x000000000002f544        0x0 build/cooja/mtype672.a(moteid.o)
 .data          0x000000000002f544        0x0 build/cooja/mtype672.a(pir-sensor.o)
 .data          0x000000000002f544        0x0 build/cooja/mtype672.a(rs232.o)
 .data          0x000000000002f544        0x0 build/cooja/mtype672.a(vib-sensor.o)
 .data          0x000000000002f544        0x0 build/cooja/mtype672.a(clock.o)
 .data          0x000000000002f544        0x0 build/cooja/mtype672.a(cooja-log.o)
 .data          0x000000000002f544        0x0 build/cooja/mtype672.a(cfs-cooja.o)
 .data          0x000000000002f544       0x1c build/cooja/mtype672.a(cooja-radio.o)
                0x000000000002f544                simRadioHWOn
                0x000000000002f548                simSignalStrength
                0x000000000002f54c                simLastSignalStrength
                0x000000000002f550                simPower
                0x000000000002f554                simRadioChannel
                0x000000000002f558                simLQI
 .data.rel.local
                0x000000000002f560       0x10 build/cooja/mtype672.a(cooja-radio.o)
                0x000000000002f560                cooja_radio_process
 .data          0x000000000002f570        0x0 build/cooja/mtype672.a(eeprom.o)
 .data          0x000000000002f570        0x0 build/cooja/mtype672.a(random.o)
 .data          0x000000000002f570        0x0 build/cooja/mtype672.a(sensors.o)
 .data.rel.local
                0x000000000002f570       0x10 build/cooja/mtype672.a(sensors.o)
                0x000000000002f570                sensors_process
 .data          0x000000000002f580        0x0 build/cooja/mtype672.a(leds.o)
 .data          0x000000000002f580        0x0 build/cooja/mtype672.a(gpio-hal-arch.o)
 .data          0x000000000002f580        0x1 build/cooja/mtype672.a(buttons.o)
                0x000000000002f580                simButtonIsActive
 *fill*         0x000000000002f581       0x1f 
 .data.rel.local
                0x000000000002f5a0       0x58 build/cooja/mtype672.a(buttons.o)
                0x000000000002f5f0                button_hal_buttons
 .data          0x000000000002f5f8        0x0 build/cooja/mtype672.a(contiki-main.o)
 .data          0x000000000002f5f8        0x0 build/cooja/mtype672.a(autostart.o)
 .data          0x000000000002f5f8        0x0 build/cooja/mtype672.a(ctimer.o)
 .data.rel.local
                0x000000000002f5f8       0x14 build/cooja/mtype672.a(ctimer.o)
                0x000000000002f5fc                ctimer_process
 .data          0x000000000002f60c        0x0 build/cooja/mtype672.a(energest.o)
 .data          0x000000000002f60c        0x0 build/cooja/mtype672.a(etimer.o)
 .data.rel.local
                0x000000000002f60c       0x10 build/cooja/mtype672.a(etimer.o)
                0x000000000002f60c                etimer_process
 .data          0x000000000002f61c        0x8 build/cooja/mtype672.a(log.o)
                0x000000000002f61c                curr_log_level_rpl
                0x000000000002f620                curr_log_level_main
 *fill*         0x000000000002f624       0x1c 
 .data.rel.local
                0x000000000002f640       0x9c build/cooja/mtype672.a(log.o)
                0x000000000002f640                all_modules
 .data          0x000000000002f6dc        0x0 build/cooja/mtype672.a(rtimer.o)
 .data          0x000000000002f6dc        0x0 build/cooja/mtype672.a(node-id.o)
 .data          0x000000000002f6dc        0x0 build/cooja/mtype672.a(process.o)
 .data          0x000000000002f6dc        0x0 build/cooja/mtype672.a(timer.o)
 .data          0x000000000002f6dc        0x0 build/cooja/mtype672.a(list.o)
 .data          0x000000000002f6dc        0x0 build/cooja/mtype672.a(button-hal.o)
 .data.rel.local
                0x000000000002f6dc       0x10 build/cooja/mtype672.a(button-hal.o)
                0x000000000002f6dc                button_hal_process
 .data          0x000000000002f6ec        0x0 build/cooja/mtype672.a(serial-line.o)
 .data.rel.local
                0x000000000002f6ec       0x10 build/cooja/mtype672.a(serial-line.o)
                0x000000000002f6ec                serial_line_process
 .data          0x000000000002f6fc        0x0 build/cooja/mtype672.a(gpio-hal.o)
 .data.rel.local
                0x000000000002f6fc        0x4 build/cooja/mtype672.a(gpio-hal.o)
 .data          0x000000000002f700        0x0 build/cooja/mtype672.a(queuebuf.o)
 .data.rel.local
                0x000000000002f700       0x18 build/cooja/mtype672.a(queuebuf.o)
 .data          0x000000000002f718        0x0 build/cooja/mtype672.a(packetbuf.o)
 .data.rel.local
                0x000000000002f718        0x4 build/cooja/mtype672.a(packetbuf.o)
 .data          0x000000000002f71c        0x0 build/cooja/mtype672.a(netstack.o)
 .data.rel.local
                0x000000000002f71c        0x4 build/cooja/mtype672.a(netstack.o)
 .data          0x000000000002f720        0x0 build/cooja/mtype672.a(linkaddr.o)
 .data          0x000000000002f720        0x0 build/cooja/mtype672.a(csma.o)
 .data          0x000000000002f720        0x0 build/cooja/mtype672.a(csma-output.o)
 .data.rel.local
                0x000000000002f720       0x28 build/cooja/mtype672.a(csma-output.o)
 .data          0x000000000002f748        0x0 build/cooja/mtype672.a(uip-ds6.o)
 .data          0x000000000002f748        0x0 build/cooja/mtype672.a(uip-udp-packet.)
 .data          0x000000000002f748        0x0 build/cooja/mtype672.a(uip-ds6-route.o)
 .data.rel.local
                0x000000000002f748       0x10 build/cooja/mtype672.a(uip-ds6-route.o)
 .data          0x000000000002f758        0x0 build/cooja/mtype672.a(uip-ds6-nbr.o)
 .data.rel.local
                0x000000000002f758       0x14 build/cooja/mtype672.a(uip-ds6-nbr.o)
 .data          0x000000000002f76c        0x0 build/cooja/mtype672.a(tcpip.o)
 .data.rel.local
                0x000000000002f76c       0x10 build/cooja/mtype672.a(tcpip.o)
                0x000000000002f76c                tcpip_process
 .data          0x000000000002f77c        0x0 build/cooja/mtype672.a(uip6.o)
 .data          0x000000000002f77c        0x0 build/cooja/mtype672.a(uip-nd6.o)
 .data.rel.local
                0x000000000002f77c        0xc build/cooja/mtype672.a(uip-nd6.o)
 .data          0x000000000002f788        0x0 build/cooja/mtype672.a(sicslowpan.o)
 .data          0x000000000002f788        0x0 build/cooja/mtype672.a(uiplib.o)
 .data          0x000000000002f788        0x0 build/cooja/mtype672.a(rpl.o)
 .data          0x000000000002f788        0x0 build/cooja/mtype672.a(rpl-icmp6.o)
 .data.rel.local
                0x000000000002f788       0x30 build/cooja/mtype672.a(rpl-icmp6.o)
 .data          0x000000000002f7b8        0x0 build/cooja/mtype672.a(rpl-dag.o)
 .data          0x000000000002f7b8        0x0 build/cooja/mtype672.a(rpl-dag-root.o)
 .data          0x000000000002f7b8        0x0 build/cooja/mtype672.a(watchdog.o)
 .data          0x000000000002f7b8        0x0 build/cooja/mtype672.a(int-master.o)
 .data          0x000000000002f7b8        0x0 build/cooja/mtype672.a(stimer.o)
 .data          0x000000000002f7b8        0x0 build/cooja/mtype672.a(memb.o)
 .data          0x000000000002f7b8        0x0 build/cooja/mtype672.a(assert.o)
 .data          0x000000000002f7b8        0x0 build/cooja/mtype672.a(ringbuf.o)
 .data          0x000000000002f7b8        0x0 build/cooja/mtype672.a(nbr-table.o)
 .data.rel.local
                0x000000000002f7b8       0x10 build/cooja/mtype672.a(nbr-table.o)
 .data          0x000000000002f7c8        0x0 build/cooja/mtype672.a(link-stats.o)
 .data.rel.local
                0x000000000002f7c8       0x14 build/cooja/mtype672.a(link-stats.o)
 .data          0x000000000002f7dc        0x0 build/cooja/mtype672.a(mac-sequence.o)
 .data          0x000000000002f7dc        0x0 build/cooja/mtype672.a(mac.o)
 .data          0x000000000002f7dc        0x0 build/cooja/mtype672.a(framer-802154.o)
 .data          0x000000000002f7dc        0x2 build/cooja/mtype672.a(frame802154.o)
 .data          0x000000000002f7de        0x0 build/cooja/mtype672.a(csma-security.o)
 .data          0x000000000002f7de        0x0 build/cooja/mtype672.a(uipbuf.o)
 .data          0x000000000002f7de        0x0 build/cooja/mtype672.a(uip-icmp6.o)
 *fill*         0x000000000002f7de        0x2 
 .data.rel.local
                0x000000000002f7e0       0x20 build/cooja/mtype672.a(uip-icmp6.o)
 .data          0x000000000002f800        0x0 build/cooja/mtype672.a(uip-sr.o)
 .data.rel.local
                0x000000000002f800       0x10 build/cooja/mtype672.a(uip-sr.o)
 .data          0x000000000002f810        0x0 build/cooja/mtype672.a(uip-packetqueue)
 .data.rel.local
                0x000000000002f810        0xc build/cooja/mtype672.a(uip-packetqueue)
 .data          0x000000000002f81c        0x0 build/cooja/mtype672.a(rpl-nbr-policy.)
 .data          0x000000000002f81c        0x0 build/cooja/mtype672.a(rpl-neighbor.o)
 .data.rel.local
                0x000000000002f81c       0x14 build/cooja/mtype672.a(rpl-neighbor.o)
                0x000000000002f82c                rpl_neighbors
 .data          0x000000000002f830        0x0 build/cooja/mtype672.a(rpl-timers.o)
 .data          0x000000000002f830        0x0 build/cooja/mtype672.a(rpl-ext-header.)
 .data          0x000000000002f830        0x0 build/cooja/mtype672.a(rpl-mrhof.o)
 *fill*         0x000000000002f830       0x10 
 .data.rel.local
                0x000000000002f840       0x24 build/cooja/mtype672.a(rpl-mrhof.o)
                0x000000000002f840                rpl_mrhof
 .data          0x000000000002f864        0x0 /usr/lib/i386-linux-gnu/libc_nonshared.a(stack_chk_fail_local.oS)
 .data          0x000000000002f864        0x0 /usr/lib/gcc/i686-linux-gnu/7/crtendS.o
 .data          0x000000000002f864        0x0 /usr/lib/gcc/i686-linux-gnu/7/../../../i386-linux-gnu/crtn.o

.tm_clone_table
                0x000000000002f864        0x0
 .tm_clone_table
                0x000000000002f864        0x0 /usr/lib/gcc/i686-linux-gnu/7/crtbeginS.o
 .tm_clone_table
                0x000000000002f864        0x0 /usr/lib/gcc/i686-linux-gnu/7/crtendS.o

.data1
 *(.data1)
                0x000000000002f864                _edata = .
                [!provide]                        PROVIDE (edata = .)
                0x000000000002f864                . = .
                0x000000000002f864                __bss_start = .

.bss            0x000000000002f880    0x137e0
 *(.dynbss)
 .dynbss        0x000000000002f880        0x0 /usr/lib/gcc/i686-linux-gnu/7/../../../i386-linux-gnu/crti.o
 *(.bss .bss.* .gnu.linkonce.b.*)
 .bss           0x000000000002f880        0x0 /usr/lib/gcc/i686-linux-gnu/7/../../../i386-linux-gnu/crti.o
 .bss           0x000000000002f880        0x1 /usr/lib/gcc/i686-linux-gnu/7/crtbeginS.o
 *fill*         0x000000000002f881        0x3 
 .bss           0x000000000002f884       0x2b proximity-sensor.o
 *fill*         0x000000000002f8af       0x11 
 .bss           0x000000000002f8c0     0x2030 build/cooja/mtype672.o
 .bss           0x00000000000318f0        0x1 build/cooja/mtype672.a(simEnvChange.o)
                0x00000000000318f0                simDontFallAsleep
 *fill*         0x00000000000318f1        0x3 
 .bss           0x00000000000318f4        0x4 build/cooja/mtype672.a(cooja_mt.o)
 .bss           0x00000000000318f8        0x4 build/cooja/mtype672.a(cooja_mtarch.o)
 .bss           0x00000000000318fc        0x0 build/cooja/mtype672.a(rtimer-arch.o)
 .bss           0x00000000000318fc        0x0 build/cooja/mtype672.a(beep.o)
 .bss           0x00000000000318fc        0x1 build/cooja/mtype672.a(leds-arch.o)
                0x00000000000318fc                simLedsValue
 .bss           0x00000000000318fd        0x0 build/cooja/mtype672.a(moteid.o)
 .bss           0x00000000000318fd        0x1 build/cooja/mtype672.a(pir-sensor.o)
                0x00000000000318fd                simPirValue
 *fill*         0x00000000000318fe        0x2 
 .bss           0x0000000000031900        0x4 build/cooja/mtype672.a(rs232.o)
 .bss           0x0000000000031904        0x1 build/cooja/mtype672.a(vib-sensor.o)
                0x0000000000031904                simVibValue
 .bss           0x0000000000031905        0x0 build/cooja/mtype672.a(clock.o)
 *fill*         0x0000000000031905       0x1b 
 .bss           0x0000000000031920     0x2020 build/cooja/mtype672.a(cooja-log.o)
 .bss           0x0000000000033940      0xfc0 build/cooja/mtype672.a(cfs-cooja.o)
                0x0000000000033940                simCFSData
                0x00000000000348e0                simCFSSize
                0x00000000000348e4                simCFSChanged
                0x00000000000348e8                simCFSRead
                0x00000000000348ec                simCFSWritten
 .bss           0x0000000000034900       0x24 build/cooja/mtype672.a(cooja-radio.o)
                0x0000000000034900                simReceiving
                0x0000000000034904                simInSize
                0x0000000000034908                simLastPacketTimestamp
                0x0000000000034910                simOutSize
 .bss           0x0000000000034924        0xc build/cooja/mtype672.a(eeprom.o)
                0x0000000000034924                simEEPROMChanged
                0x0000000000034928                simEEPROMRead
                0x000000000003492c                simEEPROMWritten
 .bss           0x0000000000034930        0x0 build/cooja/mtype672.a(random.o)
 .bss           0x0000000000034930        0xc build/cooja/mtype672.a(sensors.o)
 .bss           0x000000000003493c        0x0 build/cooja/mtype672.a(leds.o)
 .bss           0x000000000003493c       0x24 build/cooja/mtype672.a(gpio-hal-arch.o)
 .bss           0x0000000000034960        0x0 build/cooja/mtype672.a(buttons.o)
 .bss           0x0000000000034960        0x0 build/cooja/mtype672.a(contiki-main.o)
 .bss           0x0000000000034960        0x0 build/cooja/mtype672.a(autostart.o)
 .bss           0x0000000000034960        0x5 build/cooja/mtype672.a(ctimer.o)
 .bss           0x0000000000034965        0x0 build/cooja/mtype672.a(energest.o)
 *fill*         0x0000000000034965        0x3 
 .bss           0x0000000000034968        0x8 build/cooja/mtype672.a(etimer.o)
 .bss           0x0000000000034970       0x28 build/cooja/mtype672.a(log.o)
                0x0000000000034970                curr_log_level_tcpip
                0x0000000000034974                curr_log_level_ipv6
                0x0000000000034978                curr_log_level_6lowpan
                0x000000000003497c                curr_log_level_nullnet
                0x0000000000034980                curr_log_level_mac
                0x0000000000034984                curr_log_level_framer
                0x0000000000034988                curr_log_level_6top
                0x000000000003498c                curr_log_level_coap
                0x0000000000034990                curr_log_level_snmp
                0x0000000000034994                curr_log_level_lwm2m
 .bss           0x0000000000034998        0x4 build/cooja/mtype672.a(rtimer.o)
 .bss           0x000000000003499c        0x2 build/cooja/mtype672.a(node-id.o)
                0x000000000003499c                node_id
 *fill*         0x000000000003499e        0x2 
 .bss           0x00000000000349a0      0x1a1 build/cooja/mtype672.a(process.o)
                0x00000000000349a0                process_list
                0x00000000000349a4                process_current
 .bss           0x0000000000034b41        0x0 build/cooja/mtype672.a(timer.o)
 .bss           0x0000000000034b41        0x0 build/cooja/mtype672.a(list.o)
 *fill*         0x0000000000034b41        0x3 
 .bss           0x0000000000034b44       0x10 build/cooja/mtype672.a(button-hal.o)
 *fill*         0x0000000000034b54        0xc 
 .bss           0x0000000000034b60      0x140 build/cooja/mtype672.a(serial-line.o)
 .bss           0x0000000000034ca0        0x4 build/cooja/mtype672.a(gpio-hal.o)
 *fill*         0x0000000000034ca4       0x1c 
 .bss           0x0000000000034cc0     0x2c80 build/cooja/mtype672.a(queuebuf.o)
 .bss           0x0000000000037940       0xa0 build/cooja/mtype672.a(packetbuf.o)
 .bss           0x00000000000379e0        0x4 build/cooja/mtype672.a(netstack.o)
 .bss           0x00000000000379e4        0x0 build/cooja/mtype672.a(linkaddr.o)
 .bss           0x00000000000379e4        0x0 build/cooja/mtype672.a(csma.o)
 *fill*         0x00000000000379e4       0x1c 
 .bss           0x0000000000037a00      0x726 build/cooja/mtype672.a(csma-output.o)
 *fill*         0x0000000000038126        0x2 
 .bss           0x0000000000038128       0x30 build/cooja/mtype672.a(uip-ds6.o)
 .bss           0x0000000000038158        0x0 build/cooja/mtype672.a(uip-udp-packet.)
 *fill*         0x0000000000038158        0x8 
 .bss           0x0000000000038160       0x60 build/cooja/mtype672.a(uip-ds6-route.o)
 .bss           0x00000000000381c0     0x1c20 build/cooja/mtype672.a(uip-ds6-nbr.o)
 .bss           0x0000000000039de0       0x10 build/cooja/mtype672.a(tcpip.o)
 .bss           0x0000000000039df0        0x8 build/cooja/mtype672.a(uip6.o)
                0x0000000000039df0                uip_ext_bitmap
                0x0000000000039df2                uip_ext_len
                0x0000000000039df4                uip_last_proto
 .bss           0x0000000000039df8       0x10 build/cooja/mtype672.a(uip-nd6.o)
 *fill*         0x0000000000039e08       0x18 
 .bss           0x0000000000039e20      0x724 build/cooja/mtype672.a(sicslowpan.o)
 .bss           0x000000000003a544        0x0 build/cooja/mtype672.a(uiplib.o)
 .bss           0x000000000003a544        0x1 build/cooja/mtype672.a(rpl.o)
 .bss           0x000000000003a545        0x0 build/cooja/mtype672.a(rpl-icmp6.o)
 .bss           0x000000000003a545        0x0 build/cooja/mtype672.a(rpl-dag.o)
 *fill*         0x000000000003a545        0x3 
 .bss           0x000000000003a548       0x11 build/cooja/mtype672.a(rpl-dag-root.o)
 .bss           0x000000000003a559        0x0 build/cooja/mtype672.a(watchdog.o)
 *fill*         0x000000000003a559        0x3 
 .bss           0x000000000003a55c        0x4 build/cooja/mtype672.a(int-master.o)
 .bss           0x000000000003a560        0x0 build/cooja/mtype672.a(stimer.o)
 .bss           0x000000000003a560        0x0 build/cooja/mtype672.a(memb.o)
 .bss           0x000000000003a560        0x0 build/cooja/mtype672.a(assert.o)
 .bss           0x000000000003a560        0x0 build/cooja/mtype672.a(ringbuf.o)
 .bss           0x000000000003a560     0x1214 build/cooja/mtype672.a(nbr-table.o)
 *fill*         0x000000000003b774        0xc 
 .bss           0x000000000003b780      0xe10 build/cooja/mtype672.a(link-stats.o)
 *fill*         0x000000000003c590       0x10 
 .bss           0x000000000003c5a0      0x100 build/cooja/mtype672.a(mac-sequence.o)
 .bss           0x000000000003c6a0        0x0 build/cooja/mtype672.a(mac.o)
 .bss           0x000000000003c6a0        0x2 build/cooja/mtype672.a(framer-802154.o)
 .bss           0x000000000003c6a2        0x0 build/cooja/mtype672.a(frame802154.o)
 .bss           0x000000000003c6a2        0x0 build/cooja/mtype672.a(csma-security.o)
 *fill*         0x000000000003c6a2        0x2 
 .bss           0x000000000003c6a4       0x18 build/cooja/mtype672.a(uipbuf.o)
 .bss           0x000000000003c6bc       0x18 build/cooja/mtype672.a(uip-icmp6.o)
 *fill*         0x000000000003c6d4        0xc 
 .bss           0x000000000003c6e0     0x1d80 build/cooja/mtype672.a(uip-sr.o)
 .bss           0x000000000003e460      0xa78 build/cooja/mtype672.a(uip-packetqueue)
 .bss           0x000000000003eed8        0xe build/cooja/mtype672.a(rpl-nbr-policy.)
 *fill*         0x000000000003eee6       0x1a 
 .bss           0x000000000003ef00      0x960 build/cooja/mtype672.a(rpl-neighbor.o)
 .bss           0x000000000003f860       0x40 build/cooja/mtype672.a(rpl-timers.o)
 .bss           0x000000000003f8a0        0x0 build/cooja/mtype672.a(rpl-ext-header.)
 .bss           0x000000000003f8a0        0x0 build/cooja/mtype672.a(rpl-mrhof.o)
 .bss           0x000000000003f8a0        0x0 /usr/lib/i386-linux-gnu/libc_nonshared.a(stack_chk_fail_local.oS)
 .bss           0x000000000003f8a0        0x0 /usr/lib/gcc/i686-linux-gnu/7/crtendS.o
 .bss           0x000000000003f8a0        0x0 /usr/lib/gcc/i686-linux-gnu/7/../../../i386-linux-gnu/crtn.o
 *(COMMON)
 COMMON         0x000000000003f8a0        0x8 build/cooja/mtype672.o
                0x000000000003f8a0                referenceVar
                0x000000000003f8a4                sensors_flags
 COMMON         0x000000000003f8a8        0xc build/cooja/mtype672.a(simEnvChange.o)
                0x000000000003f8a8                simEtimerPending
                0x000000000003f8ac                simProcessRunValue
                0x000000000003f8b0                simEtimerNextExpirationTime
 *fill*         0x000000000003f8b4        0x4 
 COMMON         0x000000000003f8b8       0x18 build/cooja/mtype672.a(rtimer-arch.o)
                0x000000000003f8b8                simRtimerPending
                0x000000000003f8c0                simRtimerCurrentTicks
                0x000000000003f8c8                simRtimerNextExpirationTime
 COMMON         0x000000000003f8d0        0x1 build/cooja/mtype672.a(beep.o)
                0x000000000003f8d0                simBeeped
 *fill*         0x000000000003f8d1        0x3 
 COMMON         0x000000000003f8d4        0xc build/cooja/mtype672.a(moteid.o)
                0x000000000003f8d4                simRandomSeed
                0x000000000003f8d8                simMoteIDChanged
                0x000000000003f8dc                simMoteID
 COMMON         0x000000000003f8e0        0x2 build/cooja/mtype672.a(pir-sensor.o)
                0x000000000003f8e0                simPirIsActive
                0x000000000003f8e1                simPirChanged
 *fill*         0x000000000003f8e2       0x1e 
 COMMON         0x000000000003f900      0x820 build/cooja/mtype672.a(rs232.o)
                0x000000000003f900                simSerialReceivingFlag
                0x000000000003f904                simSerialReceivingLength
                0x000000000003f920                simSerialReceivingData
 COMMON         0x0000000000040120        0x2 build/cooja/mtype672.a(vib-sensor.o)
                0x0000000000040120                simVibChanged
                0x0000000000040121                simVibIsActive
 *fill*         0x0000000000040122        0x2 
 COMMON         0x0000000000040124        0x4 build/cooja/mtype672.a(clock.o)
                0x0000000000040124                simCurrentTime
 *fill*         0x0000000000040128       0x18 
 COMMON         0x0000000000040140     0x2020 build/cooja/mtype672.a(cooja-log.o)
                0x0000000000040140                simLoggedLength
                0x0000000000040144                simLoggedFlag
                0x0000000000040160                simLoggedData
 COMMON         0x0000000000042160       0xfd build/cooja/mtype672.a(cooja-radio.o)
                0x0000000000042160                simOutDataBuffer
                0x00000000000421e0                simInDataBuffer
 *fill*         0x000000000004225d        0x3 
 COMMON         0x0000000000042260      0x400 build/cooja/mtype672.a(eeprom.o)
                0x0000000000042260                simEEPROMData
 COMMON         0x0000000000042660        0x1 build/cooja/mtype672.a(sensors.o)
                0x0000000000042660                sensors_event
 COMMON         0x0000000000042661        0x2 build/cooja/mtype672.a(buttons.o)
                0x0000000000042661                simButtonIsDown
                0x0000000000042662                simButtonChanged
 COMMON         0x0000000000042663        0x3 build/cooja/mtype672.a(button-hal.o)
                0x0000000000042663                button_hal_periodic_event
                0x0000000000042664                button_hal_press_event