Archive member included to satisfy reference by file (symbol)

build/cooja/mtype952.a(simEnvChange.o)
                              build/cooja/mtype952.o (simDontFallAsleep)
build/cooja/mtype952.a(cooja_mt.o)
                              build/cooja/mtype952.o (cooja_mt_start)
build/cooja/mtype952.a(cooja_mtarch.o)
                              build/cooja/mtype952.a(cooja_mt.o) (cooja_mtarch_start)
build/cooja/mtype952.a(rtimer-arch.o)
                              build/cooja/mtype952.o (rtimer_arch_check)
build/cooja/mtype952.a(beep.o)
                              build/cooja/mtype952.o (beep_interface)
build/cooja/mtype952.a(leds-arch.o)
                              build/cooja/mtype952.o (leds_interface)
build/cooja/mtype952.a(moteid.o)
                              build/cooja/mtype952.o (moteid_interface)
build/cooja/mtype952.a(pir-sensor.o)
                              build/cooja/mtype952.o (pir_interface)
build/cooja/mtype952.a(rs232.o)
                              build/cooja/mtype952.o (rs232_interface)
build/cooja/mtype952.a(vib-sensor.o)
                              build/cooja/mtype952.o (vib_interface)
build/cooja/mtype952.a(clock.o)
                              build/cooja/mtype952.o (clock_interface)
build/cooja/mtype952.a(cooja-log.o)
                              build/cooja/mtype952.o (simlog_interface)
build/cooja/mtype952.a(cfs-cooja.o)
                              build/cooja/mtype952.o (cfs_interface)
build/cooja/mtype952.a(cooja-radio.o)
                              build/cooja/mtype952.o (radio_interface)
build/cooja/mtype952.a(eeprom.o)
                              build/cooja/mtype952.o (eeprom_interface)
build/cooja/mtype952.a(random.o)
                              build/cooja/mtype952.a(moteid.o) (random_init)
build/cooja/mtype952.a(sensors.o)
                              build/cooja/mtype952.a(pir-sensor.o) (sensors_changed)
build/cooja/mtype952.a(leds.o)
                              temperatureSensor.o (leds_off)
build/cooja/mtype952.a(gpio-hal-arch.o)
                              build/cooja/mtype952.a(leds-arch.o) (gpio_hal_arch_register_pin_callback)
build/cooja/mtype952.a(buttons.o)
                              build/cooja/mtype952.o (button_interface)
build/cooja/mtype952.a(contiki-main.o)
                              build/cooja/mtype952.o (main)
build/cooja/mtype952.a(autostart.o)
                              build/cooja/mtype952.a(contiki-main.o) (autostart_start)
build/cooja/mtype952.a(ctimer.o)
                              build/cooja/mtype952.a(contiki-main.o) (ctimer_init)
build/cooja/mtype952.a(energest.o)
                              build/cooja/mtype952.a(contiki-main.o) (energest_init)
build/cooja/mtype952.a(etimer.o)
                              build/cooja/mtype952.a(contiki-main.o) (etimer_process)
build/cooja/mtype952.a(log.o)
                              build/cooja/mtype952.a(contiki-main.o) (curr_log_level_main)
build/cooja/mtype952.a(rtimer.o)
                              build/cooja/mtype952.a(contiki-main.o) (rtimer_init)
build/cooja/mtype952.a(node-id.o)
                              build/cooja/mtype952.a(contiki-main.o) (node_id)
build/cooja/mtype952.a(process.o)
                              build/cooja/mtype952.a(ctimer.o) (process_current)
build/cooja/mtype952.a(timer.o)
                              build/cooja/mtype952.a(etimer.o) (timer_set)
build/cooja/mtype952.a(list.o)
                              build/cooja/mtype952.a(ctimer.o) (list_init)
build/cooja/mtype952.a(button-hal.o)
                              build/cooja/mtype952.o (button_hal_init)
build/cooja/mtype952.a(serial-line.o)
                              build/cooja/mtype952.a(rs232.o) (serial_line_input_byte)
build/cooja/mtype952.a(gpio-hal.o)
                              build/cooja/mtype952.a(button-hal.o) (gpio_hal_register_handler)
build/cooja/mtype952.a(queuebuf.o)
                              build/cooja/mtype952.a(contiki-main.o) (queuebuf_init)
build/cooja/mtype952.a(packetbuf.o)
                              build/cooja/mtype952.a(cooja-radio.o) (packetbuf_clear)
build/cooja/mtype952.a(netstack.o)
                              build/cooja/mtype952.a(contiki-main.o) (netstack_init)
build/cooja/mtype952.a(linkaddr.o)
                              build/cooja/mtype952.a(contiki-main.o) (linkaddr_node_addr)
build/cooja/mtype952.a(csma.o)
                              build/cooja/mtype952.a(cooja-radio.o) (csma_driver)
build/cooja/mtype952.a(csma-output.o)
                              build/cooja/mtype952.a(csma.o) (csma_output_packet)
build/cooja/mtype952.a(uip-ds6.o)
                              build/cooja/mtype952.a(contiki-main.o) (uip_ds6_get_link_local)
build/cooja/mtype952.a(uip-udp-packet.)
                              temperatureSensor.o (uip_udp_packet_send)
build/cooja/mtype952.a(uip-ds6-route.o)
                              build/cooja/mtype952.a(uip-ds6.o) (uip_ds6_route_init)
build/cooja/mtype952.a(uip-ds6-nbr.o)
[...]
Memory Configuration

Name             Origin             Length             Attributes
*default*        0x0000000000000000 0xffffffffffffffff

Linker script and memory map

LOAD /usr/lib/gcc/i686-linux-gnu/7/../../../i386-linux-gnu/crti.o
LOAD /usr/lib/gcc/i686-linux-gnu/7/crtbeginS.o
LOAD temperatureSensor.o
LOAD build/cooja/mtype952.o
LOAD build/cooja/mtype952.a
LOAD /usr/lib/gcc/i686-linux-gnu/7/libgcc.a
LOAD /usr/lib/gcc/i686-linux-gnu/7/libgcc_s.so
START GROUP
LOAD /usr/lib/gcc/i686-linux-gnu/7/libgcc_s.so.1
LOAD /usr/lib/gcc/i686-linux-gnu/7/libgcc.a
END GROUP
LOAD /usr/lib/gcc/i686-linux-gnu/7/../../../i386-linux-gnu/libc.so
START GROUP
LOAD /lib/i386-linux-gnu/libc.so.6
LOAD /usr/lib/i386-linux-gnu/libc_nonshared.a
LOAD /lib/i386-linux-gnu/ld-linux.so.2
END GROUP
LOAD /usr/lib/gcc/i686-linux-gnu/7/libgcc.a
LOAD /usr/lib/gcc/i686-linux-gnu/7/libgcc_s.so
START GROUP
LOAD /usr/lib/gcc/i686-linux-gnu/7/libgcc_s.so.1
LOAD /usr/lib/gcc/i686-linux-gnu/7/libgcc.a
END GROUP
LOAD /usr/lib/gcc/i686-linux-gnu/7/crtendS.o
LOAD /usr/lib/gcc/i686-linux-gnu/7/../../../i386-linux-gnu/crtn.o
                0x0000000000000114                . = (SEGMENT_START ("text-segment", 0x0) + SIZEOF_HEADERS)

.note.gnu.build-id
                0x0000000000000114       0x24
 *(.note.gnu.build-id)
 .note.gnu.build-id
                0x0000000000000114       0x24 /usr/lib/gcc/i686-linux-gnu/7/../../../i386-linux-gnu/crti.o

.hash
 *(.hash)

.gnu.hash       0x0000000000000138     0x1404
 *(.gnu.hash)
 .gnu.hash      0x0000000000000138     0x1404 /usr/lib/gcc/i686-linux-gnu/7/../../../i386-linux-gnu/crti.o

.dynsym         0x000000000000153c     0x2860
 *(.dynsym)
 .dynsym        0x000000000000153c     0x2860 /usr/lib/gcc/i686-linux-gnu/7/../../../i386-linux-gnu/crti.o

.dynstr         0x0000000000003d9c     0x2dbf
 *(.dynstr)
 .dynstr        0x0000000000003d9c     0x2dbf /usr/lib/gcc/i686-linux-gnu/7/../../../i386-linux-gnu/crti.o

.gnu.version    0x0000000000006b5c      0x50c
 *(.gnu.version)
 .gnu.version   0x0000000000006b5c      0x50c /usr/lib/gcc/i686-linux-gnu/7/../../../i386-linux-gnu/crti.o

.gnu.version_d  0x0000000000007068        0x0
 *(.gnu.version_d)
 .gnu.version_d
                0x0000000000007068        0x0 /usr/lib/gcc/i686-linux-gnu/7/../../../i386-linux-gnu/crti.o

.gnu.version_r  0x0000000000007068       0x40
 *(.gnu.version_r)
 .gnu.version_r
                0x0000000000007068       0x40 /usr/lib/gcc/i686-linux-gnu/7/../../../i386-linux-gnu/crti.o

.rel.dyn        0x00000000000070a8      0xda8
 *(.rel.init)
 .rel.init      0x00000000000070a8        0x0 /usr/lib/gcc/i686-linux-gnu/7/../../../i386-linux-gnu/crti.o
 *(.rel.text .rel.text.* .rel.gnu.linkonce.t.*)
 .rel.text      0x00000000000070a8      0x4f0 /usr/lib/gcc/i686-linux-gnu/7/../../../i386-linux-gnu/crti.o
 *(.rel.fini)
 .rel.fini      0x0000000000007598        0x0 /usr/lib/gcc/i686-linux-gnu/7/../../../i386-linux-gnu/crti.o
 *(.rel.rodata .rel.rodata.* .rel.gnu.linkonce.r.*)
 *(.rel.data.rel.ro .rel.data.rel.ro.* .rel.gnu.linkonce.d.rel.ro.*)
 .rel.data.rel.ro.local
                0x0000000000007598      0x208 /usr/lib/gcc/i686-linux-gnu/7/../../../i386-linux-gnu/crti.o
 .rel.data.rel.ro
                0x00000000000077a0       0xb0 /usr/lib/gcc/i686-linux-gnu/7/../../../i386-linux-gnu/crti.o
 *(.rel.data .rel.data.* .rel.gnu.linkonce.d.*)
 .rel.data.rel.local
                0x0000000000007850      0x2e0 /usr/lib/gcc/i686-linux-gnu/7/../../../i386-linux-gnu/crti.o
 .rel.data.rel  0x0000000000007b30       0x78 /usr/lib/gcc/i686-linux-gnu/7/../../../i386-linux-gnu/crti.o
 *(.rel.tdata .rel.tdata.* .rel.gnu.linkonce.td.*)
 *(.rel.tbss .rel.tbss.* .rel.gnu.linkonce.tb.*)
 *(.rel.ctors)
 *(.rel.dtors)
 *(.rel.got)
 .rel.got       0x0000000000007ba8      0x298 /usr/lib/gcc/i686-linux-gnu/7/../../../i386-linux-gnu/crti.o
 *(.rel.bss .rel.bss.* .rel.gnu.linkonce.b.*)
 *(.rel.ifunc)
 .rel.ifunc     0x0000000000007e40        0x0 /usr/lib/gcc/i686-linux-gnu/7/../../../i386-linux-gnu/crti.o
 .rel.fini_array
                0x0000000000007e40        0x8 /usr/lib/gcc/i686-linux-gnu/7/../../../i386-linux-gnu/crti.o
 .rel.init_array
                0x0000000000007e48        0x8 /usr/lib/gcc/i686-linux-gnu/7/../../../i386-linux-gnu/crti.o

.rel.plt        0x0000000000007e50      0x980
 *(.rel.plt)
 .rel.plt       0x0000000000007e50      0x980 /usr/lib/gcc/i686-linux-gnu/7/../../../i386-linux-gnu/crti.o
 *(.rel.iplt)

.init           0x00000000000087d0       0x23
 *(SORT_NONE(.init))
 .init          0x00000000000087d0       0x1e /usr/lib/gcc/i686-linux-gnu/7/../../../i386-linux-gnu/crti.o
                0x00000000000087d0                _init
 .init          0x00000000000087ee        0x5 /usr/lib/gcc/i686-linux-gnu/7/../../../i386-linux-gnu/crtn.o

.plt            0x0000000000008800     0x1310
 *(.plt)
 .plt           0x0000000000008800     0x1310 /usr/lib/gcc/i686-linux-gnu/7/../../../i386-linux-gnu/crti.o
 *(.iplt)

.plt.got        0x0000000000009b10       0x18
 *(.plt.got)
 .plt.got       0x0000000000009b10       0x18 /usr/lib/gcc/i686-linux-gnu/7/../../../i386-linux-gnu/crti.o

.plt.sec
 *(.plt.sec)

.text           0x0000000000009b30    0x1a1a4
 *(.text.unlikely .text.*_unlikely .text.unlikely.*)
 *(.text.exit .text.exit.*)
 *(.text.startup .text.startup.*)
 *(.text.hot .text.hot.*)
 *(.text .stub .text.* .gnu.linkonce.t.*)
 .text          0x0000000000009b30        0x0 /usr/lib/gcc/i686-linux-gnu/7/../../../i386-linux-gnu/crti.o
 .gnu.linkonce.t.__x86.get_pc_thunk.bx
                0x0000000000009b30        0x4 /usr/lib/gcc/i686-linux-gnu/7/../../../i386-linux-gnu/crti.o
                0x0000000000009b30                __x86.get_pc_thunk.bx
 *fill*         0x0000000000009b34        0xc 
 .text          0x0000000000009b40       0xe9 /usr/lib/gcc/i686-linux-gnu/7/crtbeginS.o
 .text.__x86.get_pc_thunk.dx
                0x0000000000009c29        0x4 /usr/lib/gcc/i686-linux-gnu/7/crtbeginS.o
                0x0000000000009c29                __x86.get_pc_thunk.dx
 .text          0x0000000000009c2d      0x434 temperatureSensor.o
 .text          0x000000000000a061      0x36b build/cooja/mtype952.o
                0x000000000000a113                platform_init_stage_one
                0x000000000000a136                platform_init_stage_two
                0x000000000000a159                platform_init_stage_three
                0x000000000000a17c                platform_main_loop
                0x000000000000a222                Java_org_contikios_cooja_corecomm_Lib7_init
                0x000000000000a270                Java_org_contikios_cooja_corecomm_Lib7_getMemory
                0x000000000000a2b0                Java_org_contikios_cooja_corecomm_Lib7_setMemory
                0x000000000000a321                Java_org_contikios_cooja_corecomm_Lib7_tick
                0x000000000000a3ab                Java_org_contikios_cooja_corecomm_Lib7_setReferenceAddress
 .text.__x86.get_pc_thunk.ax
                0x000000000000a3cc        0x4 build/cooja/mtype952.o
                0x000000000000a3cc                __x86.get_pc_thunk.ax
 .text          0x000000000000a3d0       0x8d build/cooja/mtype952.a(simEnvChange.o)
                0x000000000000a3d0                doActionsBeforeTick
                0x000000000000a416                doActionsAfterTick
 .text          0x000000000000a45d       0xb6 build/cooja/mtype952.a(cooja_mt.o)
                0x000000000000a45d                cooja_mt_start
                0x000000000000a497                cooja_mt_exec
                0x000000000000a4de                cooja_mt_yield
 .text          0x000000000000a513       0xf2 build/cooja/mtype952.a(cooja_mtarch.o)
                0x000000000000a513                cooja_mtarch_start
                0x000000000000a597                cooja_sw
                0x000000000000a5c5                cooja_mtarch_exec
                0x000000000000a5f0                cooja_mtarch_yield
 .text          0x000000000000a605      0x127 build/cooja/mtype952.a(rtimer-arch.o)
                0x000000000000a605                rtimer_arch_init
                0x000000000000a634                rtimer_arch_schedule
                0x000000000000a676                rtimer_arch_next
                0x000000000000a690                rtimer_arch_pending
                0x000000000000a6a7                rtimer_arch_check
                0x000000000000a712                rtimer_arch_now
 .text.__x86.get_pc_thunk.cx
                0x000000000000a72c        0x4 build/cooja/mtype952.a(rtimer-arch.o)
                0x000000000000a72c                __x86.get_pc_thunk.cx
 .text          0x000000000000a730      0x101 build/cooja/mtype952.a(beep.o)
                0x000000000000a730                beep_alarm
                0x000000000000a749                beep_beep
                0x000000000000a762                beep
                0x000000000000a77b                beep_down
                0x000000000000a794                beep_on
                0x000000000000a7ad                beep_off
                0x000000000000a7c6                beep_spinup
                0x000000000000a7df                beep_quick
                0x000000000000a7f8                beep_long
 .text          0x000000000000a831       0x9f build/cooja/mtype952.a(leds-arch.o)
                0x000000000000a855                leds_arch_init
 .text          0x000000000000a8d0       0x56 build/cooja/mtype952.a(moteid.o)
 .text          0x000000000000a926      0x101 build/cooja/mtype952.a(pir-sensor.o)
 .text          0x000000000000aa27      0x1cc build/cooja/mtype952.a(rs232.o)
                0x000000000000aa27                rs232_init
                0x000000000000aa37                rs232_set_speed
                0x000000000000aa50                rs232_set_input
                0x000000000000aa69                rs232_send
                0x000000000000aa9f                rs232_print
                0x000000000000aacd                slip_arch_writeb
 .text          0x000000000000abf3      0x101 build/cooja/mtype952.a(vib-sensor.o)
 .text          0x000000000000acf4       0x7a build/cooja/mtype952.a(clock.o)
                0x000000000000acf4                clock_init
                0x000000000000ad04                clock_time
                0x000000000000ad1b                clock_seconds
                0x000000000000ad3e                clock_delay
 .text          0x000000000000ad6e      0x2b5 build/cooja/mtype952.a(cooja-log.o)
                0x000000000000ad6e                simlog_char
                0x000000000000add2                simlog
                0x000000000000ae6c                log_message
                0x000000000000aebb                log_set_putchar_with_slip
                0x000000000000aed4                log_putchar
                0x000000000000af5f                log_puts
                0x000000000000af91                log_printf
 .text          0x000000000000b023      0x36c build/cooja/mtype952.a(cfs-cooja.o)
                0x000000000000b023                cfs_open
                0x000000000000b09b                cfs_close
                0x000000000000b0b2                cfs_read
                0x000000000000b166                cfs_write
                0x000000000000b264                cfs_seek
                0x000000000000b301                cfs_remove
                0x000000000000b337                cfs_opendir
                0x000000000000b34b                cfs_readdir
                0x000000000000b35f                cfs_closedir
 .text          0x000000000000b38f      0x785 build/cooja/mtype952.a(cooja-radio.o)
                0x000000000000b3fd                radio_set_channel
                0x000000000000b416                radio_set_txpower
                0x000000000000b439                radio_signal_strength_last
                0x000000000000b44e                radio_signal_strength_current
                0x000000000000b463                radio_LQI
 .text          0x000000000000bb14      0x130 build/cooja/mtype952.a(eeprom.o)
                0x000000000000bb14                eeprom_init
                0x000000000000bb24                eeprom_read
                0x000000000000bba4                eeprom_write
 .text          0x000000000000bc44       0x4e build/cooja/mtype952.a(random.o)
                0x000000000000bc44                random_init
                0x000000000000bc74                random_rand
 .text          0x000000000000bc92      0x332 build/cooja/mtype952.a(sensors.o)
                0x000000000000bcd9                sensors_first
                0x000000000000bcf0                sensors_next
                0x000000000000bd1b                sensors_changed
                0x000000000000bd68                sensors_find
 .text          0x000000000000bfc4      0x3fc build/cooja/mtype952.a(leds.o)
                0x000000000000bfc4                leds_init
                0x000000000000c01c                leds_single_on
                0x000000000000c094                leds_single_off
                0x000000000000c10c                leds_single_toggle
                0x000000000000c150                leds_on
                0x000000000000c1e8                leds_off
                0x000000000000c280                leds_toggle
                0x000000000000c2e6                leds_set
                0x000000000000c31c                leds_get
 .text          0x000000000000c3c0      0x401 build/cooja/mtype952.a(gpio-hal-arch.o)
                0x000000000000c3c0                gpio_hal_arch_register_pin_callback
                0x000000000000c441                gpio_hal_arch_init
                0x000000000000c49b                gpio_hal_arch_no_port_interrupt_enable
                0x000000000000c4d5                gpio_hal_arch_no_port_interrupt_disable
                0x000000000000c50f                gpio_hal_arch_no_port_pin_cfg_set
                0x000000000000c53e                gpio_hal_arch_no_port_pin_cfg_get
                0x000000000000c56e                gpio_hal_arch_no_port_pin_set_input
                0x000000000000c58a                gpio_hal_arch_no_port_pin_set_output
                0x000000000000c5a6                gpio_hal_arch_no_port_set_pin
                0x000000000000c5d1                gpio_hal_arch_no_port_clear_pin
                0x000000000000c5fc                gpio_hal_arch_no_port_read_pin
                0x000000000000c62e                gpio_hal_arch_no_port_write_pin
                0x000000000000c662                gpio_hal_arch_no_port_set_pins
                0x000000000000c6b3                gpio_hal_arch_no_port_clear_pins
                0x000000000000c704                gpio_hal_arch_no_port_read_pins
                0x000000000000c757                gpio_hal_arch_no_port_write_pins
 .text          0x000000000000c7c1       0xc6 build/cooja/mtype952.a(buttons.o)
 .text          0x000000000000c887      0x3c1 build/cooja/mtype952.a(contiki-main.o)
                0x000000000000c887                main
 .text          0x000000000000cc48       0xb0 build/cooja/mtype952.a(autostart.o)
                0x000000000000cc48                autostart_start
                0x000000000000cca1                autostart_exit
 .text          0x000000000000ccf8      0x400 build/cooja/mtype952.a(ctimer.o)
                0x000000000000ce3b                ctimer_init
                0x000000000000ce80                ctimer_set
                0x000000000000ceb3                ctimer_set_with_process
                0x000000000000cf4a                ctimer_reset
                0x000000000000cfb8                ctimer_restart
                0x000000000000d026                ctimer_stop
                0x000000000000d086                ctimer_expired
 .text          0x000000000000d0f8       0x39 build/cooja/mtype952.a(energest.o)
                0x000000000000d0f8                energest_init
                0x000000000000d108                energest_flush
                0x000000000000d118                energest_get_total_time
 .text          0x000000000000d131      0x527 build/cooja/mtype952.a(etimer.o)
                0x000000000000d386                etimer_request_poll
                0x000000000000d437                etimer_set
                0x000000000000d470                etimer_reset_with_new_interval
                0x000000000000d4af                etimer_reset
                0x000000000000d4e5                etimer_restart
                0x000000000000d51b                etimer_adjust
                0x000000000000d542                etimer_expired
                0x000000000000d55f                etimer_expiration_time
                0x000000000000d57b                etimer_start_time
                0x000000000000d58f                etimer_pending
                0x000000000000d5ac                etimer_next_expiration_time
                0x000000000000d5d4                etimer_stop
 .text          0x000000000000d658      0x4a3 build/cooja/mtype952.a(log.o)
                0x000000000000d658                log_6addr
                0x000000000000d6bc                log_6addr_compact_snprint
                0x000000000000d77c                log_6addr_compact
                0x000000000000d7e0                log_lladdr
                0x000000000000d867                log_lladdr_compact
                0x000000000000d8e4                log_bytes
                0x000000000000d938                log_set_level
                0x000000000000da16                log_get_level
                0x000000000000daa7                log_level_to_str
 .text          0x000000000000dafb      0x122 build/cooja/mtype952.a(rtimer.o)
                0x000000000000dafb                rtimer_init
                0x000000000000db1a                rtimer_set
                0x000000000000dba8                rtimer_run_next
 .text          0x000000000000dc1d       0x36 build/cooja/mtype952.a(node-id.o)
                0x000000000000dc1d                node_id_init
 .text          0x000000000000dc53      0x5cb build/cooja/mtype952.a(process.o)
                0x000000000000dc53                process_alloc_event
                0x000000000000dc74                process_start
                0x000000000000de79                process_exit
                0x000000000000dea1                process_init
                0x000000000000e069                process_run
                0x000000000000e0ac                process_nevents
                0x000000000000e0d1                process_post
                0x000000000000e17e                process_post_synch
                0x000000000000e1c4                process_poll
                0x000000000000e200                process_is_running
 .text.__x86.get_pc_thunk.si
                0x000000000000e21e        0x4 build/cooja/mtype952.a(process.o)
                0x000000000000e21e                __x86.get_pc_thunk.si
 .text          0x000000000000e222       0xf6 build/cooja/mtype952.a(timer.o)
                0x000000000000e222                timer_set
                0x000000000000e251                timer_reset
                0x000000000000e288                timer_restart
                0x000000000000e2ae                timer_expired
                0x000000000000e2ec                timer_remaining
 .text          0x000000000000e318      0x311 build/cooja/mtype952.a(list.o)
                0x000000000000e318                list_init
                0x000000000000e331                list_head
                0x000000000000e345                list_copy
                0x000000000000e35f                list_tail
                0x000000000000e39f                list_add
                0x000000000000e3f5                list_push
                0x000000000000e42b                list_chop
                0x000000000000e49f                list_pop
                0x000000000000e4d1                list_remove
                0x000000000000e543                list_length
                0x000000000000e57b                list_insert
                0x000000000000e5ca                list_item_next
                0x000000000000e5eb                list_contains
 .text          0x000000000000e629      0x566 build/cooja/mtype952.a(button-hal.o)
                0x000000000000e81d                button_hal_get_by_id
                0x000000000000e867                button_hal_get_by_index
                0x000000000000e8a1                button_hal_get_state
                0x000000000000e903                button_hal_init
 .text          0x000000000000eb8f      0x242 build/cooja/mtype952.a(serial-line.o)
                0x000000000000eb8f                serial_line_input_byte
                0x000000000000ed87                serial_line_init
 .text          0x000000000000edd1      0x1d6 build/cooja/mtype952.a(gpio-hal.o)
                0x000000000000edd1                gpio_hal_register_handler
                0x000000000000edff                gpio_hal_event_handler
                0x000000000000ee6c                gpio_hal_init
                0x000000000000ee9b                gpio_hal_arch_port_toggle_pin
                0x000000000000eee6                gpio_hal_arch_port_toggle_pins
                0x000000000000ef23                gpio_hal_arch_no_port_toggle_pin
                0x000000000000ef70                gpio_hal_arch_no_port_toggle_pins
 .text          0x000000000000efa7      0x3a9 build/cooja/mtype952.a(queuebuf.o)
                0x000000000000efbb                queuebuf_init
                0x000000000000eff7                queuebuf_numfree
                0x000000000000f021                queuebuf_new_from_packetbuf
                0x000000000000f0d5                queuebuf_update_attr_from_packetbuf
                0x000000000000f119                queuebuf_update_from_packetbuf
                0x000000000000f178                queuebuf_free
                0x000000000000f1d6                queuebuf_to_packetbuf
                0x000000000000f253                queuebuf_dataptr
                0x000000000000f29f                queuebuf_datalen
                0x000000000000f2cc                queuebuf_addr
                0x000000000000f30b                queuebuf_attr
                0x000000000000f340                queuebuf_debug_print
 .text          0x000000000000f350      0x4dd build/cooja/mtype952.a(packetbuf.o)
                0x000000000000f350                packetbuf_clear
                0x000000000000f386                packetbuf_copyfrom
                0x000000000000f3e6                packetbuf_copyto
                0x000000000000f484                packetbuf_hdralloc
                0x000000000000f514                packetbuf_hdrreduce
                0x000000000000f566                packetbuf_set_datalen
                0x000000000000f58b                packetbuf_dataptr
                0x000000000000f5b2                packetbuf_hdrptr
                0x000000000000f5c7                packetbuf_datalen
                0x000000000000f5dd                packetbuf_hdrlen
                0x000000000000f5fc                packetbuf_totlen
                0x000000000000f61c                packetbuf_remaininglen
                0x000000000000f639                packetbuf_attr_clear
                0x000000000000f69f                packetbuf_attr_copyto
                0x000000000000f6e5                packetbuf_attr_copyfrom
                0x000000000000f72b                packetbuf_set_attr
                0x000000000000f761                packetbuf_attr
                0x000000000000f787                packetbuf_set_addr
                0x000000000000f7cf                packetbuf_addr
                0x000000000000f7f9                packetbuf_holds_broadcast
 .text          0x000000000000f82d      0x13c build/cooja/mtype952.a(netstack.o)
                0x000000000000f82d                netstack_process_ip_callback
                0x000000000000f8ce                netstack_ip_packet_processor_add
                0x000000000000f902                uip_ds6_ip_packet_processor_rm
                0x000000000000f930                netstack_init
 .text          0x000000000000f969       0x75 build/cooja/mtype952.a(linkaddr.o)
                0x000000000000f969                linkaddr_copy
                0x000000000000f989                linkaddr_cmp
                0x000000000000f9bc                linkaddr_set_node_addr
 .text          0x000000000000f9de      0x273 build/cooja/mtype952.a(csma.o)
 .text          0x000000000000fc51      0xa6f build/cooja/mtype952.a(csma-output.o)
                0x00000000000103c3                csma_output_packet
                0x0000000000010672                csma_output_init
 .text          0x00000000000106c0      0xe47 build/cooja/mtype952.a(uip-ds6.o)
                0x00000000000106c0                uip_ds6_default_prefix
                0x00000000000106d5                uip_ds6_set_default_prefix
                0x000000000001070b                uip_ds6_init
                0x00000000000109a6                uip_ds6_periodic
                0x0000000000010a4e                uip_ds6_list_loop
                0x0000000000010b1d                uip_ds6_prefix_add
                0x0000000000010be4                uip_ds6_prefix_rm
                0x0000000000010c01                uip_ds6_prefix_lookup
                0x0000000000010c54                uip_ds6_is_addr_onlink
                0x0000000000010ce1                uip_ds6_addr_add
                0x0000000000010e23                uip_ds6_addr_rm
                0x0000000000010ee2                uip_ds6_addr_lookup
                0x0000000000010f32                uip_ds6_get_link_local
                0x0000000000010fd0                uip_ds6_get_global
                0x000000000001106e                uip_ds6_maddr_add
                0x00000000000110ea                uip_ds6_maddr_rm
                0x0000000000011107                uip_ds6_maddr_lookup
                0x000000000001115a                uip_ds6_aaddr_add
                0x00000000000111d3                uip_ds6_aaddr_rm
                0x00000000000111f0                uip_ds6_aaddr_lookup
                0x0000000000011240                uip_ds6_select_src
                0x00000000000113ae                uip_ds6_set_addr_iid
                0x00000000000113e3                uip_ds6_set_lladdr_from_iid
                0x0000000000011416                get_match_length
                0x00000000000114b1                uip_ds6_compute_reachable_time
 .text          0x0000000000011507      0x152 build/cooja/mtype952.a(uip-udp-packet.)
                0x0000000000011507                uip_udp_packet_send
                0x0000000000011580                uip_udp_packet_sendto
 .text          0x0000000000011659      0x43f build/cooja/mtype952.a(uip-ds6-route.o)
                0x00000000000116bb                uip_ds6_route_init
                0x00000000000116f7                uip_ds6_route_nexthop
                0x000000000001170b                uip_ds6_route_head
                0x000000000001171f                uip_ds6_route_next
                0x0000000000011733                uip_ds6_route_is_nexthop
                0x0000000000011747                uip_ds6_route_num_routes
                0x000000000001175b                uip_ds6_route_lookup
                0x000000000001176f                uip_ds6_route_add
                0x000000000001178c                uip_ds6_route_rm
                0x000000000001179c                uip_ds6_route_rm_by_nexthop
                0x00000000000117ac                uip_ds6_defrt_head
                0x00000000000117d6                uip_ds6_defrt_add
                0x0000000000011896                uip_ds6_defrt_rm
                0x000000000001190f                uip_ds6_defrt_lookup
                0x0000000000011986                uip_ds6_defrt_choose
                0x0000000000011a0c                uip_ds6_defrt_periodic
 .text          0x0000000000011a98      0x43e build/cooja/mtype952.a(uip-ds6-nbr.o)
                0x0000000000011a98                uip_ds6_neighbors_init
                0x0000000000011ace                uip_ds6_nbr_add
                0x0000000000011b68                uip_ds6_nbr_rm
                0x0000000000011bc7                uip_ds6_nbr_update_ll
                0x0000000000011cc4                uip_ds6_nbr_get_ipaddr
                0x0000000000011ce3                uip_ds6_nbr_get_ll
                0x0000000000011d10                uip_ds6_nbr_num
                0x0000000000011d6a                uip_ds6_nbr_head
                0x0000000000011d94                uip_ds6_nbr_next
                0x0000000000011dc1                uip_ds6_nbr_lookup
                0x0000000000011e28                uip_ds6_nbr_ll_lookup
                0x0000000000011e55                uip_ds6_nbr_ipaddr_from_lladdr
                0x0000000000011e88                uip_ds6_nbr_lladdr_from_ipaddr
                0x0000000000011ec6                uip_ds6_link_callback
 .text          0x0000000000011ed6      0x870 build/cooja/mtype952.a(tcpip.o)
                0x0000000000011efc                tcpip_output
                0x0000000000011fab                udp_attach
                0x0000000000011fcd                udp_new
                0x0000000000012027                udp_broadcast_new
                0x00000000000121c7                tcpip_input
                0x00000000000123bd                tcpip_ipv6_output
                0x00000000000125f9                tcpip_poll_udp
                0x0000000000012629                tcpip_uipcall
 .text          0x0000000000012746     0x1520 build/cooja/mtype952.a(uip6.o)
                0x00000000000127ff                uip_chksum
                0x00000000000128f7                uip_icmp6chksum
                0x0000000000012916                uip_udpchksum
                0x0000000000012935                uip_init
                0x0000000000012994                uip_remove_ext_hdr
                0x0000000000012a8f                uip_udp_new
                0x0000000000012e08                uip_process
                0x0000000000013af6                uip_htons
                0x0000000000013b22                uip_htonl
                0x0000000000013b6c                uip_send
 .text          0x0000000000013c66      0x7d4 build/cooja/mtype952.a(uip-nd6.o)
                0x000000000001440f                uip_nd6_init
 .text          0x000000000001443a     0x333d build/cooja/mtype952.a(sicslowpan.o)
                0x0000000000014b38                netstack_sniffer_add
                0x0000000000014b51                netstack_sniffer_remove
                0x0000000000017736                sicslowpan_init
                0x0000000000017762                sicslowpan_get_last_rssi
 .text          0x0000000000017777      0x51a build/cooja/mtype952.a(uiplib.o)
                0x0000000000017777                uiplib_ip6addrconv
                0x000000000001793d                uiplib_ip4addrconv
                0x0000000000017a0a                uiplib_ipaddr_print
                0x0000000000017a6e                uiplib_ipaddr_snprint
 .text          0x0000000000017c91      0x820 build/cooja/mtype952.a(rpl.o)
                0x0000000000017c91                rpl_lollipop_greater_than
                0x0000000000017cf4                rpl_get_global_address
                0x0000000000017e2a                rpl_link_callback
                0x0000000000017f23                rpl_has_joined
                0x0000000000017f59                rpl_is_reachable
                0x0000000000017ffc                rpl_reset_prefix
                0x00000000000180f6                rpl_set_prefix_from_addr
                0x00000000000182c5                rpl_set_prefix
                0x0000000000018478                rpl_set_leaf_only
                0x000000000001849b                rpl_get_leaf_only
 .text          0x00000000000184b1     0x205c build/cooja/mtype952.a(rpl-icmp6.o)
                0x000000000001860e                rpl_icmp6_update_nbr_table
                0x000000000001884f                rpl_icmp6_dis_output
                0x0000000000019212                rpl_icmp6_dio_output
                0x0000000000019d54                rpl_icmp6_dao_output
                0x000000000001a38c                rpl_icmp6_dao_ack_output
                0x000000000001a4ad                rpl_icmp6_init
 .text          0x000000000001a50d     0x1c61 build/cooja/mtype952.a(rpl-dag.o)
                0x000000000001a50d                rpl_dag_state_to_str
                0x000000000001a55b                rpl_dag_get_root_ipaddr
                0x000000000001a5ab                rpl_dag_leave
                0x000000000001a6ef                rpl_dag_poison_and_leave
                0x000000000001a71b                rpl_dag_periodic
                0x000000000001a86b                rpl_is_addr_in_our_dag
                0x000000000001a8ca                rpl_get_default_instance
                0x000000000001a8f4                rpl_get_any_dag
                0x000000000001a96a                rpl_refresh_routes
                0x000000000001aa3f                rpl_global_repair
                0x000000000001ac09                rpl_local_repair
                0x000000000001acb4                rpl_dag_ready_to_advertise
                0x000000000001ad0d                rpl_dag_update_state
                0x000000000001bb7c                rpl_process_dio
                0x000000000001bc5c                rpl_process_dis
                0x000000000001bcf1                rpl_process_dao
                0x000000000001bdd5                rpl_process_dao_ack
                0x000000000001bede                rpl_process_hbh
                0x000000000001bf3e                rpl_dag_init_root
                0x000000000001c13c                rpl_dag_init
 .text          0x000000000001c16e      0x571 build/cooja/mtype952.a(rpl-dag-root.o)
                0x000000000001c16e                rpl_dag_root_print_links
                0x000000000001c4d7                rpl_dag_root_set_prefix
                0x000000000001c512                rpl_dag_root_start
                0x000000000001c69d                rpl_dag_root_is_root
 .text          0x000000000001c6df       0x6b build/cooja/mtype952.a(watchdog.o)
                0x000000000001c6df                watchdog_init
                0x000000000001c6ef                watchdog_start
                0x000000000001c6ff                watchdog_periodic
                0x000000000001c72a                watchdog_stop
                0x000000000001c73a                watchdog_reboot
 .text          0x000000000001c74a       0x75 build/cooja/mtype952.a(int-master.o)
                0x000000000001c74a                int_master_enable
                0x000000000001c764                int_master_read_and_disable
                0x000000000001c78c                int_master_status_set
                0x000000000001c7a5                int_master_is_enabled
 .text          0x000000000001c7bf      0x11d build/cooja/mtype952.a(stimer.o)
                0x000000000001c7bf                stimer_set
                0x000000000001c7ee                stimer_reset
                0x000000000001c825                stimer_restart
                0x000000000001c84b                stimer_expired
                0x000000000001c887                stimer_remaining
                0x000000000001c8b3                stimer_elapsed
 .text          0x000000000001c8dc      0x1ec build/cooja/mtype952.a(memb.o)
                0x000000000001c8dc                memb_init
                0x000000000001c940                memb_alloc
                0x000000000001c9ad                memb_free
                0x000000000001ca2e                memb_inmemb
                0x000000000001ca77                memb_numfree
 .text          0x000000000001cac8       0x31 build/cooja/mtype952.a(assert.o)
                0x000000000001cac8                _xassert
 .text          0x000000000001caf9      0x188 build/cooja/mtype952.a(ringbuf.o)
                0x000000000001caf9                ringbuf_init
                0x000000000001cb35                ringbuf_put
                0x000000000001cbbd                ringbuf_get
                0x000000000001cc34                ringbuf_size
                0x000000000001cc50                ringbuf_elements
 .text          0x000000000001cc81      0x8d0 build/cooja/mtype952.a(nbr-table.o)
                0x000000000001d194                nbr_table_register
                0x000000000001d212                nbr_table_is_registered
                0x000000000001d257                nbr_table_head
                0x000000000001d2c4                nbr_table_next
                0x000000000001d336                nbr_table_add_lladdr
                0x000000000001d427                nbr_table_get_from_lladdr
                0x000000000001d484                nbr_table_remove
                0x000000000001d4cf                nbr_table_lock
                0x000000000001d4f5                nbr_table_unlock
                0x000000000001d51b                nbr_table_get_lladdr
 .text          0x000000000001d551      0x43d build/cooja/mtype952.a(link-stats.o)
                0x000000000001d551                link_stats_from_lladdr
                0x000000000001d57e                link_stats_get_lladdr
                0x000000000001d5ab                link_stats_is_fresh
                0x000000000001d5f8                guess_etx_from_rssi
                0x000000000001d67e                link_stats_packet_sent
                0x000000000001d7af                link_stats_input_callback
                0x000000000001d8e3                link_stats_reset
                0x000000000001d945                link_stats_init
 .text          0x000000000001d98e      0x1a8 build/cooja/mtype952.a(mac-sequence.o)
                0x000000000001d98e                mac_sequence_is_duplicate
                0x000000000001da4e                mac_sequence_register_seqno
 .text          0x000000000001db36       0x2d build/cooja/mtype952.a(mac.o)
                0x000000000001db36                mac_call_sent_callback
 .text          0x000000000001db63      0x477 build/cooja/mtype952.a(framer-802154.o)
                0x000000000001dd06                framer_802154_setup_params
 .text          0x000000000001dfda      0xc1a build/cooja/mtype952.a(frame802154.o)
                0x000000000001e015                frame802154_get_pan_id
                0x000000000001e02b                frame802154_set_pan_id
                0x000000000001e050                frame802154_has_panid
                0x000000000001e209                frame802154_check_dest_panid
                0x000000000001e29b                frame802154_is_broadcast_addr
                0x000000000001e2f2                frame802154_extract_linkaddr
                0x000000000001e57b                frame802154_hdrlen
                0x000000000001e5f8                frame802154_create_fcf
                0x000000000001e6ba                frame802154_create
                0x000000000001e845                frame802154_parse_fcf
                0x000000000001e931                frame802154_parse
 .text          0x000000000001ebf4       0x4e build/cooja/mtype952.a(csma-security.o)
                0x000000000001ebf4                csma_security_create_frame
                0x000000000001ec25                csma_security_parse_frame
 .text          0x000000000001ec42      0x5b2 build/cooja/mtype952.a(uipbuf.o)
                0x000000000001ec42                uipbuf_clear
                0x000000000001ec79                uipbuf_add_ext_hdr
                0x000000000001ed14                uipbuf_set_len
                0x000000000001ed4e                uipbuf_set_len_field
                0x000000000001ed84                uipbuf_get_len_field
                0x000000000001edae                uipbuf_get_next_header
                0x000000000001eeea                uipbuf_get_last_header
                0x000000000001ef6d                uipbuf_search_header
                0x000000000001f031                uipbuf_get_attr
                0x000000000001f062                uipbuf_set_attr
                0x000000000001f0a3                uipbuf_set_default_attr
                0x000000000001f0e4                uipbuf_clear_attr
                0x000000000001f118                uipbuf_set_attr_flag
                0x000000000001f144                uipbuf_clr_attr_flag
                0x000000000001f176                uipbuf_is_attr_flag
                0x000000000001f1a4                uipbuf_init
 .text          0x000000000001f1f4      0x8b7 build/cooja/mtype952.a(uip-icmp6.o)
                0x000000000001f279                uip_icmp6_input
                0x000000000001f2da                uip_icmp6_register_input_handler
                0x000000000001f48e                uip_icmp6_error_output
                0x000000000001f7d0                uip_icmp6_send
                0x000000000001f9fe                uip_icmp6_echo_reply_callback_add
                0x000000000001fa41                uip_icmp6_echo_reply_callback_rm
                0x000000000001fa6f                uip_icmp6_init
 .text          0x000000000001faab      0x772 build/cooja/mtype952.a(uip-sr.o)
                0x000000000001faab                uip_sr_num_nodes
                0x000000000001fb57                uip_sr_get_node
                0x000000000001fbbe                uip_sr_is_addr_reachable
                0x000000000001fc7b                uip_sr_expire_parent
                0x000000000001fcce                uip_sr_update_node
                0x000000000001fe12                uip_sr_init
                0x000000000001fe58                uip_sr_node_head
                0x000000000001fe82                uip_sr_node_next
                0x000000000001fea8                uip_sr_periodic
                0x000000000001ffc4                uip_sr_free_all
                0x0000000000020049                uip_sr_link_snprint
 .text          0x000000000002021d      0x1a5 build/cooja/mtype952.a(uip-packetqueue)
                0x000000000002025d                uip_packetqueue_new
                0x0000000000020276                uip_packetqueue_alloc
                0x00000000000202e5                uip_packetqueue_free
                0x000000000002033d                uip_packetqueue_buf
                0x0000000000020364                uip_packetqueue_buflen
                0x000000000002038f                uip_packetqueue_set_buflen
 .text          0x00000000000203c2      0x348 build/cooja/mtype952.a(rpl-nbr-policy.)
                0x00000000000206b8                rpl_nbr_policy_find_removable
 .text          0x000000000002070a      0xe1e build/cooja/mtype952.a(rpl-neighbor.o)
                0x00000000000207a6                rpl_neighbor_snprint
                0x0000000000020a8e                rpl_neighbor_print_list
                0x0000000000020cd8                rpl_neighbor_count
                0x0000000000020dbb                rpl_neighbor_get_from_lladdr
                0x0000000000020de8                rpl_neighbor_is_acceptable_parent
                0x0000000000020e2e                rpl_neighbor_get_link_metric
                0x0000000000020e74                rpl_neighbor_rank_via_nbr
                0x0000000000020eba                rpl_neighbor_get_lladdr
                0x0000000000020ee7                rpl_neighbor_get_ipaddr
                0x0000000000020f1d                rpl_neighbor_get_link_stats
                0x0000000000020f53                rpl_neighbor_is_fresh
                0x0000000000020f89                rpl_neighbor_is_reachable
                0x0000000000020fe6                rpl_neighbor_is_parent
                0x000000000002101d                rpl_neighbor_set_preferred_parent
                0x00000000000211a9                rpl_neighbor_remove_all
                0x0000000000021255                rpl_neighbor_get_from_ipaddr
                0x000000000002138f                rpl_neighbor_select_best
                0x00000000000214f6                rpl_neighbor_init
 .text          0x0000000000021528      0xf08 build/cooja/mtype952.a(rpl-timers.o)
                0x0000000000021528                rpl_timers_schedule_periodic_dis
                0x00000000000216d2                rpl_timers_dio_reset
                0x000000000002188f                rpl_timers_schedule_unicast_dio
                0x0000000000021a62                rpl_timers_schedule_dao
                0x0000000000021b68                rpl_timers_schedule_dao_ack
                0x0000000000021c37                rpl_timers_notify_dao_ack
                0x0000000000021cbd                get_probing_delay
                0x0000000000021d02                get_probing_target
                0x000000000002203c                rpl_schedule_probing
                0x0000000000022088                rpl_schedule_probing_now
                0x0000000000022122                rpl_timers_unschedule_leaving
                0x000000000002217c                rpl_timers_schedule_leaving
                0x00000000000221e1                rpl_timers_init
                0x00000000000222d4                rpl_timers_stop_dag_timers
                0x0000000000022391                rpl_timers_unschedule_state_update
                0x00000000000223cd                rpl_timers_schedule_state_update
 .text          0x0000000000022430     0x14a6 build/cooja/mtype952.a(rpl-ext-header.)
                0x0000000000022430                rpl_ext_header_srh_get_next_hop
                0x000000000002257a                rpl_ext_header_srh_update
                0x0000000000022fee                rpl_ext_header_hbh_update
                0x0000000000023650                rpl_ext_header_update
                0x00000000000236ff                rpl_ext_header_remove
 .text          0x00000000000238d6      0x3e2 build/cooja/mtype952.a(rpl-mrhof.o)
 *fill*         0x0000000000023cb8        0x8 
 .text          0x0000000000023cc0       0x14 /usr/lib/i386-linux-gnu/libc_nonshared.a(stack_chk_fail_local.oS)
                0x0000000000023cc0                __stack_chk_fail_local
 .text          0x0000000000023cd4        0x0 /usr/lib/gcc/i686-linux-gnu/7/crtendS.o
 .text          0x0000000000023cd4        0x0 /usr/lib/gcc/i686-linux-gnu/7/../../../i386-linux-gnu/crtn.o
 *(.gnu.warning)

.fini           0x0000000000023cd4       0x14
 *(SORT_NONE(.fini))
 .fini          0x0000000000023cd4        0xf /usr/lib/gcc/i686-linux-gnu/7/../../../i386-linux-gnu/crti.o
                0x0000000000023cd4                _fini
 .fini          0x0000000000023ce3        0x5 /usr/lib/gcc/i686-linux-gnu/7/../../../i386-linux-gnu/crtn.o
                [!provide]                        PROVIDE (__etext = .)
                [!provide]                        PROVIDE (_etext = .)
                [!provide]                        PROVIDE (etext = .)

.rodata         0x0000000000023ce8     0x195b
 *(.rodata .rodata.* .gnu.linkonce.r.*)
 .rodata        0x0000000000023ce8      0x13c temperatureSensor.o
 .rodata        0x0000000000023e24        0x6 build/cooja/mtype952.a(leds-arch.o)
                0x0000000000023e24                leds_arch_leds
 .rodata        0x0000000000023e2a        0x4 build/cooja/mtype952.a(pir-sensor.o)
 .rodata        0x0000000000023e2e        0x6 build/cooja/mtype952.a(rs232.o)
 .rodata        0x0000000000023e34        0xa build/cooja/mtype952.a(vib-sensor.o)
 *fill*         0x0000000000023e3e        0x2 
 .rodata        0x0000000000023e40       0x27 build/cooja/mtype952.a(cfs-cooja.o)
 *fill*         0x0000000000023e67        0x1 
 .rodata        0x0000000000023e68       0x68 build/cooja/mtype952.a(cooja-radio.o)
 .rodata        0x0000000000023ed0        0x8 build/cooja/mtype952.a(sensors.o)
 .rodata        0x0000000000023ed8       0x14 build/cooja/mtype952.a(buttons.o)
                0x0000000000023ee4                button_hal_button_count
 .rodata        0x0000000000023eec       0xfc build/cooja/mtype952.a(contiki-main.o)
 .rodata        0x0000000000023fe8        0xf build/cooja/mtype952.a(ctimer.o)
 .rodata        0x0000000000023ff7        0xc build/cooja/mtype952.a(etimer.o)
 *fill*         0x0000000000024003        0x1 
 .rodata        0x0000000000024004       0xc4 build/cooja/mtype952.a(log.o)
 .rodata        0x00000000000240c8       0x13 build/cooja/mtype952.a(button-hal.o)
 .rodata        0x00000000000240db        0xe build/cooja/mtype952.a(serial-line.o)
 *fill*         0x00000000000240e9        0x3 
 .rodata        0x00000000000240ec        0x8 build/cooja/mtype952.a(linkaddr.o)
                0x00000000000240ec                linkaddr_null
 .rodata        0x00000000000240f4        0x5 build/cooja/mtype952.a(csma.o)
 *fill*         0x00000000000240f9        0x3 
 .rodata        0x00000000000240fc       0x21 build/cooja/mtype952.a(csma-output.o)
 *fill*         0x000000000002411d        0x3 
 .rodata        0x0000000000024120       0x4d build/cooja/mtype952.a(uip-ds6-route.o)
 .rodata        0x000000000002416d        0xd build/cooja/mtype952.a(tcpip.o)
 *fill*         0x000000000002417a        0x2 
 .rodata        0x000000000002417c       0x1f build/cooja/mtype952.a(sicslowpan.o)
                0x000000000002417c                unc_llconf
                0x0000000000024180                unc_ctxconf
                0x0000000000024184                unc_mxconf
                0x0000000000024188                llprefix
 .rodata        0x000000000002419b       0x2d build/cooja/mtype952.a(uiplib.o)
 .rodata        0x00000000000241c8       0xd4 build/cooja/mtype952.a(rpl.o)
 .rodata        0x000000000002429c      0x587 build/cooja/mtype952.a(rpl-icmp6.o)
 *fill*         0x0000000000024823        0x1 
 .rodata        0x0000000000024824      0x60c build/cooja/mtype952.a(rpl-dag.o)
 .rodata        0x0000000000024e30       0xc4 build/cooja/mtype952.a(rpl-dag-root.o)
 .rodata        0x0000000000024ef4       0x25 build/cooja/mtype952.a(assert.o)
 .rodata        0x0000000000024f19       0x44 build/cooja/mtype952.a(uip-sr.o)
 *fill*         0x0000000000024f5d        0x3 
 .rodata        0x0000000000024f60       0xe3 build/cooja/mtype952.a(rpl-nbr-policy.)
 *fill*         0x0000000000025043        0x1 
 .rodata        0x0000000000025044      0x15a build/cooja/mtype952.a(rpl-neighbor.o)
 .rodata        0x000000000002519e       0x89 build/cooja/mtype952.a(rpl-timers.o)
 *fill*         0x0000000000025227        0x1 
 .rodata        0x0000000000025228      0x3f6 build/cooja/mtype952.a(rpl-ext-header.)
 .rodata        0x000000000002561e       0x25 build/cooja/mtype952.a(rpl-mrhof.o)

.rodata1
 *(.rodata1)

.eh_frame_hdr   0x0000000000025644     0x160c
 *(.eh_frame_hdr)
 .eh_frame_hdr  0x0000000000025644     0x160c temperatureSensor.o
                0x0000000000025644                __GNU_EH_FRAME_HDR
 *(.eh_frame_entry .eh_frame_entry.*)

.eh_frame       0x0000000000026c50     0x5f34
 *(.eh_frame)
 .eh_frame      0x0000000000026c50       0x3c /usr/lib/gcc/i686-linux-gnu/7/../../../i386-linux-gnu/crti.o
                                         0x40 (size before relaxing)
 .eh_frame      0x0000000000026c8c       0x14 /usr/lib/gcc/i686-linux-gnu/7/../../../i386-linux-gnu/crti.o
                                         0x2c (size before relaxing)
 .eh_frame      0x0000000000026ca0       0x6c temperatureSensor.o
                                         0x98 (size before relaxing)
 .eh_frame      0x0000000000026d0c      0x1ac build/cooja/mtype952.o
                                        0x1ec (size before relaxing)
 .eh_frame      0x0000000000026eb8       0x48 build/cooja/mtype952.a(simEnvChange.o)
                                         0x74 (size before relaxing)
 .eh_frame      0x0000000000026f00       0x6c build/cooja/mtype952.a(cooja_mt.o)
                                         0x98 (size before relaxing)
 .eh_frame      0x0000000000026f6c       0x88 build/cooja/mtype952.a(cooja_mtarch.o)
                                         0xc8 (size before relaxing)
 .eh_frame      0x0000000000026ff4       0xe4 build/cooja/mtype952.a(rtimer-arch.o)
                                        0x110 (size before relaxing)
 .eh_frame      0x00000000000270d8      0x160 build/cooja/mtype952.a(beep.o)
                                        0x18c (size before relaxing)
 .eh_frame      0x0000000000027238       0x88 build/cooja/mtype952.a(leds-arch.o)
                                         0xc8 (size before relaxing)
 .eh_frame      0x00000000000272c0       0x44 build/cooja/mtype952.a(moteid.o)
                                         0x70 (size before relaxing)
 .eh_frame      0x0000000000027304       0xa4 build/cooja/mtype952.a(pir-sensor.o)
                                         0xe4 (size before relaxing)
 .eh_frame      0x00000000000273a8      0x110 build/cooja/mtype952.a(rs232.o)
                                        0x150 (size before relaxing)
 .eh_frame      0x00000000000274b8       0xa4 build/cooja/mtype952.a(vib-sensor.o)
                                         0xe4 (size before relaxing)
 .eh_frame      0x000000000002755c       0xc0 build/cooja/mtype952.a(clock.o)
                                         0xec (size before relaxing)
 .eh_frame      0x000000000002761c      0x130 build/cooja/mtype952.a(cooja-log.o)
                                        0x170 (size before relaxing)
 .eh_frame      0x000000000002774c      0x16c build/cooja/mtype952.a(cfs-cooja.o)
                                        0x1ac (size before relaxing)
 .eh_frame      0x00000000000278b8      0x354 build/cooja/mtype952.a(cooja-radio.o)
                                        0x394 (size before relaxing)
 .eh_frame      0x0000000000027c0c       0xa8 build/cooja/mtype952.a(eeprom.o)
                                         0xe8 (size before relaxing)
 .eh_frame      0x0000000000027cb4       0x48 build/cooja/mtype952.a(random.o)
                                         0x74 (size before relaxing)
 .eh_frame      0x0000000000027cfc       0xd0 build/cooja/mtype952.a(sensors.o)
                                        0x110 (size before relaxing)
 .eh_frame      0x0000000000027dcc      0x140 build/cooja/mtype952.a(leds.o)
                                        0x180 (size before relaxing)
 .eh_frame      0x0000000000027f0c      0x228 build/cooja/mtype952.a(gpio-hal-arch.o)
                                        0x27c (size before relaxing)
 .eh_frame      0x0000000000028134       0xa4 build/cooja/mtype952.a(buttons.o)
                                         0xe4 (size before relaxing)
 .eh_frame      0x00000000000281d8       0x38 build/cooja/mtype952.a(contiki-main.o)
                                         0x64 (size before relaxing)
 .eh_frame      0x0000000000028210       0x48 build/cooja/mtype952.a(autostart.o)
                                         0x74 (size before relaxing)
 .eh_frame      0x0000000000028258      0x11c build/cooja/mtype952.a(ctimer.o)
                                        0x15c (size before relaxing)
 .eh_frame      0x0000000000028374       0x60 build/cooja/mtype952.a(energest.o)
                                         0x8c (size before relaxing)
 .eh_frame      0x00000000000283d4      0x204 build/cooja/mtype952.a(etimer.o)
                                        0x244 (size before relaxing)
 .eh_frame      0x00000000000285d8      0x144 build/cooja/mtype952.a(log.o)
                                        0x184 (size before relaxing)
 .eh_frame      0x000000000002871c       0x6c build/cooja/mtype952.a(rtimer.o)
                                         0xc0 (size before relaxing)
 .eh_frame      0x0000000000028788       0x20 build/cooja/mtype952.a(node-id.o)
                                         0x4c (size before relaxing)
 .eh_frame      0x00000000000287a8      0x1ec build/cooja/mtype952.a(process.o)
                                        0x22c (size before relaxing)
 .eh_frame      0x0000000000028994       0xb4 build/cooja/mtype952.a(timer.o)
                                         0xe0 (size before relaxing)
 .eh_frame      0x0000000000028a48      0x1a0 build/cooja/mtype952.a(list.o)
                                        0x1cc (size before relaxing)
 .eh_frame      0x0000000000028be8      0x188 build/cooja/mtype952.a(button-hal.o)
                                        0x1c8 (size before relaxing)
 .eh_frame      0x0000000000028d70       0x6c build/cooja/mtype952.a(serial-line.o)
                                         0x98 (size before relaxing)
 .eh_frame      0x0000000000028ddc       0xfc build/cooja/mtype952.a(gpio-hal.o)
                                        0x13c (size before relaxing)
 .eh_frame      0x0000000000028ed8      0x1c0 build/cooja/mtype952.a(queuebuf.o)
                                        0x200 (size before relaxing)
 .eh_frame      0x0000000000029098      0x2b0 build/cooja/mtype952.a(packetbuf.o)
                                        0x2f0 (size before relaxing)
 .eh_frame      0x0000000000029348       0x90 build/cooja/mtype952.a(netstack.o)
                                         0xd0 (size before relaxing)
 .eh_frame      0x00000000000293d8       0x64 build/cooja/mtype952.a(linkaddr.o)
                                         0x90 (size before relaxing)
 .eh_frame      0x000000000002943c       0xf0 build/cooja/mtype952.a(csma.o)
                                        0x130 (size before relaxing)
 .eh_frame      0x000000000002952c      0x1f8 build/cooja/mtype952.a(csma-output.o)
                                        0x238 (size before relaxing)
 .eh_frame      0x0000000000029724      0x364 build/cooja/mtype952.a(uip-ds6.o)
                                        0x3a4 (size before relaxing)
 .eh_frame      0x0000000000029a88       0x44 build/cooja/mtype952.a(uip-udp-packet.)
                                         0x84 (size before relaxing)
 .eh_frame      0x0000000000029acc      0x240 build/cooja/mtype952.a(uip-ds6-route.o)
                                        0x280 (size before relaxing)
 .eh_frame      0x0000000000029d0c      0x1e8 build/cooja/mtype952.a(uip-ds6-nbr.o)
                                        0x228 (size before relaxing)
 .eh_frame      0x0000000000029ef4      0x270 build/cooja/mtype952.a(tcpip.o)
                                        0x2b0 (size before relaxing)
 .eh_frame      0x000000000002a164      0x20c build/cooja/mtype952.a(uip6.o)
                                        0x24c (size before relaxing)
 .eh_frame      0x000000000002a370       0x8c build/cooja/mtype952.a(uip-nd6.o)
                                         0xe0 (size before relaxing)
 .eh_frame      0x000000000002a3fc      0x354 build/cooja/mtype952.a(sicslowpan.o)
                                        0x3a8 (size before relaxing)
 .eh_frame      0x000000000002a750       0x9c build/cooja/mtype952.a(uiplib.o)
                                         0xdc (size before relaxing)
 .eh_frame      0x000000000002a7ec      0x1fc build/cooja/mtype952.a(rpl.o)
                                        0x23c (size before relaxing)
 .eh_frame      0x000000000002a9e8      0x204 build/cooja/mtype952.a(rpl-icmp6.o)
                                        0x244 (size before relaxing)
 .eh_frame      0x000000000002abec      0x3c0 build/cooja/mtype952.a(rpl-dag.o)
                                        0x414 (size before relaxing)
 .eh_frame      0x000000000002afac       0xb0 build/cooja/mtype952.a(rpl-dag-root.o)
                                         0xf0 (size before relaxing)
 .eh_frame      0x000000000002b05c       0xa4 build/cooja/mtype952.a(watchdog.o)
                                         0xd0 (size before relaxing)
 .eh_frame      0x000000000002b100       0x80 build/cooja/mtype952.a(int-master.o)
                                         0xac (size before relaxing)
 .eh_frame      0x000000000002b180       0xd8 build/cooja/mtype952.a(stimer.o)
                                        0x104 (size before relaxing)
 .eh_frame      0x000000000002b258       0xa4 build/cooja/mtype952.a(memb.o)
                                         0xe4 (size before relaxing)
 .eh_frame      0x000000000002b2fc       0x24 build/cooja/mtype952.a(assert.o)
                                         0x50 (size before relaxing)
 .eh_frame      0x000000000002b320       0xa0 build/cooja/mtype952.a(ringbuf.o)
                                         0xcc (size before relaxing)
 .eh_frame      0x000000000002b3c0      0x2cc build/cooja/mtype952.a(nbr-table.o)
                                        0x30c (size before relaxing)
 .eh_frame      0x000000000002b68c      0x140 build/cooja/mtype952.a(link-stats.o)
                                        0x180 (size before relaxing)
 .eh_frame      0x000000000002b7cc       0x50 build/cooja/mtype952.a(mac-sequence.o)
                                         0x7c (size before relaxing)
 .eh_frame      0x000000000002b81c       0x20 build/cooja/mtype952.a(mac.o)
                                         0x4c (size before relaxing)
 .eh_frame      0x000000000002b83c       0xb4 build/cooja/mtype952.a(framer-802154.o)
                                         0xf4 (size before relaxing)
 .eh_frame      0x000000000002b8f0      0x1b0 build/cooja/mtype952.a(frame802154.o)
                                        0x1f0 (size before relaxing)
 .eh_frame      0x000000000002baa0       0x44 build/cooja/mtype952.a(csma-security.o)
                                         0x84 (size before relaxing)
 .eh_frame      0x000000000002bae4      0x204 build/cooja/mtype952.a(uipbuf.o)
                                        0x230 (size before relaxing)
 .eh_frame      0x000000000002bce8      0x170 build/cooja/mtype952.a(uip-icmp6.o)
                                        0x1b0 (size before relaxing)
 .eh_frame      0x000000000002be58      0x1ac build/cooja/mtype952.a(uip-sr.o)
                                        0x1ec (size before relaxing)
 .eh_frame      0x000000000002c004       0xec build/cooja/mtype952.a(uip-packetqueue)
                                        0x12c (size before relaxing)
 .eh_frame      0x000000000002c0f0       0x8c build/cooja/mtype952.a(rpl-nbr-policy.)
                                         0xcc (size before relaxing)
 .eh_frame      0x000000000002c17c      0x31c build/cooja/mtype952.a(rpl-neighbor.o)
                                        0x370 (size before relaxing)
 .eh_frame      0x000000000002c498      0x418 build/cooja/mtype952.a(rpl-timers.o)
                                        0x458 (size before relaxing)
 .eh_frame      0x000000000002c8b0      0x160 build/cooja/mtype952.a(rpl-ext-header.)
                                        0x1a0 (size before relaxing)
 .eh_frame      0x000000000002ca10      0x154 build/cooja/mtype952.a(rpl-mrhof.o)
                                        0x194 (size before relaxing)
 .eh_frame      0x000000000002cb64       0x1c /usr/lib/i386-linux-gnu/libc_nonshared.a(stack_chk_fail_local.oS)
                                         0x48 (size before relaxing)
 .eh_frame      0x000000000002cb80        0x4 /usr/lib/gcc/i686-linux-gnu/7/crtendS.o
 *(.eh_frame.*)

.gcc_except_table
 *(.gcc_except_table .gcc_except_table.*)

.gnu_extab
 *(.gnu_extab*)

.exception_ranges
 *(.exception_ranges .exception_ranges*)
                0x000000000002dc18                . = DATA_SEGMENT_ALIGN (CONSTANT (MAXPAGESIZE), CONSTANT (COMMONPAGESIZE))

.eh_frame
 *(.eh_frame)
 *(.eh_frame.*)

.gnu_extab
 *(.gnu_extab)

.gcc_except_table
 *(.gcc_except_table .gcc_except_table.*)

.exception_ranges
 *(.exception_ranges .exception_ranges*)

.tdata
 *(.tdata .tdata.* .gnu.linkonce.td.*)

.tbss
 *(.tbss .tbss.* .gnu.linkonce.tb.*)
 *(.tcommon)

.preinit_array
 *(.preinit_array)

.init_array     0x000000000002dc18        0x4
 *(SORT_BY_INIT_PRIORITY(.init_array.*) SORT_BY_INIT_PRIORITY(.ctors.*))
 *(.init_array EXCLUDE_FILE(*crtend?.o *crtend.o *crtbegin?.o *crtbegin.o) .ctors)
 .init_array    0x000000000002dc18        0x4 /usr/lib/gcc/i686-linux-gnu/7/crtbeginS.o

.fini_array     0x000000000002dc1c        0x4
 *(SORT_BY_INIT_PRIORITY(.fini_array.*) SORT_BY_INIT_PRIORITY(.dtors.*))
 *(.fini_array EXCLUDE_FILE(*crtend?.o *crtend.o *crtbegin?.o *crtbegin.o) .dtors)
 .fini_array    0x000000000002dc1c        0x4 /usr/lib/gcc/i686-linux-gnu/7/crtbeginS.o

.ctors
 *crtbegin.o(.ctors)
 *crtbegin?.o(.ctors)
 *(EXCLUDE_FILE(*crtend?.o *crtend.o) .ctors)
 *(SORT_BY_NAME(.ctors.*))
 *(.ctors)

.dtors
 *crtbegin.o(.dtors)
 *crtbegin?.o(.dtors)
 *(EXCLUDE_FILE(*crtend?.o *crtend.o) .dtors)
 *(SORT_BY_NAME(.dtors.*))
 *(.dtors)

.jcr
 *(.jcr)

.data.rel.ro    0x000000000002dc20      0x198
 *(.data.rel.ro.local* .gnu.linkonce.d.rel.ro.local.*)
 .data.rel.ro.local
                0x000000000002dc20        0x8 temperatureSensor.o
                0x000000000002dc20                autostart_processes
 .data.rel.ro.local
                0x000000000002dc28        0x8 build/cooja/mtype952.a(beep.o)
                0x000000000002dc28                beep_interface
 .data.rel.ro.local
                0x000000000002dc30        0x8 build/cooja/mtype952.a(leds-arch.o)
                0x000000000002dc30                leds_interface
 .data.rel.ro.local
                0x000000000002dc38        0x8 build/cooja/mtype952.a(moteid.o)
                0x000000000002dc38                moteid_interface
 .data.rel.ro.local
                0x000000000002dc40       0x18 build/cooja/mtype952.a(pir-sensor.o)
                0x000000000002dc40                pir_interface
                0x000000000002dc48                pir_sensor
 .data.rel.ro.local
                0x000000000002dc58        0x8 build/cooja/mtype952.a(rs232.o)
                0x000000000002dc58                rs232_interface
 .data.rel.ro.local
                0x000000000002dc60       0x18 build/cooja/mtype952.a(vib-sensor.o)
                0x000000000002dc60                vib_interface
                0x000000000002dc68                vib_sensor
 .data.rel.ro.local
                0x000000000002dc78        0x8 build/cooja/mtype952.a(clock.o)
                0x000000000002dc78                clock_interface
 .data.rel.ro.local
                0x000000000002dc80        0x8 build/cooja/mtype952.a(cooja-log.o)
                0x000000000002dc80                simlog_interface
 .data.rel.ro.local
                0x000000000002dc88        0x8 build/cooja/mtype952.a(cfs-cooja.o)
                0x000000000002dc88                cfs_interface
 *fill*         0x000000000002dc90       0x10 
 .data.rel.ro.local
                0x000000000002dca0       0x58 build/cooja/mtype952.a(cooja-radio.o)
                0x000000000002dca0                radio_interface
                0x000000000002dcc0                cooja_radio_driver
 .data.rel.ro.local
                0x000000000002dcf8        0x8 build/cooja/mtype952.a(eeprom.o)
                0x000000000002dcf8                eeprom_interface
 .data.rel.ro.local
                0x000000000002dd00       0x18 build/cooja/mtype952.a(buttons.o)
                0x000000000002dd00                button_interface
                0x000000000002dd08                button_sensor
 .data.rel.ro.local
                0x000000000002dd18       0x1c build/cooja/mtype952.a(csma.o)
                0x000000000002dd18                csma_driver
 .data.rel.ro.local
                0x000000000002dd34       0x10 build/cooja/mtype952.a(sicslowpan.o)
                0x000000000002dd34                sicslowpan_driver
 .data.rel.ro.local
                0x000000000002dd44        0xc build/cooja/mtype952.a(framer-802154.o)
                0x000000000002dd44                framer_802154
 *(.data.rel.ro .data.rel.ro.* .gnu.linkonce.d.rel.ro.*)
 .data.rel.ro   0x000000000002dd50        0x0 /usr/lib/gcc/i686-linux-gnu/7/../../../i386-linux-gnu/crti.o
 *fill*         0x000000000002dd50       0x10 
 .data.rel.ro   0x000000000002dd60       0x54 build/cooja/mtype952.a(rpl.o)
                0x000000000002dd60                rpl_lite_driver
 .data.rel.ro   0x000000000002ddb4        0x4 build/cooja/mtype952.a(rpl-dag.o)

.dynamic        0x000000000002ddb8       0xf0
 *(.dynamic)
 .dynamic       0x000000000002ddb8       0xf0 /usr/lib/gcc/i686-linux-gnu/7/../../../i386-linux-gnu/crti.o
                0x000000000002ddb8                _DYNAMIC

.got            0x000000000002dea8      0x14c
 *(.got)
 .got           0x000000000002dea8      0x14c /usr/lib/gcc/i686-linux-gnu/7/../../../i386-linux-gnu/crti.o
 *(.igot)
                0x000000000002dff4                . = DATA_SEGMENT_RELRO_END (., (SIZEOF (.got.plt) >= 0xc)?0xc:0x0)

.got.plt        0x000000000002e000      0x4cc
 *(.got.plt)
 .got.plt       0x000000000002e000      0x4cc /usr/lib/gcc/i686-linux-gnu/7/../../../i386-linux-gnu/crti.o
                0x000000000002e000                _GLOBAL_OFFSET_TABLE_
 *(.igot.plt)

.data           0x000000000002e4e0      0x384
 *(.data .data.* .gnu.linkonce.d.*)
 .data          0x000000000002e4e0        0x0 /usr/lib/gcc/i686-linux-gnu/7/../../../i386-linux-gnu/crti.o
 .data          0x000000000002e4e0        0x0 /usr/lib/gcc/i686-linux-gnu/7/crtbeginS.o
 .data.rel.local
                0x000000000002e4e0        0x4 /usr/lib/gcc/i686-linux-gnu/7/crtbeginS.o
                0x000000000002e4e0                __dso_handle
 .data          0x000000000002e4e4        0x0 temperatureSensor.o
 .data.rel.local
                0x000000000002e4e4       0x10 temperatureSensor.o
                0x000000000002e4e4                udp_server_process
 .data          0x000000000002e4f4        0x0 build/cooja/mtype952.o
 *fill*         0x000000000002e4f4        0xc 
 .data.rel      0x000000000002e500       0x44 build/cooja/mtype952.o
                0x000000000002e500                simInterfaces
                0x000000000002e534                sensors
 .data          0x000000000002e544        0x0 build/cooja/mtype952.a(simEnvChange.o)
 .data          0x000000000002e544        0x0 build/cooja/mtype952.a(cooja_mt.o)
 .data          0x000000000002e544        0x0 build/cooja/mtype952.a(cooja_mtarch.o)
 .data          0x000000000002e544        0x0 build/cooja/mtype952.a(rtimer-arch.o)
 .data          0x000000000002e544        0x0 build/cooja/mtype952.a(beep.o)
 .data          0x000000000002e544        0x0 build/cooja/mtype952.a(leds-arch.o)
 .data          0x000000000002e544        0x0 build/cooja/mtype952.a(moteid.o)
 .data          0x000000000002e544        0x0 build/cooja/mtype952.a(pir-sensor.o)
 .data          0x000000000002e544        0x0 build/cooja/mtype952.a(rs232.o)
 .data          0x000000000002e544        0x0 build/cooja/mtype952.a(vib-sensor.o)
 .data          0x000000000002e544        0x0 build/cooja/mtype952.a(clock.o)
 .data          0x000000000002e544        0x0 build/cooja/mtype952.a(cooja-log.o)
 .data          0x000000000002e544        0x0 build/cooja/mtype952.a(cfs-cooja.o)
 .data          0x000000000002e544       0x1c build/cooja/mtype952.a(cooja-radio.o)
                0x000000000002e544                simRadioHWOn
                0x000000000002e548                simSignalStrength
                0x000000000002e54c                simLastSignalStrength
                0x000000000002e550                simPower
                0x000000000002e554                simRadioChannel
                0x000000000002e558                simLQI
 .data.rel.local
                0x000000000002e560       0x10 build/cooja/mtype952.a(cooja-radio.o)
                0x000000000002e560                cooja_radio_process
 .data          0x000000000002e570        0x0 build/cooja/mtype952.a(eeprom.o)
 .data          0x000000000002e570        0x0 build/cooja/mtype952.a(random.o)
 .data          0x000000000002e570        0x0 build/cooja/mtype952.a(sensors.o)
 .data.rel.local
                0x000000000002e570       0x10 build/cooja/mtype952.a(sensors.o)
                0x000000000002e570                sensors_process
 .data          0x000000000002e580        0x0 build/cooja/mtype952.a(leds.o)
 .data          0x000000000002e580        0x0 build/cooja/mtype952.a(gpio-hal-arch.o)
 .data          0x000000000002e580        0x1 build/cooja/mtype952.a(buttons.o)
                0x000000000002e580                simButtonIsActive
 *fill*         0x000000000002e581       0x1f 
 .data.rel.local
                0x000000000002e5a0       0x58 build/cooja/mtype952.a(buttons.o)
                0x000000000002e5f0                button_hal_buttons
 .data          0x000000000002e5f8        0x0 build/cooja/mtype952.a(contiki-main.o)
 .data          0x000000000002e5f8        0x0 build/cooja/mtype952.a(autostart.o)
 .data          0x000000000002e5f8        0x0 build/cooja/mtype952.a(ctimer.o)
 .data.rel.local
                0x000000000002e5f8       0x14 build/cooja/mtype952.a(ctimer.o)
                0x000000000002e5fc                ctimer_process
 .data          0x000000000002e60c        0x0 build/cooja/mtype952.a(energest.o)
 .data          0x000000000002e60c        0x0 build/cooja/mtype952.a(etimer.o)
 .data.rel.local
                0x000000000002e60c       0x10 build/cooja/mtype952.a(etimer.o)
                0x000000000002e60c                etimer_process
 .data          0x000000000002e61c        0x8 build/cooja/mtype952.a(log.o)
                0x000000000002e61c                curr_log_level_rpl
                0x000000000002e620                curr_log_level_main
 *fill*         0x000000000002e624       0x1c 
 .data.rel.local
                0x000000000002e640       0x9c build/cooja/mtype952.a(log.o)
                0x000000000002e640                all_modules
 .data          0x000000000002e6dc        0x0 build/cooja/mtype952.a(rtimer.o)
 .data          0x000000000002e6dc        0x0 build/cooja/mtype952.a(node-id.o)
 .data          0x000000000002e6dc        0x0 build/cooja/mtype952.a(process.o)
 .data          0x000000000002e6dc        0x0 build/cooja/mtype952.a(timer.o)
 .data          0x000000000002e6dc        0x0 build/cooja/mtype952.a(list.o)
 .data          0x000000000002e6dc        0x0 build/cooja/mtype952.a(button-hal.o)
 .data.rel.local
                0x000000000002e6dc       0x10 build/cooja/mtype952.a(button-hal.o)
                0x000000000002e6dc                button_hal_process
 .data          0x000000000002e6ec        0x0 build/cooja/mtype952.a(serial-line.o)
 .data.rel.local
                0x000000000002e6ec       0x10 build/cooja/mtype952.a(serial-line.o)
                0x000000000002e6ec                serial_line_process
 .data          0x000000000002e6fc        0x0 build/cooja/mtype952.a(gpio-hal.o)
 .data.rel.local
                0x000000000002e6fc        0x4 build/cooja/mtype952.a(gpio-hal.o)
 .data          0x000000000002e700        0x0 build/cooja/mtype952.a(queuebuf.o)
 .data.rel.local
                0x000000000002e700       0x18 build/cooja/mtype952.a(queuebuf.o)
 .data          0x000000000002e718        0x0 build/cooja/mtype952.a(packetbuf.o)
 .data.rel.local
                0x000000000002e718        0x4 build/cooja/mtype952.a(packetbuf.o)
 .data          0x000000000002e71c        0x0 build/cooja/mtype952.a(netstack.o)
 .data.rel.local
                0x000000000002e71c        0x4 build/cooja/mtype952.a(netstack.o)
 .data          0x000000000002e720        0x0 build/cooja/mtype952.a(linkaddr.o)
 .data          0x000000000002e720        0x0 build/cooja/mtype952.a(csma.o)
 .data          0x000000000002e720        0x0 build/cooja/mtype952.a(csma-output.o)
 .data.rel.local
                0x000000000002e720       0x28 build/cooja/mtype952.a(csma-output.o)
 .data          0x000000000002e748        0x0 build/cooja/mtype952.a(uip-ds6.o)
 .data          0x000000000002e748        0x0 build/cooja/mtype952.a(uip-udp-packet.)
 .data          0x000000000002e748        0x0 build/cooja/mtype952.a(uip-ds6-route.o)
 .data.rel.local
                0x000000000002e748       0x10 build/cooja/mtype952.a(uip-ds6-route.o)
 .data          0x000000000002e758        0x0 build/cooja/mtype952.a(uip-ds6-nbr.o)
 .data.rel.local
                0x000000000002e758       0x14 build/cooja/mtype952.a(uip-ds6-nbr.o)
 .data          0x000000000002e76c        0x0 build/cooja/mtype952.a(tcpip.o)
 .data.rel.local
                0x000000000002e76c       0x10 build/cooja/mtype952.a(tcpip.o)
                0x000000000002e76c                tcpip_process
 .data          0x000000000002e77c        0x0 build/cooja/mtype952.a(uip6.o)
 .data          0x000000000002e77c        0x0 build/cooja/mtype952.a(uip-nd6.o)
 .data.rel.local
                0x000000000002e77c        0xc build/cooja/mtype952.a(uip-nd6.o)
 .data          0x000000000002e788        0x0 build/cooja/mtype952.a(sicslowpan.o)
 .data          0x000000000002e788        0x0 build/cooja/mtype952.a(uiplib.o)
 .data          0x000000000002e788        0x0 build/cooja/mtype952.a(rpl.o)
 .data          0x000000000002e788        0x0 build/cooja/mtype952.a(rpl-icmp6.o)
 .data.rel.local
                0x000000000002e788       0x30 build/cooja/mtype952.a(rpl-icmp6.o)
 .data          0x000000000002e7b8        0x0 build/cooja/mtype952.a(rpl-dag.o)
 .data          0x000000000002e7b8        0x0 build/cooja/mtype952.a(rpl-dag-root.o)
 .data          0x000000000002e7b8        0x0 build/cooja/mtype952.a(watchdog.o)
 .data          0x000000000002e7b8        0x0 build/cooja/mtype952.a(int-master.o)
 .data          0x000000000002e7b8        0x0 build/cooja/mtype952.a(stimer.o)
 .data          0x000000000002e7b8        0x0 build/cooja/mtype952.a(memb.o)
 .data          0x000000000002e7b8        0x0 build/cooja/mtype952.a(assert.o)
 .data          0x000000000002e7b8        0x0 build/cooja/mtype952.a(ringbuf.o)
 .data          0x000000000002e7b8        0x0 build/cooja/mtype952.a(nbr-table.o)
 .data.rel.local
                0x000000000002e7b8       0x10 build/cooja/mtype952.a(nbr-table.o)
 .data          0x000000000002e7c8        0x0 build/cooja/mtype952.a(link-stats.o)
 .data.rel.local
                0x000000000002e7c8       0x14 build/cooja/mtype952.a(link-stats.o)
 .data          0x000000000002e7dc        0x0 build/cooja/mtype952.a(mac-sequence.o)
 .data          0x000000000002e7dc        0x0 build/cooja/mtype952.a(mac.o)
 .data          0x000000000002e7dc        0x0 build/cooja/mtype952.a(framer-802154.o)
 .data          0x000000000002e7dc        0x2 build/cooja/mtype952.a(frame802154.o)
 .data          0x000000000002e7de        0x0 build/cooja/mtype952.a(csma-security.o)
 .data          0x000000000002e7de        0x0 build/cooja/mtype952.a(uipbuf.o)
 .data          0x000000000002e7de        0x0 build/cooja/mtype952.a(uip-icmp6.o)
 *fill*         0x000000000002e7de        0x2 
 .data.rel.local
                0x000000000002e7e0       0x20 build/cooja/mtype952.a(uip-icmp6.o)
 .data          0x000000000002e800        0x0 build/cooja/mtype952.a(uip-sr.o)
 .data.rel.local
                0x000000000002e800       0x10 build/cooja/mtype952.a(uip-sr.o)
 .data          0x000000000002e810        0x0 build/cooja/mtype952.a(uip-packetqueue)
 .data.rel.local
                0x000000000002e810        0xc build/cooja/mtype952.a(uip-packetqueue)
 .data          0x000000000002e81c        0x0 build/cooja/mtype952.a(rpl-nbr-policy.)
 .data          0x000000000002e81c        0x0 build/cooja/mtype952.a(rpl-neighbor.o)
 .data.rel.local
                0x000000000002e81c       0x14 build/cooja/mtype952.a(rpl-neighbor.o)
                0x000000000002e82c                rpl_neighbors
 .data          0x000000000002e830        0x0 build/cooja/mtype952.a(rpl-timers.o)
 .data          0x000000000002e830        0x0 build/cooja/mtype952.a(rpl-ext-header.)
 .data          0x000000000002e830        0x0 build/cooja/mtype952.a(rpl-mrhof.o)
 *fill*         0x000000000002e830       0x10 
 .data.rel.local
                0x000000000002e840       0x24 build/cooja/mtype952.a(rpl-mrhof.o)
                0x000000000002e840                rpl_mrhof
 .data          0x000000000002e864        0x0 /usr/lib/i386-linux-gnu/libc_nonshared.a(stack_chk_fail_local.oS)
 .data          0x000000000002e864        0x0 /usr/lib/gcc/i686-linux-gnu/7/crtendS.o
 .data          0x000000000002e864        0x0 /usr/lib/gcc/i686-linux-gnu/7/../../../i386-linux-gnu/crtn.o

.tm_clone_table
                0x000000000002e864        0x0
 .tm_clone_table
                0x000000000002e864        0x0 /usr/lib/gcc/i686-linux-gnu/7/crtbeginS.o
 .tm_clone_table
                0x000000000002e864        0x0 /usr/lib/gcc/i686-linux-gnu/7/crtendS.o

.data1
 *(.data1)
                0x000000000002e864                _edata = .
                [!provide]                        PROVIDE (edata = .)
                0x000000000002e864                . = .
                0x000000000002e864                __bss_start = .

.bss            0x000000000002e880    0x13860
 *(.dynbss)
 .dynbss        0x000000000002e880        0x0 /usr/lib/gcc/i686-linux-gnu/7/../../../i386-linux-gnu/crti.o
 *(.bss .bss.* .gnu.linkonce.b.*)
 .bss           0x000000000002e880        0x0 /usr/lib/gcc/i686-linux-gnu/7/../../../i386-linux-gnu/crti.o
 .bss           0x000000000002e880        0x1 /usr/lib/gcc/i686-linux-gnu/7/crtbeginS.o
 *fill*         0x000000000002e881       0x1f 
 .bss           0x000000000002e8a0       0x9a temperatureSensor.o
 *fill*         0x000000000002e93a        0x6 
 .bss           0x000000000002e940     0x2030 build/cooja/mtype952.o
 .bss           0x0000000000030970        0x1 build/cooja/mtype952.a(simEnvChange.o)
                0x0000000000030970                simDontFallAsleep
 *fill*         0x0000000000030971        0x3 
 .bss           0x0000000000030974        0x4 build/cooja/mtype952.a(cooja_mt.o)
 .bss           0x0000000000030978        0x4 build/cooja/mtype952.a(cooja_mtarch.o)
 .bss           0x000000000003097c        0x0 build/cooja/mtype952.a(rtimer-arch.o)
 .bss           0x000000000003097c        0x0 build/cooja/mtype952.a(beep.o)
 .bss           0x000000000003097c        0x1 build/cooja/mtype952.a(leds-arch.o)
                0x000000000003097c                simLedsValue
 .bss           0x000000000003097d        0x0 build/cooja/mtype952.a(moteid.o)
 .bss           0x000000000003097d        0x1 build/cooja/mtype952.a(pir-sensor.o)
                0x000000000003097d                simPirValue
 *fill*         0x000000000003097e        0x2 
 .bss           0x0000000000030980        0x4 build/cooja/mtype952.a(rs232.o)
 .bss           0x0000000000030984        0x1 build/cooja/mtype952.a(vib-sensor.o)
                0x0000000000030984                simVibValue
 .bss           0x0000000000030985        0x0 build/cooja/mtype952.a(clock.o)
 *fill*         0x0000000000030985       0x1b 
 .bss           0x00000000000309a0     0x2020 build/cooja/mtype952.a(cooja-log.o)
 .bss           0x00000000000329c0      0xfc0 build/cooja/mtype952.a(cfs-cooja.o)
                0x00000000000329c0                simCFSData
                0x0000000000033960                simCFSSize
                0x0000000000033964                simCFSChanged
                0x0000000000033968                simCFSRead
                0x000000000003396c                simCFSWritten
 .bss           0x0000000000033980       0x24 build/cooja/mtype952.a(cooja-radio.o)
                0x0000000000033980                simReceiving
                0x0000000000033984                simInSize
                0x0000000000033988                simLastPacketTimestamp
                0x0000000000033990                simOutSize
 .bss           0x00000000000339a4        0xc build/cooja/mtype952.a(eeprom.o)
                0x00000000000339a4                simEEPROMChanged
                0x00000000000339a8                simEEPROMRead
                0x00000000000339ac                simEEPROMWritten
 .bss           0x00000000000339b0        0x0 build/cooja/mtype952.a(random.o)
 .bss           0x00000000000339b0        0xc build/cooja/mtype952.a(sensors.o)
 .bss           0x00000000000339bc        0x0 build/cooja/mtype952.a(leds.o)
 .bss           0x00000000000339bc       0x24 build/cooja/mtype952.a(gpio-hal-arch.o)
 .bss           0x00000000000339e0        0x0 build/cooja/mtype952.a(buttons.o)
 .bss           0x00000000000339e0        0x0 build/cooja/mtype952.a(contiki-main.o)
 .bss           0x00000000000339e0        0x0 build/cooja/mtype952.a(autostart.o)
 .bss           0x00000000000339e0        0x5 build/cooja/mtype952.a(ctimer.o)
 .bss           0x00000000000339e5        0x0 build/cooja/mtype952.a(energest.o)
 *fill*         0x00000000000339e5        0x3 
 .bss           0x00000000000339e8        0x8 build/cooja/mtype952.a(etimer.o)
 .bss           0x00000000000339f0       0x28 build/cooja/mtype952.a(log.o)
                0x00000000000339f0                curr_log_level_tcpip
                0x00000000000339f4                curr_log_level_ipv6
                0x00000000000339f8                curr_log_level_6lowpan
                0x00000000000339fc                curr_log_level_nullnet
                0x0000000000033a00                curr_log_level_mac
                0x0000000000033a04                curr_log_level_framer
                0x0000000000033a08                curr_log_level_6top
                0x0000000000033a0c                curr_log_level_coap
                0x0000000000033a10                curr_log_level_snmp
                0x0000000000033a14                curr_log_level_lwm2m
 .bss           0x0000000000033a18        0x4 build/cooja/mtype952.a(rtimer.o)
 .bss           0x0000000000033a1c        0x2 build/cooja/mtype952.a(node-id.o)
                0x0000000000033a1c                node_id
 *fill*         0x0000000000033a1e        0x2 
 .bss           0x0000000000033a20      0x1a1 build/cooja/mtype952.a(process.o)
                0x0000000000033a20                process_list
                0x0000000000033a24                process_current
 .bss           0x0000000000033bc1        0x0 build/cooja/mtype952.a(timer.o)
 .bss           0x0000000000033bc1        0x0 build/cooja/mtype952.a(list.o)
 *fill*         0x0000000000033bc1        0x3 
 .bss           0x0000000000033bc4       0x10 build/cooja/mtype952.a(button-hal.o)
 *fill*         0x0000000000033bd4        0xc 
 .bss           0x0000000000033be0      0x140 build/cooja/mtype952.a(serial-line.o)
 .bss           0x0000000000033d20        0x4 build/cooja/mtype952.a(gpio-hal.o)
 *fill*         0x0000000000033d24       0x1c 
 .bss           0x0000000000033d40     0x2c80 build/cooja/mtype952.a(queuebuf.o)
 .bss           0x00000000000369c0       0xa0 build/cooja/mtype952.a(packetbuf.o)
 .bss           0x0000000000036a60        0x4 build/cooja/mtype952.a(netstack.o)
 .bss           0x0000000000036a64        0x0 build/cooja/mtype952.a(linkaddr.o)
 .bss           0x0000000000036a64        0x0 build/cooja/mtype952.a(csma.o)
 *fill*         0x0000000000036a64       0x1c 
 .bss           0x0000000000036a80      0x726 build/cooja/mtype952.a(csma-output.o)
 *fill*         0x00000000000371a6        0x2 
 .bss           0x00000000000371a8       0x30 build/cooja/mtype952.a(uip-ds6.o)
 .bss           0x00000000000371d8        0x0 build/cooja/mtype952.a(uip-udp-packet.)
 *fill*         0x00000000000371d8        0x8 
 .bss           0x00000000000371e0       0x60 build/cooja/mtype952.a(uip-ds6-route.o)
 .bss           0x0000000000037240     0x1c20 build/cooja/mtype952.a(uip-ds6-nbr.o)
 .bss           0x0000000000038e60       0x10 build/cooja/mtype952.a(tcpip.o)
 .bss           0x0000000000038e70        0x8 build/cooja/mtype952.a(uip6.o)
                0x0000000000038e70                uip_ext_bitmap
                0x0000000000038e72                uip_ext_len
                0x0000000000038e74                uip_last_proto
 .bss           0x0000000000038e78       0x10 build/cooja/mtype952.a(uip-nd6.o)
 *fill*         0x0000000000038e88       0x18 
 .bss           0x0000000000038ea0      0x724 build/cooja/mtype952.a(sicslowpan.o)
 .bss           0x00000000000395c4        0x0 build/cooja/mtype952.a(uiplib.o)
 .bss           0x00000000000395c4        0x1 build/cooja/mtype952.a(rpl.o)
 .bss           0x00000000000395c5        0x0 build/cooja/mtype952.a(rpl-icmp6.o)
 .bss           0x00000000000395c5        0x0 build/cooja/mtype952.a(rpl-dag.o)
 *fill*         0x00000000000395c5        0x3 
 .bss           0x00000000000395c8       0x11 build/cooja/mtype952.a(rpl-dag-root.o)
 .bss           0x00000000000395d9        0x0 build/cooja/mtype952.a(watchdog.o)
 *fill*         0x00000000000395d9        0x3 
 .bss           0x00000000000395dc        0x4 build/cooja/mtype952.a(int-master.o)
 .bss           0x00000000000395e0        0x0 build/cooja/mtype952.a(stimer.o)
 .bss           0x00000000000395e0        0x0 build/cooja/mtype952.a(memb.o)
 .bss           0x00000000000395e0        0x0 build/cooja/mtype952.a(assert.o)
 .bss           0x00000000000395e0        0x0 build/cooja/mtype952.a(ringbuf.o)
 .bss           0x00000000000395e0     0x1214 build/cooja/mtype952.a(nbr-table.o)
 *fill*         0x000000000003a7f4        0xc 
 .bss           0x000000000003a800      0xe10 build/cooja/mtype952.a(link-stats.o)
 *fill*         0x000000000003b610       0x10 
 .bss           0x000000000003b620      0x100 build/cooja/mtype952.a(mac-sequence.o)
 .bss           0x000000000003b720        0x0 build/cooja/mtype952.a(mac.o)
 .bss           0x000000000003b720        0x2 build/cooja/mtype952.a(framer-802154.o)
 .bss           0x000000000003b722        0x0 build/cooja/mtype952.a(frame802154.o)
 .bss           0x000000000003b722        0x0 build/cooja/mtype952.a(csma-security.o)
 *fill*         0x000000000003b722        0x2 
 .bss           0x000000000003b724       0x18 build/cooja/mtype952.a(uipbuf.o)
 .bss           0x000000000003b73c       0x18 build/cooja/mtype952.a(uip-icmp6.o)
 *fill*         0x000000000003b754        0xc 
 .bss           0x000000000003b760     0x1d80 build/cooja/mtype952.a(uip-sr.o)
 .bss           0x000000000003d4e0      0xa78 build/cooja/mtype952.a(uip-packetqueue)
 .bss           0x000000000003df58        0xe build/cooja/mtype952.a(rpl-nbr-policy.)
 *fill*         0x000000000003df66       0x1a 
 .bss           0x000000000003df80      0x960 build/cooja/mtype952.a(rpl-neighbor.o)
 .bss           0x000000000003e8e0       0x40 build/cooja/mtype952.a(rpl-timers.o)
 .bss           0x000000000003e920        0x0 build/cooja/mtype952.a(rpl-ext-header.)
 .bss           0x000000000003e920        0x0 build/cooja/mtype952.a(rpl-mrhof.o)
 .bss           0x000000000003e920        0x0 /usr/lib/i386-linux-gnu/libc_nonshared.a(stack_chk_fail_local.oS)
 .bss           0x000000000003e920        0x0 /usr/lib/gcc/i686-linux-gnu/7/crtendS.o
 .bss           0x000000000003e920        0x0 /usr/lib/gcc/i686-linux-gnu/7/../../../i386-linux-gnu/crtn.o
 *(COMMON)
 COMMON         0x000000000003e920        0x8 build/cooja/mtype952.o
                0x000000000003e920                referenceVar
                0x000000000003e924                sensors_flags
 COMMON         0x000000000003e928        0xc build/cooja/mtype952.a(simEnvChange.o)
                0x000000000003e928                simEtimerPending
                0x000000000003e92c                simProcessRunValue
                0x000000000003e930                simEtimerNextExpirationTime
 *fill*         0x000000000003e934        0x4 
 COMMON         0x000000000003e938       0x18 build/cooja/mtype952.a(rtimer-arch.o)
                0x000000000003e938                simRtimerPending
                0x000000000003e940                simRtimerCurrentTicks
                0x000000000003e948                simRtimerNextExpirationTime
 COMMON         0x000000000003e950        0x1 build/cooja/mtype952.a(beep.o)
                0x000000000003e950                simBeeped
 *fill*         0x000000000003e951        0x3 
 COMMON         0x000000000003e954        0xc build/cooja/mtype952.a(moteid.o)
                0x000000000003e954                simRandomSeed
                0x000000000003e958                simMoteIDChanged
                0x000000000003e95c                simMoteID
 COMMON         0x000000000003e960        0x2 build/cooja/mtype952.a(pir-sensor.o)
                0x000000000003e960                simPirIsActive
                0x000000000003e961                simPirChanged
 *fill*         0x000000000003e962       0x1e 
 COMMON         0x000000000003e980      0x820 build/cooja/mtype952.a(rs232.o)
                0x000000000003e980                simSerialReceivingFlag
                0x000000000003e984                simSerialReceivingLength
                0x000000000003e9a0                simSerialReceivingData
 COMMON         0x000000000003f1a0        0x2 build/cooja/mtype952.a(vib-sensor.o)
                0x000000000003f1a0                simVibChanged
                0x000000000003f1a1                simVibIsActive
 *fill*         0x000000000003f1a2        0x2 
 COMMON         0x000000000003f1a4        0x4 build/cooja/mtype952.a(clock.o)
                0x000000000003f1a4                simCurrentTime
 *fill*         0x000000000003f1a8       0x18 
 COMMON         0x000000000003f1c0     0x2020 build/cooja/mtype952.a(cooja-log.o)
                0x000000000003f1c0                simLoggedLength
                0x000000000003f1c4                simLoggedFlag
                0x000000000003f1e0                simLoggedData
 COMMON         0x00000000000411e0       0xfd build/cooja/mtype952.a(cooja-radio.o)
                0x00000000000411e0                simOutDataBuffer
                0x0000000000041260                simInDataBuffer
 *fill*         0x00000000000412dd        0x3 
 COMMON         0x00000000000412e0      0x400 build/cooja/mtype952.a(eeprom.o)
                0x00000000000412e0                simEEPROMData
 COMMON         0x00000000000416e0        0x1 build/cooja/mtype952.a(sensors.o)
                0x00000000000416e0                sensors_event
 COMMON         0x00000000000416e1        0x2 build/cooja/mtype952.a(buttons.o)
                0x00000000000416e1                simButtonIsDown
                0x00000000000416e2                simButtonChanged
 COMMON         0x00000000000416e3        0x3 build/cooja/mtype952.a(button-hal.o)
                0x00000000000416e3                button_hal_periodic_event
                0x00000000000416e4                button_hal_press_event
                0x00000000000416e5                button_hal_release_event
 COMMON         0x00000000000416e6        0x1 build/cooja/mtype952.a(serial-line.o)