Archive member included to satisfy reference by file (symbol)

build/cooja/mtype98.a(simEnvChange.o)
                              build/cooja/mtype98.o (simDontFallAsleep)
build/cooja/mtype98.a(cooja_mt.o)
                              build/cooja/mtype98.o (cooja_mt_start)
build/cooja/mtype98.a(cooja_mtarch.o)
                              build/cooja/mtype98.a(cooja_mt.o) (cooja_mtarch_start)
build/cooja/mtype98.a(rtimer-arch.o)
                              build/cooja/mtype98.o (rtimer_arch_check)
build/cooja/mtype98.a(beep.o)
                              build/cooja/mtype98.o (beep_interface)
build/cooja/mtype98.a(leds-arch.o)
                              build/cooja/mtype98.o (leds_interface)
build/cooja/mtype98.a(moteid.o)
                              build/cooja/mtype98.o (moteid_interface)
build/cooja/mtype98.a(pir-sensor.o)
                              build/cooja/mtype98.o (pir_interface)
build/cooja/mtype98.a(rs232.o)
                              build/cooja/mtype98.o (rs232_interface)
build/cooja/mtype98.a(vib-sensor.o)
                              build/cooja/mtype98.o (vib_interface)
build/cooja/mtype98.a(clock.o)
                              build/cooja/mtype98.o (clock_interface)
build/cooja/mtype98.a(cooja-log.o)
                              build/cooja/mtype98.o (simlog_interface)
build/cooja/mtype98.a(cfs-cooja.o)
                              build/cooja/mtype98.o (cfs_interface)
build/cooja/mtype98.a(cooja-radio.o)
                              build/cooja/mtype98.o (radio_interface)
build/cooja/mtype98.a(eeprom.o)
                              build/cooja/mtype98.o (eeprom_interface)
build/cooja/mtype98.a(random.o)
                              build/cooja/mtype98.a(moteid.o) (random_init)
build/cooja/mtype98.a(sensors.o)
                              build/cooja/mtype98.a(pir-sensor.o) (sensors_changed)
build/cooja/mtype98.a(leds.o)
                              build/cooja/mtype98.a(leds-arch.o) (leds_get)
build/cooja/mtype98.a(gpio-hal-arch.o)
                              build/cooja/mtype98.a(leds-arch.o) (gpio_hal_arch_register_pin_callback)
build/cooja/mtype98.a(buttons.o)
                              build/cooja/mtype98.o (button_interface)
build/cooja/mtype98.a(contiki-main.o)
                              build/cooja/mtype98.o (main)
build/cooja/mtype98.a(autostart.o)
                              build/cooja/mtype98.a(contiki-main.o) (autostart_start)
build/cooja/mtype98.a(ctimer.o)
                              build/cooja/mtype98.a(contiki-main.o) (ctimer_init)
build/cooja/mtype98.a(energest.o)
                              build/cooja/mtype98.a(contiki-main.o) (energest_init)
build/cooja/mtype98.a(etimer.o)
                              build/cooja/mtype98.a(contiki-main.o) (etimer_process)
build/cooja/mtype98.a(log.o)  build/cooja/mtype98.a(contiki-main.o) (curr_log_level_main)
build/cooja/mtype98.a(rtimer.o)
                              build/cooja/mtype98.a(contiki-main.o) (rtimer_init)
build/cooja/mtype98.a(node-id.o)
                              build/cooja/mtype98.a(contiki-main.o) (node_id)
build/cooja/mtype98.a(process.o)
                              build/cooja/mtype98.a(ctimer.o) (process_current)
build/cooja/mtype98.a(timer.o)
                              build/cooja/mtype98.a(etimer.o) (timer_set)
build/cooja/mtype98.a(list.o)
                              build/cooja/mtype98.a(ctimer.o) (list_init)
build/cooja/mtype98.a(button-hal.o)
                              build/cooja/mtype98.o (button_hal_init)
build/cooja/mtype98.a(serial-line.o)
                              build/cooja/mtype98.a(rs232.o) (serial_line_input_byte)
build/cooja/mtype98.a(gpio-hal.o)
                              build/cooja/mtype98.a(button-hal.o) (gpio_hal_register_handler)
build/cooja/mtype98.a(queuebuf.o)
                              build/cooja/mtype98.a(contiki-main.o) (queuebuf_init)
build/cooja/mtype98.a(packetbuf.o)
                              build/cooja/mtype98.a(cooja-radio.o) (packetbuf_clear)
build/cooja/mtype98.a(netstack.o)
                              build/cooja/mtype98.a(contiki-main.o) (netstack_init)
build/cooja/mtype98.a(linkaddr.o)
                              build/cooja/mtype98.a(contiki-main.o) (linkaddr_node_addr)
build/cooja/mtype98.a(csma.o)
                              build/cooja/mtype98.a(cooja-radio.o) (csma_driver)
build/cooja/mtype98.a(csma-output.o)
                              build/cooja/mtype98.a(csma.o) (csma_output_packet)
build/cooja/mtype98.a(uip-ds6.o)
                              build/cooja/mtype98.a(contiki-main.o) (uip_ds6_get_link_local)
build/cooja/mtype98.a(uip-udp-packet.)
                              lamp.o (uip_udp_packet_send)
build/cooja/mtype98.a(uip-ds6-route.o)
                              build/cooja/mtype98.a(uip-ds6.o) (uip_ds6_route_init)
build/cooja/mtype98.a(uip-ds6-nbr.o)
                              build/cooja/mtype98.a(uip-ds6.o) (uip_ds6_neighbors_init)
build/cooja/mtype98.a(tcpip.o)
[...]
Memory Configuration

Name             Origin             Length             Attributes
*default*        0x0000000000000000 0xffffffffffffffff

Linker script and memory map

LOAD /usr/lib/gcc/i686-linux-gnu/7/../../../i386-linux-gnu/crti.o
LOAD /usr/lib/gcc/i686-linux-gnu/7/crtbeginS.o
LOAD lamp.o
LOAD build/cooja/mtype98.o
LOAD build/cooja/mtype98.a
LOAD /usr/lib/gcc/i686-linux-gnu/7/libgcc.a
LOAD /usr/lib/gcc/i686-linux-gnu/7/libgcc_s.so
START GROUP
LOAD /usr/lib/gcc/i686-linux-gnu/7/libgcc_s.so.1
LOAD /usr/lib/gcc/i686-linux-gnu/7/libgcc.a
END GROUP
LOAD /usr/lib/gcc/i686-linux-gnu/7/../../../i386-linux-gnu/libc.so
START GROUP
LOAD /lib/i386-linux-gnu/libc.so.6
LOAD /usr/lib/i386-linux-gnu/libc_nonshared.a
LOAD /lib/i386-linux-gnu/ld-linux.so.2
END GROUP
LOAD /usr/lib/gcc/i686-linux-gnu/7/libgcc.a
LOAD /usr/lib/gcc/i686-linux-gnu/7/libgcc_s.so
START GROUP
LOAD /usr/lib/gcc/i686-linux-gnu/7/libgcc_s.so.1
LOAD /usr/lib/gcc/i686-linux-gnu/7/libgcc.a
END GROUP
LOAD /usr/lib/gcc/i686-linux-gnu/7/crtendS.o
LOAD /usr/lib/gcc/i686-linux-gnu/7/../../../i386-linux-gnu/crtn.o
                0x0000000000000114                . = (SEGMENT_START ("text-segment", 0x0) + SIZEOF_HEADERS)

.note.gnu.build-id
                0x0000000000000114       0x24
 *(.note.gnu.build-id)
 .note.gnu.build-id
                0x0000000000000114       0x24 /usr/lib/gcc/i686-linux-gnu/7/../../../i386-linux-gnu/crti.o

.hash
 *(.hash)

.gnu.hash       0x0000000000000138     0x140c
 *(.gnu.hash)
 .gnu.hash      0x0000000000000138     0x140c /usr/lib/gcc/i686-linux-gnu/7/../../../i386-linux-gnu/crti.o

.dynsym         0x0000000000001544     0x2880
 *(.dynsym)
 .dynsym        0x0000000000001544     0x2880 /usr/lib/gcc/i686-linux-gnu/7/../../../i386-linux-gnu/crti.o

.dynstr         0x0000000000003dc4     0x2ddf
 *(.dynstr)
 .dynstr        0x0000000000003dc4     0x2ddf /usr/lib/gcc/i686-linux-gnu/7/../../../i386-linux-gnu/crti.o

.gnu.version    0x0000000000006ba4      0x510
 *(.gnu.version)
 .gnu.version   0x0000000000006ba4      0x510 /usr/lib/gcc/i686-linux-gnu/7/../../../i386-linux-gnu/crti.o

.gnu.version_d  0x00000000000070b4        0x0
 *(.gnu.version_d)
 .gnu.version_d
                0x00000000000070b4        0x0 /usr/lib/gcc/i686-linux-gnu/7/../../../i386-linux-gnu/crti.o

.gnu.version_r  0x00000000000070b4       0x40
 *(.gnu.version_r)
 .gnu.version_r
                0x00000000000070b4       0x40 /usr/lib/gcc/i686-linux-gnu/7/../../../i386-linux-gnu/crti.o

.rel.dyn        0x00000000000070f4      0xdc0
 *(.rel.init)
 .rel.init      0x00000000000070f4        0x0 /usr/lib/gcc/i686-linux-gnu/7/../../../i386-linux-gnu/crti.o
 *(.rel.text .rel.text.* .rel.gnu.linkonce.t.*)
 .rel.text      0x00000000000070f4      0x508 /usr/lib/gcc/i686-linux-gnu/7/../../../i386-linux-gnu/crti.o
 *(.rel.fini)
 .rel.fini      0x00000000000075fc        0x0 /usr/lib/gcc/i686-linux-gnu/7/../../../i386-linux-gnu/crti.o
 *(.rel.rodata .rel.rodata.* .rel.gnu.linkonce.r.*)
 *(.rel.data.rel.ro .rel.data.rel.ro.* .rel.gnu.linkonce.d.rel.ro.*)
 .rel.data.rel.ro.local
                0x00000000000075fc      0x208 /usr/lib/gcc/i686-linux-gnu/7/../../../i386-linux-gnu/crti.o
 .rel.data.rel.ro
                0x0000000000007804       0xb0 /usr/lib/gcc/i686-linux-gnu/7/../../../i386-linux-gnu/crti.o
 *(.rel.data .rel.data.* .rel.gnu.linkonce.d.*)
 .rel.data.rel.local
                0x00000000000078b4      0x2e0 /usr/lib/gcc/i686-linux-gnu/7/../../../i386-linux-gnu/crti.o
 .rel.data.rel  0x0000000000007b94       0x78 /usr/lib/gcc/i686-linux-gnu/7/../../../i386-linux-gnu/crti.o
 *(.rel.tdata .rel.tdata.* .rel.gnu.linkonce.td.*)
 *(.rel.tbss .rel.tbss.* .rel.gnu.linkonce.tb.*)
 *(.rel.ctors)
 *(.rel.dtors)
 *(.rel.got)
 .rel.got       0x0000000000007c0c      0x298 /usr/lib/gcc/i686-linux-gnu/7/../../../i386-linux-gnu/crti.o
 *(.rel.bss .rel.bss.* .rel.gnu.linkonce.b.*)
 *(.rel.ifunc)
 .rel.ifunc     0x0000000000007ea4        0x0 /usr/lib/gcc/i686-linux-gnu/7/../../../i386-linux-gnu/crti.o
 .rel.fini_array
                0x0000000000007ea4        0x8 /usr/lib/gcc/i686-linux-gnu/7/../../../i386-linux-gnu/crti.o
 .rel.init_array
                0x0000000000007eac        0x8 /usr/lib/gcc/i686-linux-gnu/7/../../../i386-linux-gnu/crti.o

.rel.plt        0x0000000000007eb4      0x970
 *(.rel.plt)
 .rel.plt       0x0000000000007eb4      0x970 /usr/lib/gcc/i686-linux-gnu/7/../../../i386-linux-gnu/crti.o
 *(.rel.iplt)

.init           0x0000000000008824       0x23
 *(SORT_NONE(.init))
 .init          0x0000000000008824       0x1e /usr/lib/gcc/i686-linux-gnu/7/../../../i386-linux-gnu/crti.o
                0x0000000000008824                _init
 .init          0x0000000000008842        0x5 /usr/lib/gcc/i686-linux-gnu/7/../../../i386-linux-gnu/crtn.o

.plt            0x0000000000008850     0x12f0
 *(.plt)
 .plt           0x0000000000008850     0x12f0 /usr/lib/gcc/i686-linux-gnu/7/../../../i386-linux-gnu/crti.o
 *(.iplt)

.plt.got        0x0000000000009b40       0x18
 *(.plt.got)
 .plt.got       0x0000000000009b40       0x18 /usr/lib/gcc/i686-linux-gnu/7/../../../i386-linux-gnu/crti.o

.plt.sec
 *(.plt.sec)

.text           0x0000000000009b60    0x1a624
 *(.text.unlikely .text.*_unlikely .text.unlikely.*)
 *(.text.exit .text.exit.*)
 *(.text.startup .text.startup.*)
 *(.text.hot .text.hot.*)
 *(.text .stub .text.* .gnu.linkonce.t.*)
 .text          0x0000000000009b60        0x0 /usr/lib/gcc/i686-linux-gnu/7/../../../i386-linux-gnu/crti.o
 .gnu.linkonce.t.__x86.get_pc_thunk.bx
                0x0000000000009b60        0x4 /usr/lib/gcc/i686-linux-gnu/7/../../../i386-linux-gnu/crti.o
                0x0000000000009b60                __x86.get_pc_thunk.bx
 *fill*         0x0000000000009b64        0xc 
 .text          0x0000000000009b70       0xe9 /usr/lib/gcc/i686-linux-gnu/7/crtbeginS.o
 .text.__x86.get_pc_thunk.dx
                0x0000000000009c59        0x4 /usr/lib/gcc/i686-linux-gnu/7/crtbeginS.o
                0x0000000000009c59                __x86.get_pc_thunk.dx
 .text          0x0000000000009c5d      0x8b2 lamp.o
                0x0000000000009c5d                datagram_encode
                0x0000000000009d04                datagram_decode
 .text.__x86.get_pc_thunk.ax
                0x000000000000a50f        0x4 lamp.o
                0x000000000000a50f                __x86.get_pc_thunk.ax
 .text          0x000000000000a513      0x36b build/cooja/mtype98.o
                0x000000000000a5c5                platform_init_stage_one
                0x000000000000a5e8                platform_init_stage_two
                0x000000000000a60b                platform_init_stage_three
                0x000000000000a62e                platform_main_loop
                0x000000000000a6d4                Java_org_contikios_cooja_corecomm_Lib5_init
                0x000000000000a722                Java_org_contikios_cooja_corecomm_Lib5_getMemory
                0x000000000000a762                Java_org_contikios_cooja_corecomm_Lib5_setMemory
                0x000000000000a7d3                Java_org_contikios_cooja_corecomm_Lib5_tick
                0x000000000000a85d                Java_org_contikios_cooja_corecomm_Lib5_setReferenceAddress
 .text          0x000000000000a87e       0x8d build/cooja/mtype98.a(simEnvChange.o)
                0x000000000000a87e                doActionsBeforeTick
                0x000000000000a8c4                doActionsAfterTick
 .text          0x000000000000a90b       0xb6 build/cooja/mtype98.a(cooja_mt.o)
                0x000000000000a90b                cooja_mt_start
                0x000000000000a945                cooja_mt_exec
                0x000000000000a98c                cooja_mt_yield
 .text          0x000000000000a9c1       0xf2 build/cooja/mtype98.a(cooja_mtarch.o)
                0x000000000000a9c1                cooja_mtarch_start
                0x000000000000aa45                cooja_sw
                0x000000000000aa73                cooja_mtarch_exec
                0x000000000000aa9e                cooja_mtarch_yield
 .text          0x000000000000aab3      0x127 build/cooja/mtype98.a(rtimer-arch.o)
                0x000000000000aab3                rtimer_arch_init
                0x000000000000aae2                rtimer_arch_schedule
                0x000000000000ab24                rtimer_arch_next
                0x000000000000ab3e                rtimer_arch_pending
                0x000000000000ab55                rtimer_arch_check
                0x000000000000abc0                rtimer_arch_now
 .text.__x86.get_pc_thunk.cx
                0x000000000000abda        0x4 build/cooja/mtype98.a(rtimer-arch.o)
                0x000000000000abda                __x86.get_pc_thunk.cx
 .text          0x000000000000abde      0x101 build/cooja/mtype98.a(beep.o)
                0x000000000000abde                beep_alarm
                0x000000000000abf7                beep_beep
                0x000000000000ac10                beep
                0x000000000000ac29                beep_down
                0x000000000000ac42                beep_on
                0x000000000000ac5b                beep_off
                0x000000000000ac74                beep_spinup
                0x000000000000ac8d                beep_quick
                0x000000000000aca6                beep_long
 .text          0x000000000000acdf       0x9f build/cooja/mtype98.a(leds-arch.o)
                0x000000000000ad03                leds_arch_init
 .text          0x000000000000ad7e       0x56 build/cooja/mtype98.a(moteid.o)
 .text          0x000000000000add4      0x101 build/cooja/mtype98.a(pir-sensor.o)
 .text          0x000000000000aed5      0x1cc build/cooja/mtype98.a(rs232.o)
                0x000000000000aed5                rs232_init
                0x000000000000aee5                rs232_set_speed
                0x000000000000aefe                rs232_set_input
                0x000000000000af17                rs232_send
                0x000000000000af4d                rs232_print
                0x000000000000af7b                slip_arch_writeb
 .text          0x000000000000b0a1      0x101 build/cooja/mtype98.a(vib-sensor.o)
 .text          0x000000000000b1a2       0x7a build/cooja/mtype98.a(clock.o)
                0x000000000000b1a2                clock_init
                0x000000000000b1b2                clock_time
                0x000000000000b1c9                clock_seconds
                0x000000000000b1ec                clock_delay
 .text          0x000000000000b21c      0x2b5 build/cooja/mtype98.a(cooja-log.o)
                0x000000000000b21c                simlog_char
                0x000000000000b280                simlog
                0x000000000000b31a                log_message
                0x000000000000b369                log_set_putchar_with_slip
                0x000000000000b382                log_putchar
                0x000000000000b40d                log_puts
                0x000000000000b43f                log_printf
 .text          0x000000000000b4d1      0x36c build/cooja/mtype98.a(cfs-cooja.o)
                0x000000000000b4d1                cfs_open
                0x000000000000b549                cfs_close
                0x000000000000b560                cfs_read
                0x000000000000b614                cfs_write
                0x000000000000b712                cfs_seek
                0x000000000000b7af                cfs_remove
                0x000000000000b7e5                cfs_opendir
                0x000000000000b7f9                cfs_readdir
                0x000000000000b80d                cfs_closedir
 .text          0x000000000000b83d      0x785 build/cooja/mtype98.a(cooja-radio.o)
                0x000000000000b8ab                radio_set_channel
                0x000000000000b8c4                radio_set_txpower
                0x000000000000b8e7                radio_signal_strength_last
                0x000000000000b8fc                radio_signal_strength_current
                0x000000000000b911                radio_LQI
 .text          0x000000000000bfc2      0x130 build/cooja/mtype98.a(eeprom.o)
                0x000000000000bfc2                eeprom_init
                0x000000000000bfd2                eeprom_read
                0x000000000000c052                eeprom_write
 .text          0x000000000000c0f2       0x4e build/cooja/mtype98.a(random.o)
                0x000000000000c0f2                random_init
                0x000000000000c122                random_rand
 .text          0x000000000000c140      0x332 build/cooja/mtype98.a(sensors.o)
                0x000000000000c187                sensors_first
                0x000000000000c19e                sensors_next
                0x000000000000c1c9                sensors_changed
                0x000000000000c216                sensors_find
 .text          0x000000000000c472      0x3fc build/cooja/mtype98.a(leds.o)
                0x000000000000c472                leds_init
                0x000000000000c4ca                leds_single_on
                0x000000000000c542                leds_single_off
                0x000000000000c5ba                leds_single_toggle
                0x000000000000c5fe                leds_on
                0x000000000000c696                leds_off
                0x000000000000c72e                leds_toggle
                0x000000000000c794                leds_set
                0x000000000000c7ca                leds_get
 .text          0x000000000000c86e      0x401 build/cooja/mtype98.a(gpio-hal-arch.o)
                0x000000000000c86e                gpio_hal_arch_register_pin_callback
                0x000000000000c8ef                gpio_hal_arch_init
                0x000000000000c949                gpio_hal_arch_no_port_interrupt_enable
                0x000000000000c983                gpio_hal_arch_no_port_interrupt_disable
                0x000000000000c9bd                gpio_hal_arch_no_port_pin_cfg_set
                0x000000000000c9ec                gpio_hal_arch_no_port_pin_cfg_get
                0x000000000000ca1c                gpio_hal_arch_no_port_pin_set_input
                0x000000000000ca38                gpio_hal_arch_no_port_pin_set_output
                0x000000000000ca54                gpio_hal_arch_no_port_set_pin
                0x000000000000ca7f                gpio_hal_arch_no_port_clear_pin
                0x000000000000caaa                gpio_hal_arch_no_port_read_pin
                0x000000000000cadc                gpio_hal_arch_no_port_write_pin
                0x000000000000cb10                gpio_hal_arch_no_port_set_pins
                0x000000000000cb61                gpio_hal_arch_no_port_clear_pins
                0x000000000000cbb2                gpio_hal_arch_no_port_read_pins
                0x000000000000cc05                gpio_hal_arch_no_port_write_pins
 .text          0x000000000000cc6f       0xc6 build/cooja/mtype98.a(buttons.o)
 .text          0x000000000000cd35      0x3c1 build/cooja/mtype98.a(contiki-main.o)
                0x000000000000cd35                main
 .text          0x000000000000d0f6       0xb0 build/cooja/mtype98.a(autostart.o)
                0x000000000000d0f6                autostart_start
                0x000000000000d14f                autostart_exit
 .text          0x000000000000d1a6      0x400 build/cooja/mtype98.a(ctimer.o)
                0x000000000000d2e9                ctimer_init
                0x000000000000d32e                ctimer_set
                0x000000000000d361                ctimer_set_with_process
                0x000000000000d3f8                ctimer_reset
                0x000000000000d466                ctimer_restart
                0x000000000000d4d4                ctimer_stop
                0x000000000000d534                ctimer_expired
 .text          0x000000000000d5a6       0x39 build/cooja/mtype98.a(energest.o)
                0x000000000000d5a6                energest_init
                0x000000000000d5b6                energest_flush
                0x000000000000d5c6                energest_get_total_time
 .text          0x000000000000d5df      0x527 build/cooja/mtype98.a(etimer.o)
                0x000000000000d834                etimer_request_poll
                0x000000000000d8e5                etimer_set
                0x000000000000d91e                etimer_reset_with_new_interval
                0x000000000000d95d                etimer_reset
                0x000000000000d993                etimer_restart
                0x000000000000d9c9                etimer_adjust
                0x000000000000d9f0                etimer_expired
                0x000000000000da0d                etimer_expiration_time
                0x000000000000da29                etimer_start_time
                0x000000000000da3d                etimer_pending
                0x000000000000da5a                etimer_next_expiration_time
                0x000000000000da82                etimer_stop
 .text          0x000000000000db06      0x4a3 build/cooja/mtype98.a(log.o)
                0x000000000000db06                log_6addr
                0x000000000000db6a                log_6addr_compact_snprint
                0x000000000000dc2a                log_6addr_compact
                0x000000000000dc8e                log_lladdr
                0x000000000000dd15                log_lladdr_compact
                0x000000000000dd92                log_bytes
                0x000000000000dde6                log_set_level
                0x000000000000dec4                log_get_level
                0x000000000000df55                log_level_to_str
 .text          0x000000000000dfa9      0x122 build/cooja/mtype98.a(rtimer.o)
                0x000000000000dfa9                rtimer_init
                0x000000000000dfc8                rtimer_set
                0x000000000000e056                rtimer_run_next
 .text          0x000000000000e0cb       0x36 build/cooja/mtype98.a(node-id.o)
                0x000000000000e0cb                node_id_init
 .text          0x000000000000e101      0x5cb build/cooja/mtype98.a(process.o)
                0x000000000000e101                process_alloc_event
                0x000000000000e122                process_start
                0x000000000000e327                process_exit
                0x000000000000e34f                process_init
                0x000000000000e517                process_run
                0x000000000000e55a                process_nevents
                0x000000000000e57f                process_post
                0x000000000000e62c                process_post_synch
                0x000000000000e672                process_poll
                0x000000000000e6ae                process_is_running
 .text.__x86.get_pc_thunk.si
                0x000000000000e6cc        0x4 build/cooja/mtype98.a(process.o)
                0x000000000000e6cc                __x86.get_pc_thunk.si
 .text          0x000000000000e6d0       0xf6 build/cooja/mtype98.a(timer.o)
                0x000000000000e6d0                timer_set
                0x000000000000e6ff                timer_reset
                0x000000000000e736                timer_restart
                0x000000000000e75c                timer_expired
                0x000000000000e79a                timer_remaining
 .text          0x000000000000e7c6      0x311 build/cooja/mtype98.a(list.o)
                0x000000000000e7c6                list_init
                0x000000000000e7df                list_head
                0x000000000000e7f3                list_copy
                0x000000000000e80d                list_tail
                0x000000000000e84d                list_add
                0x000000000000e8a3                list_push
                0x000000000000e8d9                list_chop
                0x000000000000e94d                list_pop
                0x000000000000e97f                list_remove
                0x000000000000e9f1                list_length
                0x000000000000ea29                list_insert
                0x000000000000ea78                list_item_next
                0x000000000000ea99                list_contains
 .text          0x000000000000ead7      0x566 build/cooja/mtype98.a(button-hal.o)
                0x000000000000eccb                button_hal_get_by_id
                0x000000000000ed15                button_hal_get_by_index
                0x000000000000ed4f                button_hal_get_state
                0x000000000000edb1                button_hal_init
 .text          0x000000000000f03d      0x242 build/cooja/mtype98.a(serial-line.o)
                0x000000000000f03d                serial_line_input_byte
                0x000000000000f235                serial_line_init
 .text          0x000000000000f27f      0x1d6 build/cooja/mtype98.a(gpio-hal.o)
                0x000000000000f27f                gpio_hal_register_handler
                0x000000000000f2ad                gpio_hal_event_handler
                0x000000000000f31a                gpio_hal_init
                0x000000000000f349                gpio_hal_arch_port_toggle_pin
                0x000000000000f394                gpio_hal_arch_port_toggle_pins
                0x000000000000f3d1                gpio_hal_arch_no_port_toggle_pin
                0x000000000000f41e                gpio_hal_arch_no_port_toggle_pins
 .text          0x000000000000f455      0x3a9 build/cooja/mtype98.a(queuebuf.o)
                0x000000000000f469                queuebuf_init
                0x000000000000f4a5                queuebuf_numfree
                0x000000000000f4cf                queuebuf_new_from_packetbuf
                0x000000000000f583                queuebuf_update_attr_from_packetbuf
                0x000000000000f5c7                queuebuf_update_from_packetbuf
                0x000000000000f626                queuebuf_free
                0x000000000000f684                queuebuf_to_packetbuf
                0x000000000000f701                queuebuf_dataptr
                0x000000000000f74d                queuebuf_datalen
                0x000000000000f77a                queuebuf_addr
                0x000000000000f7b9                queuebuf_attr
                0x000000000000f7ee                queuebuf_debug_print
 .text          0x000000000000f7fe      0x4dd build/cooja/mtype98.a(packetbuf.o)
                0x000000000000f7fe                packetbuf_clear
                0x000000000000f834                packetbuf_copyfrom
                0x000000000000f894                packetbuf_copyto
                0x000000000000f932                packetbuf_hdralloc
                0x000000000000f9c2                packetbuf_hdrreduce
                0x000000000000fa14                packetbuf_set_datalen
                0x000000000000fa39                packetbuf_dataptr
                0x000000000000fa60                packetbuf_hdrptr
                0x000000000000fa75                packetbuf_datalen
                0x000000000000fa8b                packetbuf_hdrlen
                0x000000000000faaa                packetbuf_totlen
                0x000000000000faca                packetbuf_remaininglen
                0x000000000000fae7                packetbuf_attr_clear
                0x000000000000fb4d                packetbuf_attr_copyto
                0x000000000000fb93                packetbuf_attr_copyfrom
                0x000000000000fbd9                packetbuf_set_attr
                0x000000000000fc0f                packetbuf_attr
                0x000000000000fc35                packetbuf_set_addr
                0x000000000000fc7d                packetbuf_addr
                0x000000000000fca7                packetbuf_holds_broadcast
 .text          0x000000000000fcdb      0x13c build/cooja/mtype98.a(netstack.o)
                0x000000000000fcdb                netstack_process_ip_callback
                0x000000000000fd7c                netstack_ip_packet_processor_add
                0x000000000000fdb0                uip_ds6_ip_packet_processor_rm
                0x000000000000fdde                netstack_init
 .text          0x000000000000fe17       0x75 build/cooja/mtype98.a(linkaddr.o)
                0x000000000000fe17                linkaddr_copy
                0x000000000000fe37                linkaddr_cmp
                0x000000000000fe6a                linkaddr_set_node_addr
 .text          0x000000000000fe8c      0x273 build/cooja/mtype98.a(csma.o)
 .text          0x00000000000100ff      0xa6f build/cooja/mtype98.a(csma-output.o)
                0x0000000000010871                csma_output_packet
                0x0000000000010b20                csma_output_init
 .text          0x0000000000010b6e      0xe47 build/cooja/mtype98.a(uip-ds6.o)
                0x0000000000010b6e                uip_ds6_default_prefix
                0x0000000000010b83                uip_ds6_set_default_prefix
                0x0000000000010bb9                uip_ds6_init
                0x0000000000010e54                uip_ds6_periodic
                0x0000000000010efc                uip_ds6_list_loop
                0x0000000000010fcb                uip_ds6_prefix_add
                0x0000000000011092                uip_ds6_prefix_rm
                0x00000000000110af                uip_ds6_prefix_lookup
                0x0000000000011102                uip_ds6_is_addr_onlink
                0x000000000001118f                uip_ds6_addr_add
                0x00000000000112d1                uip_ds6_addr_rm
                0x0000000000011390                uip_ds6_addr_lookup
                0x00000000000113e0                uip_ds6_get_link_local
                0x000000000001147e                uip_ds6_get_global
                0x000000000001151c                uip_ds6_maddr_add
                0x0000000000011598                uip_ds6_maddr_rm
                0x00000000000115b5                uip_ds6_maddr_lookup
                0x0000000000011608                uip_ds6_aaddr_add
                0x0000000000011681                uip_ds6_aaddr_rm
                0x000000000001169e                uip_ds6_aaddr_lookup
                0x00000000000116ee                uip_ds6_select_src
                0x000000000001185c                uip_ds6_set_addr_iid
                0x0000000000011891                uip_ds6_set_lladdr_from_iid
                0x00000000000118c4                get_match_length
                0x000000000001195f                uip_ds6_compute_reachable_time
 .text          0x00000000000119b5      0x152 build/cooja/mtype98.a(uip-udp-packet.)
                0x00000000000119b5                uip_udp_packet_send
                0x0000000000011a2e                uip_udp_packet_sendto
 .text          0x0000000000011b07      0x43f build/cooja/mtype98.a(uip-ds6-route.o)
                0x0000000000011b69                uip_ds6_route_init
                0x0000000000011ba5                uip_ds6_route_nexthop
                0x0000000000011bb9                uip_ds6_route_head
                0x0000000000011bcd                uip_ds6_route_next
                0x0000000000011be1                uip_ds6_route_is_nexthop
                0x0000000000011bf5                uip_ds6_route_num_routes
                0x0000000000011c09                uip_ds6_route_lookup
                0x0000000000011c1d                uip_ds6_route_add
                0x0000000000011c3a                uip_ds6_route_rm
                0x0000000000011c4a                uip_ds6_route_rm_by_nexthop
                0x0000000000011c5a                uip_ds6_defrt_head
                0x0000000000011c84                uip_ds6_defrt_add
                0x0000000000011d44                uip_ds6_defrt_rm
                0x0000000000011dbd                uip_ds6_defrt_lookup
                0x0000000000011e34                uip_ds6_defrt_choose
                0x0000000000011eba                uip_ds6_defrt_periodic
 .text          0x0000000000011f46      0x43e build/cooja/mtype98.a(uip-ds6-nbr.o)
                0x0000000000011f46                uip_ds6_neighbors_init
                0x0000000000011f7c                uip_ds6_nbr_add
                0x0000000000012016                uip_ds6_nbr_rm
                0x0000000000012075                uip_ds6_nbr_update_ll
                0x0000000000012172                uip_ds6_nbr_get_ipaddr
                0x0000000000012191                uip_ds6_nbr_get_ll
                0x00000000000121be                uip_ds6_nbr_num
                0x0000000000012218                uip_ds6_nbr_head
                0x0000000000012242                uip_ds6_nbr_next
                0x000000000001226f                uip_ds6_nbr_lookup
                0x00000000000122d6                uip_ds6_nbr_ll_lookup
                0x0000000000012303                uip_ds6_nbr_ipaddr_from_lladdr
                0x0000000000012336                uip_ds6_nbr_lladdr_from_ipaddr
                0x0000000000012374                uip_ds6_link_callback
 .text          0x0000000000012384      0x870 build/cooja/mtype98.a(tcpip.o)
                0x00000000000123aa                tcpip_output
                0x0000000000012459                udp_attach
                0x000000000001247b                udp_new
                0x00000000000124d5                udp_broadcast_new
                0x0000000000012675                tcpip_input
                0x000000000001286b                tcpip_ipv6_output
                0x0000000000012aa7                tcpip_poll_udp
                0x0000000000012ad7                tcpip_uipcall
 .text          0x0000000000012bf4     0x1520 build/cooja/mtype98.a(uip6.o)
                0x0000000000012cad                uip_chksum
                0x0000000000012da5                uip_icmp6chksum
                0x0000000000012dc4                uip_udpchksum
                0x0000000000012de3                uip_init
                0x0000000000012e42                uip_remove_ext_hdr
                0x0000000000012f3d                uip_udp_new
                0x00000000000132b6                uip_process
                0x0000000000013fa4                uip_htons
                0x0000000000013fd0                uip_htonl
                0x000000000001401a                uip_send
 .text          0x0000000000014114      0x7d4 build/cooja/mtype98.a(uip-nd6.o)
                0x00000000000148bd                uip_nd6_init
 .text          0x00000000000148e8     0x333d build/cooja/mtype98.a(sicslowpan.o)
                0x0000000000014fe6                netstack_sniffer_add
                0x0000000000014fff                netstack_sniffer_remove
                0x0000000000017be4                sicslowpan_init
                0x0000000000017c10                sicslowpan_get_last_rssi
 .text          0x0000000000017c25      0x51a build/cooja/mtype98.a(uiplib.o)
                0x0000000000017c25                uiplib_ip6addrconv
                0x0000000000017deb                uiplib_ip4addrconv
                0x0000000000017eb8                uiplib_ipaddr_print
                0x0000000000017f1c                uiplib_ipaddr_snprint
 .text          0x000000000001813f      0x820 build/cooja/mtype98.a(rpl.o)
                0x000000000001813f                rpl_lollipop_greater_than
                0x00000000000181a2                rpl_get_global_address
                0x00000000000182d8                rpl_link_callback
                0x00000000000183d1                rpl_has_joined
                0x0000000000018407                rpl_is_reachable
                0x00000000000184aa                rpl_reset_prefix
                0x00000000000185a4                rpl_set_prefix_from_addr
                0x0000000000018773                rpl_set_prefix
                0x0000000000018926                rpl_set_leaf_only
                0x0000000000018949                rpl_get_leaf_only
 .text          0x000000000001895f     0x205c build/cooja/mtype98.a(rpl-icmp6.o)
                0x0000000000018abc                rpl_icmp6_update_nbr_table
                0x0000000000018cfd                rpl_icmp6_dis_output
                0x00000000000196c0                rpl_icmp6_dio_output
                0x000000000001a202                rpl_icmp6_dao_output
                0x000000000001a83a                rpl_icmp6_dao_ack_output
                0x000000000001a95b                rpl_icmp6_init
 .text          0x000000000001a9bb     0x1c61 build/cooja/mtype98.a(rpl-dag.o)
                0x000000000001a9bb                rpl_dag_state_to_str
                0x000000000001aa09                rpl_dag_get_root_ipaddr
                0x000000000001aa59                rpl_dag_leave
                0x000000000001ab9d                rpl_dag_poison_and_leave
                0x000000000001abc9                rpl_dag_periodic
                0x000000000001ad19                rpl_is_addr_in_our_dag
                0x000000000001ad78                rpl_get_default_instance
                0x000000000001ada2                rpl_get_any_dag
                0x000000000001ae18                rpl_refresh_routes
                0x000000000001aeed                rpl_global_repair
                0x000000000001b0b7                rpl_local_repair
                0x000000000001b162                rpl_dag_ready_to_advertise
                0x000000000001b1bb                rpl_dag_update_state
                0x000000000001c02a                rpl_process_dio
                0x000000000001c10a                rpl_process_dis
                0x000000000001c19f                rpl_process_dao
                0x000000000001c283                rpl_process_dao_ack
                0x000000000001c38c                rpl_process_hbh
                0x000000000001c3ec                rpl_dag_init_root
                0x000000000001c5ea                rpl_dag_init
 .text          0x000000000001c61c      0x571 build/cooja/mtype98.a(rpl-dag-root.o)
                0x000000000001c61c                rpl_dag_root_print_links
                0x000000000001c985                rpl_dag_root_set_prefix
                0x000000000001c9c0                rpl_dag_root_start
                0x000000000001cb4b                rpl_dag_root_is_root
 .text          0x000000000001cb8d       0x6b build/cooja/mtype98.a(watchdog.o)
                0x000000000001cb8d                watchdog_init
                0x000000000001cb9d                watchdog_start
                0x000000000001cbad                watchdog_periodic
                0x000000000001cbd8                watchdog_stop
                0x000000000001cbe8                watchdog_reboot
 .text          0x000000000001cbf8       0x75 build/cooja/mtype98.a(int-master.o)
                0x000000000001cbf8                int_master_enable
                0x000000000001cc12                int_master_read_and_disable
                0x000000000001cc3a                int_master_status_set
                0x000000000001cc53                int_master_is_enabled
 .text          0x000000000001cc6d      0x11d build/cooja/mtype98.a(stimer.o)
                0x000000000001cc6d                stimer_set
                0x000000000001cc9c                stimer_reset
                0x000000000001ccd3                stimer_restart
                0x000000000001ccf9                stimer_expired
                0x000000000001cd35                stimer_remaining
                0x000000000001cd61                stimer_elapsed
 .text          0x000000000001cd8a      0x1ec build/cooja/mtype98.a(memb.o)
                0x000000000001cd8a                memb_init
                0x000000000001cdee                memb_alloc
                0x000000000001ce5b                memb_free
                0x000000000001cedc                memb_inmemb
                0x000000000001cf25                memb_numfree
 .text          0x000000000001cf76       0x31 build/cooja/mtype98.a(assert.o)
                0x000000000001cf76                _xassert
 .text          0x000000000001cfa7      0x188 build/cooja/mtype98.a(ringbuf.o)
                0x000000000001cfa7                ringbuf_init
                0x000000000001cfe3                ringbuf_put
                0x000000000001d06b                ringbuf_get
                0x000000000001d0e2                ringbuf_size
                0x000000000001d0fe                ringbuf_elements
 .text          0x000000000001d12f      0x8d0 build/cooja/mtype98.a(nbr-table.o)
                0x000000000001d642                nbr_table_register
                0x000000000001d6c0                nbr_table_is_registered
                0x000000000001d705                nbr_table_head
                0x000000000001d772                nbr_table_next
                0x000000000001d7e4                nbr_table_add_lladdr
                0x000000000001d8d5                nbr_table_get_from_lladdr
                0x000000000001d932                nbr_table_remove
                0x000000000001d97d                nbr_table_lock
                0x000000000001d9a3                nbr_table_unlock
                0x000000000001d9c9                nbr_table_get_lladdr
 .text          0x000000000001d9ff      0x43d build/cooja/mtype98.a(link-stats.o)
                0x000000000001d9ff                link_stats_from_lladdr
                0x000000000001da2c                link_stats_get_lladdr
                0x000000000001da59                link_stats_is_fresh
                0x000000000001daa6                guess_etx_from_rssi
                0x000000000001db2c                link_stats_packet_sent
                0x000000000001dc5d                link_stats_input_callback
                0x000000000001dd91                link_stats_reset
                0x000000000001ddf3                link_stats_init
 .text          0x000000000001de3c      0x1a8 build/cooja/mtype98.a(mac-sequence.o)
                0x000000000001de3c                mac_sequence_is_duplicate
                0x000000000001defc                mac_sequence_register_seqno
 .text          0x000000000001dfe4       0x2d build/cooja/mtype98.a(mac.o)
                0x000000000001dfe4                mac_call_sent_callback
 .text          0x000000000001e011      0x477 build/cooja/mtype98.a(framer-802154.o)
                0x000000000001e1b4                framer_802154_setup_params
 .text          0x000000000001e488      0xc1a build/cooja/mtype98.a(frame802154.o)
                0x000000000001e4c3                frame802154_get_pan_id
                0x000000000001e4d9                frame802154_set_pan_id
                0x000000000001e4fe                frame802154_has_panid
                0x000000000001e6b7                frame802154_check_dest_panid
                0x000000000001e749                frame802154_is_broadcast_addr
                0x000000000001e7a0                frame802154_extract_linkaddr
                0x000000000001ea29                frame802154_hdrlen
                0x000000000001eaa6                frame802154_create_fcf
                0x000000000001eb68                frame802154_create
                0x000000000001ecf3                frame802154_parse_fcf
                0x000000000001eddf                frame802154_parse
 .text          0x000000000001f0a2       0x4e build/cooja/mtype98.a(csma-security.o)
                0x000000000001f0a2                csma_security_create_frame
                0x000000000001f0d3                csma_security_parse_frame
 .text          0x000000000001f0f0      0x5b2 build/cooja/mtype98.a(uipbuf.o)
                0x000000000001f0f0                uipbuf_clear
                0x000000000001f127                uipbuf_add_ext_hdr
                0x000000000001f1c2                uipbuf_set_len
                0x000000000001f1fc                uipbuf_set_len_field
                0x000000000001f232                uipbuf_get_len_field
                0x000000000001f25c                uipbuf_get_next_header
                0x000000000001f398                uipbuf_get_last_header
                0x000000000001f41b                uipbuf_search_header
                0x000000000001f4df                uipbuf_get_attr
                0x000000000001f510                uipbuf_set_attr
                0x000000000001f551                uipbuf_set_default_attr
                0x000000000001f592                uipbuf_clear_attr
                0x000000000001f5c6                uipbuf_set_attr_flag
                0x000000000001f5f2                uipbuf_clr_attr_flag
                0x000000000001f624                uipbuf_is_attr_flag
                0x000000000001f652                uipbuf_init
 .text          0x000000000001f6a2      0x8b7 build/cooja/mtype98.a(uip-icmp6.o)
                0x000000000001f727                uip_icmp6_input
                0x000000000001f788                uip_icmp6_register_input_handler
                0x000000000001f93c                uip_icmp6_error_output
                0x000000000001fc7e                uip_icmp6_send
                0x000000000001feac                uip_icmp6_echo_reply_callback_add
                0x000000000001feef                uip_icmp6_echo_reply_callback_rm
                0x000000000001ff1d                uip_icmp6_init
 .text          0x000000000001ff59      0x772 build/cooja/mtype98.a(uip-sr.o)
                0x000000000001ff59                uip_sr_num_nodes
                0x0000000000020005                uip_sr_get_node
                0x000000000002006c                uip_sr_is_addr_reachable
                0x0000000000020129                uip_sr_expire_parent
                0x000000000002017c                uip_sr_update_node
                0x00000000000202c0                uip_sr_init
                0x0000000000020306                uip_sr_node_head
                0x0000000000020330                uip_sr_node_next
                0x0000000000020356                uip_sr_periodic
                0x0000000000020472                uip_sr_free_all
                0x00000000000204f7                uip_sr_link_snprint
 .text          0x00000000000206cb      0x1a5 build/cooja/mtype98.a(uip-packetqueue)
                0x000000000002070b                uip_packetqueue_new
                0x0000000000020724                uip_packetqueue_alloc
                0x0000000000020793                uip_packetqueue_free
                0x00000000000207eb                uip_packetqueue_buf
                0x0000000000020812                uip_packetqueue_buflen
                0x000000000002083d                uip_packetqueue_set_buflen
 .text          0x0000000000020870      0x348 build/cooja/mtype98.a(rpl-nbr-policy.)
                0x0000000000020b66                rpl_nbr_policy_find_removable
 .text          0x0000000000020bb8      0xe1e build/cooja/mtype98.a(rpl-neighbor.o)
                0x0000000000020c54                rpl_neighbor_snprint
                0x0000000000020f3c                rpl_neighbor_print_list
                0x0000000000021186                rpl_neighbor_count
                0x0000000000021269                rpl_neighbor_get_from_lladdr
                0x0000000000021296                rpl_neighbor_is_acceptable_parent
                0x00000000000212dc                rpl_neighbor_get_link_metric
                0x0000000000021322                rpl_neighbor_rank_via_nbr
                0x0000000000021368                rpl_neighbor_get_lladdr
                0x0000000000021395                rpl_neighbor_get_ipaddr
                0x00000000000213cb                rpl_neighbor_get_link_stats
                0x0000000000021401                rpl_neighbor_is_fresh
                0x0000000000021437                rpl_neighbor_is_reachable
                0x0000000000021494                rpl_neighbor_is_parent
                0x00000000000214cb                rpl_neighbor_set_preferred_parent
                0x0000000000021657                rpl_neighbor_remove_all
                0x0000000000021703                rpl_neighbor_get_from_ipaddr
                0x000000000002183d                rpl_neighbor_select_best
                0x00000000000219a4                rpl_neighbor_init
 .text          0x00000000000219d6      0xf08 build/cooja/mtype98.a(rpl-timers.o)
                0x00000000000219d6                rpl_timers_schedule_periodic_dis
                0x0000000000021b80                rpl_timers_dio_reset
                0x0000000000021d3d                rpl_timers_schedule_unicast_dio
                0x0000000000021f10                rpl_timers_schedule_dao
                0x0000000000022016                rpl_timers_schedule_dao_ack
                0x00000000000220e5                rpl_timers_notify_dao_ack
                0x000000000002216b                get_probing_delay
                0x00000000000221b0                get_probing_target
                0x00000000000224ea                rpl_schedule_probing
                0x0000000000022536                rpl_schedule_probing_now
                0x00000000000225d0                rpl_timers_unschedule_leaving
                0x000000000002262a                rpl_timers_schedule_leaving
                0x000000000002268f                rpl_timers_init
                0x0000000000022782                rpl_timers_stop_dag_timers
                0x000000000002283f                rpl_timers_unschedule_state_update
                0x000000000002287b                rpl_timers_schedule_state_update
 .text          0x00000000000228de     0x14a6 build/cooja/mtype98.a(rpl-ext-header.)
                0x00000000000228de                rpl_ext_header_srh_get_next_hop
                0x0000000000022a28                rpl_ext_header_srh_update
                0x000000000002349c                rpl_ext_header_hbh_update
                0x0000000000023afe                rpl_ext_header_update
                0x0000000000023bad                rpl_ext_header_remove
 .text          0x0000000000023d84      0x3e2 build/cooja/mtype98.a(rpl-mrhof.o)
 *fill*         0x0000000000024166        0xa 
 .text          0x0000000000024170       0x14 /usr/lib/i386-linux-gnu/libc_nonshared.a(stack_chk_fail_local.oS)
                0x0000000000024170                __stack_chk_fail_local
 .text          0x0000000000024184        0x0 /usr/lib/gcc/i686-linux-gnu/7/crtendS.o
 .text          0x0000000000024184        0x0 /usr/lib/gcc/i686-linux-gnu/7/../../../i386-linux-gnu/crtn.o
 *(.gnu.warning)

.fini           0x0000000000024184       0x14
 *(SORT_NONE(.fini))
 .fini          0x0000000000024184        0xf /usr/lib/gcc/i686-linux-gnu/7/../../../i386-linux-gnu/crti.o
                0x0000000000024184                _fini
 .fini          0x0000000000024193        0x5 /usr/lib/gcc/i686-linux-gnu/7/../../../i386-linux-gnu/crtn.o
                [!provide]                        PROVIDE (__etext = .)
                [!provide]                        PROVIDE (_etext = .)
                [!provide]                        PROVIDE (etext = .)

.rodata         0x0000000000024198     0x19bb
 *(.rodata .rodata.* .gnu.linkonce.r.*)
 .rodata        0x0000000000024198      0x19a lamp.o
 *fill*         0x0000000000024332        0x2 
 .rodata        0x0000000000024334        0x6 build/cooja/mtype98.a(leds-arch.o)
                0x0000000000024334                leds_arch_leds
 .rodata        0x000000000002433a        0x4 build/cooja/mtype98.a(pir-sensor.o)
 .rodata        0x000000000002433e        0x6 build/cooja/mtype98.a(rs232.o)
 .rodata        0x0000000000024344        0xa build/cooja/mtype98.a(vib-sensor.o)
 *fill*         0x000000000002434e        0x2 
 .rodata        0x0000000000024350       0x27 build/cooja/mtype98.a(cfs-cooja.o)
 *fill*         0x0000000000024377        0x1 
 .rodata        0x0000000000024378       0x68 build/cooja/mtype98.a(cooja-radio.o)
 .rodata        0x00000000000243e0        0x8 build/cooja/mtype98.a(sensors.o)
 .rodata        0x00000000000243e8       0x14 build/cooja/mtype98.a(buttons.o)
                0x00000000000243f4                button_hal_button_count
 .rodata        0x00000000000243fc       0xfc build/cooja/mtype98.a(contiki-main.o)
 .rodata        0x00000000000244f8        0xf build/cooja/mtype98.a(ctimer.o)
 .rodata        0x0000000000024507        0xc build/cooja/mtype98.a(etimer.o)
 *fill*         0x0000000000024513        0x1 
 .rodata        0x0000000000024514       0xc4 build/cooja/mtype98.a(log.o)
 .rodata        0x00000000000245d8       0x13 build/cooja/mtype98.a(button-hal.o)
 .rodata        0x00000000000245eb        0xe build/cooja/mtype98.a(serial-line.o)
 *fill*         0x00000000000245f9        0x3 
 .rodata        0x00000000000245fc        0x8 build/cooja/mtype98.a(linkaddr.o)
                0x00000000000245fc                linkaddr_null
 .rodata        0x0000000000024604        0x5 build/cooja/mtype98.a(csma.o)
 *fill*         0x0000000000024609        0x3 
 .rodata        0x000000000002460c       0x21 build/cooja/mtype98.a(csma-output.o)
 *fill*         0x000000000002462d        0x3 
 .rodata        0x0000000000024630       0x4d build/cooja/mtype98.a(uip-ds6-route.o)
 .rodata        0x000000000002467d        0xd build/cooja/mtype98.a(tcpip.o)
 *fill*         0x000000000002468a        0x2 
 .rodata        0x000000000002468c       0x1f build/cooja/mtype98.a(sicslowpan.o)
                0x000000000002468c                unc_llconf
                0x0000000000024690                unc_ctxconf
                0x0000000000024694                unc_mxconf
                0x0000000000024698                llprefix
 .rodata        0x00000000000246ab       0x2d build/cooja/mtype98.a(uiplib.o)
 .rodata        0x00000000000246d8       0xd4 build/cooja/mtype98.a(rpl.o)
 .rodata        0x00000000000247ac      0x587 build/cooja/mtype98.a(rpl-icmp6.o)
 *fill*         0x0000000000024d33        0x1 
 .rodata        0x0000000000024d34      0x60c build/cooja/mtype98.a(rpl-dag.o)
 .rodata        0x0000000000025340       0xc4 build/cooja/mtype98.a(rpl-dag-root.o)
 .rodata        0x0000000000025404       0x25 build/cooja/mtype98.a(assert.o)
 .rodata        0x0000000000025429       0x44 build/cooja/mtype98.a(uip-sr.o)
 *fill*         0x000000000002546d        0x3 
 .rodata        0x0000000000025470       0xe3 build/cooja/mtype98.a(rpl-nbr-policy.)
 *fill*         0x0000000000025553        0x1 
 .rodata        0x0000000000025554      0x15a build/cooja/mtype98.a(rpl-neighbor.o)
 .rodata        0x00000000000256ae       0x89 build/cooja/mtype98.a(rpl-timers.o)
 *fill*         0x0000000000025737        0x1 
 .rodata        0x0000000000025738      0x3f6 build/cooja/mtype98.a(rpl-ext-header.)
 .rodata        0x0000000000025b2e       0x25 build/cooja/mtype98.a(rpl-mrhof.o)

.rodata1
 *(.rodata1)

.eh_frame_hdr   0x0000000000025b54     0x1624
 *(.eh_frame_hdr)
 .eh_frame_hdr  0x0000000000025b54     0x1624 lamp.o
                0x0000000000025b54                __GNU_EH_FRAME_HDR
 *(.eh_frame_entry .eh_frame_entry.*)

.eh_frame       0x0000000000027178     0x5f98
 *(.eh_frame)
 .eh_frame      0x0000000000027178       0x3c /usr/lib/gcc/i686-linux-gnu/7/../../../i386-linux-gnu/crti.o
                                         0x40 (size before relaxing)
 .eh_frame      0x00000000000271b4       0x14 /usr/lib/gcc/i686-linux-gnu/7/../../../i386-linux-gnu/crti.o
                                         0x2c (size before relaxing)
 .eh_frame      0x00000000000271c8       0xe4 lamp.o
                                        0x110 (size before relaxing)
 .eh_frame      0x00000000000272ac      0x198 build/cooja/mtype98.o
                                        0x1ec (size before relaxing)
 .eh_frame      0x0000000000027444       0x48 build/cooja/mtype98.a(simEnvChange.o)
                                         0x74 (size before relaxing)
 .eh_frame      0x000000000002748c       0x6c build/cooja/mtype98.a(cooja_mt.o)
                                         0x98 (size before relaxing)
 .eh_frame      0x00000000000274f8       0x88 build/cooja/mtype98.a(cooja_mtarch.o)
                                         0xc8 (size before relaxing)
 .eh_frame      0x0000000000027580       0xe4 build/cooja/mtype98.a(rtimer-arch.o)
                                        0x110 (size before relaxing)
 .eh_frame      0x0000000000027664      0x160 build/cooja/mtype98.a(beep.o)
                                        0x18c (size before relaxing)
 .eh_frame      0x00000000000277c4       0x88 build/cooja/mtype98.a(leds-arch.o)
                                         0xc8 (size before relaxing)
 .eh_frame      0x000000000002784c       0x44 build/cooja/mtype98.a(moteid.o)
                                         0x70 (size before relaxing)
 .eh_frame      0x0000000000027890       0xa4 build/cooja/mtype98.a(pir-sensor.o)
                                         0xe4 (size before relaxing)
 .eh_frame      0x0000000000027934      0x110 build/cooja/mtype98.a(rs232.o)
                                        0x150 (size before relaxing)
 .eh_frame      0x0000000000027a44       0xa4 build/cooja/mtype98.a(vib-sensor.o)
                                         0xe4 (size before relaxing)
 .eh_frame      0x0000000000027ae8       0xc0 build/cooja/mtype98.a(clock.o)
                                         0xec (size before relaxing)
 .eh_frame      0x0000000000027ba8      0x130 build/cooja/mtype98.a(cooja-log.o)
                                        0x170 (size before relaxing)
 .eh_frame      0x0000000000027cd8      0x16c build/cooja/mtype98.a(cfs-cooja.o)
                                        0x1ac (size before relaxing)
 .eh_frame      0x0000000000027e44      0x354 build/cooja/mtype98.a(cooja-radio.o)
                                        0x394 (size before relaxing)
 .eh_frame      0x0000000000028198       0xa8 build/cooja/mtype98.a(eeprom.o)
                                         0xe8 (size before relaxing)
 .eh_frame      0x0000000000028240       0x48 build/cooja/mtype98.a(random.o)
                                         0x74 (size before relaxing)
 .eh_frame      0x0000000000028288       0xd0 build/cooja/mtype98.a(sensors.o)
                                        0x110 (size before relaxing)
 .eh_frame      0x0000000000028358      0x140 build/cooja/mtype98.a(leds.o)
                                        0x180 (size before relaxing)
 .eh_frame      0x0000000000028498      0x228 build/cooja/mtype98.a(gpio-hal-arch.o)
                                        0x27c (size before relaxing)
 .eh_frame      0x00000000000286c0       0xa4 build/cooja/mtype98.a(buttons.o)
                                         0xe4 (size before relaxing)
 .eh_frame      0x0000000000028764       0x38 build/cooja/mtype98.a(contiki-main.o)
                                         0x64 (size before relaxing)
 .eh_frame      0x000000000002879c       0x48 build/cooja/mtype98.a(autostart.o)
                                         0x74 (size before relaxing)
 .eh_frame      0x00000000000287e4      0x11c build/cooja/mtype98.a(ctimer.o)
                                        0x15c (size before relaxing)
 .eh_frame      0x0000000000028900       0x60 build/cooja/mtype98.a(energest.o)
                                         0x8c (size before relaxing)
 .eh_frame      0x0000000000028960      0x204 build/cooja/mtype98.a(etimer.o)
                                        0x244 (size before relaxing)
 .eh_frame      0x0000000000028b64      0x144 build/cooja/mtype98.a(log.o)
                                        0x184 (size before relaxing)
 .eh_frame      0x0000000000028ca8       0x6c build/cooja/mtype98.a(rtimer.o)
                                         0xc0 (size before relaxing)
 .eh_frame      0x0000000000028d14       0x20 build/cooja/mtype98.a(node-id.o)
                                         0x4c (size before relaxing)
 .eh_frame      0x0000000000028d34      0x1ec build/cooja/mtype98.a(process.o)
                                        0x22c (size before relaxing)
 .eh_frame      0x0000000000028f20       0xb4 build/cooja/mtype98.a(timer.o)
                                         0xe0 (size before relaxing)
 .eh_frame      0x0000000000028fd4      0x1a0 build/cooja/mtype98.a(list.o)
                                        0x1cc (size before relaxing)
 .eh_frame      0x0000000000029174      0x188 build/cooja/mtype98.a(button-hal.o)
                                        0x1c8 (size before relaxing)
 .eh_frame      0x00000000000292fc       0x6c build/cooja/mtype98.a(serial-line.o)
                                         0x98 (size before relaxing)
 .eh_frame      0x0000000000029368       0xfc build/cooja/mtype98.a(gpio-hal.o)
                                        0x13c (size before relaxing)
 .eh_frame      0x0000000000029464      0x1c0 build/cooja/mtype98.a(queuebuf.o)
                                        0x200 (size before relaxing)
 .eh_frame      0x0000000000029624      0x2b0 build/cooja/mtype98.a(packetbuf.o)
                                        0x2f0 (size before relaxing)
 .eh_frame      0x00000000000298d4       0x90 build/cooja/mtype98.a(netstack.o)
                                         0xd0 (size before relaxing)
 .eh_frame      0x0000000000029964       0x64 build/cooja/mtype98.a(linkaddr.o)
                                         0x90 (size before relaxing)
 .eh_frame      0x00000000000299c8       0xf0 build/cooja/mtype98.a(csma.o)
                                        0x130 (size before relaxing)
 .eh_frame      0x0000000000029ab8      0x1f8 build/cooja/mtype98.a(csma-output.o)
                                        0x238 (size before relaxing)
 .eh_frame      0x0000000000029cb0      0x364 build/cooja/mtype98.a(uip-ds6.o)
                                        0x3a4 (size before relaxing)
 .eh_frame      0x000000000002a014       0x44 build/cooja/mtype98.a(uip-udp-packet.)
                                         0x84 (size before relaxing)
 .eh_frame      0x000000000002a058      0x240 build/cooja/mtype98.a(uip-ds6-route.o)
                                        0x280 (size before relaxing)
 .eh_frame      0x000000000002a298      0x1e8 build/cooja/mtype98.a(uip-ds6-nbr.o)
                                        0x228 (size before relaxing)
 .eh_frame      0x000000000002a480      0x270 build/cooja/mtype98.a(tcpip.o)
                                        0x2b0 (size before relaxing)
 .eh_frame      0x000000000002a6f0      0x20c build/cooja/mtype98.a(uip6.o)
                                        0x24c (size before relaxing)
 .eh_frame      0x000000000002a8fc       0x8c build/cooja/mtype98.a(uip-nd6.o)
                                         0xe0 (size before relaxing)
 .eh_frame      0x000000000002a988      0x354 build/cooja/mtype98.a(sicslowpan.o)
                                        0x3a8 (size before relaxing)
 .eh_frame      0x000000000002acdc       0x9c build/cooja/mtype98.a(uiplib.o)
                                         0xdc (size before relaxing)
 .eh_frame      0x000000000002ad78      0x1fc build/cooja/mtype98.a(rpl.o)
                                        0x23c (size before relaxing)
 .eh_frame      0x000000000002af74      0x204 build/cooja/mtype98.a(rpl-icmp6.o)
                                        0x244 (size before relaxing)
 .eh_frame      0x000000000002b178      0x3c0 build/cooja/mtype98.a(rpl-dag.o)
                                        0x414 (size before relaxing)
 .eh_frame      0x000000000002b538       0xb0 build/cooja/mtype98.a(rpl-dag-root.o)
                                         0xf0 (size before relaxing)
 .eh_frame      0x000000000002b5e8       0xa4 build/cooja/mtype98.a(watchdog.o)
                                         0xd0 (size before relaxing)
 .eh_frame      0x000000000002b68c       0x80 build/cooja/mtype98.a(int-master.o)
                                         0xac (size before relaxing)
 .eh_frame      0x000000000002b70c       0xd8 build/cooja/mtype98.a(stimer.o)
                                        0x104 (size before relaxing)
 .eh_frame      0x000000000002b7e4       0xa4 build/cooja/mtype98.a(memb.o)
                                         0xe4 (size before relaxing)
 .eh_frame      0x000000000002b888       0x24 build/cooja/mtype98.a(assert.o)
                                         0x50 (size before relaxing)
 .eh_frame      0x000000000002b8ac       0xa0 build/cooja/mtype98.a(ringbuf.o)
                                         0xcc (size before relaxing)
 .eh_frame      0x000000000002b94c      0x2cc build/cooja/mtype98.a(nbr-table.o)
                                        0x30c (size before relaxing)
 .eh_frame      0x000000000002bc18      0x140 build/cooja/mtype98.a(link-stats.o)
                                        0x180 (size before relaxing)
 .eh_frame      0x000000000002bd58       0x50 build/cooja/mtype98.a(mac-sequence.o)
                                         0x7c (size before relaxing)
 .eh_frame      0x000000000002bda8       0x20 build/cooja/mtype98.a(mac.o)
                                         0x4c (size before relaxing)
 .eh_frame      0x000000000002bdc8       0xb4 build/cooja/mtype98.a(framer-802154.o)
                                         0xf4 (size before relaxing)
 .eh_frame      0x000000000002be7c      0x1b0 build/cooja/mtype98.a(frame802154.o)
                                        0x1f0 (size before relaxing)
 .eh_frame      0x000000000002c02c       0x44 build/cooja/mtype98.a(csma-security.o)
                                         0x84 (size before relaxing)
 .eh_frame      0x000000000002c070      0x204 build/cooja/mtype98.a(uipbuf.o)
                                        0x230 (size before relaxing)
 .eh_frame      0x000000000002c274      0x170 build/cooja/mtype98.a(uip-icmp6.o)
                                        0x1b0 (size before relaxing)
 .eh_frame      0x000000000002c3e4      0x1ac build/cooja/mtype98.a(uip-sr.o)
                                        0x1ec (size before relaxing)
 .eh_frame      0x000000000002c590       0xec build/cooja/mtype98.a(uip-packetqueue)
                                        0x12c (size before relaxing)
 .eh_frame      0x000000000002c67c       0x8c build/cooja/mtype98.a(rpl-nbr-policy.)
                                         0xcc (size before relaxing)
 .eh_frame      0x000000000002c708      0x31c build/cooja/mtype98.a(rpl-neighbor.o)
                                        0x370 (size before relaxing)
 .eh_frame      0x000000000002ca24      0x418 build/cooja/mtype98.a(rpl-timers.o)
                                        0x458 (size before relaxing)
 .eh_frame      0x000000000002ce3c      0x160 build/cooja/mtype98.a(rpl-ext-header.)
                                        0x1a0 (size before relaxing)
 .eh_frame      0x000000000002cf9c      0x154 build/cooja/mtype98.a(rpl-mrhof.o)
                                        0x194 (size before relaxing)
 .eh_frame      0x000000000002d0f0       0x1c /usr/lib/i386-linux-gnu/libc_nonshared.a(stack_chk_fail_local.oS)
                                         0x48 (size before relaxing)
 .eh_frame      0x000000000002d10c        0x4 /usr/lib/gcc/i686-linux-gnu/7/crtendS.o
 *(.eh_frame.*)

.gcc_except_table
 *(.gcc_except_table .gcc_except_table.*)

.gnu_extab
 *(.gnu_extab*)

.exception_ranges
 *(.exception_ranges .exception_ranges*)
                0x000000000002ec18                . = DATA_SEGMENT_ALIGN (CONSTANT (MAXPAGESIZE), CONSTANT (COMMONPAGESIZE))

.eh_frame
 *(.eh_frame)
 *(.eh_frame.*)

.gnu_extab
 *(.gnu_extab)

.gcc_except_table
 *(.gcc_except_table .gcc_except_table.*)

.exception_ranges
 *(.exception_ranges .exception_ranges*)

.tdata
 *(.tdata .tdata.* .gnu.linkonce.td.*)

.tbss
 *(.tbss .tbss.* .gnu.linkonce.tb.*)
 *(.tcommon)

.preinit_array
 *(.preinit_array)

.init_array     0x000000000002ec18        0x4
 *(SORT_BY_INIT_PRIORITY(.init_array.*) SORT_BY_INIT_PRIORITY(.ctors.*))
 *(.init_array EXCLUDE_FILE(*crtend?.o *crtend.o *crtbegin?.o *crtbegin.o) .ctors)
 .init_array    0x000000000002ec18        0x4 /usr/lib/gcc/i686-linux-gnu/7/crtbeginS.o

.fini_array     0x000000000002ec1c        0x4
 *(SORT_BY_INIT_PRIORITY(.fini_array.*) SORT_BY_INIT_PRIORITY(.dtors.*))
 *(.fini_array EXCLUDE_FILE(*crtend?.o *crtend.o *crtbegin?.o *crtbegin.o) .dtors)
 .fini_array    0x000000000002ec1c        0x4 /usr/lib/gcc/i686-linux-gnu/7/crtbeginS.o

.ctors
 *crtbegin.o(.ctors)
 *crtbegin?.o(.ctors)
 *(EXCLUDE_FILE(*crtend?.o *crtend.o) .ctors)
 *(SORT_BY_NAME(.ctors.*))
 *(.ctors)

.dtors
 *crtbegin.o(.dtors)
 *crtbegin?.o(.dtors)
 *(EXCLUDE_FILE(*crtend?.o *crtend.o) .dtors)
 *(SORT_BY_NAME(.dtors.*))
 *(.dtors)

.jcr
 *(.jcr)

.data.rel.ro    0x000000000002ec20      0x198
 *(.data.rel.ro.local* .gnu.linkonce.d.rel.ro.local.*)
 .data.rel.ro.local
                0x000000000002ec20        0x8 lamp.o
                0x000000000002ec20                autostart_processes
 .data.rel.ro.local
                0x000000000002ec28        0x8 build/cooja/mtype98.a(beep.o)
                0x000000000002ec28                beep_interface
 .data.rel.ro.local
                0x000000000002ec30        0x8 build/cooja/mtype98.a(leds-arch.o)
                0x000000000002ec30                leds_interface
 .data.rel.ro.local
                0x000000000002ec38        0x8 build/cooja/mtype98.a(moteid.o)
                0x000000000002ec38                moteid_interface
 .data.rel.ro.local
                0x000000000002ec40       0x18 build/cooja/mtype98.a(pir-sensor.o)
                0x000000000002ec40                pir_interface
                0x000000000002ec48                pir_sensor
 .data.rel.ro.local
                0x000000000002ec58        0x8 build/cooja/mtype98.a(rs232.o)
                0x000000000002ec58                rs232_interface
 .data.rel.ro.local
                0x000000000002ec60       0x18 build/cooja/mtype98.a(vib-sensor.o)
                0x000000000002ec60                vib_interface
                0x000000000002ec68                vib_sensor
 .data.rel.ro.local
                0x000000000002ec78        0x8 build/cooja/mtype98.a(clock.o)
                0x000000000002ec78                clock_interface
 .data.rel.ro.local
                0x000000000002ec80        0x8 build/cooja/mtype98.a(cooja-log.o)
                0x000000000002ec80                simlog_interface
 .data.rel.ro.local
                0x000000000002ec88        0x8 build/cooja/mtype98.a(cfs-cooja.o)
                0x000000000002ec88                cfs_interface
 *fill*         0x000000000002ec90       0x10 
 .data.rel.ro.local
                0x000000000002eca0       0x58 build/cooja/mtype98.a(cooja-radio.o)
                0x000000000002eca0                radio_interface
                0x000000000002ecc0                cooja_radio_driver
 .data.rel.ro.local
                0x000000000002ecf8        0x8 build/cooja/mtype98.a(eeprom.o)
                0x000000000002ecf8                eeprom_interface
 .data.rel.ro.local
                0x000000000002ed00       0x18 build/cooja/mtype98.a(buttons.o)
                0x000000000002ed00                button_interface
                0x000000000002ed08                button_sensor
 .data.rel.ro.local
                0x000000000002ed18       0x1c build/cooja/mtype98.a(csma.o)
                0x000000000002ed18                csma_driver
 .data.rel.ro.local
                0x000000000002ed34       0x10 build/cooja/mtype98.a(sicslowpan.o)
                0x000000000002ed34                sicslowpan_driver
 .data.rel.ro.local
                0x000000000002ed44        0xc build/cooja/mtype98.a(framer-802154.o)
                0x000000000002ed44                framer_802154
 *(.data.rel.ro .data.rel.ro.* .gnu.linkonce.d.rel.ro.*)
 .data.rel.ro   0x000000000002ed50        0x0 /usr/lib/gcc/i686-linux-gnu/7/../../../i386-linux-gnu/crti.o
 *fill*         0x000000000002ed50       0x10 
 .data.rel.ro   0x000000000002ed60       0x54 build/cooja/mtype98.a(rpl.o)
                0x000000000002ed60                rpl_lite_driver
 .data.rel.ro   0x000000000002edb4        0x4 build/cooja/mtype98.a(rpl-dag.o)

.dynamic        0x000000000002edb8       0xf0
 *(.dynamic)
 .dynamic       0x000000000002edb8       0xf0 /usr/lib/gcc/i686-linux-gnu/7/../../../i386-linux-gnu/crti.o
                0x000000000002edb8                _DYNAMIC

.got            0x000000000002eea8      0x14c
 *(.got)
 .got           0x000000000002eea8      0x14c /usr/lib/gcc/i686-linux-gnu/7/../../../i386-linux-gnu/crti.o
 *(.igot)
                0x000000000002eff4                . = DATA_SEGMENT_RELRO_END (., (SIZEOF (.got.plt) >= 0xc)?0xc:0x0)

.got.plt        0x000000000002f000      0x4c4
 *(.got.plt)
 .got.plt       0x000000000002f000      0x4c4 /usr/lib/gcc/i686-linux-gnu/7/../../../i386-linux-gnu/crti.o
                0x000000000002f000                _GLOBAL_OFFSET_TABLE_
 *(.igot.plt)

.data           0x000000000002f4e0      0x384
 *(.data .data.* .gnu.linkonce.d.*)
 .data          0x000000000002f4e0        0x0 /usr/lib/gcc/i686-linux-gnu/7/../../../i386-linux-gnu/crti.o
 .data          0x000000000002f4e0        0x0 /usr/lib/gcc/i686-linux-gnu/7/crtbeginS.o
 .data.rel.local
                0x000000000002f4e0        0x4 /usr/lib/gcc/i686-linux-gnu/7/crtbeginS.o
                0x000000000002f4e0                __dso_handle
 .data          0x000000000002f4e4        0x0 lamp.o
 .data.rel.local
                0x000000000002f4e4       0x10 lamp.o
                0x000000000002f4e4                udp_server_process
 .data          0x000000000002f4f4        0x0 build/cooja/mtype98.o
 *fill*         0x000000000002f4f4        0xc 
 .data.rel      0x000000000002f500       0x44 build/cooja/mtype98.o
                0x000000000002f500                simInterfaces
                0x000000000002f534                sensors
 .data          0x000000000002f544        0x0 build/cooja/mtype98.a(simEnvChange.o)
 .data          0x000000000002f544        0x0 build/cooja/mtype98.a(cooja_mt.o)
 .data          0x000000000002f544        0x0 build/cooja/mtype98.a(cooja_mtarch.o)
 .data          0x000000000002f544        0x0 build/cooja/mtype98.a(rtimer-arch.o)
 .data          0x000000000002f544        0x0 build/cooja/mtype98.a(beep.o)
 .data          0x000000000002f544        0x0 build/cooja/mtype98.a(leds-arch.o)
 .data          0x000000000002f544        0x0 build/cooja/mtype98.a(moteid.o)
 .data          0x000000000002f544        0x0 build/cooja/mtype98.a(pir-sensor.o)
 .data          0x000000000002f544        0x0 build/cooja/mtype98.a(rs232.o)
 .data          0x000000000002f544        0x0 build/cooja/mtype98.a(vib-sensor.o)
 .data          0x000000000002f544        0x0 build/cooja/mtype98.a(clock.o)
 .data          0x000000000002f544        0x0 build/cooja/mtype98.a(cooja-log.o)
 .data          0x000000000002f544        0x0 build/cooja/mtype98.a(cfs-cooja.o)
 .data          0x000000000002f544       0x1c build/cooja/mtype98.a(cooja-radio.o)
                0x000000000002f544                simRadioHWOn
                0x000000000002f548                simSignalStrength
                0x000000000002f54c                simLastSignalStrength
                0x000000000002f550                simPower
                0x000000000002f554                simRadioChannel
                0x000000000002f558                simLQI
 .data.rel.local
                0x000000000002f560       0x10 build/cooja/mtype98.a(cooja-radio.o)
                0x000000000002f560                cooja_radio_process
 .data          0x000000000002f570        0x0 build/cooja/mtype98.a(eeprom.o)
 .data          0x000000000002f570        0x0 build/cooja/mtype98.a(random.o)
 .data          0x000000000002f570        0x0 build/cooja/mtype98.a(sensors.o)
 .data.rel.local
                0x000000000002f570       0x10 build/cooja/mtype98.a(sensors.o)
                0x000000000002f570                sensors_process
 .data          0x000000000002f580        0x0 build/cooja/mtype98.a(leds.o)
 .data          0x000000000002f580        0x0 build/cooja/mtype98.a(gpio-hal-arch.o)
 .data          0x000000000002f580        0x1 build/cooja/mtype98.a(buttons.o)
                0x000000000002f580                simButtonIsActive
 *fill*         0x000000000002f581       0x1f 
 .data.rel.local
                0x000000000002f5a0       0x58 build/cooja/mtype98.a(buttons.o)
                0x000000000002f5f0                button_hal_buttons
 .data          0x000000000002f5f8        0x0 build/cooja/mtype98.a(contiki-main.o)
 .data          0x000000000002f5f8        0x0 build/cooja/mtype98.a(autostart.o)
 .data          0x000000000002f5f8        0x0 build/cooja/mtype98.a(ctimer.o)
 .data.rel.local
                0x000000000002f5f8       0x14 build/cooja/mtype98.a(ctimer.o)
                0x000000000002f5fc                ctimer_process
 .data          0x000000000002f60c        0x0 build/cooja/mtype98.a(energest.o)
 .data          0x000000000002f60c        0x0 build/cooja/mtype98.a(etimer.o)
 .data.rel.local
                0x000000000002f60c       0x10 build/cooja/mtype98.a(etimer.o)
                0x000000000002f60c                etimer_process
 .data          0x000000000002f61c        0x8 build/cooja/mtype98.a(log.o)
                0x000000000002f61c                curr_log_level_rpl
                0x000000000002f620                curr_log_level_main
 *fill*         0x000000000002f624       0x1c 
 .data.rel.local
                0x000000000002f640       0x9c build/cooja/mtype98.a(log.o)
                0x000000000002f640                all_modules
 .data          0x000000000002f6dc        0x0 build/cooja/mtype98.a(rtimer.o)
 .data          0x000000000002f6dc        0x0 build/cooja/mtype98.a(node-id.o)
 .data          0x000000000002f6dc        0x0 build/cooja/mtype98.a(process.o)
 .data          0x000000000002f6dc        0x0 build/cooja/mtype98.a(timer.o)
 .data          0x000000000002f6dc        0x0 build/cooja/mtype98.a(list.o)
 .data          0x000000000002f6dc        0x0 build/cooja/mtype98.a(button-hal.o)
 .data.rel.local
                0x000000000002f6dc       0x10 build/cooja/mtype98.a(button-hal.o)
                0x000000000002f6dc                button_hal_process
 .data          0x000000000002f6ec        0x0 build/cooja/mtype98.a(serial-line.o)
 .data.rel.local
                0x000000000002f6ec       0x10 build/cooja/mtype98.a(serial-line.o)
                0x000000000002f6ec                serial_line_process
 .data          0x000000000002f6fc        0x0 build/cooja/mtype98.a(gpio-hal.o)
 .data.rel.local
                0x000000000002f6fc        0x4 build/cooja/mtype98.a(gpio-hal.o)
 .data          0x000000000002f700        0x0 build/cooja/mtype98.a(queuebuf.o)
 .data.rel.local
                0x000000000002f700       0x18 build/cooja/mtype98.a(queuebuf.o)
 .data          0x000000000002f718        0x0 build/cooja/mtype98.a(packetbuf.o)
 .data.rel.local
                0x000000000002f718        0x4 build/cooja/mtype98.a(packetbuf.o)
 .data          0x000000000002f71c        0x0 build/cooja/mtype98.a(netstack.o)
 .data.rel.local
                0x000000000002f71c        0x4 build/cooja/mtype98.a(netstack.o)
 .data          0x000000000002f720        0x0 build/cooja/mtype98.a(linkaddr.o)
 .data          0x000000000002f720        0x0 build/cooja/mtype98.a(csma.o)
 .data          0x000000000002f720        0x0 build/cooja/mtype98.a(csma-output.o)
 .data.rel.local
                0x000000000002f720       0x28 build/cooja/mtype98.a(csma-output.o)
 .data          0x000000000002f748        0x0 build/cooja/mtype98.a(uip-ds6.o)
 .data          0x000000000002f748        0x0 build/cooja/mtype98.a(uip-udp-packet.)
 .data          0x000000000002f748        0x0 build/cooja/mtype98.a(uip-ds6-route.o)
 .data.rel.local
                0x000000000002f748       0x10 build/cooja/mtype98.a(uip-ds6-route.o)
 .data          0x000000000002f758        0x0 build/cooja/mtype98.a(uip-ds6-nbr.o)
 .data.rel.local
                0x000000000002f758       0x14 build/cooja/mtype98.a(uip-ds6-nbr.o)
 .data          0x000000000002f76c        0x0 build/cooja/mtype98.a(tcpip.o)
 .data.rel.local
                0x000000000002f76c       0x10 build/cooja/mtype98.a(tcpip.o)
                0x000000000002f76c                tcpip_process
 .data          0x000000000002f77c        0x0 build/cooja/mtype98.a(uip6.o)
 .data          0x000000000002f77c        0x0 build/cooja/mtype98.a(uip-nd6.o)
 .data.rel.local
                0x000000000002f77c        0xc build/cooja/mtype98.a(uip-nd6.o)
 .data          0x000000000002f788        0x0 build/cooja/mtype98.a(sicslowpan.o)
 .data          0x000000000002f788        0x0 build/cooja/mtype98.a(uiplib.o)
 .data          0x000000000002f788        0x0 build/cooja/mtype98.a(rpl.o)
 .data          0x000000000002f788        0x0 build/cooja/mtype98.a(rpl-icmp6.o)
 .data.rel.local
                0x000000000002f788       0x30 build/cooja/mtype98.a(rpl-icmp6.o)
 .data          0x000000000002f7b8        0x0 build/cooja/mtype98.a(rpl-dag.o)
 .data          0x000000000002f7b8        0x0 build/cooja/mtype98.a(rpl-dag-root.o)
 .data          0x000000000002f7b8        0x0 build/cooja/mtype98.a(watchdog.o)
 .data          0x000000000002f7b8        0x0 build/cooja/mtype98.a(int-master.o)
 .data          0x000000000002f7b8        0x0 build/cooja/mtype98.a(stimer.o)
 .data          0x000000000002f7b8        0x0 build/cooja/mtype98.a(memb.o)
 .data          0x000000000002f7b8        0x0 build/cooja/mtype98.a(assert.o)
 .data          0x000000000002f7b8        0x0 build/cooja/mtype98.a(ringbuf.o)
 .data          0x000000000002f7b8        0x0 build/cooja/mtype98.a(nbr-table.o)
 .data.rel.local
                0x000000000002f7b8       0x10 build/cooja/mtype98.a(nbr-table.o)
 .data          0x000000000002f7c8        0x0 build/cooja/mtype98.a(link-stats.o)
 .data.rel.local
                0x000000000002f7c8       0x14 build/cooja/mtype98.a(link-stats.o)
 .data          0x000000000002f7dc        0x0 build/cooja/mtype98.a(mac-sequence.o)
 .data          0x000000000002f7dc        0x0 build/cooja/mtype98.a(mac.o)
 .data          0x000000000002f7dc        0x0 build/cooja/mtype98.a(framer-802154.o)
 .data          0x000000000002f7dc        0x2 build/cooja/mtype98.a(frame802154.o)
 .data          0x000000000002f7de        0x0 build/cooja/mtype98.a(csma-security.o)
 .data          0x000000000002f7de        0x0 build/cooja/mtype98.a(uipbuf.o)
 .data          0x000000000002f7de        0x0 build/cooja/mtype98.a(uip-icmp6.o)
 *fill*         0x000000000002f7de        0x2 
 .data.rel.local
                0x000000000002f7e0       0x20 build/cooja/mtype98.a(uip-icmp6.o)
 .data          0x000000000002f800        0x0 build/cooja/mtype98.a(uip-sr.o)
 .data.rel.local
                0x000000000002f800       0x10 build/cooja/mtype98.a(uip-sr.o)
 .data          0x000000000002f810        0x0 build/cooja/mtype98.a(uip-packetqueue)
 .data.rel.local
                0x000000000002f810        0xc build/cooja/mtype98.a(uip-packetqueue)
 .data          0x000000000002f81c        0x0 build/cooja/mtype98.a(rpl-nbr-policy.)
 .data          0x000000000002f81c        0x0 build/cooja/mtype98.a(rpl-neighbor.o)
 .data.rel.local
                0x000000000002f81c       0x14 build/cooja/mtype98.a(rpl-neighbor.o)
                0x000000000002f82c                rpl_neighbors
 .data          0x000000000002f830        0x0 build/cooja/mtype98.a(rpl-timers.o)
 .data          0x000000000002f830        0x0 build/cooja/mtype98.a(rpl-ext-header.)
 .data          0x000000000002f830        0x0 build/cooja/mtype98.a(rpl-mrhof.o)
 *fill*         0x000000000002f830       0x10 
 .data.rel.local
                0x000000000002f840       0x24 build/cooja/mtype98.a(rpl-mrhof.o)
                0x000000000002f840                rpl_mrhof
 .data          0x000000000002f864        0x0 /usr/lib/i386-linux-gnu/libc_nonshared.a(stack_chk_fail_local.oS)
 .data          0x000000000002f864        0x0 /usr/lib/gcc/i686-linux-gnu/7/crtendS.o
 .data          0x000000000002f864        0x0 /usr/lib/gcc/i686-linux-gnu/7/../../../i386-linux-gnu/crtn.o

.tm_clone_table
                0x000000000002f864        0x0
 .tm_clone_table
                0x000000000002f864        0x0 /usr/lib/gcc/i686-linux-gnu/7/crtbeginS.o
 .tm_clone_table
                0x000000000002f864        0x0 /usr/lib/gcc/i686-linux-gnu/7/crtendS.o

.data1
 *(.data1)
                0x000000000002f864                _edata = .
                [!provide]                        PROVIDE (edata = .)
                0x000000000002f864                . = .
                0x000000000002f864                __bss_start = .

.bss            0x000000000002f880    0x137e0
 *(.dynbss)
 .dynbss        0x000000000002f880        0x0 /usr/lib/gcc/i686-linux-gnu/7/../../../i386-linux-gnu/crti.o
 *(.bss .bss.* .gnu.linkonce.b.*)
 .bss           0x000000000002f880        0x0 /usr/lib/gcc/i686-linux-gnu/7/../../../i386-linux-gnu/crti.o
 .bss           0x000000000002f880        0x1 /usr/lib/gcc/i686-linux-gnu/7/crtbeginS.o
 *fill*         0x000000000002f881        0x3 
 .bss           0x000000000002f884       0x30 lamp.o
 *fill*         0x000000000002f8b4        0xc 
 .bss           0x000000000002f8c0     0x2030 build/cooja/mtype98.o
 .bss           0x00000000000318f0        0x1 build/cooja/mtype98.a(simEnvChange.o)
                0x00000000000318f0                simDontFallAsleep
 *fill*         0x00000000000318f1        0x3 
 .bss           0x00000000000318f4        0x4 build/cooja/mtype98.a(cooja_mt.o)
 .bss           0x00000000000318f8        0x4 build/cooja/mtype98.a(cooja_mtarch.o)
 .bss           0x00000000000318fc        0x0 build/cooja/mtype98.a(rtimer-arch.o)
 .bss           0x00000000000318fc        0x0 build/cooja/mtype98.a(beep.o)
 .bss           0x00000000000318fc        0x1 build/cooja/mtype98.a(leds-arch.o)
                0x00000000000318fc                simLedsValue
 .bss           0x00000000000318fd        0x0 build/cooja/mtype98.a(moteid.o)
 .bss           0x00000000000318fd        0x1 build/cooja/mtype98.a(pir-sensor.o)
                0x00000000000318fd                simPirValue
 *fill*         0x00000000000318fe        0x2 
 .bss           0x0000000000031900        0x4 build/cooja/mtype98.a(rs232.o)
 .bss           0x0000000000031904        0x1 build/cooja/mtype98.a(vib-sensor.o)
                0x0000000000031904                simVibValue
 .bss           0x0000000000031905        0x0 build/cooja/mtype98.a(clock.o)
 *fill*         0x0000000000031905       0x1b 
 .bss           0x0000000000031920     0x2020 build/cooja/mtype98.a(cooja-log.o)
 .bss           0x0000000000033940      0xfc0 build/cooja/mtype98.a(cfs-cooja.o)
                0x0000000000033940                simCFSData
                0x00000000000348e0                simCFSSize
                0x00000000000348e4                simCFSChanged
                0x00000000000348e8                simCFSRead
                0x00000000000348ec                simCFSWritten
 .bss           0x0000000000034900       0x24 build/cooja/mtype98.a(cooja-radio.o)
                0x0000000000034900                simReceiving
                0x0000000000034904                simInSize
                0x0000000000034908                simLastPacketTimestamp
                0x0000000000034910                simOutSize
 .bss           0x0000000000034924        0xc build/cooja/mtype98.a(eeprom.o)
                0x0000000000034924                simEEPROMChanged
                0x0000000000034928                simEEPROMRead
                0x000000000003492c                simEEPROMWritten
 .bss           0x0000000000034930        0x0 build/cooja/mtype98.a(random.o)
 .bss           0x0000000000034930        0xc build/cooja/mtype98.a(sensors.o)
 .bss           0x000000000003493c        0x0 build/cooja/mtype98.a(leds.o)
 .bss           0x000000000003493c       0x24 build/cooja/mtype98.a(gpio-hal-arch.o)
 .bss           0x0000000000034960        0x0 build/cooja/mtype98.a(buttons.o)
 .bss           0x0000000000034960        0x0 build/cooja/mtype98.a(contiki-main.o)
 .bss           0x0000000000034960        0x0 build/cooja/mtype98.a(autostart.o)
 .bss           0x0000000000034960        0x5 build/cooja/mtype98.a(ctimer.o)
 .bss           0x0000000000034965        0x0 build/cooja/mtype98.a(energest.o)
 *fill*         0x0000000000034965        0x3 
 .bss           0x0000000000034968        0x8 build/cooja/mtype98.a(etimer.o)
 .bss           0x0000000000034970       0x28 build/cooja/mtype98.a(log.o)
                0x0000000000034970                curr_log_level_tcpip
                0x0000000000034974                curr_log_level_ipv6
                0x0000000000034978                curr_log_level_6lowpan
                0x000000000003497c                curr_log_level_nullnet
                0x0000000000034980                curr_log_level_mac
                0x0000000000034984                curr_log_level_framer
                0x0000000000034988                curr_log_level_6top
                0x000000000003498c                curr_log_level_coap
                0x0000000000034990                curr_log_level_snmp
                0x0000000000034994                curr_log_level_lwm2m
 .bss           0x0000000000034998        0x4 build/cooja/mtype98.a(rtimer.o)
 .bss           0x000000000003499c        0x2 build/cooja/mtype98.a(node-id.o)
                0x000000000003499c                node_id
 *fill*         0x000000000003499e        0x2 
 .bss           0x00000000000349a0      0x1a1 build/cooja/mtype98.a(process.o)
                0x00000000000349a0                process_list
                0x00000000000349a4                process_current
 .bss           0x0000000000034b41        0x0 build/cooja/mtype98.a(timer.o)
 .bss           0x0000000000034b41        0x0 build/cooja/mtype98.a(list.o)
 *fill*         0x0000000000034b41        0x3 
 .bss           0x0000000000034b44       0x10 build/cooja/mtype98.a(button-hal.o)
 *fill*         0x0000000000034b54        0xc 
 .bss           0x0000000000034b60      0x140 build/cooja/mtype98.a(serial-line.o)
 .bss           0x0000000000034ca0        0x4 build/cooja/mtype98.a(gpio-hal.o)
 *fill*         0x0000000000034ca4       0x1c 
 .bss           0x0000000000034cc0     0x2c80 build/cooja/mtype98.a(queuebuf.o)
 .bss           0x0000000000037940       0xa0 build/cooja/mtype98.a(packetbuf.o)
 .bss           0x00000000000379e0        0x4 build/cooja/mtype98.a(netstack.o)
 .bss           0x00000000000379e4        0x0 build/cooja/mtype98.a(linkaddr.o)
 .bss           0x00000000000379e4        0x0 build/cooja/mtype98.a(csma.o)
 *fill*         0x00000000000379e4       0x1c 
 .bss           0x0000000000037a00      0x726 build/cooja/mtype98.a(csma-output.o)
 *fill*         0x0000000000038126        0x2 
 .bss           0x0000000000038128       0x30 build/cooja/mtype98.a(uip-ds6.o)
 .bss           0x0000000000038158        0x0 build/cooja/mtype98.a(uip-udp-packet.)
 *fill*         0x0000000000038158        0x8 
 .bss           0x0000000000038160       0x60 build/cooja/mtype98.a(uip-ds6-route.o)
 .bss           0x00000000000381c0     0x1c20 build/cooja/mtype98.a(uip-ds6-nbr.o)
 .bss           0x0000000000039de0       0x10 build/cooja/mtype98.a(tcpip.o)
 .bss           0x0000000000039df0        0x8 build/cooja/mtype98.a(uip6.o)
                0x0000000000039df0                uip_ext_bitmap
                0x0000000000039df2                uip_ext_len
                0x0000000000039df4                uip_last_proto
 .bss           0x0000000000039df8       0x10 build/cooja/mtype98.a(uip-nd6.o)
 *fill*         0x0000000000039e08       0x18 
 .bss           0x0000000000039e20      0x724 build/cooja/mtype98.a(sicslowpan.o)
 .bss           0x000000000003a544        0x0 build/cooja/mtype98.a(uiplib.o)
 .bss           0x000000000003a544        0x1 build/cooja/mtype98.a(rpl.o)
 .bss           0x000000000003a545        0x0 build/cooja/mtype98.a(rpl-icmp6.o)
 .bss           0x000000000003a545        0x0 build/cooja/mtype98.a(rpl-dag.o)
 *fill*         0x000000000003a545        0x3 
 .bss           0x000000000003a548       0x11 build/cooja/mtype98.a(rpl-dag-root.o)
 .bss           0x000000000003a559        0x0 build/cooja/mtype98.a(watchdog.o)
 *fill*         0x000000000003a559        0x3 
 .bss           0x000000000003a55c        0x4 build/cooja/mtype98.a(int-master.o)
 .bss           0x000000000003a560        0x0 build/cooja/mtype98.a(stimer.o)
 .bss           0x000000000003a560        0x0 build/cooja/mtype98.a(memb.o)
 .bss           0x000000000003a560        0x0 build/cooja/mtype98.a(assert.o)
 .bss           0x000000000003a560        0x0 build/cooja/mtype98.a(ringbuf.o)
 .bss           0x000000000003a560     0x1214 build/cooja/mtype98.a(nbr-table.o)
 *fill*         0x000000000003b774        0xc 
 .bss           0x000000000003b780      0xe10 build/cooja/mtype98.a(link-stats.o)
 *fill*         0x000000000003c590       0x10 
 .bss           0x000000000003c5a0      0x100 build/cooja/mtype98.a(mac-sequence.o)
 .bss           0x000000000003c6a0        0x0 build/cooja/mtype98.a(mac.o)
 .bss           0x000000000003c6a0        0x2 build/cooja/mtype98.a(framer-802154.o)
 .bss           0x000000000003c6a2        0x0 build/cooja/mtype98.a(frame802154.o)
 .bss           0x000000000003c6a2        0x0 build/cooja/mtype98.a(csma-security.o)
 *fill*         0x000000000003c6a2        0x2 
 .bss           0x000000000003c6a4       0x18 build/cooja/mtype98.a(uipbuf.o)
 .bss           0x000000000003c6bc       0x18 build/cooja/mtype98.a(uip-icmp6.o)
 *fill*         0x000000000003c6d4        0xc 
 .bss           0x000000000003c6e0     0x1d80 build/cooja/mtype98.a(uip-sr.o)
 .bss           0x000000000003e460      0xa78 build/cooja/mtype98.a(uip-packetqueue)
 .bss           0x000000000003eed8        0xe build/cooja/mtype98.a(rpl-nbr-policy.)
 *fill*         0x000000000003eee6       0x1a 
 .bss           0x000000000003ef00      0x960 build/cooja/mtype98.a(rpl-neighbor.o)
 .bss           0x000000000003f860       0x40 build/cooja/mtype98.a(rpl-timers.o)
 .bss           0x000000000003f8a0        0x0 build/cooja/mtype98.a(rpl-ext-header.)
 .bss           0x000000000003f8a0        0x0 build/cooja/mtype98.a(rpl-mrhof.o)
 .bss           0x000000000003f8a0        0x0 /usr/lib/i386-linux-gnu/libc_nonshared.a(stack_chk_fail_local.oS)
 .bss           0x000000000003f8a0        0x0 /usr/lib/gcc/i686-linux-gnu/7/crtendS.o
 .bss           0x000000000003f8a0        0x0 /usr/lib/gcc/i686-linux-gnu/7/../../../i386-linux-gnu/crtn.o
 *(COMMON)
 COMMON         0x000000000003f8a0        0x8 build/cooja/mtype98.o
                0x000000000003f8a0                referenceVar
                0x000000000003f8a4                sensors_flags
 COMMON         0x000000000003f8a8        0xc build/cooja/mtype98.a(simEnvChange.o)
                0x000000000003f8a8                simEtimerPending
                0x000000000003f8ac                simProcessRunValue
                0x000000000003f8b0                simEtimerNextExpirationTime
 *fill*         0x000000000003f8b4        0x4 
 COMMON         0x000000000003f8b8       0x18 build/cooja/mtype98.a(rtimer-arch.o)
                0x000000000003f8b8                simRtimerPending
                0x000000000003f8c0                simRtimerCurrentTicks
                0x000000000003f8c8                simRtimerNextExpirationTime
 COMMON         0x000000000003f8d0        0x1 build/cooja/mtype98.a(beep.o)
                0x000000000003f8d0                simBeeped
 *fill*         0x000000000003f8d1        0x3 
 COMMON         0x000000000003f8d4        0xc build/cooja/mtype98.a(moteid.o)
                0x000000000003f8d4                simRandomSeed
                0x000000000003f8d8                simMoteIDChanged
                0x000000000003f8dc                simMoteID
 COMMON         0x000000000003f8e0        0x2 build/cooja/mtype98.a(pir-sensor.o)
                0x000000000003f8e0                simPirIsActive
                0x000000000003f8e1                simPirChanged
 *fill*         0x000000000003f8e2       0x1e 
 COMMON         0x000000000003f900      0x820 build/cooja/mtype98.a(rs232.o)
                0x000000000003f900                simSerialReceivingFlag
                0x000000000003f904                simSerialReceivingLength
                0x000000000003f920                simSerialReceivingData
 COMMON         0x0000000000040120        0x2 build/cooja/mtype98.a(vib-sensor.o)
                0x0000000000040120                simVibChanged
                0x0000000000040121                simVibIsActive
 *fill*         0x0000000000040122        0x2 
 COMMON         0x0000000000040124        0x4 build/cooja/mtype98.a(clock.o)
                0x0000000000040124                simCurrentTime
 *fill*         0x0000000000040128       0x18 
 COMMON         0x0000000000040140     0x2020 build/cooja/mtype98.a(cooja-log.o)
                0x0000000000040140                simLoggedLength
                0x0000000000040144                simLoggedFlag
                0x0000000000040160                simLoggedData
 COMMON         0x0000000000042160       0xfd build/cooja/mtype98.a(cooja-radio.o)
                0x0000000000042160                simOutDataBuffer
                0x00000000000421e0                simInDataBuffer
 *fill*         0x000000000004225d        0x3 
 COMMON         0x0000000000042260      0x400 build/cooja/mtype98.a(eeprom.o)
                0x0000000000042260                simEEPROMData
 COMMON         0x0000000000042660        0x1 build/cooja/mtype98.a(sensors.o)
                0x0000000000042660                sensors_event
 COMMON         0x0000000000042661        0x2 build/cooja/mtype98.a(buttons.o)
                0x0000000000042661                simButtonIsDown
                0x0000000000042662                simButtonChanged
 COMMON         0x0000000000042663        0x3 build/cooja/mtype98.a(button-hal.o)
                0x0000000000042663                button_hal_periodic_event
                0x0000000000042664                button_hal_press_event
                0x0000000000042665                button_hal_release_event
 COMMON         0x0000000000042666        0x1 build/cooja/mtype98.a(serial-line.o)
                0x0000000000042666                serial_line_event_message
 *fill*         0x0000000000042667        0x1 
 COMMON         0x0000000000042668       0x2c build/cooja/mtype98.a(packetbuf.o)
                0x0000000000042668                packetbuf_attrs
                0x0000000000042684                packetbuf_addrs
 COMMON         0x0000000000042694        0x8 build/cooja/mtype98.a(linkaddr.o)